apps/mobile/src/App.tsx(1,31): error TS2307: Cannot find module '@mobile/components/ErrorBoundary' or its corresponding type declarations.
apps/mobile/src/App.tsx(2,34): error TS2307: Cannot find module '@mobile/components/OfflineIndicator' or its corresponding type declarations.
apps/mobile/src/App.tsx(3,30): error TS2307: Cannot find module '@mobile/navigation/AppNavigator' or its corresponding type declarations.
apps/mobile/src/App.tsx(4,31): error TS2307: Cannot find module '@mobile/providers/QueryProvider' or its corresponding type declarations.
apps/mobile/src/App.tsx(5,24): error TS2307: Cannot find module '@mobile/theme/colors' or its corresponding type declarations.
apps/mobile/src/App.tsx(6,39): error TS2307: Cannot find module '@mobile/utils/background-uploads' or its corresponding type declarations.
apps/mobile/src/App.tsx(7,30): error TS2307: Cannot find module '@mobile/utils/logger' or its corresponding type declarations.
apps/mobile/src/App.tsx(16,35): error TS7006: Parameter 'error' implicitly has an 'any' type.
apps/mobile/src/__tests__/components/BottomNavBar.test.tsx(1,43): error TS2307: Cannot find module '@mobile/components/BottomNavBar' or its corresponding type declarations.
apps/mobile/src/__tests__/components/notifications/NotificationProvider.test.tsx(1,56): error TS2307: Cannot find module '@mobile/components/notifications' or its corresponding type declarations.
apps/mobile/src/__tests__/hooks/use-micro-interactions.test.ts(1,38): error TS2307: Cannot find module '@mobile/hooks/use-micro-interactions' or its corresponding type declarations.
apps/mobile/src/__tests__/hooks/use-notification-toast.test.ts(1,38): error TS2307: Cannot find module '@mobile/components/notifications' or its corresponding type declarations.
apps/mobile/src/__tests__/hooks/use-notification-toast.test.ts(2,38): error TS2307: Cannot find module '@mobile/hooks/use-notification-toast' or its corresponding type declarations.
apps/mobile/src/__tests__/hooks/use-press-animation.test.ts(1,35): error TS2307: Cannot find module '@mobile/hooks/use-press-animation' or its corresponding type declarations.
apps/mobile/src/__tests__/navigation/RootShell.test.tsx(1,27): error TS2307: Cannot find module '@mobile/navigation/RootShell' or its corresponding type declarations.
apps/mobile/src/__tests__/screens/AdoptScreen.test.tsx(1,29): error TS2307: Cannot find module '@mobile/screens/AdoptScreen' or its corresponding type declarations.
apps/mobile/src/__tests__/screens/ChatScreen.test.tsx(1,28): error TS2307: Cannot find module '@mobile/screens/ChatScreen' or its corresponding type declarations.
apps/mobile/src/__tests__/screens/FeedScreen.test.tsx(1,28): error TS2307: Cannot find module '@mobile/screens/FeedScreen' or its corresponding type declarations.
apps/mobile/src/__tests__/screens/MatchesScreen.test.tsx(1,31): error TS2307: Cannot find module '@mobile/screens/MatchesScreen' or its corresponding type declarations.
apps/mobile/src/components/BottomNavBar.tsx(2,10): error TS2305: Module '"react-native"' has no exported member 'Pressable'.
apps/mobile/src/components/BottomNavBar.tsx(11,59): error TS2307: Cannot find module '@mobile/effects/reanimated' or its corresponding type declarations.
apps/mobile/src/components/BottomNavBar.tsx(12,24): error TS2307: Cannot find module '@mobile/theme/colors' or its corresponding type declarations.
apps/mobile/src/components/BottomNavBar.tsx(45,22): error TS2322: Type 'any[]' is not assignable to type 'Record<string, unknown>'.
  Index signature for type 'string' is missing in type 'any[]'.
apps/mobile/src/components/BottomNavBar.tsx(80,32): error TS2339: Property 'hairlineWidth' does not exist on type 'StyleSheet'.
apps/mobile/src/components/BottomNavBar.tsx(246,37): error TS2322: Type '({ position: string; top: string; left: string; width: number; height: number; marginTop: number; marginLeft: number; borderRadius: number; backgroundColor: any; opacity: number; } | { opacity: number; transform: { ...; }[]; })[]' is not assignable to type 'Record<string, unknown>'.
  Index signature for type 'string' is missing in type '({ position: string; top: string; left: string; width: number; height: number; marginTop: number; marginLeft: number; borderRadius: number; backgroundColor: any; opacity: number; } | { opacity: number; transform: { ...; }[]; })[]'.
apps/mobile/src/components/BottomNavBar.tsx(251,13): error TS2322: Type 'any[]' is not assignable to type 'Record<string, unknown>'.
  Index signature for type 'string' is missing in type 'any[]'.
apps/mobile/src/components/BottomNavBar.tsx(263,24): error TS2322: Type 'any[]' is not assignable to type 'Record<string, unknown>'.
  Index signature for type 'string' is missing in type 'any[]'.
apps/mobile/src/components/BottomNavBar.tsx(267,26): error TS2322: Type '({ position: string; top: number; right: number; minWidth: number; height: number; paddingHorizontal: number; backgroundColor: any; borderRadius: number; alignItems: string; justifyContent: string; borderWidth: number; borderColor: any; } | { ...; })[]' is not assignable to type 'Record<string, unknown>'.
  Index signature for type 'string' is missing in type '({ position: string; top: number; right: number; minWidth: number; height: number; paddingHorizontal: number; backgroundColor: any; borderRadius: number; alignItems: string; justifyContent: string; borderWidth: number; borderColor: any; } | { ...; })[]'.
apps/mobile/src/components/BottomSheet.tsx(7,10): error TS2305: Module '"react-native"' has no exported member 'Modal'.
apps/mobile/src/components/BottomSheet.tsx(7,29): error TS2305: Module '"react-native"' has no exported member 'TouchableOpacity'.
apps/mobile/src/components/BottomSheet.tsx(16,35): error TS2307: Cannot find module '@mobile/effects/reanimated' or its corresponding type declarations.
apps/mobile/src/components/BottomSheet.tsx(18,31): error TS2307: Cannot find module '@mobile/effects/reanimated/transitions' or its corresponding type declarations.
apps/mobile/src/components/BottomSheet.tsx(58,12): error TS2345: Argument of type '(event: any) => void' is not assignable to parameter of type '() => void'.
  Target signature provides too few arguments. Expected 1 or more, but got 0.
apps/mobile/src/components/BottomSheet.tsx(58,13): error TS7006: Parameter 'event' implicitly has an 'any' type.
apps/mobile/src/components/BottomSheet.tsx(82,22): error TS2322: Type '({ opacity: any; } | { flex: number; backgroundColor: string; justifyContent: string; })[]' is not assignable to type 'Record<string, unknown>'.
  Index signature for type 'string' is missing in type '({ opacity: any; } | { flex: number; backgroundColor: string; justifyContent: string; })[]'.
apps/mobile/src/components/BottomSheet.tsx(83,45): error TS2339: Property 'absoluteFill' does not exist on type 'StyleSheet'.
apps/mobile/src/components/BottomSheet.tsx(86,13): error TS2322: Type '({ transform: { translateY: number; }[]; opacity: any; } | { backgroundColor: "#13294B"; borderTopLeftRadius: number; borderTopRightRadius: number; padding: number; shadowColor: string; shadowOffset: { ...; }; shadowOpacity: number; shadowRadius: number; elevation: number; } | { ...; })[]' is not assignable to type 'Record<string, unknown>'.
  Index signature for type 'string' is missing in type '({ transform: { translateY: number; }[]; opacity: any; } | { backgroundColor: "#13294B"; borderTopLeftRadius: number; borderTopRightRadius: number; padding: number; shadowColor: string; shadowOffset: { ...; }; shadowOpacity: number; shadowRadius: number; elevation: number; } | { ...; })[]'.
apps/mobile/src/components/ErrorBoundary.tsx(6,24): error TS2307: Cannot find module '@mobile/theme/colors' or its corresponding type declarations.
apps/mobile/src/components/ErrorBoundary.tsx(8,28): error TS2305: Module '"react-native"' has no exported member 'TouchableOpacity'.
apps/mobile/src/components/FeatureCard.tsx(1,24): error TS2307: Cannot find module '@mobile/theme/colors' or its corresponding type declarations.
apps/mobile/src/components/FeatureCard.tsx(27,29): error TS2339: Property 'hairlineWidth' does not exist on type 'StyleSheet'.
apps/mobile/src/components/OfflineIndicator.tsx(20,24): error TS2339: Property 'duration' does not exist on type 'ComponentType<FadeInProps & Record<string, unknown> & { style?: Record<string, unknown>; children?: unknown; }>'.
  Property 'duration' does not exist on type 'ComponentClass<FadeInProps & Record<string, unknown> & { style?: Record<string, unknown>; children?: unknown; }, any>'.
apps/mobile/src/components/OfflineIndicator.tsx(21,24): error TS2339: Property 'duration' does not exist on type 'ComponentType<FadeOutProps & Record<string, unknown> & { style?: Record<string, unknown>; children?: unknown; }>'.
  Property 'duration' does not exist on type 'ComponentClass<FadeOutProps & Record<string, unknown> & { style?: Record<string, unknown>; children?: unknown; }, any>'.
apps/mobile/src/components/PullableContainer.tsx(44,22): error TS2322: Type '(object | undefined)[]' is not assignable to type 'Record<string, unknown>'.
  Index signature for type 'string' is missing in type '(object | undefined)[]'.
apps/mobile/src/components/PullableContainer.tsx(55,24): error TS2322: Type '(ViewStyle | { flex: number; } | undefined)[]' is not assignable to type 'Record<string, unknown>'.
  Index signature for type 'string' is missing in type '(ViewStyle | { flex: number; } | undefined)[]'.
apps/mobile/src/components/RefreshControl.tsx(7,10): error TS2305: Module '"react-native"' has no exported member 'ActivityIndicator'.
apps/mobile/src/components/RefreshControl.tsx(58,20): error TS2322: Type '({ readonly opacity: any; readonly transform: readonly [{ readonly translateY: number; }, { readonly scale: any; }, { readonly rotate: `${any}deg`; }]; } | { position: string; top: number; left: number; right: number; height: number; alignItems: string; justifyContent: string; zIndex: number; })[]' is not assignable to type 'Record<string, unknown>'.
  Index signature for type 'string' is missing in type '({ readonly opacity: any; readonly transform: readonly [{ readonly translateY: number; }, { readonly scale: any; }, { readonly rotate: `${any}deg`; }]; } | { position: string; top: number; left: number; right: number; height: number; alignItems: string; justifyContent: string; zIndex: number; })[]'.
apps/mobile/src/components/RefreshControl.tsx(62,22): error TS2322: Type '({ opacity: any; } | { position: string; })[]' is not assignable to type 'Record<string, unknown>'.
  Index signature for type 'string' is missing in type '({ opacity: any; } | { position: string; })[]'.
apps/mobile/src/components/SectionHeader.tsx(1,24): error TS2307: Cannot find module '@mobile/theme/colors' or its corresponding type declarations.
apps/mobile/src/components/SkeletonLoader.tsx(46,7): error TS2322: Type '(ViewStyle | { opacity: any; } | { backgroundColor: string; } | undefined)[]' is not assignable to type 'Record<string, unknown>'.
  Index signature for type 'string' is missing in type '(ViewStyle | { opacity: any; } | { backgroundColor: string; } | undefined)[]'.
apps/mobile/src/components/auth/SignInForm.tsx(6,3): error TS2305: Module '"react-native"' has no exported member 'TextInput'.
apps/mobile/src/components/auth/SignInForm.tsx(7,3): error TS2305: Module '"react-native"' has no exported member 'TouchableOpacity'.
apps/mobile/src/components/auth/SignInForm.tsx(9,3): error TS2305: Module '"react-native"' has no exported member 'ActivityIndicator'.
apps/mobile/src/components/auth/SignInForm.tsx(10,3): error TS2305: Module '"react-native"' has no exported member 'KeyboardAvoidingView'.
apps/mobile/src/components/auth/SignInForm.tsx(143,25): error TS7006: Parameter 'text' implicitly has an 'any' type.
apps/mobile/src/components/auth/SignInForm.tsx(159,27): error TS7006: Parameter 'text' implicitly has an 'any' type.
apps/mobile/src/components/auth/SignUpForm.native.tsx(9,3): error TS2305: Module '"react-native"' has no exported member 'ActivityIndicator'.
apps/mobile/src/components/auth/SignUpForm.native.tsx(10,3): error TS2305: Module '"react-native"' has no exported member 'KeyboardAvoidingView'.
apps/mobile/src/components/auth/SignUpForm.native.tsx(12,3): error TS2305: Module '"react-native"' has no exported member 'ScrollView'.
apps/mobile/src/components/auth/SignUpForm.native.tsx(15,3): error TS2305: Module '"react-native"' has no exported member 'TextInput'.
apps/mobile/src/components/auth/SignUpForm.native.tsx(16,3): error TS2305: Module '"react-native"' has no exported member 'TouchableOpacity'.
apps/mobile/src/components/auth/SignUpForm.native.tsx(19,27): error TS2307: Cannot find module '@/utils/api-client' or its corresponding type declarations.
apps/mobile/src/components/auth/SignUpForm.native.tsx(20,30): error TS2307: Cannot find module '@/utils/logger' or its corresponding type declarations.
apps/mobile/src/components/auth/SignUpForm.native.tsx(21,49): error TS2307: Cannot find module '@/utils/secure-storage' or its corresponding type declarations.
apps/mobile/src/components/auth/SignUpForm.native.tsx(22,28): error TS2307: Cannot find module '@/hooks/useStorage' or its corresponding type declarations.
apps/mobile/src/components/auth/SignUpForm.native.tsx(233,29): error TS7006: Parameter 'value' implicitly has an 'any' type.
apps/mobile/src/components/auth/SignUpForm.native.tsx(252,29): error TS7006: Parameter 'value' implicitly has an 'any' type.
apps/mobile/src/components/auth/SignUpForm.native.tsx(271,29): error TS7006: Parameter 'value' implicitly has an 'any' type.
apps/mobile/src/components/chat/AdvancedChatWindow.tsx(5,3): error TS2305: Module '"react-native"' has no exported member 'TextInput'.
apps/mobile/src/components/chat/AdvancedChatWindow.tsx(6,3): error TS2305: Module '"react-native"' has no exported member 'TouchableOpacity'.
apps/mobile/src/components/chat/AdvancedChatWindow.tsx(7,3): error TS2305: Module '"react-native"' has no exported member 'ScrollView'.
apps/mobile/src/components/chat/AdvancedChatWindow.tsx(9,3): error TS2305: Module '"react-native"' has no exported member 'KeyboardAvoidingView'.
apps/mobile/src/components/chat/ChatList.tsx(15,28): error TS2305: Module '"react-native"' has no exported member 'TouchableOpacity'.
apps/mobile/src/components/chat/ChatList.tsx(20,3): error TS2614: Module '"react-native-reanimated"' has no exported member 'Layout'. Did you mean to use 'import Layout from "react-native-reanimated"' instead?
apps/mobile/src/components/chat/ChatList.tsx(141,28): error TS2339: Property 'duration' does not exist on type 'ComponentType<FadeInProps & Record<string, unknown> & { style?: Record<string, unknown>; children?: unknown; }>'.
  Property 'duration' does not exist on type 'ComponentClass<FadeInProps & Record<string, unknown> & { style?: Record<string, unknown>; children?: unknown; }, any>'.
apps/mobile/src/components/chat/ChatList.tsx(142,28): error TS2339: Property 'duration' does not exist on type 'ComponentType<FadeOutProps & Record<string, unknown> & { style?: Record<string, unknown>; children?: unknown; }>'.
  Property 'duration' does not exist on type 'ComponentClass<FadeOutProps & Record<string, unknown> & { style?: Record<string, unknown>; children?: unknown; }, any>'.
apps/mobile/src/components/chat/ChatList.tsx(170,26): error TS2339: Property 'duration' does not exist on type 'ComponentType<FadeInProps & Record<string, unknown> & { style?: Record<string, unknown>; children?: unknown; }>'.
  Property 'duration' does not exist on type 'ComponentClass<FadeInProps & Record<string, unknown> & { style?: Record<string, unknown>; children?: unknown; }, any>'.
apps/mobile/src/components/chat/ChatList.tsx(171,26): error TS2339: Property 'duration' does not exist on type 'ComponentType<FadeOutProps & Record<string, unknown> & { style?: Record<string, unknown>; children?: unknown; }>'.
  Property 'duration' does not exist on type 'ComponentClass<FadeOutProps & Record<string, unknown> & { style?: Record<string, unknown>; children?: unknown; }, any>'.
apps/mobile/src/components/chat/ChatList.tsx(200,9): error TS2740: Type '{ paddingVertical: number; }' is missing the following properties from type 'ContentStyle': backgroundColor, paddingBottom, paddingLeft, paddingRight, and 3 more.
apps/mobile/src/components/chat/ChatList.tsx(207,7): error TS2322: Type 'false | Element' is not assignable to type 'ReactElement<any, string | JSXElementConstructor<any>>'.
  Type 'boolean' is not assignable to type 'ReactElement<any, string | JSXElementConstructor<any>>'.
apps/mobile/src/components/chat/ChatList.tsx(208,7): error TS2322: Type 'false | Element' is not assignable to type 'ReactElement<any, string | JSXElementConstructor<any>>'.
  Type 'boolean' is not assignable to type 'ReactElement<any, string | JSXElementConstructor<any>>'.
apps/mobile/src/components/chat/ChatList.tsx(210,11): error TS2322: Type 'object[]' is not assignable to type 'Record<string, unknown>'.
  Index signature for type 'string' is missing in type 'object[]'.
apps/mobile/src/components/chat/ChatList.tsx(211,28): error TS2339: Property 'duration' does not exist on type 'ComponentType<FadeInProps & Record<string, unknown> & { style?: Record<string, unknown>; children?: unknown; }>'.
  Property 'duration' does not exist on type 'ComponentClass<FadeInProps & Record<string, unknown> & { style?: Record<string, unknown>; children?: unknown; }, any>'.
apps/mobile/src/components/chat/ChatList.tsx(212,28): error TS2339: Property 'duration' does not exist on type 'ComponentType<FadeOutProps & Record<string, unknown> & { style?: Record<string, unknown>; children?: unknown; }>'.
  Property 'duration' does not exist on type 'ComponentClass<FadeOutProps & Record<string, unknown> & { style?: Record<string, unknown>; children?: unknown; }, any>'.
apps/mobile/src/components/chat/ChatList.tsx(217,30): error TS2322: Type 'object[]' is not assignable to type 'Record<string, unknown>'.
  Index signature for type 'string' is missing in type 'object[]'.
apps/mobile/src/components/chat/ConfettiBurst.tsx(19,60): error TS2307: Cannot find module '@/effects/chat/core/reduced-motion' or its corresponding type declarations.
apps/mobile/src/components/chat/ConfettiBurst.tsx(20,33): error TS2307: Cannot find module '@/effects/chat/core/seeded-rng' or its corresponding type declarations.
apps/mobile/src/components/chat/ConfettiBurst.tsx(212,50): error TS2339: Property 'absoluteFill' does not exist on type 'StyleSheet'.
apps/mobile/src/components/chat/LinkPreview.tsx(11,29): error TS2305: Module '"react-native"' has no exported member 'TouchableOpacity'.
apps/mobile/src/components/chat/LinkPreview.tsx(11,47): error TS2305: Module '"react-native"' has no exported member 'Linking'.
apps/mobile/src/components/chat/LinkPreview.tsx(13,60): error TS2307: Cannot find module '@/effects/chat/core/reduced-motion' or its corresponding type declarations.
apps/mobile/src/components/chat/LinkPreview.tsx(46,22): error TS2322: Type 'any[]' is not assignable to type 'Record<string, unknown>'.
  Index signature for type 'string' is missing in type 'any[]'.
apps/mobile/src/components/chat/LinkPreview.tsx(98,29): error TS2339: Property 'absoluteFillObject' does not exist on type 'StyleSheet'.
apps/mobile/src/components/chat/LiquidDots.tsx(18,60): error TS2307: Cannot find module '@/effects/chat/core/reduced-motion' or its corresponding type declarations.
apps/mobile/src/components/chat/LiquidDots.tsx(19,33): error TS2307: Cannot find module '@/effects/chat/core/seeded-rng' or its corresponding type declarations.
apps/mobile/src/components/chat/LiquidDots.tsx(87,7): error TS2322: Type '({ transform: { translateY: number; }[]; opacity: number; } | ShadowStyle | { width: number; height: number; borderRadius: number; backgroundColor: string; })[]' is not assignable to type 'Record<string, unknown>'.
  Index signature for type 'string' is missing in type '({ transform: { translateY: number; }[]; opacity: number; } | ShadowStyle | { width: number; height: number; borderRadius: number; backgroundColor: string; })[]'.
apps/mobile/src/components/chat/MediaViewer.tsx(13,29): error TS2305: Module '"react-native"' has no exported member 'Modal'.
apps/mobile/src/components/chat/MediaViewer.tsx(13,54): error TS2305: Module '"react-native"' has no exported member 'TouchableOpacity'.
apps/mobile/src/components/chat/MediaViewer.tsx(100,9): error TS2322: Type '({ opacity: number; } | { flex: number; backgroundColor: string; })[]' is not assignable to type 'Record<string, unknown>'.
  Index signature for type 'string' is missing in type '({ opacity: number; } | { flex: number; backgroundColor: string; })[]'.
apps/mobile/src/components/chat/MediaViewer.tsx(101,26): error TS2339: Property 'duration' does not exist on type 'ComponentType<FadeInProps & Record<string, unknown> & { style?: Record<string, unknown>; children?: unknown; }>'.
  Property 'duration' does not exist on type 'ComponentClass<FadeInProps & Record<string, unknown> & { style?: Record<string, unknown>; children?: unknown; }, any>'.
apps/mobile/src/components/chat/MediaViewer.tsx(102,26): error TS2339: Property 'duration' does not exist on type 'ComponentType<FadeOutProps & Record<string, unknown> & { style?: Record<string, unknown>; children?: unknown; }>'.
  Property 'duration' does not exist on type 'ComponentClass<FadeOutProps & Record<string, unknown> & { style?: Record<string, unknown>; children?: unknown; }, any>'.
apps/mobile/src/components/chat/MediaViewer.tsx(106,13): error TS2322: Type '(object | undefined)[]' is not assignable to type 'Record<string, unknown>'.
  Index signature for type 'string' is missing in type '(object | undefined)[]'.
apps/mobile/src/components/chat/MediaViewer.tsx(111,30): error TS2339: Property 'duration' does not exist on type 'ComponentType<FadeInProps & Record<string, unknown> & { style?: Record<string, unknown>; children?: unknown; }>'.
  Property 'duration' does not exist on type 'ComponentClass<FadeInProps & Record<string, unknown> & { style?: Record<string, unknown>; children?: unknown; }, any>'.
apps/mobile/src/components/chat/MediaViewer.tsx(112,30): error TS2339: Property 'duration' does not exist on type 'ComponentType<FadeOutProps & Record<string, unknown> & { style?: Record<string, unknown>; children?: unknown; }>'.
  Property 'duration' does not exist on type 'ComponentClass<FadeOutProps & Record<string, unknown> & { style?: Record<string, unknown>; children?: unknown; }, any>'.
apps/mobile/src/components/chat/MessageAttachments.tsx(8,22): error TS2305: Module '"react-native"' has no exported member 'TouchableOpacity'.
apps/mobile/src/components/chat/MessageAttachments.tsx(8,59): error TS2305: Module '"react-native"' has no exported member 'Linking'.
apps/mobile/src/components/chat/MessageAttachments.tsx(22,36): error TS2339: Property 'createAnimatedComponent' does not exist on type '{ readonly SharedValue: any; readonly View: ComponentType<AnimatedViewProps>; readonly Text: ComponentType<AnimatedTextProps>; }'.
apps/mobile/src/components/chat/MessageAttachments.tsx(23,31): error TS2339: Property 'createAnimatedComponent' does not exist on type '{ readonly SharedValue: any; readonly View: ComponentType<AnimatedViewProps>; readonly Text: ComponentType<AnimatedTextProps>; }'.
apps/mobile/src/components/chat/MessageBubble.tsx(14,28): error TS2305: Module '"react-native"' has no exported member 'TouchableOpacity'.
apps/mobile/src/components/chat/MessageBubble.tsx(16,20): error TS2614: Module '"react-native-reanimated"' has no exported member 'Layout'. Did you mean to use 'import Layout from "react-native-reanimated"' instead?
apps/mobile/src/components/chat/MessageBubble.tsx(132,5): error TS7006: Parameter 'value' implicitly has an 'any' type.
apps/mobile/src/components/chat/MessageBubble.tsx(179,9): error TS2322: Type 'object[]' is not assignable to type 'Record<string, unknown>'.
  Index signature for type 'string' is missing in type 'object[]'.
apps/mobile/src/components/chat/MessageBubble.tsx(188,35): error TS2339: Property 'absoluteFill' does not exist on type 'StyleSheet'.
apps/mobile/src/components/chat/MessageBubble.tsx(203,35): error TS2339: Property 'absoluteFill' does not exist on type 'StyleSheet'.
apps/mobile/src/components/chat/MessageBubble.tsx(231,30): error TS2322: Type '({ opacity: number; } | { marginLeft: number; })[]' is not assignable to type 'Record<string, unknown>'.
  Index signature for type 'string' is missing in type '({ opacity: number; } | { marginLeft: number; })[]'.
apps/mobile/src/components/chat/MessageBubble.tsx(235,32): error TS2322: Type '({ opacity: number; } | { marginLeft: number; })[]' is not assignable to type 'Record<string, unknown>'.
  Index signature for type 'string' is missing in type '({ opacity: number; } | { marginLeft: number; })[]'.
apps/mobile/src/components/chat/MessagePeek.tsx(9,10): error TS2305: Module '"react-native"' has no exported member 'Modal'.
apps/mobile/src/components/chat/MessagePeek.tsx(9,35): error TS2305: Module '"react-native"' has no exported member 'TouchableOpacity'.
apps/mobile/src/components/chat/MessagePeek.tsx(9,59): error TS2305: Module '"react-native"' has no exported member 'Pressable'.
apps/mobile/src/components/chat/MessagePeek.tsx(79,11): error TS2322: Type 'any[]' is not assignable to type 'Record<string, unknown>'.
  Index signature for type 'string' is missing in type 'any[]'.
apps/mobile/src/components/chat/MessagePeek.tsx(80,28): error TS2339: Property 'duration' does not exist on type 'ComponentType<FadeInProps & Record<string, unknown> & { style?: Record<string, unknown>; children?: unknown; }>'.
  Property 'duration' does not exist on type 'ComponentClass<FadeInProps & Record<string, unknown> & { style?: Record<string, unknown>; children?: unknown; }, any>'.
apps/mobile/src/components/chat/MessagePeek.tsx(81,28): error TS2339: Property 'duration' does not exist on type 'ComponentType<FadeOutProps & Record<string, unknown> & { style?: Record<string, unknown>; children?: unknown; }>'.
  Property 'duration' does not exist on type 'ComponentClass<FadeOutProps & Record<string, unknown> & { style?: Record<string, unknown>; children?: unknown; }, any>'.
apps/mobile/src/components/chat/MessagePeek.tsx(87,11): error TS2322: Type '({ transform: { scale: number; }[]; opacity: number; } | { backgroundColor: string; borderRadius: number; padding: number; maxWidth: string; width: number; borderWidth: number; borderColor: string; ... 4 more ...; elevation: number; })[]' is not assignable to type 'Record<string, unknown>'.
  Index signature for type 'string' is missing in type '({ transform: { scale: number; }[]; opacity: number; } | { backgroundColor: string; borderRadius: number; padding: number; maxWidth: string; width: number; borderWidth: number; borderColor: string; ... 4 more ...; elevation: number; })[]'.
apps/mobile/src/components/chat/MessagePeek.tsx(88,28): error TS2339: Property 'duration' does not exist on type 'ComponentType<FadeInProps & Record<string, unknown> & { style?: Record<string, unknown>; children?: unknown; }>'.
  Property 'duration' does not exist on type 'ComponentClass<FadeInProps & Record<string, unknown> & { style?: Record<string, unknown>; children?: unknown; }, any>'.
apps/mobile/src/components/chat/MessagePeek.tsx(89,28): error TS2339: Property 'duration' does not exist on type 'ComponentType<FadeOutProps & Record<string, unknown> & { style?: Record<string, unknown>; children?: unknown; }>'.
  Property 'duration' does not exist on type 'ComponentClass<FadeOutProps & Record<string, unknown> & { style?: Record<string, unknown>; children?: unknown; }, any>'.
apps/mobile/src/components/chat/MessagePeek.tsx(118,19): error TS2339: Property 'absoluteFillObject' does not exist on type 'StyleSheet'.
apps/mobile/src/components/chat/PresenceAvatar.tsx(17,60): error TS2307: Cannot find module '@/effects/chat/core/reduced-motion' or its corresponding type declarations.
apps/mobile/src/components/chat/PresenceAvatar.tsx(108,24): error TS2322: Type 'any[]' is not assignable to type 'Record<string, unknown>'.
  Index signature for type 'string' is missing in type 'any[]'.
apps/mobile/src/components/chat/PresenceAvatar.tsx(108,43): error TS2339: Property 'absoluteFill' does not exist on type 'StyleSheet'.
apps/mobile/src/components/chat/PresenceAvatar.tsx(117,24): error TS2322: Type '({ transform: { rotate: string; }[]; opacity: number; } | { position: string; top: number; bottom: number; left: number; right: number; borderWidth: number; borderColor: string; } | { borderRadius: number; })[]' is not assignable to type 'Record<string, unknown>'.
  Index signature for type 'string' is missing in type '({ transform: { rotate: string; }[]; opacity: number; } | { position: string; top: number; bottom: number; left: number; right: number; borderWidth: number; borderColor: string; } | { borderRadius: number; })[]'.
apps/mobile/src/components/chat/ReactionBurstParticles.tsx(20,60): error TS2307: Cannot find module '@/effects/chat/core/reduced-motion' or its corresponding type declarations.
apps/mobile/src/components/chat/ReactionBurstParticles.tsx(21,33): error TS2307: Cannot find module '@/effects/chat/core/seeded-rng' or its corresponding type declarations.
apps/mobile/src/components/chat/ReactionBurstParticles.tsx(175,50): error TS2339: Property 'absoluteFill' does not exist on type 'StyleSheet'.
apps/mobile/src/components/chat/StickerMessage.tsx(2,28): error TS2305: Module '"react-native"' has no exported member 'TouchableOpacity'.
apps/mobile/src/components/chat/StickerMessage.tsx(2,51): error TS2305: Module '"react-native"' has no exported member 'StyleProp'.
apps/mobile/src/components/chat/StickerMessage.tsx(7,3): error TS2614: Module '"react-native-reanimated"' has no exported member 'Layout'. Did you mean to use 'import Layout from "react-native-reanimated"' instead?
apps/mobile/src/components/chat/StickerMessage.tsx(26,36): error TS2339: Property 'createAnimatedComponent' does not exist on type '{ readonly SharedValue: any; readonly View: ComponentType<AnimatedViewProps>; readonly Text: ComponentType<AnimatedTextProps>; }'.
apps/mobile/src/components/chat/StickerMessage.tsx(114,7): error TS2322: Type 'any[]' is not assignable to type 'Record<string, unknown>'.
  Index signature for type 'string' is missing in type 'any[]'.
apps/mobile/src/components/chat/TypingIndicator.tsx(20,36): error TS2307: Cannot find module '@/effects/core/use-reduced-motion-sv' or its corresponding type declarations.
apps/mobile/src/components/chat/TypingIndicator.tsx(22,31): error TS2339: Property 'createAnimatedComponent' does not exist on type '{ readonly SharedValue: any; readonly View: ComponentType<AnimatedViewProps>; readonly Text: ComponentType<AnimatedTextProps>; }'.
apps/mobile/src/components/chat/TypingIndicator.tsx(30,27): error TS2749: 'Animated.SharedValue' refers to a value, but is being used as a type here. Did you mean 'typeof Animated.SharedValue'?
apps/mobile/src/components/chat/TypingIndicator.tsx(70,6): error TS2554: Expected 1 arguments, but got 2.
apps/mobile/src/components/chat/TypingIndicator.tsx(97,6): error TS2554: Expected 1 arguments, but got 2.
apps/mobile/src/components/chat/TypingIndicator.tsx(138,24): error TS2339: Property 'duration' does not exist on type 'ComponentType<FadeInProps & Record<string, unknown> & { style?: Record<string, unknown>; children?: unknown; }>'.
  Property 'duration' does not exist on type 'ComponentClass<FadeInProps & Record<string, unknown> & { style?: Record<string, unknown>; children?: unknown; }, any>'.
apps/mobile/src/components/chat/TypingIndicator.tsx(139,24): error TS2339: Property 'duration' does not exist on type 'ComponentType<FadeOutProps & Record<string, unknown> & { style?: Record<string, unknown>; children?: unknown; }>'.
  Property 'duration' does not exist on type 'ComponentClass<FadeOutProps & Record<string, unknown> & { style?: Record<string, unknown>; children?: unknown; }, any>'.
apps/mobile/src/components/chat/window/Buttons.tsx(1,10): error TS2305: Module '"react-native"' has no exported member 'Pressable'.
apps/mobile/src/components/chat/window/ChatHeader.tsx(1,17): error TS2305: Module '"react-native"' has no exported member 'Pressable'.
apps/mobile/src/components/chat/window/ChatHeader.tsx(4,62): error TS2307: Cannot find module '@mobile/effects/reanimated' or its corresponding type declarations.
apps/mobile/src/components/chat/window/ChatHeader.tsx(6,31): error TS2339: Property 'createAnimatedComponent' does not exist on type '{ readonly SharedValue: any; readonly View: ComponentType<AnimatedViewProps>; readonly Text: ComponentType<AnimatedTextProps>; }'.
apps/mobile/src/components/chat/window/ChatInputBar.tsx(8,16): error TS2305: Module '"react-native"' has no exported member 'TextInput'.
apps/mobile/src/components/chat/window/ChatInputBar.tsx(8,27): error TS2305: Module '"react-native"' has no exported member 'Pressable'.
apps/mobile/src/components/chat/window/ChatInputBar.tsx(8,50): error TS2305: Module '"react-native"' has no exported member 'ScrollView'.
apps/mobile/src/components/chat/window/ChatInputBar.tsx(8,62): error TS2305: Module '"react-native"' has no exported member 'Modal'.
apps/mobile/src/components/chat/window/ChatInputBar.tsx(18,25): error TS2307: Cannot find module '@/lib/haptics' or its corresponding type declarations.
apps/mobile/src/components/chat/window/ChatInputBar.tsx(20,68): error TS2307: Cannot find module '@/lib/chat-types' or its corresponding type declarations.
apps/mobile/src/components/chat/window/ChatInputBar.tsx(21,31): error TS2307: Cannot find module '@/lib/chat-utils' or its corresponding type declarations.
apps/mobile/src/components/chat/window/ChatInputBar.tsx(22,33): error TS2307: Cannot find module '@/lib/chat-types' or its corresponding type declarations.
apps/mobile/src/components/chat/window/ChatInputBar.tsx(221,30): error TS2322: Type '({ transform: { scale: number; }[]; opacity: number; } | { width: number; height: number; borderRadius: number; backgroundColor: string; justifyContent: string; alignItems: string; })[]' is not assignable to type 'Record<string, unknown>'.
  Index signature for type 'string' is missing in type '({ transform: { scale: number; }[]; opacity: number; } | { width: number; height: number; borderRadius: number; backgroundColor: string; justifyContent: string; alignItems: string; })[]'.
apps/mobile/src/components/chat/window/ChatInputBar.tsx(306,38): error TS7006: Parameter 'sticker' implicitly has an 'any' type.
apps/mobile/src/components/chat/window/ChatInputBar.tsx(324,40): error TS7006: Parameter 'emoji' implicitly has an 'any' type.
apps/mobile/src/components/chat/window/LiveRegions.tsx(2,10): error TS2305: Module '"react-native"' has no exported member 'AccessibilityInfo'.
apps/mobile/src/components/chat/window/MessageItem.tsx(2,34): error TS2307: Cannot find module '@/lib/chat-types' or its corresponding type declarations.
apps/mobile/src/components/chat/window/MessageList.tsx(1,10): error TS2305: Module '"react-native"' has no exported member 'FlatList'.
apps/mobile/src/components/chat/window/MessageList.tsx(2,34): error TS2307: Cannot find module '@/lib/chat-types' or its corresponding type declarations.
apps/mobile/src/components/chat/window/MessageList.tsx(23,23): error TS7006: Parameter 'm' implicitly has an 'any' type.
apps/mobile/src/components/chat/window/MessageList.tsx(24,24): error TS7031: Binding element 'item' implicitly has an 'any' type.
apps/mobile/src/components/chat/window/MessageList.tsx(24,30): error TS7031: Binding element 'index' implicitly has an 'any' type.
apps/mobile/src/components/chat/window/Overlays.tsx(2,40): error TS2307: Cannot find module '@/components/chat/ReactionBurstParticles' or its corresponding type declarations.
apps/mobile/src/components/chat/window/Overlays.tsx(3,31): error TS2307: Cannot find module '@/components/chat/ConfettiBurst' or its corresponding type declarations.
apps/mobile/src/components/chat/window/TemplatePanel.tsx(1,10): error TS2305: Module '"react-native"' has no exported member 'Pressable'.
apps/mobile/src/components/chat/window/TemplatePanel.tsx(1,45): error TS2305: Module '"react-native"' has no exported member 'ScrollView'.
apps/mobile/src/components/chat/window/TemplatePanel.tsx(2,38): error TS2307: Cannot find module '@/lib/chat-types' or its corresponding type declarations.
apps/mobile/src/components/chat/window/TemplatePanel.tsx(3,35): error TS2307: Cannot find module '@/lib/chat-types' or its corresponding type declarations.
apps/mobile/src/components/chat/window/TemplatePanel.tsx(25,44): error TS7006: Parameter 'template' implicitly has an 'any' type.
apps/mobile/src/components/chat/window/VirtualMessageList.tsx(4,34): error TS2307: Cannot find module '@/lib/chat-types' or its corresponding type declarations.
apps/mobile/src/components/chrome/HoloBackground.tsx(54,22): error TS2322: Type '({ opacity: number; transform: { scale: number; }[]; } | { position: string; top: number; right: number; bottom: number; left: number; backgroundColor: string; } | { opacity: number; })[]' is not assignable to type 'Record<string, unknown>'.
  Index signature for type 'string' is missing in type '({ opacity: number; transform: { scale: number; }[]; } | { position: string; top: number; right: number; bottom: number; left: number; backgroundColor: string; } | { opacity: number; })[]'.
apps/mobile/src/components/community/PostComposer.tsx(5,3): error TS2305: Module '"react-native"' has no exported member 'TextInput'.
apps/mobile/src/components/community/PostComposer.tsx(6,3): error TS2305: Module '"react-native"' has no exported member 'TouchableOpacity'.
apps/mobile/src/components/community/PostComposer.tsx(8,3): error TS2305: Module '"react-native"' has no exported member 'ScrollView'.
apps/mobile/src/components/community/PostComposer.tsx(9,3): error TS2305: Module '"react-native"' has no exported member 'ActivityIndicator'.
apps/mobile/src/components/community/PostComposer.tsx(11,3): error TS2305: Module '"react-native"' has no exported member 'KeyboardAvoidingView'.
apps/mobile/src/components/enhanced/AchievementBadge.tsx(41,7): error TS2322: Type '({} | { width: number; height: number; borderRadius: number; backgroundColor: string; })[]' is not assignable to type 'Record<string, unknown>'.
  Index signature for type 'string' is missing in type '({} | { width: number; height: number; borderRadius: number; backgroundColor: string; })[]'.
apps/mobile/src/components/enhanced/AdvancedFilterPanel.tsx(7,22): error TS2305: Module '"react-native"' has no exported member 'ScrollView'.
apps/mobile/src/components/enhanced/AdvancedFilterPanel.tsx(7,34): error TS2305: Module '"react-native"' has no exported member 'Pressable'.
apps/mobile/src/components/enhanced/AdvancedFilterPanel.tsx(9,28): error TS2307: Cannot find module '@/hooks/useFilters' or its corresponding type declarations.
apps/mobile/src/components/enhanced/AdvancedFilterPanel.tsx(56,14): error TS7006: Parameter 'vals' implicitly has an 'any' type.
apps/mobile/src/components/enhanced/EnhancedButton.tsx(10,3): error TS2305: Module '"react-native"' has no exported member 'Pressable'.
apps/mobile/src/components/enhanced/EnhancedButton.tsx(13,3): error TS2305: Module '"react-native"' has no exported member 'ActivityIndicator'.
apps/mobile/src/components/enhanced/EnhancedButton.tsx(17,8): error TS2305: Module '"react-native"' has no exported member 'PressableProps'.
apps/mobile/src/components/enhanced/EnhancedButton.tsx(29,31): error TS2307: Cannot find module '@/effects/reanimated/transitions' or its corresponding type declarations.
apps/mobile/src/components/enhanced/EnhancedButton.tsx(31,31): error TS2339: Property 'createAnimatedComponent' does not exist on type '{ readonly SharedValue: any; readonly View: ComponentType<AnimatedViewProps>; readonly Text: ComponentType<AnimatedTextProps>; }'.
apps/mobile/src/components/enhanced/EnhancedCarousel.tsx(14,8): error TS2305: Module '"react-native"' has no exported member 'StyleProp'.
apps/mobile/src/components/enhanced/EnhancedCarousel.tsx(27,31): error TS2339: Property 'createAnimatedComponent' does not exist on type '{ readonly SharedValue: any; readonly View: ComponentType<AnimatedViewProps>; readonly Text: ComponentType<AnimatedTextProps>; }'.
apps/mobile/src/components/enhanced/EnhancedCarousel.tsx(116,12): error TS7006: Parameter 'event' implicitly has an 'any' type.
apps/mobile/src/components/enhanced/EnhancedCarousel.tsx(116,12): error TS2345: Argument of type '(event: any) => void' is not assignable to parameter of type '() => void'.
  Target signature provides too few arguments. Expected 1 or more, but got 0.
apps/mobile/src/components/enhanced/EnhancedCarousel.tsx(139,22): error TS2339: Property 'flatten' does not exist on type 'StyleSheet'.
apps/mobile/src/components/enhanced/EnhancedCarousel.tsx(163,7): error TS2322: Type 'false | Element' is not assignable to type 'ReactElement<any, string | JSXElementConstructor<any>>'.
  Type 'boolean' is not assignable to type 'ReactElement<any, string | JSXElementConstructor<any>>'.
apps/mobile/src/components/enhanced/EnhancedCarousel.tsx(174,7): error TS2322: Type 'false | Element' is not assignable to type 'ReactElement<any, string | JSXElementConstructor<any>>'.
  Type 'boolean' is not assignable to type 'ReactElement<any, string | JSXElementConstructor<any>>'.
apps/mobile/src/components/enhanced/EnhancedPetDetailView.tsx(7,22): error TS2305: Module '"react-native"' has no exported member 'ScrollView'.
apps/mobile/src/components/enhanced/EnhancedPetDetailView.tsx(7,41): error TS2305: Module '"react-native"' has no exported member 'Pressable'.
apps/mobile/src/components/enhanced/EnhancedPetDetailView.tsx(7,64): error TS2305: Module '"react-native"' has no exported member 'Modal'.
apps/mobile/src/components/enhanced/EnhancedPetDetailView.tsx(18,26): error TS2307: Cannot find module '@/lib/types' or its corresponding type declarations.
apps/mobile/src/components/enhanced/EnhancedPetDetailView.tsx(19,46): error TS2307: Cannot find module '@/effects/reanimated/transitions' or its corresponding type declarations.
apps/mobile/src/components/enhanced/EnhancedPetDetailView.tsx(21,31): error TS2339: Property 'createAnimatedComponent' does not exist on type '{ readonly SharedValue: any; readonly View: ComponentType<AnimatedViewProps>; readonly Text: ComponentType<AnimatedTextProps>; }'.
apps/mobile/src/components/enhanced/EnhancedPetDetailView.tsx(22,32): error TS2339: Property 'createAnimatedComponent' does not exist on type '{ readonly SharedValue: any; readonly View: ComponentType<AnimatedViewProps>; readonly Text: ComponentType<AnimatedTextProps>; }'.
apps/mobile/src/components/enhanced/EnhancedPetDetailView.tsx(123,31): error TS7006: Parameter 'e' implicitly has an 'any' type.
apps/mobile/src/components/enhanced/EnhancedPetDetailView.tsx(177,45): error TS7006: Parameter 'trait' implicitly has an 'any' type.
apps/mobile/src/components/enhanced/EnhancedPetDetailView.tsx(177,52): error TS7006: Parameter 'index' implicitly has an 'any' type.
apps/mobile/src/components/enhanced/FloatingActionButton.tsx(8,26): error TS2305: Module '"react-native"' has no exported member 'StyleProp'.
apps/mobile/src/components/enhanced/FloatingActionButton.tsx(9,10): error TS2305: Module '"react-native"' has no exported member 'TouchableOpacity'.
apps/mobile/src/components/enhanced/FloatingActionButton.tsx(20,10): error TS2305: Module '"react-native"' has no exported member 'AccessibilityInfo'.
apps/mobile/src/components/enhanced/FloatingActionButton.tsx(23,36): error TS2339: Property 'createAnimatedComponent' does not exist on type '{ readonly SharedValue: any; readonly View: ComponentType<AnimatedViewProps>; readonly Text: ComponentType<AnimatedTextProps>; }'.
apps/mobile/src/components/enhanced/FloatingActionButton.tsx(51,57): error TS7006: Parameter 'enabled' implicitly has an 'any' type.
apps/mobile/src/components/enhanced/FloatingActionButton.tsx(160,22): error TS2322: Type '({ transform: { rotate: string; }[]; width: number; height: number; } | { width: number; height: number; justifyContent: string; alignItems: string; })[]' is not assignable to type 'Record<string, unknown>'.
  Index signature for type 'string' is missing in type '({ transform: { rotate: string; }[]; width: number; height: number; } | { width: number; height: number; justifyContent: string; alignItems: string; })[]'.
apps/mobile/src/components/enhanced/FloatingActionButton.tsx(165,24): error TS2322: Type '({ opacity: number; width: number | undefined; } | { paddingRight: number; })[]' is not assignable to type 'Record<string, unknown>'.
  Index signature for type 'string' is missing in type '({ opacity: number; width: number | undefined; } | { paddingRight: number; })[]'.
apps/mobile/src/components/enhanced/FloatingActionButton.tsx(171,24): error TS2322: Type '({ transform: { translateX: string; }[]; } | { position: string; top: number; left: number; right: number; bottom: number; backgroundColor: string; width: string; })[]' is not assignable to type 'Record<string, unknown>'.
  Index signature for type 'string' is missing in type '({ transform: { translateX: string; }[]; } | { position: string; top: number; left: number; right: number; bottom: number; backgroundColor: string; width: string; })[]'.
apps/mobile/src/components/enhanced/GlowingBadge.tsx(10,36): error TS2307: Cannot find module '@/effects/core/use-reduced-motion-sv' or its corresponding type declarations.
apps/mobile/src/components/enhanced/GlowingBadge.tsx(118,7): error TS2322: Type '(ViewStyle | { transform: { scale: number; }[]; opacity: number; } | { paddingHorizontal: number; paddingVertical: number; borderRadius: number; borderWidth: number; alignItems: string; justifyContent: string; position: string; overflow: string; } | undefined)[]' is not assignable to type 'Record<string, unknown>'.
  Index signature for type 'string' is missing in type '(ViewStyle | { transform: { scale: number; }[]; opacity: number; } | { paddingHorizontal: number; paddingVertical: number; borderRadius: number; borderWidth: number; alignItems: string; justifyContent: string; position: string; overflow: string; } | undefined)[]'.
apps/mobile/src/components/enhanced/GlowingBadge.tsx(131,11): error TS2322: Type '({ opacity: number; } | { backgroundColor: string; })[]' is not assignable to type 'Record<string, unknown>'.
  Index signature for type 'string' is missing in type '({ opacity: number; } | { backgroundColor: string; })[]'.
apps/mobile/src/components/enhanced/NotificationCenter.tsx(7,34): error TS2305: Module '"react-native"' has no exported member 'Pressable'.
apps/mobile/src/components/enhanced/NotificationCenter.tsx(7,45): error TS2305: Module '"react-native"' has no exported member 'ScrollView'.
apps/mobile/src/components/enhanced/ParticleEffect.tsx(10,36): error TS2307: Cannot find module '@/effects/core/use-reduced-motion-sv' or its corresponding type declarations.
apps/mobile/src/components/enhanced/ParticleEffect.tsx(134,7): error TS2322: Type '({ transform: ({ translateX: number; translateY?: never; scale?: never; } | { translateY: number; translateX?: never; scale?: never; } | { scale: number; translateX?: never; translateY?: never; })[]; opacity: number; } | { ...; } | { ...; })[]' is not assignable to type 'Record<string, unknown>'.
  Index signature for type 'string' is missing in type '({ transform: ({ translateX: number; translateY?: never; scale?: never; } | { translateY: number; translateX?: never; scale?: never; } | { scale: number; translateX?: never; translateY?: never; })[]; opacity: number; } | { ...; } | { ...; })[]'.
apps/mobile/src/components/enhanced/PetAnalyticsSkeleton.tsx(10,58): error TS2307: Cannot find module '@/components/ui/card' or its corresponding type declarations.
apps/mobile/src/components/enhanced/PetDetailSkeleton.tsx(10,58): error TS2307: Cannot find module '@/components/ui/card' or its corresponding type declarations.
apps/mobile/src/components/enhanced/PremiumButton.tsx(3,3): error TS2305: Module '"react-native"' has no exported member 'Pressable'.
apps/mobile/src/components/enhanced/PremiumButton.tsx(6,3): error TS2305: Module '"react-native"' has no exported member 'ActivityIndicator'.
apps/mobile/src/components/enhanced/PremiumButton.tsx(15,36): error TS2339: Property 'createAnimatedComponent' does not exist on type '{ readonly SharedValue: any; readonly View: ComponentType<AnimatedViewProps>; readonly Text: ComponentType<AnimatedTextProps>; }'.
apps/mobile/src/components/enhanced/PremiumCard.tsx(14,44): error TS2307: Cannot find module '@mobile/effects/reanimated' or its corresponding type declarations.
apps/mobile/src/components/enhanced/PremiumCard.tsx(16,31): error TS2339: Property 'createAnimatedComponent' does not exist on type '{ readonly SharedValue: any; readonly View: ComponentType<AnimatedViewProps>; readonly Text: ComponentType<AnimatedTextProps>; }'.
apps/mobile/src/components/enhanced/ProgressiveImage.tsx(4,36): error TS2307: Cannot find module '@/effects/core/use-reduced-motion-sv' or its corresponding type declarations.
apps/mobile/src/components/enhanced/ProgressiveImage.tsx(39,11): error TS2339: Property 'prefetch' does not exist on type 'ComponentType<ImageProps>'.
  Property 'prefetch' does not exist on type 'ComponentClass<ImageProps, any>'.
apps/mobile/src/components/enhanced/ProgressiveImage.tsx(45,14): error TS7006: Parameter 'err' implicitly has an 'any' type.
apps/mobile/src/components/enhanced/ProgressiveImage.tsx(83,24): error TS2322: Type '({ opacity: number; } | { position: string; top: number; left: number; right: number; bottom: number; })[]' is not assignable to type 'Record<string, unknown>'.
  Index signature for type 'string' is missing in type '({ opacity: number; } | { position: string; top: number; left: number; right: number; bottom: number; })[]'.
apps/mobile/src/components/enhanced/ProgressiveImage.tsx(92,22): error TS2322: Type '({ opacity: number; } | { width: string; height: string; })[]' is not assignable to type 'Record<string, unknown>'.
  Index signature for type 'string' is missing in type '({ opacity: number; } | { width: string; height: string; })[]'.
apps/mobile/src/components/enhanced/SmartSearch.tsx(9,3): error TS2305: Module '"react-native"' has no exported member 'TextInput'.
apps/mobile/src/components/enhanced/SmartSearch.tsx(10,3): error TS2305: Module '"react-native"' has no exported member 'FlatList'.
apps/mobile/src/components/enhanced/SmartSearch.tsx(12,3): error TS2305: Module '"react-native"' has no exported member 'Pressable'.
apps/mobile/src/components/enhanced/SmartSearch.tsx(18,28): error TS2307: Cannot find module '@/hooks/useStorage' or its corresponding type declarations.
apps/mobile/src/components/enhanced/SmartSearch.tsx(19,31): error TS2307: Cannot find module '@/effects/reanimated/transitions' or its corresponding type declarations.
apps/mobile/src/components/enhanced/SmartSearch.tsx(21,31): error TS2339: Property 'createAnimatedComponent' does not exist on type '{ readonly SharedValue: any; readonly View: ComponentType<AnimatedViewProps>; readonly Text: ComponentType<AnimatedTextProps>; }'.
apps/mobile/src/components/enhanced/SmartSearch.tsx(113,24): error TS7006: Parameter 'prev' implicitly has an 'any' type.
apps/mobile/src/components/enhanced/SmartSearch.tsx(114,60): error TS7006: Parameter 'q' implicitly has an 'any' type.
apps/mobile/src/components/enhanced/SmartSearch.tsx(182,30): error TS7006: Parameter '_' implicitly has an 'any' type.
apps/mobile/src/components/enhanced/SmartSearch.tsx(182,33): error TS7006: Parameter 'index' implicitly has an 'any' type.
apps/mobile/src/components/enhanced/SmartSearch.tsx(193,32): error TS7006: Parameter '_item' implicitly has an 'any' type.
apps/mobile/src/components/enhanced/SmartSearch.tsx(193,39): error TS7006: Parameter 'index' implicitly has an 'any' type.
apps/mobile/src/components/enhanced/SmartSearch.tsx(206,32): error TS7006: Parameter '_item' implicitly has an 'any' type.
apps/mobile/src/components/enhanced/SmartSearch.tsx(206,39): error TS7006: Parameter 'index' implicitly has an 'any' type.
apps/mobile/src/components/enhanced/SmartSkeleton.tsx(2,33): error TS2305: Module '"react-native"' has no exported member 'StyleProp'.
apps/mobile/src/components/enhanced/SmartSkeleton.tsx(22,34): error TS2339: Property 'createAnimatedComponent' does not exist on type '{ readonly SharedValue: any; readonly View: ComponentType<AnimatedViewProps>; readonly Text: ComponentType<AnimatedTextProps>; }'.
apps/mobile/src/components/enhanced/SmartSkeleton.tsx(75,12): error TS4111: Property 'width' comes from an index signature, so it must be accessed with ['width'].
apps/mobile/src/components/enhanced/SmartSkeleton.tsx(78,12): error TS4111: Property 'height' comes from an index signature, so it must be accessed with ['height'].
apps/mobile/src/components/enhanced/SmartSkeleton.tsx(103,30): error TS2339: Property 'absoluteFill' does not exist on type 'StyleSheet'.
apps/mobile/src/components/enhanced/SmartSkeleton.tsx(134,30): error TS2339: Property 'absoluteFill' does not exist on type 'StyleSheet'.
apps/mobile/src/components/enhanced/SmartSkeleton.tsx(153,30): error TS2339: Property 'absoluteFill' does not exist on type 'StyleSheet'.
apps/mobile/src/components/enhanced/SmartSkeleton.tsx(182,32): error TS2339: Property 'absoluteFill' does not exist on type 'StyleSheet'.
apps/mobile/src/components/enhanced/SmartSkeleton.tsx(197,34): error TS2339: Property 'absoluteFill' does not exist on type 'StyleSheet'.
apps/mobile/src/components/enhanced/SmartSkeleton.tsx(211,34): error TS2339: Property 'absoluteFill' does not exist on type 'StyleSheet'.
apps/mobile/src/components/enhanced/SmartSkeleton.tsx(232,30): error TS2339: Property 'absoluteFill' does not exist on type 'StyleSheet'.
apps/mobile/src/components/enhanced/SmartSkeleton.tsx(280,30): error TS2339: Property 'absoluteFill' does not exist on type 'StyleSheet'.
apps/mobile/src/components/enhanced/SmartToast.tsx(2,22): error TS2305: Module '"react-native"' has no exported member 'TouchableOpacity'.
apps/mobile/src/components/enhanced/SmartToast.tsx(10,36): error TS2307: Cannot find module '@/effects/core/use-reduced-motion-sv' or its corresponding type declarations.
apps/mobile/src/components/enhanced/SmartToast.tsx(77,7): error TS2322: Type '(ViewStyle | { opacity: number; transform: ({ translateY: number; scale?: never; } | { scale: number; translateY?: never; })[]; } | { flexDirection: string; alignItems: string; gap: number; ... 9 more ...; elevation: number; } | undefined)[]' is not assignable to type 'Record<string, unknown>'.
  Index signature for type 'string' is missing in type '(ViewStyle | { opacity: number; transform: ({ translateY: number; scale?: never; } | { scale: number; translateY?: never; })[]; } | { flexDirection: string; alignItems: string; gap: number; ... 9 more ...; elevation: number; } | undefined)[]'.
apps/mobile/src/components/enhanced/TrustBadges.tsx(2,34): error TS2305: Module '"react-native"' has no exported member 'Pressable'.
apps/mobile/src/components/enhanced/TrustBadges.tsx(9,36): error TS2307: Cannot find module '@/effects/core/use-reduced-motion-sv' or its corresponding type declarations.
apps/mobile/src/components/enhanced/TrustBadges.tsx(133,9): error TS2322: Type '({ transform: { scale: number; }[]; opacity: number; } | { borderWidth: number; alignItems: string; justifyContent: string; shadowColor: string; shadowOffset: { width: number; height: number; }; shadowOpacity: number; shadowRadius: number; elevation: number; } | { ...; })[]' is not assignable to type 'Record<string, unknown>'.
  Index signature for type 'string' is missing in type '({ transform: { scale: number; }[]; opacity: number; } | { borderWidth: number; alignItems: string; justifyContent: string; shadowColor: string; shadowOffset: { width: number; height: number; }; shadowOpacity: number; shadowRadius: number; elevation: number; } | { ...; })[]'.
apps/mobile/src/components/enhanced/UltraButton.tsx(7,10): error TS2305: Module '"react-native"' has no exported member 'Pressable'.
apps/mobile/src/components/enhanced/UltraButton.tsx(7,60): error TS2305: Module '"react-native"' has no exported member 'PressableProps'.
apps/mobile/src/components/enhanced/UltraButton.tsx(11,31): error TS2307: Cannot find module '@/effects/reanimated/transitions' or its corresponding type declarations.
apps/mobile/src/components/enhanced/UltraButton.tsx(13,36): error TS2339: Property 'createAnimatedComponent' does not exist on type '{ readonly SharedValue: any; readonly View: ComponentType<AnimatedViewProps>; readonly Text: ComponentType<AnimatedTextProps>; }'.
apps/mobile/src/components/enhanced/UltraButton.tsx(32,3): error TS2339: Property 'onPress' does not exist on type 'UltraButtonProps'.
apps/mobile/src/components/enhanced/UltraCard.tsx(16,61): error TS2307: Cannot find module '@mobile/effects/reanimated' or its corresponding type declarations.
apps/mobile/src/components/enhanced/UltraCard.tsx(17,31): error TS2307: Cannot find module '@mobile/effects/reanimated/transitions' or its corresponding type declarations.
apps/mobile/src/components/enhanced/UltraCard.tsx(19,31): error TS2339: Property 'createAnimatedComponent' does not exist on type '{ readonly SharedValue: any; readonly View: ComponentType<AnimatedViewProps>; readonly Text: ComponentType<AnimatedTextProps>; }'.
apps/mobile/src/components/enhanced/UltraCard.tsx(93,41): error TS2339: Property 'x' does not exist on type 'GestureUpdateEvent'.
apps/mobile/src/components/enhanced/UltraCard.tsx(93,50): error TS2339: Property 'y' does not exist on type 'GestureUpdateEvent'.
apps/mobile/src/components/enhanced/UltraEnhancedView.tsx(20,36): error TS2307: Cannot find module '@/effects/core/use-reduced-motion-sv' or its corresponding type declarations.
apps/mobile/src/components/enhanced/UltraEnhancedView.tsx(21,31): error TS2307: Cannot find module '@/effects/reanimated/transitions' or its corresponding type declarations.
apps/mobile/src/components/enhanced/UltraEnhancedView.tsx(23,31): error TS2339: Property 'createAnimatedComponent' does not exist on type '{ readonly SharedValue: any; readonly View: ComponentType<AnimatedViewProps>; readonly Text: ComponentType<AnimatedTextProps>; }'.
apps/mobile/src/components/enhanced/buttons/IconButton.tsx(2,10): error TS2305: Module '"react-native"' has no exported member 'Pressable'.
apps/mobile/src/components/enhanced/buttons/IconButton.tsx(11,36): error TS2307: Cannot find module '@/effects/core/use-reduced-motion-sv' or its corresponding type declarations.
apps/mobile/src/components/enhanced/buttons/IconButton.tsx(13,36): error TS2339: Property 'createAnimatedComponent' does not exist on type '{ readonly SharedValue: any; readonly View: ComponentType<AnimatedViewProps>; readonly Text: ComponentType<AnimatedTextProps>; }'.
apps/mobile/src/components/enhanced/buttons/IconButton.tsx(127,11): error TS2322: Type 'any[]' is not assignable to type 'Record<string, unknown>'.
  Index signature for type 'string' is missing in type 'any[]'.
apps/mobile/src/components/enhanced/buttons/IconButton.tsx(128,24): error TS2339: Property 'absoluteFill' does not exist on type 'StyleSheet'.
apps/mobile/src/components/enhanced/buttons/SegmentedControl.tsx(2,10): error TS2305: Module '"react-native"' has no exported member 'Pressable'.
apps/mobile/src/components/enhanced/buttons/SegmentedControl.tsx(8,3): error TS2614: Module '"react-native-reanimated"' has no exported member 'measure'. Did you mean to use 'import measure from "react-native-reanimated"' instead?
apps/mobile/src/components/enhanced/buttons/SegmentedControl.tsx(13,36): error TS2307: Cannot find module '@/effects/core/use-reduced-motion-sv' or its corresponding type declarations.
apps/mobile/src/components/enhanced/buttons/SegmentedControl.tsx(15,36): error TS2339: Property 'createAnimatedComponent' does not exist on type '{ readonly SharedValue: any; readonly View: ComponentType<AnimatedViewProps>; readonly Text: ComponentType<AnimatedTextProps>; }'.
apps/mobile/src/components/enhanced/buttons/SegmentedControl.tsx(47,31): error TS2749: 'View' refers to a value, but is being used as a type here. Did you mean 'typeof View'?
apps/mobile/src/components/enhanced/buttons/SegmentedControl.tsx(122,21): error TS2322: Type '({ transform: { translateX: number; }[]; width: number; } | { position: string; top: number; bottom: number; backgroundColor: string; borderRadius: number; shadowColor: string; shadowOffset: { width: number; height: number; }; shadowOpacity: number; shadowRadius: number; elevation: number; })[]' is not assignable to type 'Record<string, unknown>'.
  Index signature for type 'string' is missing in type '({ transform: { translateX: number; }[]; width: number; } | { position: string; top: number; bottom: number; backgroundColor: string; borderRadius: number; shadowColor: string; shadowOffset: { width: number; height: number; }; shadowOpacity: number; shadowRadius: number; elevation: number; })[]'.
apps/mobile/src/components/enhanced/buttons/SplitButton.tsx(3,3): error TS2305: Module '"react-native"' has no exported member 'Pressable'.
apps/mobile/src/components/enhanced/buttons/SplitButton.tsx(7,3): error TS2305: Module '"react-native"' has no exported member 'Modal'.
apps/mobile/src/components/enhanced/buttons/SplitButton.tsx(8,3): error TS2305: Module '"react-native"' has no exported member 'TouchableOpacity'.
apps/mobile/src/components/enhanced/buttons/SplitButton.tsx(20,36): error TS2307: Cannot find module '@/effects/core/use-reduced-motion-sv' or its corresponding type declarations.
apps/mobile/src/components/enhanced/buttons/SplitButton.tsx(22,36): error TS2339: Property 'createAnimatedComponent' does not exist on type '{ readonly SharedValue: any; readonly View: ComponentType<AnimatedViewProps>; readonly Text: ComponentType<AnimatedTextProps>; }'.
apps/mobile/src/components/enhanced/buttons/SplitButton.tsx(127,23): error TS2322: Type '({ opacity: number; } | { width: number; backgroundColor: string; })[]' is not assignable to type 'Record<string, unknown>'.
  Index signature for type 'string' is missing in type '({ opacity: number; } | { width: number; backgroundColor: string; })[]'.
apps/mobile/src/components/enhanced/buttons/SplitButton.tsx(156,23): error TS2322: Type '({ opacity: number; } | { flex: number; backgroundColor: string; justifyContent: string; })[]' is not assignable to type 'Record<string, unknown>'.
  Index signature for type 'string' is missing in type '({ opacity: number; } | { flex: number; backgroundColor: string; justifyContent: string; })[]'.
apps/mobile/src/components/enhanced/buttons/SplitButton.tsx(158,31): error TS2339: Property 'absoluteFill' does not exist on type 'StyleSheet'.
apps/mobile/src/components/enhanced/buttons/SplitButton.tsx(162,25): error TS2322: Type '({ transform: { translateY: number; }[]; } | { backgroundColor: string; borderTopLeftRadius: number; borderTopRightRadius: number; padding: number; paddingBottom: number; shadowColor: string; shadowOffset: { ...; }; shadowOpacity: number; shadowRadius: number; elevation: number; })[]' is not assignable to type 'Record<string, unknown>'.
  Index signature for type 'string' is missing in type '({ transform: { translateY: number; }[]; } | { backgroundColor: string; borderTopLeftRadius: number; borderTopRightRadius: number; padding: number; paddingBottom: number; shadowColor: string; shadowOffset: { ...; }; shadowOpacity: number; shadowRadius: number; elevation: number; })[]'.
apps/mobile/src/components/enhanced/buttons/SplitButton.tsx(168,27): error TS7031: Binding element 'pressed' implicitly has an 'any' type.
apps/mobile/src/components/enhanced/buttons/ToggleButton.tsx(2,10): error TS2305: Module '"react-native"' has no exported member 'Pressable'.
apps/mobile/src/components/enhanced/buttons/ToggleButton.tsx(11,36): error TS2307: Cannot find module '@/effects/core/use-reduced-motion-sv' or its corresponding type declarations.
apps/mobile/src/components/enhanced/buttons/ToggleButton.tsx(13,36): error TS2339: Property 'createAnimatedComponent' does not exist on type '{ readonly SharedValue: any; readonly View: ComponentType<AnimatedViewProps>; readonly Text: ComponentType<AnimatedTextProps>; }'.
apps/mobile/src/components/enhanced/display/PremiumAvatar.tsx(2,22): error TS2305: Module '"react-native"' has no exported member 'TouchableOpacity'.
apps/mobile/src/components/enhanced/display/PremiumAvatar.tsx(122,24): error TS2322: Type '({ transform: { scale: number; }[]; } | { opacity: number; })[]' is not assignable to type 'Record<string, unknown>'.
  Index signature for type 'string' is missing in type '({ transform: { scale: number; }[]; } | { opacity: number; })[]'.
apps/mobile/src/components/enhanced/display/PremiumAvatar.tsx(124,23): error TS2339: Property 'Image' does not exist on type '{ readonly SharedValue: any; readonly View: ComponentType<AnimatedViewProps>; readonly Text: ComponentType<AnimatedTextProps>; }'.
apps/mobile/src/components/enhanced/display/PremiumChip.tsx(2,22): error TS2305: Module '"react-native"' has no exported member 'TouchableOpacity'.
apps/mobile/src/components/enhanced/display/PremiumChip.tsx(10,36): error TS2307: Cannot find module '@/effects/core/use-reduced-motion-sv' or its corresponding type declarations.
apps/mobile/src/components/enhanced/display/PremiumChip.tsx(15,25): error TS2769: No overload matches this call.
  Overload 1 of 2, '(props: IconProps): Icon', gave the following error.
    Type 'unknown' is not assignable to type 'number | undefined'.
  Overload 2 of 2, '(props: IconProps, context: any): Icon', gave the following error.
    Type 'unknown' is not assignable to type 'number | undefined'.
apps/mobile/src/components/enhanced/display/PremiumChip.tsx(97,19): error TS2322: Type '(ViewStyle | { transform: { scale: number; }[]; opacity: number; } | undefined)[]' is not assignable to type 'Record<string, unknown>'.
  Index signature for type 'string' is missing in type '(ViewStyle | { transform: { scale: number; }[]; opacity: number; } | undefined)[]'.
apps/mobile/src/components/enhanced/effects/RippleEffect.tsx(4,3): error TS2305: Module '"react-native"' has no exported member 'TouchableOpacity'.
apps/mobile/src/components/enhanced/effects/RippleEffect.tsx(7,8): error TS2305: Module '"react-native"' has no exported member 'GestureResponderEvent'.
apps/mobile/src/components/enhanced/effects/RippleEffect.tsx(90,11): error TS2322: Type '({ transform: { scale: number; }[]; opacity: number; } | { position: string; width: number; height: number; borderRadius: number; marginLeft: number; marginTop: number; } | { left: number; top: number; backgroundColor: string; })[]' is not assignable to type 'Record<string, unknown>'.
  Index signature for type 'string' is missing in type '({ transform: { scale: number; }[]; opacity: number; } | { position: string; width: number; height: number; borderRadius: number; marginLeft: number; marginTop: number; } | { left: number; top: number; backgroundColor: string; })[]'.
apps/mobile/src/components/enhanced/effects/ShimmerEffect.tsx(9,36): error TS2307: Cannot find module '@/effects/core/use-reduced-motion-sv' or its corresponding type declarations.
apps/mobile/src/components/enhanced/effects/ShimmerEffect.tsx(55,9): error TS2322: Type '({ transform: { translateX: number; }[]; } | { position: string; backgroundColor: string; } | { width: string | number; height: string | number; borderRadius: number; })[]' is not assignable to type 'Record<string, unknown>'.
  Index signature for type 'string' is missing in type '({ transform: { translateX: number; }[]; } | { position: string; backgroundColor: string; } | { width: string | number; height: string | number; borderRadius: number; })[]'.
apps/mobile/src/components/enhanced/forms/PremiumInput.tsx(4,3): error TS2305: Module '"react-native"' has no exported member 'TextInput'.
apps/mobile/src/components/enhanced/forms/PremiumInput.tsx(6,3): error TS2305: Module '"react-native"' has no exported member 'TouchableOpacity'.
apps/mobile/src/components/enhanced/forms/PremiumInput.tsx(9,8): error TS2305: Module '"react-native"' has no exported member 'TextInputProps'.
apps/mobile/src/components/enhanced/forms/PremiumInput.tsx(18,36): error TS2307: Cannot find module '@/effects/core/use-reduced-motion-sv' or its corresponding type declarations.
apps/mobile/src/components/enhanced/forms/PremiumInput.tsx(117,13): error TS4111: Property 'onFocus' comes from an index signature, so it must be accessed with ['onFocus'].
apps/mobile/src/components/enhanced/forms/PremiumInput.tsx(125,13): error TS4111: Property 'onBlur' comes from an index signature, so it must be accessed with ['onBlur'].
apps/mobile/src/components/enhanced/forms/PremiumInput.tsx(174,9): error TS2322: Type '(false | { height: number; fontSize: number; padding: number; } | { backgroundColor: string; borderWidth: number; } | { borderColor: string; } | { opacity: number; } | undefined)[]' is not assignable to type 'Record<string, unknown>'.
  Index signature for type 'string' is missing in type '(false | { height: number; fontSize: number; padding: number; } | { backgroundColor: string; borderWidth: number; } | { borderColor: string; } | { opacity: number; } | undefined)[]'.
apps/mobile/src/components/enhanced/forms/PremiumInput.tsx(187,26): error TS2322: Type '({ transform: ({ scale: number; translateY?: never; } | { translateY: number; scale?: never; })[]; } | { position: string; left: number; zIndex: number; })[]' is not assignable to type 'Record<string, unknown>'.
  Index signature for type 'string' is missing in type '({ transform: ({ scale: number; translateY?: never; } | { translateY: number; scale?: never; })[]; } | { position: string; left: number; zIndex: number; })[]'.
apps/mobile/src/components/enhanced/forms/PremiumSelect.tsx(6,3): error TS2305: Module '"react-native"' has no exported member 'Pressable'.
apps/mobile/src/components/enhanced/forms/PremiumSelect.tsx(7,3): error TS2305: Module '"react-native"' has no exported member 'Modal'.
apps/mobile/src/components/enhanced/forms/PremiumSelect.tsx(8,3): error TS2305: Module '"react-native"' has no exported member 'TextInput'.
apps/mobile/src/components/enhanced/forms/PremiumSelect.tsx(9,3): error TS2305: Module '"react-native"' has no exported member 'ScrollView'.
apps/mobile/src/components/enhanced/forms/PremiumSelect.tsx(19,36): error TS2307: Cannot find module '@/effects/core/use-reduced-motion-sv' or its corresponding type declarations.
apps/mobile/src/components/enhanced/forms/PremiumSelect.tsx(183,23): error TS2322: Type '({ opacity: number; } | { flex: number; backgroundColor: string; justifyContent: string; })[]' is not assignable to type 'Record<string, unknown>'.
  Index signature for type 'string' is missing in type '({ opacity: number; } | { flex: number; backgroundColor: string; justifyContent: string; })[]'.
apps/mobile/src/components/enhanced/forms/PremiumSelect.tsx(184,40): error TS2339: Property 'absoluteFill' does not exist on type 'StyleSheet'.
apps/mobile/src/components/enhanced/forms/PremiumSelect.tsx(185,25): error TS2322: Type '({ transform: { scale: number; }[]; } | { backgroundColor: string; borderTopLeftRadius: number; borderTopRightRadius: number; padding: number; paddingBottom: number; maxHeight: string; shadowColor: string; shadowOffset: { ...; }; shadowOpacity: number; shadowRadius: number; elevation: number; })[]' is not assignable to type 'Record<string, unknown>'.
  Index signature for type 'string' is missing in type '({ transform: { scale: number; }[]; } | { backgroundColor: string; borderTopLeftRadius: number; borderTopRightRadius: number; padding: number; paddingBottom: number; maxHeight: string; shadowColor: string; shadowOffset: { ...; }; shadowOpacity: number; shadowRadius: number; elevation: number; })[]'.
apps/mobile/src/components/enhanced/forms/PremiumSelect.tsx(211,33): error TS7031: Binding element 'pressed' implicitly has an 'any' type.
apps/mobile/src/components/enhanced/forms/PremiumSlider.tsx(9,36): error TS2307: Cannot find module '@/effects/core/use-reduced-motion-sv' or its corresponding type declarations.
apps/mobile/src/components/enhanced/forms/PremiumSlider.tsx(12,31): error TS2339: Property 'createAnimatedComponent' does not exist on type '{ readonly SharedValue: any; readonly View: ComponentType<AnimatedViewProps>; readonly Text: ComponentType<AnimatedTextProps>; }'.
apps/mobile/src/components/enhanced/forms/PremiumSlider.tsx(120,15): error TS2322: Type '({ opacity: number; transform: { scale: number; }[]; } | { position: string; bottom: number; transform: { translateX: number; }[]; backgroundColor: string; paddingHorizontal: number; paddingVertical: number; ... 5 more ...; elevation: number; } | { ...; })[]' is not assignable to type 'Record<string, unknown>'.
  Index signature for type 'string' is missing in type '({ opacity: number; transform: { scale: number; }[]; } | { position: string; bottom: number; transform: { translateX: number; }[]; backgroundColor: string; paddingHorizontal: number; paddingVertical: number; ... 5 more ...; elevation: number; } | { ...; })[]'.
apps/mobile/src/components/enhanced/forms/PremiumToggle.tsx(2,22): error TS2305: Module '"react-native"' has no exported member 'TouchableOpacity'.
apps/mobile/src/components/enhanced/forms/PremiumToggle.tsx(5,36): error TS2307: Cannot find module '@/effects/core/use-reduced-motion-sv' or its corresponding type declarations.
apps/mobile/src/components/enhanced/forms/PremiumToggle.tsx(95,11): error TS2322: Type '({ width: number; height: number; } | { backgroundColor: string; borderRadius: number; opacity: number; })[]' is not assignable to type 'Record<string, unknown>'.
  Index signature for type 'string' is missing in type '({ width: number; height: number; } | { backgroundColor: string; borderRadius: number; opacity: number; })[]'.
apps/mobile/src/components/enhanced/forms/PremiumToggle.tsx(105,13): error TS2322: Type '({ transform: ({ translateX: number; scale?: never; } | { scale: number; translateX?: never; })[]; } | { shadowColor: string; shadowOffset: { width: number; height: number; }; shadowOpacity: number; shadowRadius: number; ... 7 more ...; borderRadius: number; })[]' is not assignable to type 'Record<string, unknown>'.
  Index signature for type 'string' is missing in type '({ transform: ({ translateX: number; scale?: never; } | { scale: number; translateX?: never; })[]; } | { shadowColor: string; shadowOffset: { width: number; height: number; }; shadowOpacity: number; shadowRadius: number; ... 7 more ...; borderRadius: number; })[]'.
apps/mobile/src/components/enhanced/navigation/PremiumProgress.tsx(10,36): error TS2307: Cannot find module '@/effects/core/use-reduced-motion-sv' or its corresponding type declarations.
apps/mobile/src/components/enhanced/navigation/PremiumProgress.tsx(91,11): error TS2322: Type '(false | { width: string; } | { borderRadius: number; } | { overflow: string; } | { height: number; backgroundColor: string; })[]' is not assignable to type 'Record<string, unknown>'.
  Index signature for type 'string' is missing in type '(false | { width: string; } | { borderRadius: number; } | { overflow: string; } | { height: number; backgroundColor: string; })[]'.
apps/mobile/src/components/enhanced/navigation/PremiumProgress.tsx(102,28): error TS2322: Type '({ transform: { translateX: number; }[]; } | { position: string; width: string; backgroundColor: string; } | { height: number; })[]' is not assignable to type 'Record<string, unknown>'.
  Index signature for type 'string' is missing in type '({ transform: { translateX: number; }[]; } | { position: string; width: string; backgroundColor: string; } | { height: number; })[]'.
apps/mobile/src/components/enhanced/navigation/PremiumTabs.tsx(2,34): error TS2305: Module '"react-native"' has no exported member 'Pressable'.
apps/mobile/src/components/enhanced/navigation/PremiumTabs.tsx(2,45): error TS2305: Module '"react-native"' has no exported member 'ScrollView'.
apps/mobile/src/components/enhanced/navigation/PremiumTabs.tsx(8,3): error TS2614: Module '"react-native-reanimated"' has no exported member 'measure'. Did you mean to use 'import measure from "react-native-reanimated"' instead?
apps/mobile/src/components/enhanced/navigation/PremiumTabs.tsx(12,36): error TS2307: Cannot find module '@/effects/core/use-reduced-motion-sv' or its corresponding type declarations.
apps/mobile/src/components/enhanced/navigation/PremiumTabs.tsx(15,36): error TS2339: Property 'createAnimatedComponent' does not exist on type '{ readonly SharedValue: any; readonly View: ComponentType<AnimatedViewProps>; readonly Text: ComponentType<AnimatedTextProps>; }'.
apps/mobile/src/components/enhanced/navigation/PremiumTabs.tsx(52,31): error TS2749: 'View' refers to a value, but is being used as a type here. Did you mean 'typeof View'?
apps/mobile/src/components/enhanced/navigation/PremiumTabs.tsx(53,27): error TS2749: 'View' refers to a value, but is being used as a type here. Did you mean 'typeof View'?
apps/mobile/src/components/enhanced/navigation/PremiumTabs.tsx(122,51): error TS2322: Type '({ transform: { translateX: number; }[]; width: number; } | { position: string; bottom: number; height: number; backgroundColor: string; })[]' is not assignable to type 'Record<string, unknown>'.
  Index signature for type 'string' is missing in type '({ transform: { translateX: number; }[]; width: number; } | { position: string; bottom: number; height: number; backgroundColor: string; })[]'.
apps/mobile/src/components/enhanced/navigation/PremiumTabs.tsx(128,20): error TS7006: Parameter 'ref' implicitly has an 'any' type.
apps/mobile/src/components/enhanced/navigation/PremiumToast.tsx(2,22): error TS2305: Module '"react-native"' has no exported member 'TouchableOpacity'.
apps/mobile/src/components/enhanced/navigation/PremiumToast.tsx(9,36): error TS2307: Cannot find module '@/effects/core/use-reduced-motion-sv' or its corresponding type declarations.
apps/mobile/src/components/enhanced/navigation/PremiumToast.tsx(111,7): error TS2322: Type '(ViewStyle | { opacity: number; transform: ({ translateY: number; scale?: never; } | { scale: number; translateY?: never; })[]; } | { flexDirection: string; alignItems: string; gap: number; ... 11 more ...; overflow: string; } | undefined)[]' is not assignable to type 'Record<string, unknown>'.
  Index signature for type 'string' is missing in type '(ViewStyle | { opacity: number; transform: ({ translateY: number; scale?: never; } | { scale: number; translateY?: never; })[]; } | { flexDirection: string; alignItems: string; gap: number; ... 11 more ...; overflow: string; } | undefined)[]'.
apps/mobile/src/components/enhanced/navigation/PremiumToast.tsx(124,11): error TS2322: Type '({ width: string; } | { position: string; top: number; left: number; height: number; } | { backgroundColor: string; opacity: number; })[]' is not assignable to type 'Record<string, unknown>'.
  Index signature for type 'string' is missing in type '({ width: string; } | { position: string; top: number; left: number; height: number; } | { backgroundColor: string; opacity: number; })[]'.
apps/mobile/src/components/enhanced/navigation/Stepper.tsx(2,34): error TS2305: Module '"react-native"' has no exported member 'Pressable'.
apps/mobile/src/components/enhanced/navigation/Stepper.tsx(10,36): error TS2307: Cannot find module '@/effects/core/use-reduced-motion-sv' or its corresponding type declarations.
apps/mobile/src/components/enhanced/navigation/Stepper.tsx(13,36): error TS2339: Property 'createAnimatedComponent' does not exist on type '{ readonly SharedValue: any; readonly View: ComponentType<AnimatedViewProps>; readonly Text: ComponentType<AnimatedTextProps>; }'.
apps/mobile/src/components/enhanced/navigation/Stepper.tsx(135,23): error TS2322: Type '({ width: string; } | { position: string; top: number; left: number; height: number; backgroundColor: string; })[]' is not assignable to type 'Record<string, unknown>'.
  Index signature for type 'string' is missing in type '({ width: string; } | { position: string; top: number; left: number; height: number; backgroundColor: string; })[]'.
apps/mobile/src/components/enhanced/overlays/PremiumDrawer.tsx(5,3): error TS2305: Module '"react-native"' has no exported member 'Modal'.
apps/mobile/src/components/enhanced/overlays/PremiumDrawer.tsx(6,3): error TS2305: Module '"react-native"' has no exported member 'TouchableOpacity'.
apps/mobile/src/components/enhanced/overlays/PremiumDrawer.tsx(8,3): error TS2305: Module '"react-native"' has no exported member 'ScrollView'.
apps/mobile/src/components/enhanced/overlays/PremiumDrawer.tsx(18,36): error TS2307: Cannot find module '@/effects/core/use-reduced-motion-sv' or its corresponding type declarations.
apps/mobile/src/components/enhanced/overlays/PremiumDrawer.tsx(154,21): error TS2322: Type '({ opacity: number; } | { flex: number; backgroundColor: string; })[]' is not assignable to type 'Record<string, unknown>'.
  Index signature for type 'string' is missing in type '({ opacity: number; } | { flex: number; backgroundColor: string; })[]'.
apps/mobile/src/components/enhanced/overlays/PremiumDrawer.tsx(155,45): error TS2339: Property 'absoluteFill' does not exist on type 'StyleSheet'.
apps/mobile/src/components/enhanced/overlays/PremiumDrawer.tsx(157,11): error TS2322: Type '(ViewStyle | { transform: ({ translateX: number; translateY?: never; } | { translateY: number; translateX?: never; })[]; opacity: number; } | { position: string; backgroundColor: string; ... 5 more ...; elevation: number; } | undefined)[]' is not assignable to type 'Record<string, unknown>'.
  Index signature for type 'string' is missing in type '(ViewStyle | { transform: ({ translateX: number; translateY?: never; } | { translateY: number; translateX?: never; })[]; opacity: number; } | { position: string; backgroundColor: string; ... 5 more ...; elevation: number; } | undefined)[]'.
apps/mobile/src/components/enhanced/overlays/PremiumModal.tsx(5,3): error TS2305: Module '"react-native"' has no exported member 'Modal'.
apps/mobile/src/components/enhanced/overlays/PremiumModal.tsx(6,3): error TS2305: Module '"react-native"' has no exported member 'TouchableOpacity'.
apps/mobile/src/components/enhanced/overlays/PremiumModal.tsx(8,3): error TS2305: Module '"react-native"' has no exported member 'ScrollView'.
apps/mobile/src/components/enhanced/overlays/PremiumModal.tsx(18,36): error TS2307: Cannot find module '@/effects/core/use-reduced-motion-sv' or its corresponding type declarations.
apps/mobile/src/components/enhanced/overlays/PremiumModal.tsx(114,21): error TS2322: Type '({ opacity: number; } | { flex: number; backgroundColor: string; justifyContent: string; alignItems: string; padding: number; })[]' is not assignable to type 'Record<string, unknown>'.
  Index signature for type 'string' is missing in type '({ opacity: number; } | { flex: number; backgroundColor: string; justifyContent: string; alignItems: string; padding: number; })[]'.
apps/mobile/src/components/enhanced/overlays/PremiumModal.tsx(115,45): error TS2339: Property 'absoluteFill' does not exist on type 'StyleSheet'.
apps/mobile/src/components/enhanced/overlays/PremiumModal.tsx(118,13): error TS2322: Type '(ViewStyle | { transform: { scale: number; }[]; opacity: number; } | { backgroundColor: string; } | { width: string; borderRadius: number; shadowColor: string; shadowOffset: { width: number; height: number; }; shadowOpacity: number; shadowRadius: number; elevation: number; overflow: string; } | undefined)[]' is not assignable to type 'Record<string, unknown>'.
  Index signature for type 'string' is missing in type '(ViewStyle | { transform: { scale: number; }[]; opacity: number; } | { backgroundColor: string; } | { width: string; borderRadius: number; shadowColor: string; shadowOffset: { width: number; height: number; }; shadowOpacity: number; shadowRadius: number; elevation: number; overflow: string; } | undefined)[]'.
apps/mobile/src/components/enhanced/states/PremiumEmptyState.tsx(5,36): error TS2307: Cannot find module '@/effects/core/use-reduced-motion-sv' or its corresponding type declarations.
apps/mobile/src/components/enhanced/states/PremiumEmptyState.tsx(60,7): error TS2322: Type '(ViewStyle | { transform: { scale: number; }[]; opacity: number; } | { paddingVertical: number; paddingHorizontal: number; } | { alignItems: string; justifyContent: string; } | undefined)[]' is not assignable to type 'Record<string, unknown>'.
  Index signature for type 'string' is missing in type '(ViewStyle | { transform: { scale: number; }[]; opacity: number; } | { paddingVertical: number; paddingHorizontal: number; } | { alignItems: string; justifyContent: string; } | undefined)[]'.
apps/mobile/src/components/enhanced/states/PremiumErrorState.tsx(2,34): error TS2305: Module '"react-native"' has no exported member 'ScrollView'.
apps/mobile/src/components/enhanced/states/PremiumErrorState.tsx(5,36): error TS2307: Cannot find module '@/effects/core/use-reduced-motion-sv' or its corresponding type declarations.
apps/mobile/src/components/enhanced/states/PremiumErrorState.tsx(84,7): error TS2322: Type '(ViewStyle | { transform: ({ scale: number; translateX?: never; } | { translateX: number; scale?: never; })[]; opacity: number; } | { paddingVertical: number; paddingHorizontal: number; } | { ...; } | undefined)[]' is not assignable to type 'Record<string, unknown>'.
  Index signature for type 'string' is missing in type '(ViewStyle | { transform: ({ scale: number; translateX?: never; } | { translateX: number; scale?: never; })[]; opacity: number; } | { paddingVertical: number; paddingHorizontal: number; } | { ...; } | undefined)[]'.
apps/mobile/src/components/media-editor/UploadAndEditScreen.tsx(1,41): error TS2307: Cannot find module '@mobile/navigation/AppNavigator' or its corresponding type declarations.
apps/mobile/src/components/media-editor/UploadAndEditScreen.tsx(2,24): error TS2307: Cannot find module '@mobile/theme/colors' or its corresponding type declarations.
apps/mobile/src/components/media-editor/UploadAndEditScreen.tsx(3,30): error TS2307: Cannot find module '@mobile/utils/logger' or its corresponding type declarations.
apps/mobile/src/components/media-editor/UploadAndEditScreen.tsx(9,28): error TS2305: Module '"react-native"' has no exported member 'TouchableOpacity'.
apps/mobile/src/components/media-editor/UploadAndEditScreen.tsx(34,19): error TS2551: Property 'canceled' does not exist on type 'ImagePickerResult'. Did you mean 'cancelled'?
apps/mobile/src/components/media-editor/UploadAndEditScreen.tsx(34,31): error TS18048: 'result.assets' is possibly 'undefined'.
apps/mobile/src/components/media-editor/UploadAndEditScreen.tsx(35,26): error TS18048: 'result.assets' is possibly 'undefined'.
apps/mobile/src/components/media-editor/UploadAndEditScreen.tsx(56,19): error TS2551: Property 'canceled' does not exist on type 'ImagePickerResult'. Did you mean 'cancelled'?
apps/mobile/src/components/media-editor/UploadAndEditScreen.tsx(56,31): error TS18048: 'result.assets' is possibly 'undefined'.
apps/mobile/src/components/media-editor/UploadAndEditScreen.tsx(57,26): error TS18048: 'result.assets' is possibly 'undefined'.
apps/mobile/src/components/media/SmartImage.tsx(9,40): error TS2305: Module '"react-native"' has no exported member 'StyleProp'.
apps/mobile/src/components/media/SmartImage.tsx(110,36): error TS2322: Type '({ opacity: number; } | { position: string; top: number; left: number; right: number; bottom: number; backgroundColor: string; })[]' is not assignable to type 'Record<string, unknown>'.
  Index signature for type 'string' is missing in type '({ opacity: number; } | { position: string; top: number; left: number; right: number; bottom: number; backgroundColor: string; })[]'.
apps/mobile/src/components/media/SmartImage.tsx(113,17): error TS2339: Property 'Image' does not exist on type '{ readonly SharedValue: any; readonly View: ComponentType<AnimatedViewProps>; readonly Text: ComponentType<AnimatedTextProps>; }'.
apps/mobile/src/components/navigation/TabBarIcon.tsx(9,39): error TS2307: Cannot find module '@mobile/effects/reanimated' or its corresponding type declarations.
apps/mobile/src/components/navigation/TabBarIcon.tsx(11,31): error TS2339: Property 'createAnimatedComponent' does not exist on type '{ readonly SharedValue: any; readonly View: ComponentType<AnimatedViewProps>; readonly Text: ComponentType<AnimatedTextProps>; }'.
apps/mobile/src/components/notifications/NotificationToast.tsx(1,24): error TS2307: Cannot find module '@mobile/theme/colors' or its corresponding type declarations.
apps/mobile/src/components/notifications/NotificationToast.tsx(4,10): error TS2305: Module '"react-native"' has no exported member 'Pressable'.
apps/mobile/src/components/notifications/NotificationToast.tsx(82,20): error TS2322: Type '({ transform: ({ translateY: number; scale?: never; } | { scale: number; translateY?: never; })[]; opacity: number; } | { position: string; top: number; left: number; right: number; zIndex: number; })[]' is not assignable to type 'Record<string, unknown>'.
  Index signature for type 'string' is missing in type '({ transform: ({ translateY: number; scale?: never; } | { scale: number; translateY?: never; })[]; opacity: number; } | { position: string; top: number; left: number; right: number; zIndex: number; })[]'.
apps/mobile/src/components/stories/SaveToHighlightDialog.test.tsx(3,28): error TS2307: Cannot find module '@shared/types' or its corresponding type declarations.
apps/mobile/src/components/stories/SaveToHighlightDialog.tsx(3,3): error TS2305: Module '"react-native"' has no exported member 'Modal'.
apps/mobile/src/components/stories/SaveToHighlightDialog.tsx(6,3): error TS2305: Module '"react-native"' has no exported member 'TextInput'.
apps/mobile/src/components/stories/SaveToHighlightDialog.tsx(7,3): error TS2305: Module '"react-native"' has no exported member 'TouchableOpacity'.
apps/mobile/src/components/stories/SaveToHighlightDialog.tsx(8,3): error TS2305: Module '"react-native"' has no exported member 'FlatList'.
apps/mobile/src/components/stories/SaveToHighlightDialog.tsx(11,3): error TS2305: Module '"react-native"' has no exported member 'Alert'.
apps/mobile/src/components/stories/SaveToHighlightDialog.tsx(12,3): error TS2305: Module '"react-native"' has no exported member 'AccessibilityInfo'.
apps/mobile/src/components/stories/SaveToHighlightDialog.tsx(14,44): error TS2307: Cannot find module '@shared/types' or its corresponding type declarations.
apps/mobile/src/components/stories/SaveToHighlightDialog.tsx(15,30): error TS2307: Cannot find module '@/store/user-store' or its corresponding type declarations.
apps/mobile/src/components/stories/SaveToHighlightDialog.tsx(16,26): error TS2307: Cannot find module '@/hooks/use-theme' or its corresponding type declarations.
apps/mobile/src/components/stories/SaveToHighlightDialog.tsx(21,8): error TS2307: Cannot find module '@/hooks/api/use-stories' or its corresponding type declarations.
apps/mobile/src/components/stories/SaveToHighlightDialog.tsx(22,30): error TS2307: Cannot find module '@/utils/logger' or its corresponding type declarations.
apps/mobile/src/components/stories/SaveToHighlightDialog.tsx(39,29): error TS7006: Parameter 'state' implicitly has an 'any' type.
apps/mobile/src/components/stories/StoryFilterSelector.tsx(5,3): error TS2305: Module '"react-native"' has no exported member 'TextInput'.
apps/mobile/src/components/stories/StoryFilterSelector.tsx(6,3): error TS2305: Module '"react-native"' has no exported member 'TouchableOpacity'.
apps/mobile/src/components/stories/StoryFilterSelector.tsx(7,3): error TS2305: Module '"react-native"' has no exported member 'ScrollView'.
apps/mobile/src/components/stories/StoryFilterSelector.tsx(19,3): error TS2614: Module '"react-native-reanimated"' has no exported member 'Layout'. Did you mean to use 'import Layout from "react-native-reanimated"' instead?
apps/mobile/src/components/stories/StoryFilterSelector.tsx(26,43): error TS2339: Property 'createAnimatedComponent' does not exist on type '{ readonly SharedValue: any; readonly View: ComponentType<AnimatedViewProps>; readonly Text: ComponentType<AnimatedTextProps>; }'.
apps/mobile/src/components/stories/StoryFilterSelector.tsx(27,31): error TS2339: Property 'createAnimatedComponent' does not exist on type '{ readonly SharedValue: any; readonly View: ComponentType<AnimatedViewProps>; readonly Text: ComponentType<AnimatedTextProps>; }'.
apps/mobile/src/components/stories/StoryFilterSelector.tsx(35,43): error TS2749: 'Image' refers to a value, but is being used as a type here. Did you mean 'typeof Image'?
apps/mobile/src/components/stories/StoryFilterSelector.tsx(62,6): error TS2554: Expected 1 arguments, but got 2.
apps/mobile/src/components/stories/StoryFilterSelector.tsx(85,24): error TS2339: Property 'duration' does not exist on type 'ComponentType<FadeInProps & Record<string, unknown> & { style?: Record<string, unknown>; children?: unknown; }>'.
  Property 'duration' does not exist on type 'ComponentClass<FadeInProps & Record<string, unknown> & { style?: Record<string, unknown>; children?: unknown; }, any>'.
apps/mobile/src/components/stories/StoryFilterSelector.tsx(86,24): error TS2339: Property 'duration' does not exist on type 'ComponentType<FadeOutProps & Record<string, unknown> & { style?: Record<string, unknown>; children?: unknown; }>'.
  Property 'duration' does not exist on type 'ComponentClass<FadeOutProps & Record<string, unknown> & { style?: Record<string, unknown>; children?: unknown; }, any>'.
apps/mobile/src/components/stories/StoryFilterSelector.tsx(126,28): error TS2339: Property 'duration' does not exist on type 'ComponentType<FadeInProps & Record<string, unknown> & { style?: Record<string, unknown>; children?: unknown; }>'.
  Property 'duration' does not exist on type 'ComponentClass<FadeInProps & Record<string, unknown> & { style?: Record<string, unknown>; children?: unknown; }, any>'.
apps/mobile/src/components/stories/StoryFilterSelector.tsx(127,28): error TS2339: Property 'duration' does not exist on type 'ComponentType<FadeOutProps & Record<string, unknown> & { style?: Record<string, unknown>; children?: unknown; }>'.
  Property 'duration' does not exist on type 'ComponentClass<FadeOutProps & Record<string, unknown> & { style?: Record<string, unknown>; children?: unknown; }, any>'.
apps/mobile/src/components/stories/StoryFilterSelector.tsx(165,42): error TS2749: 'Image' refers to a value, but is being used as a type here. Did you mean 'typeof Image'?
apps/mobile/src/components/stories/StoryFilterSelector.tsx(214,18): error TS2749: 'Image' refers to a value, but is being used as a type here. Did you mean 'typeof Image'?
apps/mobile/src/components/swipe/MatchCelebration.tsx(8,22): error TS2305: Module '"react-native"' has no exported member 'Modal'.
apps/mobile/src/components/swipe/MatchCelebration.tsx(97,24): error TS2322: Type '({ transform: ({ scale: number; rotate?: never; } | { rotate: string; scale?: never; })[]; opacity: number; } | { backgroundColor: string; borderRadius: number; padding: number; alignItems: string; width: number; ... 4 more ...; elevation: number; })[]' is not assignable to type 'Record<string, unknown>'.
  Index signature for type 'string' is missing in type '({ transform: ({ scale: number; rotate?: never; } | { rotate: string; scale?: never; })[]; opacity: number; } | { backgroundColor: string; borderRadius: number; padding: number; alignItems: string; width: number; ... 4 more ...; elevation: number; })[]'.
apps/mobile/src/components/swipe/MatchCelebration.tsx(98,26): error TS2322: Type '({ transform: { scale: any; }[]; } | { position: string; width: number; height: number; borderRadius: number; backgroundColor: string; })[]' is not assignable to type 'Record<string, unknown>'.
  Index signature for type 'string' is missing in type '({ transform: { scale: any; }[]; } | { position: string; width: number; height: number; borderRadius: number; backgroundColor: string; })[]'.
apps/mobile/src/components/swipe/SwipeCard.tsx(73,12): error TS2345: Argument of type '(event: { translationX: number; translationY: number; velocityX: number; }) => void' is not assignable to parameter of type '() => void'.
  Target signature provides too few arguments. Expected 1 or more, but got 0.
apps/mobile/src/components/swipe/SwipeCard.tsx(144,22): error TS2322: Type '({ transform: ({ translateX: number; translateY?: never; rotateZ?: never; scale?: never; } | { translateY: number; translateX?: never; rotateZ?: never; scale?: never; } | { rotateZ: string; translateX?: never; translateY?: never; scale?: never; } | { ...; })[]; opacity: any; } | { ...; })[]' is not assignable to type 'Record<string, unknown>'.
  Index signature for type 'string' is missing in type '({ transform: ({ translateX: number; translateY?: never; rotateZ?: never; scale?: never; } | { translateY: number; translateX?: never; rotateZ?: never; scale?: never; } | { rotateZ: string; translateX?: never; translateY?: never; scale?: never; } | { ...; })[]; opacity: any; } | { ...; })[]'.
apps/mobile/src/components/swipe/SwipeCard.tsx(146,24): error TS2322: Type '({ opacity: any; } | { position: string; top: number; left: number; right: number; bottom: number; justifyContent: string; alignItems: string; zIndex: number; borderRadius: number; } | { backgroundColor: string; })[]' is not assignable to type 'Record<string, unknown>'.
  Index signature for type 'string' is missing in type '({ opacity: any; } | { position: string; top: number; left: number; right: number; bottom: number; justifyContent: string; alignItems: string; zIndex: number; borderRadius: number; } | { backgroundColor: string; })[]'.
apps/mobile/src/components/swipe/SwipeCard.tsx(151,24): error TS2322: Type '({ opacity: any; } | { position: string; top: number; left: number; right: number; bottom: number; justifyContent: string; alignItems: string; zIndex: number; borderRadius: number; } | { backgroundColor: string; })[]' is not assignable to type 'Record<string, unknown>'.
  Index signature for type 'string' is missing in type '({ opacity: any; } | { position: string; top: number; left: number; right: number; bottom: number; justifyContent: string; alignItems: string; zIndex: number; borderRadius: number; } | { backgroundColor: string; })[]'.
apps/mobile/src/components/swipe/SwipeCardStack.tsx(12,3): error TS2614: Module '"react-native-reanimated"' has no exported member 'Layout'. Did you mean to use 'import Layout from "react-native-reanimated"' instead?
apps/mobile/src/components/swipe/SwipeCardStack.tsx(81,9): error TS2322: Type '({ width: number; height: string; alignItems: string; justifyContent: string; } | { transform: { translateY: number; }[]; })[]' is not assignable to type 'Record<string, unknown>'.
  Index signature for type 'string' is missing in type '({ width: number; height: string; alignItems: string; justifyContent: string; } | { transform: { translateY: number; }[]; })[]'.
apps/mobile/src/components/swipe/SwipeCardStack.tsx(116,26): error TS2339: Property 'delay' does not exist on type 'ComponentType<FadeInProps & Record<string, unknown> & { style?: Record<string, unknown>; children?: unknown; }>'.
  Property 'delay' does not exist on type 'ComponentClass<FadeInProps & Record<string, unknown> & { style?: Record<string, unknown>; children?: unknown; }, any>'.
apps/mobile/src/components/swipe/SwipeCardStack.tsx(119,9): error TS2322: Type '({ position: string; alignItems: string; justifyContent: string; } | { zIndex: number; transform: ({ scale: number; } | { translateY: number; })[]; })[]' is not assignable to type 'Record<string, unknown>'.
  Index signature for type 'string' is missing in type '({ position: string; alignItems: string; justifyContent: string; } | { zIndex: number; transform: ({ scale: number; } | { translateY: number; })[]; })[]'.
apps/mobile/src/components/ui/Dialog.tsx(5,3): error TS2305: Module '"react-native"' has no exported member 'Modal'.
apps/mobile/src/components/ui/Dialog.tsx(8,3): error TS2305: Module '"react-native"' has no exported member 'TouchableOpacity'.
apps/mobile/src/components/ui/Dialog.tsx(10,3): error TS2305: Module '"react-native"' has no exported member 'Pressable'.
apps/mobile/src/components/ui/Dialog.tsx(11,3): error TS2305: Module '"react-native"' has no exported member 'AccessibilityInfo'.
apps/mobile/src/components/ui/Dialog.tsx(22,36): error TS2307: Cannot find module '@mobile/effects/core/use-reduced-motion-sv' or its corresponding type declarations.
apps/mobile/src/components/ui/Dialog.tsx(24,36): error TS2339: Property 'createAnimatedComponent' does not exist on type '{ readonly SharedValue: any; readonly View: ComponentType<AnimatedViewProps>; readonly Text: ComponentType<AnimatedTextProps>; }'.
apps/mobile/src/components/ui/Dialog.tsx(167,7): error TS2322: Type '({ opacity: number; transform: ({ scale: number; translateY?: never; } | { translateY: number; scale?: never; })[]; } | { width: string; maxWidth: number; backgroundColor: string; borderRadius: 24; padding: 24; ... 4 more ...; elevation: 12; })[]' is not assignable to type 'Record<string, unknown>'.
  Index signature for type 'string' is missing in type '({ opacity: number; transform: ({ scale: number; translateY?: never; } | { translateY: number; scale?: never; })[]; } | { width: string; maxWidth: number; backgroundColor: string; borderRadius: 24; padding: 24; ... 4 more ...; elevation: 12; })[]'.
apps/mobile/src/components/ui/Dialog.tsx(325,19): error TS2339: Property 'absoluteFillObject' does not exist on type 'StyleSheet'.
apps/mobile/src/components/ui/Slider.tsx(10,3): error TS2305: Module '"react-native"' has no exported member 'PanResponder'.
apps/mobile/src/components/ui/Slider.tsx(12,8): error TS2305: Module '"react-native"' has no exported member 'StyleProp'.
apps/mobile/src/components/ui/Slider.tsx(16,36): error TS2307: Cannot find module '@/effects/core/use-reduced-motion-sv' or its corresponding type declarations.
apps/mobile/src/components/ui/Slider.tsx(71,26): error TS7006: Parameter '_' implicitly has an 'any' type.
apps/mobile/src/components/ui/Slider.tsx(71,29): error TS7006: Parameter 'gesture' implicitly has an 'any' type.
apps/mobile/src/components/ui/Slider.tsx(97,24): error TS2322: Type '({ width: string; } | { height: string; backgroundColor: string; borderRadius: number; })[]' is not assignable to type 'Record<string, unknown>'.
  Index signature for type 'string' is missing in type '({ width: string; } | { height: string; backgroundColor: string; borderRadius: number; })[]'.
apps/mobile/src/components/ui/Spinner.tsx(8,26): error TS2305: Module '"react-native"' has no exported member 'StyleProp'.
apps/mobile/src/components/ui/Spinner.tsx(9,28): error TS2305: Module '"react-native"' has no exported member 'AccessibilityInfo'.
apps/mobile/src/components/ui/Spinner.tsx(46,57): error TS7006: Parameter 'enabled' implicitly has an 'any' type.
apps/mobile/src/components/ui/Spinner.tsx(137,22): error TS2322: Type '(any[] | { transform: { rotate: string; }[]; opacity: number; })[]' is not assignable to type 'Record<string, unknown>'.
  Index signature for type 'string' is missing in type '(any[] | { transform: { rotate: string; }[]; opacity: number; })[]'.
apps/mobile/src/components/ui/__tests__/Spinner.test.tsx(9,10): error TS2305: Module '"react-native"' has no exported member 'AccessibilityInfo'.
apps/mobile/src/components/ui/progress.tsx(6,30): error TS2307: Cannot find module '@/effects/reanimated/animated-view' or its corresponding type declarations.
apps/mobile/src/data/mock-data.ts(1,62): error TS2307: Cannot find module '@pet/domain/matching-config' or its corresponding type declarations.
apps/mobile/src/data/mock-data.ts(2,51): error TS2307: Cannot find module '@pet/domain/pet-model' or its corresponding type declarations.
apps/mobile/src/effects/chat/bubbles/use-receive-air-cushion.ts(99,17): error TS7006: Parameter 't' implicitly has an 'any' type.
apps/mobile/src/effects/chat/bubbles/use-receive-air-cushion.ts(110,15): error TS7006: Parameter 't' implicitly has an 'any' type.
apps/mobile/src/effects/chat/bubbles/use-receive-air-cushion.ts(115,15): error TS7006: Parameter 't' implicitly has an 'any' type.
apps/mobile/src/effects/chat/core/haptic-manager.ts(7,32): error TS2307: Cannot find module '@/utils/optional-imports' or its corresponding type declarations.
apps/mobile/src/effects/chat/core/reduced-motion.ts(9,32): error TS2307: Cannot find module '@/utils/optional-imports' or its corresponding type declarations.
apps/mobile/src/effects/chat/core/reduced-motion.ts(38,10): error TS7006: Parameter 'module' implicitly has an 'any' type.
apps/mobile/src/effects/chat/core/reduced-motion.ts(119,13): error TS2722: Cannot invoke an object which is possibly 'undefined'.
apps/mobile/src/effects/chat/core/surface-cache.ts(62,34): error TS2339: Property 'Make' does not exist on type '{ MakeOffscreen(width: number, height: number): SkSurface | null; }'.
apps/mobile/src/effects/chat/core/surface-cache.ts(100,22): error TS2339: Property 'dispose' does not exist on type 'SkSurface'.
apps/mobile/src/effects/chat/core/surface-cache.ts(111,22): error TS2339: Property 'dispose' does not exist on type 'SkSurface'.
apps/mobile/src/effects/chat/gestures/use-swipe-reply-elastic.ts(208,5): error TS2739: Type 'GestureHandler' is missing the following properties from type 'PanGestureHandler': minDistance, activeOffsetX, activeOffsetY, failOffsetX, failOffsetY
apps/mobile/src/effects/chat/shaders/aberration.ts(10,21): error TS2614: Module '"@shopify/react-native-skia"' has no exported member 'SkShader'. Did you mean to use 'import SkShader from "@shopify/react-native-skia"' instead?
apps/mobile/src/effects/chat/shaders/aberration.ts(83,32): error TS2339: Property 'RuntimeEffect' does not exist on type '{ Data: { fromBytes(bytes: Uint8Array<ArrayBufferLike>): Uint8Array<ArrayBufferLike>; }; Image: { MakeImageFromEncoded(data: Uint8Array<...>): SkImage | null; }; ... 4 more ...; ImageFilter: { ...; }; }'.
apps/mobile/src/effects/chat/shaders/aberration.ts(100,15): error TS2339: Property 'Shader' does not exist on type '{ Data: { fromBytes(bytes: Uint8Array<ArrayBufferLike>): Uint8Array<ArrayBufferLike>; }; Image: { MakeImageFromEncoded(data: Uint8Array<...>): SkImage | null; }; ... 4 more ...; ImageFilter: { ...; }; }'.
apps/mobile/src/effects/chat/shaders/additive-bloom.tsx(10,10): error TS2724: '"@shopify/react-native-skia"' has no exported member named 'Canvas'. Did you mean 'SkCanvas'?
apps/mobile/src/effects/chat/shaders/additive-bloom.tsx(10,18): error TS2614: Module '"@shopify/react-native-skia"' has no exported member 'Group'. Did you mean to use 'import Group from "@shopify/react-native-skia"' instead?
apps/mobile/src/effects/chat/shaders/additive-bloom.tsx(10,25): error TS2724: '"@shopify/react-native-skia"' has no exported member named 'Paint'. Did you mean 'SkPaint'?
apps/mobile/src/effects/chat/shaders/additive-bloom.tsx(10,32): error TS2614: Module '"@shopify/react-native-skia"' has no exported member 'Rect'. Did you mean to use 'import Rect from "@shopify/react-native-skia"' instead?
apps/mobile/src/effects/chat/shaders/additive-bloom.tsx(64,5): error TS7006: Parameter 'value' implicitly has an 'any' type.
apps/mobile/src/effects/chat/shaders/additive-bloom.tsx(70,5): error TS7006: Parameter 'value' implicitly has an 'any' type.
apps/mobile/src/effects/chat/shaders/additive-bloom.tsx(76,5): error TS7006: Parameter 'value' implicitly has an 'any' type.
apps/mobile/src/effects/chat/shaders/additive-bloom.tsx(82,5): error TS7006: Parameter 'value' implicitly has an 'any' type.
apps/mobile/src/effects/chat/shaders/additive-bloom.tsx(88,15): error TS2348: Value of type 'new () => SkPaint' is not callable. Did you mean to include 'new'?
apps/mobile/src/effects/chat/shaders/additive-bloom.tsx(91,72): error TS2345: Argument of type 'number' is not assignable to parameter of type 'string'.
apps/mobile/src/effects/chat/shaders/bloom.ts(10,21): error TS2614: Module '"@shopify/react-native-skia"' has no exported member 'SkShader'. Did you mean to use 'import SkShader from "@shopify/react-native-skia"' instead?
apps/mobile/src/effects/chat/shaders/bloom.ts(77,15): error TS2339: Property 'Shader' does not exist on type '{ Data: { fromBytes(bytes: Uint8Array<ArrayBufferLike>): Uint8Array<ArrayBufferLike>; }; Image: { MakeImageFromEncoded(data: Uint8Array<...>): SkImage | null; }; ... 4 more ...; ImageFilter: { ...; }; }'.
apps/mobile/src/effects/chat/shaders/blur.ts(57,72): error TS2345: Argument of type 'number' is not assignable to parameter of type 'string'.
apps/mobile/src/effects/chat/shaders/chromatic-aberration.tsx(11,3): error TS2724: '"@shopify/react-native-skia"' has no exported member named 'Canvas'. Did you mean 'SkCanvas'?
apps/mobile/src/effects/chat/shaders/chromatic-aberration.tsx(12,3): error TS2614: Module '"@shopify/react-native-skia"' has no exported member 'ImageShader'. Did you mean to use 'import ImageShader from "@shopify/react-native-skia"' instead?
apps/mobile/src/effects/chat/shaders/chromatic-aberration.tsx(13,3): error TS2724: '"@shopify/react-native-skia"' has no exported member named 'Paint'. Did you mean 'SkPaint'?
apps/mobile/src/effects/chat/shaders/chromatic-aberration.tsx(14,3): error TS2614: Module '"@shopify/react-native-skia"' has no exported member 'Rect'. Did you mean to use 'import Rect from "@shopify/react-native-skia"' instead?
apps/mobile/src/effects/chat/shaders/chromatic-aberration.tsx(15,3): error TS2614: Module '"@shopify/react-native-skia"' has no exported member 'Shader'. Did you mean to use 'import Shader from "@shopify/react-native-skia"' instead?
apps/mobile/src/effects/chat/shaders/chromatic-aberration.tsx(17,3): error TS2724: '"@shopify/react-native-skia"' has no exported member named 'useImage'. Did you mean 'SkImage'?
apps/mobile/src/effects/chat/shaders/chromatic-aberration.tsx(56,21): error TS2339: Property 'RuntimeEffect' does not exist on type '{ Data: { fromBytes(bytes: Uint8Array<ArrayBufferLike>): Uint8Array<ArrayBufferLike>; }; Image: { MakeImageFromEncoded(data: Uint8Array<...>): SkImage | null; }; ... 4 more ...; ImageFilter: { ...; }; }'.
apps/mobile/src/effects/chat/shaders/chromatic-aberration.tsx(87,5): error TS7006: Parameter 'value' implicitly has an 'any' type.
apps/mobile/src/effects/chat/shaders/chromatic-aberration.tsx(93,5): error TS7006: Parameter 'value' implicitly has an 'any' type.
apps/mobile/src/effects/chat/shaders/chromatic-aberration.tsx(99,5): error TS7006: Parameter 'value' implicitly has an 'any' type.
apps/mobile/src/effects/chat/shaders/ribbon-fx.tsx(11,3): error TS2724: '"@shopify/react-native-skia"' has no exported member named 'Canvas'. Did you mean 'SkCanvas'?
apps/mobile/src/effects/chat/shaders/ribbon-fx.tsx(12,3): error TS2724: '"@shopify/react-native-skia"' has no exported member named 'Paint'. Did you mean 'SkPaint'?
apps/mobile/src/effects/chat/shaders/ribbon-fx.tsx(13,3): error TS2614: Module '"@shopify/react-native-skia"' has no exported member 'Rect'. Did you mean to use 'import Rect from "@shopify/react-native-skia"' instead?
apps/mobile/src/effects/chat/shaders/ribbon-fx.tsx(14,3): error TS2614: Module '"@shopify/react-native-skia"' has no exported member 'Shader'. Did you mean to use 'import Shader from "@shopify/react-native-skia"' instead?
apps/mobile/src/effects/chat/shaders/ribbon-fx.tsx(17,8): error TS2614: Module '"@shopify/react-native-skia"' has no exported member 'SkPath'. Did you mean to use 'import SkPath from "@shopify/react-native-skia"' instead?
apps/mobile/src/effects/chat/shaders/ribbon-fx.tsx(75,21): error TS2339: Property 'Path' does not exist on type '{ Data: { fromBytes(bytes: Uint8Array<ArrayBufferLike>): Uint8Array<ArrayBufferLike>; }; Image: { MakeImageFromEncoded(data: Uint8Array<...>): SkImage | null; }; ... 4 more ...; ImageFilter: { ...; }; }'.
apps/mobile/src/effects/chat/shaders/ribbon-fx.tsx(138,17): error TS2348: Value of type 'new () => SkPaint' is not callable. Did you mean to include 'new'?
apps/mobile/src/effects/chat/shaders/ribbon-fx.tsx(168,17): error TS2339: Property 'Path' does not exist on type '{ Data: { fromBytes(bytes: Uint8Array<ArrayBufferLike>): Uint8Array<ArrayBufferLike>; }; Image: { MakeImageFromEncoded(data: Uint8Array<...>): SkImage | null; }; ... 4 more ...; ImageFilter: { ...; }; }'.
apps/mobile/src/effects/chat/shaders/ribbon-fx.tsx(239,27): error TS2339: Property 'RuntimeEffect' does not exist on type '{ Data: { fromBytes(bytes: Uint8Array<ArrayBufferLike>): Uint8Array<ArrayBufferLike>; }; Image: { MakeImageFromEncoded(data: Uint8Array<...>): SkImage | null; }; ... 4 more ...; ImageFilter: { ...; }; }'.
apps/mobile/src/effects/chat/shaders/ribbon-fx.tsx(282,5): error TS7006: Parameter 'value' implicitly has an 'any' type.
apps/mobile/src/effects/chat/shaders/ribbon-fx.tsx(288,5): error TS7006: Parameter 'value' implicitly has an 'any' type.
apps/mobile/src/effects/chat/shaders/ribbon-fx.tsx(294,5): error TS7006: Parameter 'value' implicitly has an 'any' type.
apps/mobile/src/effects/chat/shaders/ribbon-fx.tsx(300,5): error TS7006: Parameter 'value' implicitly has an 'any' type.
apps/mobile/src/effects/chat/shaders/ribbon-fx.tsx(306,5): error TS7006: Parameter 'value' implicitly has an 'any' type.
apps/mobile/src/effects/chat/shaders/ribbon-fx.tsx(312,5): error TS7006: Parameter 'value' implicitly has an 'any' type.
apps/mobile/src/effects/core/use-reduced-motion-sv.ts(11,10): error TS2305: Module '"react-native"' has no exported member 'AccessibilityInfo'.
apps/mobile/src/effects/core/use-reduced-motion-sv.ts(45,15): error TS7006: Parameter 'enabled' implicitly has an 'any' type.
apps/mobile/src/effects/core/use-reduced-motion-sv.ts(50,16): error TS7006: Parameter 'error' implicitly has an 'any' type.
apps/mobile/src/effects/reanimated/animated-view.tsx(2,1): error TS6133: 'View' is declared but its value is never read.
apps/mobile/src/effects/reanimated/animated-view.tsx(11,38): error TS2339: Property 'createAnimatedComponent' does not exist on type '{ readonly SharedValue: any; readonly View: ComponentType<AnimatedViewProps>; readonly Text: ComponentType<AnimatedTextProps>; }'.
apps/mobile/src/effects/reanimated/animated-view.tsx(12,54): error TS2749: 'View' refers to a value, but is being used as a type here. Did you mean 'typeof View'?
apps/mobile/src/effects/reanimated/animated-view.tsx(13,6): error TS2322: Type '{ style?: unknown; children?: ReactNode; ref: Ref<View>; }' is not assignable to type '{ style?: Record<string, unknown>; children?: unknown; }'.
  Types of property 'style' are incompatible.
    Type 'unknown' is not assignable to type 'Record<string, unknown>'.
apps/mobile/src/effects/reanimated/animated-view.tsx(21,53): error TS2344: Type 'unknown' does not satisfy the constraint 'object'.
apps/mobile/src/effects/reanimated/use-magnetic-press.ts(8,15): error TS2305: Module '"react-native"' has no exported member 'LayoutChangeEvent'.
apps/mobile/src/effects/reanimated/use-nav-button-animation.ts(82,21): error TS7006: Parameter 't' implicitly has an 'any' type.
apps/mobile/src/effects/reanimated/use-receipt-transition.ts(11,36): error TS2307: Cannot find module '@mobile/lib/chat-types' or its corresponding type declarations.
apps/mobile/src/effects/reanimated/use-staggered-container.ts(11,31): error TS2307: Cannot find module '@/effects/reanimated/transitions' or its corresponding type declarations.
apps/mobile/src/effects/reanimated/use-staggered-container.ts(12,36): error TS2307: Cannot find module '@/effects/reanimated/animated-view' or its corresponding type declarations.
apps/mobile/src/hooks/api/use-adoption.ts(9,27): error TS2307: Cannot find module '@/lib/query-client' or its corresponding type declarations.
apps/mobile/src/hooks/api/use-adoption.ts(10,59): error TS2307: Cannot find module '@/lib/types' or its corresponding type declarations.
apps/mobile/src/hooks/api/use-adoption.ts(11,27): error TS2307: Cannot find module '@/utils/api-client' or its corresponding type declarations.
apps/mobile/src/hooks/api/use-chat.ts(9,27): error TS2307: Cannot find module '@/lib/query-client' or its corresponding type declarations.
apps/mobile/src/hooks/api/use-chat.ts(10,30): error TS2307: Cannot find module '@/lib/types' or its corresponding type declarations.
apps/mobile/src/hooks/api/use-chat.ts(11,27): error TS2307: Cannot find module '@/utils/api-client' or its corresponding type declarations.
apps/mobile/src/hooks/api/use-community.ts(9,27): error TS2307: Cannot find module '@/lib/query-client' or its corresponding type declarations.
apps/mobile/src/hooks/api/use-community.ts(10,54): error TS2307: Cannot find module '@/lib/types' or its corresponding type declarations.
apps/mobile/src/hooks/api/use-community.ts(11,27): error TS2307: Cannot find module '@/utils/api-client' or its corresponding type declarations.
apps/mobile/src/hooks/api/use-stories.ts(8,41): error TS2307: Cannot find module '@/lib/query-client' or its corresponding type declarations.
apps/mobile/src/hooks/api/use-stories.ts(9,27): error TS2307: Cannot find module '@/utils/api-client' or its corresponding type declarations.
apps/mobile/src/hooks/api/use-stories.ts(10,37): error TS2307: Cannot find module '@shared/types' or its corresponding type declarations.
apps/mobile/src/hooks/api/use-stories.ts(11,30): error TS2307: Cannot find module '@/utils/logger' or its corresponding type declarations.
apps/mobile/src/hooks/use-domain-snapshots.ts(6,8): error TS2307: Cannot find module '@mobile/data/mock-data' or its corresponding type declarations.
apps/mobile/src/hooks/use-domain-snapshots.ts(14,8): error TS2307: Cannot find module '@pet/domain/adoption' or its corresponding type declarations.
apps/mobile/src/hooks/use-domain-snapshots.ts(22,8): error TS2307: Cannot find module '@pet/domain/community' or its corresponding type declarations.
apps/mobile/src/hooks/use-domain-snapshots.ts(23,33): error TS2307: Cannot find module '@pet/domain/matching-engine' or its corresponding type declarations.
apps/mobile/src/hooks/use-domain-snapshots.ts(24,56): error TS2307: Cannot find module '@pet/domain/matching-engine' or its corresponding type declarations.
apps/mobile/src/hooks/use-domain-snapshots.ts(108,63): error TS7006: Parameter 'reason' implicitly has an 'any' type.
apps/mobile/src/hooks/use-image-picker.ts(62,18): error TS2551: Property 'canceled' does not exist on type 'ImagePickerResult'. Did you mean 'cancelled'?
apps/mobile/src/hooks/use-image-picker.ts(62,31): error TS18048: 'result.assets' is possibly 'undefined'.
apps/mobile/src/hooks/use-image-picker.ts(66,21): error TS18048: 'result.assets' is possibly 'undefined'.
apps/mobile/src/hooks/use-image-picker.ts(105,9): error TS2353: Object literal may only specify known properties, and 'selectionLimit' does not exist in type 'ImagePickerOptions'.
apps/mobile/src/hooks/use-image-picker.ts(109,18): error TS2551: Property 'canceled' does not exist on type 'ImagePickerResult'. Did you mean 'cancelled'?
apps/mobile/src/hooks/use-image-picker.ts(109,31): error TS18048: 'result.assets' is possibly 'undefined'.
apps/mobile/src/hooks/use-image-picker.ts(115,27): error TS18048: 'result.assets' is possibly 'undefined'.
apps/mobile/src/hooks/use-notification-toast.ts(1,56): error TS2307: Cannot find module '@mobile/components/notifications' or its corresponding type declarations.
apps/mobile/src/hooks/use-notification-toast.ts(2,34): error TS2307: Cannot find module '@mobile/components/notifications' or its corresponding type declarations.
apps/mobile/src/hooks/use-notification-toast.ts(27,24): error TS4111: Property 'duration' comes from an index signature, so it must be accessed with ['duration'].
apps/mobile/src/hooks/use-notification-toast.ts(30,24): error TS4111: Property 'action' comes from an index signature, so it must be accessed with ['action'].
apps/mobile/src/hooks/use-notification-toast.ts(33,24): error TS4111: Property 'icon' comes from an index signature, so it must be accessed with ['icon'].
apps/mobile/src/hooks/use-notification-toast.ts(51,24): error TS4111: Property 'action' comes from an index signature, so it must be accessed with ['action'].
apps/mobile/src/hooks/use-notification-toast.ts(54,24): error TS4111: Property 'icon' comes from an index signature, so it must be accessed with ['icon'].
apps/mobile/src/hooks/use-notification-toast.ts(71,24): error TS4111: Property 'duration' comes from an index signature, so it must be accessed with ['duration'].
apps/mobile/src/hooks/use-notification-toast.ts(74,24): error TS4111: Property 'action' comes from an index signature, so it must be accessed with ['action'].
apps/mobile/src/hooks/use-notification-toast.ts(77,24): error TS4111: Property 'icon' comes from an index signature, so it must be accessed with ['icon'].
apps/mobile/src/hooks/use-notification-toast.ts(94,24): error TS4111: Property 'duration' comes from an index signature, so it must be accessed with ['duration'].
apps/mobile/src/hooks/use-notification-toast.ts(97,24): error TS4111: Property 'action' comes from an index signature, so it must be accessed with ['action'].
apps/mobile/src/hooks/use-notification-toast.ts(100,24): error TS4111: Property 'icon' comes from an index signature, so it must be accessed with ['icon'].
apps/mobile/src/hooks/use-pets.ts(13,27): error TS2307: Cannot find module '@/utils/api-client' or its corresponding type declarations.
apps/mobile/src/hooks/use-pull-to-refresh.ts(8,10): error TS2305: Module '"react-native"' has no exported member 'AccessibilityInfo'.
apps/mobile/src/hooks/use-pull-to-refresh.ts(95,13): error TS7006: Parameter 'enabled' implicitly has an 'any' type.
apps/mobile/src/hooks/use-pull-to-refresh.ts(217,16): error TS2345: Argument of type 'boolean' is not assignable to parameter of type '(...args: unknown[]) => void'.
apps/mobile/src/hooks/use-pull-to-refresh.ts(278,5): error TS2739: Type 'GestureHandler' is missing the following properties from type 'PanGestureHandler': minDistance, activeOffsetX, activeOffsetY, failOffsetX, failOffsetY
apps/mobile/src/hooks/use-theme.ts(3,10): error TS2305: Module '"react-native"' has no exported member 'useColorScheme'.
apps/mobile/src/hooks/use-typing-manager.ts(7,33): error TS2307: Cannot find module '@/lib/chat-types' or its corresponding type declarations.
apps/mobile/src/hooks/useFilters.ts(2,25): error TS2307: Cannot find module '@/lib/haptics' or its corresponding type declarations.
apps/mobile/src/hooks/useStorage.ts(9,25): error TS2307: Cannot find module '@/lib/storage' or its corresponding type declarations.
apps/mobile/src/hooks/useStorage.ts(10,30): error TS2307: Cannot find module '@/lib/logger' or its corresponding type declarations.
apps/mobile/src/lib/haptics.ts(24,7): error TS2722: Cannot invoke an object which is possibly 'undefined'.
apps/mobile/src/lib/platform-haptics.ts(3,30): error TS2307: Cannot find module '@/lib/logger' or its corresponding type declarations.
apps/mobile/src/lib/platform-haptics.ts(34,7): error TS2722: Cannot invoke an object which is possibly 'undefined'.
apps/mobile/src/navigation/AppNavigator.tsx(1,37): error TS2307: Cannot find module '@mobile/components/media-editor/UploadAndEditScreen' or its corresponding type declarations.
apps/mobile/src/navigation/AppNavigator.tsx(2,38): error TS2307: Cannot find module '@mobile/navigation/EnhancedTabNavigator' or its corresponding type declarations.
apps/mobile/src/navigation/AppNavigator.tsx(6,10): error TS2305: Module '"react-native"' has no exported member 'useColorScheme'.
apps/mobile/src/navigation/AppNavigator.tsx(8,28): error TS2307: Cannot find module '@ui-mobile' or its corresponding type declarations.
apps/mobile/src/navigation/AppNavigator.tsx(9,30): error TS2307: Cannot find module '@ui-mobile' or its corresponding type declarations.
apps/mobile/src/navigation/AppNavigator.tsx(10,26): error TS2307: Cannot find module '@mobile/screens/SignUpScreen' or its corresponding type declarations.
apps/mobile/src/navigation/RootShell.tsx(1,43): error TS2307: Cannot find module '@mobile/components/BottomNavBar' or its corresponding type declarations.
apps/mobile/src/navigation/RootShell.tsx(2,29): error TS2307: Cannot find module '@mobile/screens/AdoptScreen' or its corresponding type declarations.
apps/mobile/src/navigation/RootShell.tsx(3,28): error TS2307: Cannot find module '@mobile/screens/ChatScreen' or its corresponding type declarations.
apps/mobile/src/navigation/RootShell.tsx(4,33): error TS2307: Cannot find module '@mobile/screens/CommunityScreen' or its corresponding type declarations.
apps/mobile/src/navigation/RootShell.tsx(5,28): error TS2307: Cannot find module '@mobile/screens/HomeScreen' or its corresponding type declarations.
apps/mobile/src/navigation/RootShell.tsx(6,31): error TS2307: Cannot find module '@mobile/screens/MatchesScreen' or its corresponding type declarations.
apps/mobile/src/navigation/RootShell.tsx(7,31): error TS2307: Cannot find module '@mobile/screens/ProfileScreen' or its corresponding type declarations.
apps/mobile/src/navigation/RootShell.tsx(8,24): error TS2307: Cannot find module '@mobile/theme/colors' or its corresponding type declarations.
apps/mobile/src/screens/AdoptScreen.tsx(1,29): error TS2307: Cannot find module '@mobile/components/FeatureCard' or its corresponding type declarations.
apps/mobile/src/screens/AdoptScreen.tsx(2,31): error TS2307: Cannot find module '@mobile/components/SectionHeader' or its corresponding type declarations.
apps/mobile/src/screens/AdoptScreen.tsx(3,24): error TS2307: Cannot find module '@mobile/theme/colors' or its corresponding type declarations.
apps/mobile/src/screens/AdoptionScreen.tsx(1,29): error TS2307: Cannot find module '@mobile/components/FeatureCard' or its corresponding type declarations.
apps/mobile/src/screens/AdoptionScreen.tsx(2,35): error TS2307: Cannot find module '@mobile/components/PullableContainer' or its corresponding type declarations.
apps/mobile/src/screens/AdoptionScreen.tsx(3,31): error TS2307: Cannot find module '@mobile/components/SectionHeader' or its corresponding type declarations.
apps/mobile/src/screens/AdoptionScreen.tsx(4,28): error TS2307: Cannot find module '@mobile/data/mock-data' or its corresponding type declarations.
apps/mobile/src/screens/AdoptionScreen.tsx(5,36): error TS2307: Cannot find module '@mobile/hooks/use-domain-snapshots' or its corresponding type declarations.
apps/mobile/src/screens/AdoptionScreen.tsx(6,24): error TS2307: Cannot find module '@mobile/theme/colors' or its corresponding type declarations.
apps/mobile/src/screens/AdoptionScreen.tsx(8,10): error TS2305: Module '"react-native"' has no exported member 'ScrollView'.
apps/mobile/src/screens/AdoptionScreen.tsx(54,45): error TS7006: Parameter 'item' implicitly has an 'any' type.
apps/mobile/src/screens/AdoptionScreen.tsx(65,50): error TS7006: Parameter 'item' implicitly has an 'any' type.
apps/mobile/src/screens/AdoptionScreen.tsx(98,35): error TS2339: Property 'hairlineWidth' does not exist on type 'StyleSheet'.
apps/mobile/src/screens/ChatScreen.tsx(12,40): error TS2307: Cannot find module '@mobile/components/chat' or its corresponding type declarations.
apps/mobile/src/screens/ChatScreen.tsx(13,34): error TS2307: Cannot find module '@mobile/components/chrome/HoloBackground' or its corresponding type declarations.
apps/mobile/src/screens/ChatScreen.tsx(14,24): error TS2307: Cannot find module '@mobile/theme/colors' or its corresponding type declarations.
apps/mobile/src/screens/CommunityScreen.tsx(3,29): error TS2307: Cannot find module '@mobile/components/FeatureCard' or its corresponding type declarations.
apps/mobile/src/screens/CommunityScreen.tsx(4,35): error TS2307: Cannot find module '@mobile/components/PullableContainer' or its corresponding type declarations.
apps/mobile/src/screens/CommunityScreen.tsx(5,31): error TS2307: Cannot find module '@mobile/components/SectionHeader' or its corresponding type declarations.
apps/mobile/src/screens/CommunityScreen.tsx(6,36): error TS2307: Cannot find module '@mobile/hooks/use-domain-snapshots' or its corresponding type declarations.
apps/mobile/src/screens/CommunityScreen.tsx(7,24): error TS2307: Cannot find module '@mobile/theme/colors' or its corresponding type declarations.
apps/mobile/src/screens/CommunityScreen.tsx(8,10): error TS2305: Module '"react-native"' has no exported member 'ScrollView'.
apps/mobile/src/screens/CommunityScreen.tsx(44,44): error TS7006: Parameter 'item' implicitly has an 'any' type.
apps/mobile/src/screens/CommunityScreen.tsx(50,47): error TS7006: Parameter 'item' implicitly has an 'any' type.
apps/mobile/src/screens/CommunityScreen.tsx(90,35): error TS2339: Property 'hairlineWidth' does not exist on type 'StyleSheet'.
apps/mobile/src/screens/EffectsPlaygroundScreen.tsx(10,29): error TS2307: Cannot find module '@mobile/components/FeatureCard' or its corresponding type declarations.
apps/mobile/src/screens/EffectsPlaygroundScreen.tsx(11,31): error TS2307: Cannot find module '@mobile/components/SectionHeader' or its corresponding type declarations.
apps/mobile/src/screens/EffectsPlaygroundScreen.tsx(12,29): error TS2307: Cannot find module '@mobile/effects/chat/bubbles/use-send-warp' or its corresponding type declarations.
apps/mobile/src/screens/EffectsPlaygroundScreen.tsx(13,38): error TS2307: Cannot find module '@mobile/effects/chat/gestures/use-swipe-reply-elastic' or its corresponding type declarations.
apps/mobile/src/screens/EffectsPlaygroundScreen.tsx(14,35): error TS2307: Cannot find module '@mobile/effects/chat/media/use-glass-morph-zoom' or its corresponding type declarations.
apps/mobile/src/screens/EffectsPlaygroundScreen.tsx(15,31): error TS2307: Cannot find module '@mobile/effects/chat/shaders/additive-bloom' or its corresponding type declarations.
apps/mobile/src/screens/EffectsPlaygroundScreen.tsx(16,39): error TS2307: Cannot find module '@mobile/effects/chat/shaders/chromatic-aberration' or its corresponding type declarations.
apps/mobile/src/screens/EffectsPlaygroundScreen.tsx(17,26): error TS2307: Cannot find module '@mobile/effects/chat/shaders/ribbon-fx' or its corresponding type declarations.
apps/mobile/src/screens/EffectsPlaygroundScreen.tsx(18,24): error TS2307: Cannot find module '@mobile/theme/colors' or its corresponding type declarations.
apps/mobile/src/screens/EffectsPlaygroundScreen.tsx(20,10): error TS2305: Module '"react-native"' has no exported member 'ScrollView'.
apps/mobile/src/screens/EffectsPlaygroundScreen.tsx(20,34): error TS2305: Module '"react-native"' has no exported member 'Switch'.
apps/mobile/src/screens/EffectsPlaygroundScreen.tsx(20,48): error TS2305: Module '"react-native"' has no exported member 'TouchableOpacity'.
apps/mobile/src/screens/FeedScreen.tsx(1,29): error TS2307: Cannot find module '@mobile/components/FeatureCard' or its corresponding type declarations.
apps/mobile/src/screens/FeedScreen.tsx(2,31): error TS2307: Cannot find module '@mobile/components/SectionHeader' or its corresponding type declarations.
apps/mobile/src/screens/FeedScreen.tsx(3,24): error TS2307: Cannot find module '@mobile/theme/colors' or its corresponding type declarations.
apps/mobile/src/screens/FeedScreen.tsx(4,33): error TS2307: Cannot find module '@mobile/types/pet' or its corresponding type declarations.
apps/mobile/src/screens/FeedScreen.tsx(5,29): error TS2307: Cannot find module '@mobile/utils/api-client' or its corresponding type declarations.
apps/mobile/src/screens/FeedScreen.tsx(6,30): error TS2307: Cannot find module '@mobile/utils/logger' or its corresponding type declarations.
apps/mobile/src/screens/FeedScreen.tsx(9,10): error TS2305: Module '"react-native"' has no exported member 'ActivityIndicator'.
apps/mobile/src/screens/FeedScreen.tsx(9,29): error TS2305: Module '"react-native"' has no exported member 'FlatList'.
apps/mobile/src/screens/FeedScreen.tsx(49,58): error TS7006: Parameter 'pet' implicitly has an 'any' type.
apps/mobile/src/screens/FeedScreen.tsx(105,21): error TS7006: Parameter 'p' implicitly has an 'any' type.
apps/mobile/src/screens/FeedScreen.tsx(106,22): error TS7031: Binding element 'item' implicitly has an 'any' type.
apps/mobile/src/screens/FeedScreen.tsx(244,29): error TS2339: Property 'absoluteFill' does not exist on type 'StyleSheet'.
apps/mobile/src/screens/FeedScreen.tsx(287,28): error TS2322: Type '({ transform: { translateX: number; }[]; } | { position: string; height: number; width: string; left: number; top: number; borderRadius: number; backgroundColor: any; })[]' is not assignable to type 'Record<string, unknown>'.
  Index signature for type 'string' is missing in type '({ transform: { translateX: number; }[]; } | { position: string; height: number; width: string; left: number; top: number; borderRadius: number; backgroundColor: any; })[]'.
apps/mobile/src/screens/FeedScreen.tsx(319,29): error TS2339: Property 'hairlineWidth' does not exist on type 'StyleSheet'.
apps/mobile/src/screens/FeedScreen.tsx(351,35): error TS2339: Property 'hairlineWidth' does not exist on type 'StyleSheet'.
apps/mobile/src/screens/FeedScreen.tsx(369,29): error TS2339: Property 'hairlineWidth' does not exist on type 'StyleSheet'.
apps/mobile/src/screens/HomeScreen.tsx(3,29): error TS2307: Cannot find module '@mobile/components/FeatureCard' or its corresponding type declarations.
apps/mobile/src/screens/HomeScreen.tsx(4,35): error TS2307: Cannot find module '@mobile/components/PullableContainer' or its corresponding type declarations.
apps/mobile/src/screens/HomeScreen.tsx(5,31): error TS2307: Cannot find module '@mobile/components/SectionHeader' or its corresponding type declarations.
apps/mobile/src/screens/HomeScreen.tsx(6,36): error TS2307: Cannot find module '@mobile/hooks/use-domain-snapshots' or its corresponding type declarations.
apps/mobile/src/screens/HomeScreen.tsx(7,24): error TS2307: Cannot find module '@mobile/theme/colors' or its corresponding type declarations.
apps/mobile/src/screens/HomeScreen.tsx(8,10): error TS2305: Module '"react-native"' has no exported member 'ScrollView'.
apps/mobile/src/screens/MatchesScreen.tsx(1,29): error TS2307: Cannot find module '@mobile/components/FeatureCard' or its corresponding type declarations.
apps/mobile/src/screens/MatchesScreen.tsx(2,31): error TS2307: Cannot find module '@mobile/components/SectionHeader' or its corresponding type declarations.
apps/mobile/src/screens/MatchesScreen.tsx(3,24): error TS2307: Cannot find module '@mobile/theme/colors' or its corresponding type declarations.
apps/mobile/src/screens/MatchingScreen.tsx(1,35): error TS2307: Cannot find module '@mobile/components/PullableContainer' or its corresponding type declarations.
apps/mobile/src/screens/MatchingScreen.tsx(2,34): error TS2307: Cannot find module '@mobile/components/swipe/MatchCelebration' or its corresponding type declarations.
apps/mobile/src/screens/MatchingScreen.tsx(3,32): error TS2307: Cannot find module '@mobile/components/swipe/SwipeCardStack' or its corresponding type declarations.
apps/mobile/src/screens/MatchingScreen.tsx(4,52): error TS2307: Cannot find module '@mobile/hooks/use-pets' or its corresponding type declarations.
apps/mobile/src/screens/MatchingScreen.tsx(5,30): error TS2307: Cannot find module '@mobile/store/user-store' or its corresponding type declarations.
apps/mobile/src/screens/MatchingScreen.tsx(6,24): error TS2307: Cannot find module '@mobile/theme/colors' or its corresponding type declarations.
apps/mobile/src/screens/MatchingScreen.tsx(8,10): error TS2305: Module '"react-native"' has no exported member 'ActivityIndicator'.
apps/mobile/src/screens/ProfileScreen.tsx(3,29): error TS2307: Cannot find module '@mobile/components/FeatureCard' or its corresponding type declarations.
apps/mobile/src/screens/ProfileScreen.tsx(4,35): error TS2307: Cannot find module '@mobile/components/PullableContainer' or its corresponding type declarations.
apps/mobile/src/screens/ProfileScreen.tsx(5,31): error TS2307: Cannot find module '@mobile/components/SectionHeader' or its corresponding type declarations.
apps/mobile/src/screens/ProfileScreen.tsx(6,28): error TS2307: Cannot find module '@mobile/data/mock-data' or its corresponding type declarations.
apps/mobile/src/screens/ProfileScreen.tsx(7,24): error TS2307: Cannot find module '@mobile/theme/colors' or its corresponding type declarations.
apps/mobile/src/screens/ProfileScreen.tsx(8,10): error TS2305: Module '"react-native"' has no exported member 'ScrollView'.
apps/mobile/src/screens/ProfileScreen.tsx(30,27): error TS7006: Parameter 'pet' implicitly has an 'any' type.
apps/mobile/src/screens/ProfileScreen.tsx(86,35): error TS2339: Property 'hairlineWidth' does not exist on type 'StyleSheet'.
apps/mobile/src/types/optional-modules.d.ts(20,16): error TS2436: Ambient module declaration cannot specify relative module name.
apps/mobile/src/utils/accessibility.ts(7,15): error TS2724: '"react-native"' has no exported member named 'AccessibilityProps'. Did you mean 'AccessibilityProperties'?
apps/mobile/src/utils/offline-cache.ts(15,64): error TS2307: Cannot find module '@/types/mmkv' or its corresponding type declarations.
apps/mobile/types/dom-shim.d.ts(8,14): error TS2687: All declarations of 'height' must have identical modifiers.
apps/mobile/types/dom-shim.d.ts(12,14): error TS2687: All declarations of 'width' must have identical modifiers.
apps/mobile/types/dom-shim.d.ts(17,5): error TS2687: All declarations of 'addEventListener' must have identical modifiers.
apps/mobile/types/dom-shim.d.ts(17,5): error TS2717: Subsequent property declarations must have the same type.  Property 'addEventListener' must be of type '{ <K extends keyof MediaQueryListEventMap>(type: K, listener: (this: MediaQueryList, ev: MediaQueryListEventMap[K]) => any, options?: boolean | AddEventListenerOptions | undefined): void; (type: string, listener: EventListenerOrEventListenerObject, options?: boolean | ... 1 more ... | undefined): void; } | undefined', but here has type '((type: "change", listener: EventListener, options?: unknown) => void) | undefined'.
apps/mobile/types/dom-shim.d.ts(18,5): error TS2687: All declarations of 'removeEventListener' must have identical modifiers.
apps/mobile/types/dom-shim.d.ts(18,5): error TS2717: Subsequent property declarations must have the same type.  Property 'removeEventListener' must be of type '{ <K extends keyof MediaQueryListEventMap>(type: K, listener: (this: MediaQueryList, ev: MediaQueryListEventMap[K]) => any, options?: boolean | EventListenerOptions | undefined): void; (type: string, listener: EventListenerOrEventListenerObject, options?: boolean | ... 1 more ... | undefined): void; } | undefined', but here has type '((type: "change", listener: EventListener, options?: unknown) => void) | undefined'.
apps/mobile/types/dom-shim.d.ts(25,8): error TS2300: Duplicate identifier 'EventListener'.
apps/mobile/types/dom-shim.d.ts(28,5): error TS2687: All declarations of 'vibrate' must have identical modifiers.
apps/mobile/types/dom-shim.d.ts(28,5): error TS2717: Subsequent property declarations must have the same type.  Property 'vibrate' must be of type '{ (pattern: VibratePattern): boolean; (pattern: Iterable<number>): boolean; } | undefined', but here has type '((pattern: number | readonly number[]) => void) | undefined'.
apps/mobile/types/dom-shim.d.ts(34,5): error TS2687: All declarations of 'matchMedia' must have identical modifiers.
apps/mobile/types/dom-shim.d.ts(39,5): error TS2687: All declarations of 'addEventListener' must have identical modifiers.
apps/mobile/types/dom-shim.d.ts(39,5): error TS2717: Subsequent property declarations must have the same type.  Property 'addEventListener' must be of type '{ <K extends keyof DocumentEventMap>(type: K, listener: (this: Document, ev: DocumentEventMap[K]) => any, options?: boolean | AddEventListenerOptions | undefined): void; (type: string, listener: EventListenerOrEventListenerObject, options?: boolean | ... 1 more ... | undefined): void; } | undefined', but here has type '((type: string, listener: EventListener, options?: unknown) => void) | undefined'.
apps/mobile/types/dom-shim.d.ts(40,5): error TS2687: All declarations of 'removeEventListener' must have identical modifiers.
apps/mobile/types/dom-shim.d.ts(40,5): error TS2717: Subsequent property declarations must have the same type.  Property 'removeEventListener' must be of type '{ <K extends keyof DocumentEventMap>(type: K, listener: (this: Document, ev: DocumentEventMap[K]) => any, options?: boolean | EventListenerOptions | undefined): void; (type: string, listener: EventListenerOrEventListenerObject, options?: boolean | ... 1 more ... | undefined): void; } | undefined', but here has type '((type: string, listener: EventListener, options?: unknown) => void) | undefined'.
apps/mobile/types/dom-shim.d.ts(67,9): error TS2451: Cannot redeclare block-scoped variable 'window'.
apps/mobile/types/dom-shim.d.ts(68,9): error TS2451: Cannot redeclare block-scoped variable 'document'.
apps/mobile/types/dom-shim.d.ts(69,9): error TS2451: Cannot redeclare block-scoped variable 'navigator'.
apps/mobile/types/globals.d.ts(8,9): error TS2451: Cannot redeclare block-scoped variable 'window'.
apps/mobile/types/globals.d.ts(9,9): error TS2451: Cannot redeclare block-scoped variable 'document'.
apps/mobile/types/globals.d.ts(10,9): error TS2451: Cannot redeclare block-scoped variable 'navigator'.
apps/mobile/types/vendor/expo-haptics.d.ts(8,5): error TS2300: Duplicate identifier 'Light'.
apps/mobile/types/vendor/expo-haptics.d.ts(9,5): error TS2300: Duplicate identifier 'Medium'.
apps/mobile/types/vendor/expo-haptics.d.ts(10,5): error TS2300: Duplicate identifier 'Heavy'.
apps/mobile/types/vendor/expo-haptics.d.ts(14,5): error TS2300: Duplicate identifier 'Success'.
apps/mobile/types/vendor/expo-haptics.d.ts(15,5): error TS2300: Duplicate identifier 'Warning'.
apps/mobile/types/vendor/expo-haptics.d.ts(16,5): error TS2300: Duplicate identifier 'Error'.
apps/mobile/types/vendor/expo-haptics.d.ts(25,16): error TS2451: Cannot redeclare block-scoped variable 'impactAsync'.
apps/mobile/types/vendor/expo-haptics.d.ts(26,16): error TS2451: Cannot redeclare block-scoped variable 'notificationAsync'.
apps/mobile/types/vendor/expo-haptics.d.ts(27,16): error TS2451: Cannot redeclare block-scoped variable 'selectionAsync'.
apps/mobile/types/vendor/expo-haptics.d.ts(30,18): error TS2300: Duplicate identifier 'haptics'.
apps/mobile/types/vendor/react-native-gesture-handler.d.ts(30,5): error TS2717: Subsequent property declarations must have the same type.  Property 'onUpdate' must be of type '(handler: (event: GestureUpdateEvent) => void) => GestureHandler', but here has type '(handler: (e: GestureEvent) => void) => GestureHandler'.
apps/mobile/types/vendor/react-native-gesture-handler.d.ts(31,5): error TS2717: Subsequent property declarations must have the same type.  Property 'onEnd' must be of type '(handler: () => void) => GestureHandler', but here has type '(handler: (e: GestureEvent) => void) => GestureHandler'.
apps/mobile/types/vendor/react-native-gesture-handler.d.ts(34,5): error TS2717: Subsequent property declarations must have the same type.  Property 'onChange' must be of type '(handler: (event: GestureUpdateEvent) => void) => GestureHandler', but here has type '(handler: (e: GestureEvent) => void) => GestureHandler'.
apps/mobile/types/vendor/react-native-gesture-handler.d.ts(42,5): error TS2717: Subsequent property declarations must have the same type.  Property 'children' must be of type 'ReactElement<any, string | JSXElementConstructor<any>>', but here has type 'ReactNode'.
apps/mobile/types/vendor/react-native-gesture-handler.d.ts(47,5): error TS2717: Subsequent property declarations must have the same type.  Property 'children' must be of type 'ReactElement<any, string | JSXElementConstructor<any>> | ReactElement<any, string | JSXElementConstructor<any>>[]', but here has type 'ReactNode'.
apps/mobile/types/vendor/react-native-gesture-handler.d.ts(51,16): error TS2451: Cannot redeclare block-scoped variable 'Gesture'.
apps/mobile/types/vendor/react-native-gesture-handler.d.ts(52,16): error TS2451: Cannot redeclare block-scoped variable 'GestureDetector'.
apps/mobile/types/vendor/react-native-gesture-handler.d.ts(53,16): error TS2451: Cannot redeclare block-scoped variable 'GestureHandlerRootView'.
apps/mobile/types/vendor/react-native-gesture-handler.d.ts(55,3): error TS2666: Exports and export assignments are not permitted in module augmentations.
apps/mobile/types/vendor/react-native-gesture-handler.d.ts(55,3): error TS2323: Cannot redeclare exported variable 'default'.
apps/mobile/types/vendor/react-native-gesture-handler.d.ts(55,18): error TS2714: The expression of an export assignment must be an identifier or qualified name in an ambient context.
apps/web/android-design-tokens-rn/src/components/buttons/AppButton.tsx(3,3): error TS2305: Module '"react-native"' has no exported member 'TouchableOpacity'.
apps/web/android-design-tokens-rn/src/components/buttons/AppButton.tsx(6,3): error TS2305: Module '"react-native"' has no exported member 'ActivityIndicator'.
apps/web/android-design-tokens-rn/src/components/buttons/AppButton.tsx(8,3): error TS1484: 'ViewStyle' is a type and must be imported using a type-only import when 'verbatimModuleSyntax' is enabled.
apps/web/android-design-tokens-rn/src/components/buttons/AppButton.tsx(9,3): error TS1484: 'TextStyle' is a type and must be imported using a type-only import when 'verbatimModuleSyntax' is enabled.
apps/web/android-design-tokens-rn/src/components/buttons/AppButton.tsx(10,3): error TS2724: '"react-native"' has no exported member named 'TouchableOpacityProps'. Did you mean 'TouchableOpacityProperties'?
apps/web/android-design-tokens-rn/src/components/buttons/AppButton.tsx(12,28): error TS2307: Cannot find module '@/hooks/use-haptics' or its corresponding type declarations.
apps/web/android-design-tokens-rn/src/components/buttons/AppButton.tsx(55,3): error TS2339: Property 'onPress' does not exist on type 'AppButtonProps'.
apps/web/android-design-tokens-rn/src/components/buttons/AppButton.tsx(58,3): error TS2339: Property 'disabled' does not exist on type 'AppButtonProps'.
apps/web/android-design-tokens-rn/src/components/buttons/AppButton.tsx(62,3): error TS2339: Property 'style' does not exist on type 'AppButtonProps'.
apps/web/android-design-tokens-rn/src/components/buttons/AppButton.tsx(155,69): error TS4111: Property 'color' comes from an index signature, so it must be accessed with ['color'].
apps/web/android-design-tokens-rn/src/components/cards/AppCard.tsx(2,10): error TS2305: Module '"react-native"' has no exported member 'TouchableOpacity'.
apps/web/android-design-tokens-rn/src/components/cards/AppCard.tsx(2,46): error TS1484: 'ViewStyle' is a type and must be imported using a type-only import when 'verbatimModuleSyntax' is enabled.
apps/web/android-design-tokens-rn/src/components/cards/AppCard.tsx(2,57): error TS2724: '"react-native"' has no exported member named 'TouchableOpacityProps'. Did you mean 'TouchableOpacityProperties'?
apps/web/android-design-tokens-rn/src/components/cards/AppCard.tsx(30,3): error TS2339: Property 'onPress' does not exist on type 'AppCardProps'.
apps/web/android-design-tokens-rn/src/components/cards/AppCard.tsx(31,3): error TS2339: Property 'style' does not exist on type 'AppCardProps'.
apps/web/android-design-tokens-rn/src/components/cards/AppCard.tsx(32,3): error TS2339: Property 'accessibilityLabel' does not exist on type 'AppCardProps'.
apps/web/e2e/motion-smoke.spec.ts(19,11): error TS6133: 'frameTimes' is declared but its value is never read.
apps/web/e2e/motion-smoke.spec.ts(20,9): error TS6133: 'lastFrameTime' is declared but its value is never read.
apps/web/e2e/motion-smoke.spec.ts(21,9): error TS6133: 'frameCount' is declared but its value is never read.
apps/web/e2e/motion-smoke.spec.ts(22,9): error TS6133: 'droppedFrames' is declared but its value is never read.
apps/web/e2e/motion-smoke.spec.ts(26,11): error TS6133: 'startTime' is declared but its value is never read.
apps/web/src/App.tsx(16,31): error TS2307: Cannot find module '@/components/error/ErrorBoundary' or its corresponding type declarations.
apps/web/src/App.tsx(17,26): error TS2307: Cannot find module '@/components/LoadingState' or its corresponding type declarations.
apps/web/src/App.tsx(18,24): error TS2307: Cannot find module '@/contexts/AppContext' or its corresponding type declarations.
apps/web/src/App.tsx(19,25): error TS2307: Cannot find module '@/contexts/AuthContext' or its corresponding type declarations.
apps/web/src/App.tsx(32,8): error TS2307: Cannot find module '@/effects/reanimated' or its corresponding type declarations.
apps/web/src/App.tsx(33,30): error TS2307: Cannot find module '@/effects/reanimated/animated-view' or its corresponding type declarations.
apps/web/src/App.tsx(34,39): error TS2307: Cannot find module '@/hooks/use-nav-button-animation' or its corresponding type declarations.
apps/web/src/App.tsx(35,28): error TS2307: Cannot find module '@/hooks/use-storage' or its corresponding type declarations.
apps/web/src/App.tsx(36,25): error TS2307: Cannot find module '@/lib/haptics' or its corresponding type declarations.
apps/web/src/App.tsx(37,31): error TS2307: Cannot find module '@/lib/playdate-types' or its corresponding type declarations.
apps/web/src/App.tsx(39,46): error TS2307: Cannot find module '@/lib/types' or its corresponding type declarations.
apps/web/src/App.tsx(40,28): error TS2307: Cannot find module '@/components/chrome/HoloBackground' or its corresponding type declarations.
apps/web/src/App.tsx(41,23): error TS2307: Cannot find module '@/effects/cursor/GlowTrail' or its corresponding type declarations.
apps/web/src/App.tsx(43,24): error TS2307: Cannot find module '@/components/ui/button' or its corresponding type declarations.
apps/web/src/App.tsx(44,52): error TS2307: Cannot find module '@/components/ui/dialog' or its corresponding type declarations.
apps/web/src/App.tsx(45,25): error TS2307: Cannot find module '@/components/ui/sonner' or its corresponding type declarations.
apps/web/src/App.tsx(46,27): error TS2307: Cannot find module '@/components/navigation/NavButton' or its corresponding type declarations.
apps/web/src/App.tsx(67,44): error TS2307: Cannot find module '@/components/views/DiscoverView' or its corresponding type declarations.
apps/web/src/App.tsx(70,44): error TS2307: Cannot find module '@/components/views/MatchesView' or its corresponding type declarations.
apps/web/src/App.tsx(73,44): error TS2307: Cannot find module '@/components/views/ProfileView' or its corresponding type declarations.
apps/web/src/App.tsx(75,64): error TS2307: Cannot find module '@/components/views/ChatView' or its corresponding type declarations.
apps/web/src/App.tsx(77,44): error TS2307: Cannot find module '@/components/views/CommunityView' or its corresponding type declarations.
apps/web/src/App.tsx(80,44): error TS2307: Cannot find module '@/components/views/AdoptionView' or its corresponding type declarations.
apps/web/src/App.tsx(83,44): error TS2307: Cannot find module '@/components/views/LostFoundView' or its corresponding type declarations.
apps/web/src/App.tsx(86,44): error TS2307: Cannot find module '@/components/playdate/PlaydateMap' or its corresponding type declarations.
apps/web/src/App.tsx(90,40): error TS2307: Cannot find module '@/components/AdminConsole' or its corresponding type declarations.
apps/web/src/App.tsx(91,38): error TS2307: Cannot find module '@/components/AuthScreen' or its corresponding type declarations.
apps/web/src/App.tsx(92,40): error TS2307: Cannot find module '@/components/demo/PetsDemoPage' or its corresponding type declarations.
apps/web/src/App.tsx(93,50): error TS2307: Cannot find module '@/components/GenerateProfilesButton' or its corresponding type declarations.
apps/web/src/App.tsx(95,16): error TS2307: Cannot find module '@/components/notifications/PremiumNotificationBell' or its corresponding type declarations.
apps/web/src/App.tsx(99,16): error TS2307: Cannot find module '@/components/settings/UltraThemeSettings' or its corresponding type declarations.
apps/web/src/App.tsx(102,37): error TS2307: Cannot find module '@/components/StatsCard' or its corresponding type declarations.
apps/web/src/App.tsx(104,16): error TS2307: Cannot find module '@/components/SyncStatusIndicator' or its corresponding type declarations.
apps/web/src/App.tsx(107,41): error TS2307: Cannot find module '@/components/WelcomeScreen' or its corresponding type declarations.
apps/web/src/App.tsx(108,44): error TS2307: Cannot find module '@/components/QuickActionsMenu' or its corresponding type declarations.
apps/web/src/App.tsx(109,40): error TS2307: Cannot find module '@/components/navigation/BottomNavBar' or its corresponding type declarations.
apps/web/src/App.tsx(111,16): error TS2307: Cannot find module '@/components/payments/BillingIssueBanner' or its corresponding type declarations.
apps/web/src/App.tsx(115,16): error TS2307: Cannot find module '@/components/pwa/InstallPrompt' or its corresponding type declarations.
apps/web/src/App.tsx(118,47): error TS2307: Cannot find module '@/components/SeedDataInitializer' or its corresponding type declarations.
apps/web/src/App.tsx(120,16): error TS2307: Cannot find module '@/components/network/OfflineIndicator' or its corresponding type declarations.
apps/web/src/App.tsx(273,32): error TS2307: Cannot find module '@/lib/monitoring/performance' or its corresponding type declarations.
apps/web/src/App.tsx(273,72): error TS2307: Cannot find module '@/lib/logger' or its corresponding type declarations.
apps/web/src/App.tsx(276,38): error TS7006: Parameter 'metric' implicitly has an 'any' type.
apps/web/src/agi_ui_engine/effects/use3DTiltEffect.tsx(5,36): error TS2307: Cannot find module '@/effects/reanimated/animated-view' or its corresponding type declarations.
apps/web/src/agi_ui_engine/effects/use3DTiltEffect.tsx(6,29): error TS2307: Cannot find module '@/hooks/useUIConfig' or its corresponding type declarations.
apps/web/src/agi_ui_engine/effects/use3DTiltEffect.tsx(7,31): error TS2307: Cannot find module '@/effects/reanimated/transitions' or its corresponding type declarations.
apps/web/src/agi_ui_engine/effects/useAIReplyAura.tsx(12,36): error TS2307: Cannot find module '@/effects/reanimated/animated-view' or its corresponding type declarations.
apps/web/src/agi_ui_engine/effects/useAIReplyAura.tsx(13,29): error TS2307: Cannot find module '@/hooks/useUIConfig' or its corresponding type declarations.
apps/web/src/agi_ui_engine/effects/useAdaptiveBubbleShape.tsx(5,36): error TS2307: Cannot find module '@/effects/reanimated/animated-view' or its corresponding type declarations.
apps/web/src/agi_ui_engine/effects/useAdaptiveBubbleShape.tsx(6,29): error TS2307: Cannot find module '@/hooks/useUIConfig' or its corresponding type declarations.
apps/web/src/agi_ui_engine/effects/useAdaptiveBubbleShape.tsx(7,31): error TS2307: Cannot find module '@/effects/reanimated/transitions' or its corresponding type declarations.
apps/web/src/agi_ui_engine/effects/useBubbleGlow.tsx(12,36): error TS2307: Cannot find module '@/effects/reanimated/animated-view' or its corresponding type declarations.
apps/web/src/agi_ui_engine/effects/useBubbleGlow.tsx(13,29): error TS2307: Cannot find module '@/hooks/useUIConfig' or its corresponding type declarations.
apps/web/src/agi_ui_engine/effects/useDeleteBurst.tsx(11,36): error TS2307: Cannot find module '@/effects/reanimated/animated-view' or its corresponding type declarations.
apps/web/src/agi_ui_engine/effects/useDeleteBurst.tsx(12,29): error TS2307: Cannot find module '@/hooks/useUIConfig' or its corresponding type declarations.
apps/web/src/agi_ui_engine/effects/useDynamicBackgroundMesh.tsx(3,36): error TS2307: Cannot find module '@/effects/reanimated/animated-view' or its corresponding type declarations.
apps/web/src/agi_ui_engine/effects/useDynamicBackgroundMesh.tsx(4,29): error TS2307: Cannot find module '@/hooks/useUIConfig' or its corresponding type declarations.
apps/web/src/agi_ui_engine/effects/useEmojiTrail.tsx(11,36): error TS2307: Cannot find module '@/effects/reanimated/animated-view' or its corresponding type declarations.
apps/web/src/agi_ui_engine/effects/useEmojiTrail.tsx(12,29): error TS2307: Cannot find module '@/hooks/useUIConfig' or its corresponding type declarations.
apps/web/src/agi_ui_engine/effects/useGlassBackground.tsx(5,36): error TS2307: Cannot find module '@/effects/reanimated/animated-view' or its corresponding type declarations.
apps/web/src/agi_ui_engine/effects/useGlassBackground.tsx(6,29): error TS2307: Cannot find module '@/hooks/useUIConfig' or its corresponding type declarations.
apps/web/src/agi_ui_engine/effects/useMessageShimmer.tsx(11,36): error TS2307: Cannot find module '@/effects/reanimated/animated-view' or its corresponding type declarations.
apps/web/src/agi_ui_engine/effects/useMessageShimmer.tsx(12,29): error TS2307: Cannot find module '@/hooks/useUIConfig' or its corresponding type declarations.
apps/web/src/agi_ui_engine/effects/useMoodColorTheme.tsx(5,36): error TS2307: Cannot find module '@/effects/reanimated/animated-view' or its corresponding type declarations.
apps/web/src/agi_ui_engine/effects/useMoodColorTheme.tsx(6,29): error TS2307: Cannot find module '@/hooks/useUIConfig' or its corresponding type declarations.
apps/web/src/agi_ui_engine/effects/useMoodColorTheme.tsx(7,31): error TS2307: Cannot find module '@/effects/reanimated/transitions' or its corresponding type declarations.
apps/web/src/agi_ui_engine/effects/useMoodTheme.tsx(3,36): error TS2307: Cannot find module '@/effects/reanimated/animated-view' or its corresponding type declarations.
apps/web/src/agi_ui_engine/effects/useMoodTheme.tsx(4,31): error TS2307: Cannot find module '@/effects/reanimated/transitions' or its corresponding type declarations.
apps/web/src/agi_ui_engine/effects/useMoodTheme.tsx(5,29): error TS2307: Cannot find module '@/hooks/useUIConfig' or its corresponding type declarations.
apps/web/src/agi_ui_engine/effects/useParticleBurstOnDelete.tsx(5,36): error TS2307: Cannot find module '@/effects/reanimated/animated-view' or its corresponding type declarations.
apps/web/src/agi_ui_engine/effects/useParticleBurstOnDelete.tsx(6,29): error TS2307: Cannot find module '@/hooks/useUIConfig' or its corresponding type declarations.
apps/web/src/agi_ui_engine/effects/useParticleBurstOnSend.tsx(5,36): error TS2307: Cannot find module '@/effects/reanimated/animated-view' or its corresponding type declarations.
apps/web/src/agi_ui_engine/effects/useParticleBurstOnSend.tsx(6,29): error TS2307: Cannot find module '@/hooks/useUIConfig' or its corresponding type declarations.
apps/web/src/agi_ui_engine/effects/useParticleFX.tsx(5,36): error TS2307: Cannot find module '@/effects/reanimated/animated-view' or its corresponding type declarations.
apps/web/src/agi_ui_engine/effects/useParticleFX.tsx(6,29): error TS2307: Cannot find module '@/hooks/useUIConfig' or its corresponding type declarations.
apps/web/src/agi_ui_engine/effects/useReactionParticleTrail.tsx(5,36): error TS2307: Cannot find module '@/effects/reanimated/animated-view' or its corresponding type declarations.
apps/web/src/agi_ui_engine/effects/useReactionParticleTrail.tsx(6,29): error TS2307: Cannot find module '@/hooks/useUIConfig' or its corresponding type declarations.
apps/web/src/agi_ui_engine/effects/useSentimentMoodEngine.tsx(5,36): error TS2307: Cannot find module '@/effects/reanimated/animated-view' or its corresponding type declarations.
apps/web/src/agi_ui_engine/effects/useSentimentMoodEngine.tsx(6,29): error TS2307: Cannot find module '@/hooks/useUIConfig' or its corresponding type declarations.
apps/web/src/agi_ui_engine/effects/useSentimentMoodEngine.tsx(7,31): error TS2307: Cannot find module '@/effects/reanimated/transitions' or its corresponding type declarations.
apps/web/src/agi_ui_engine/effects/useSoundFeedback.tsx(4,29): error TS2307: Cannot find module '@/hooks/useUIConfig' or its corresponding type declarations.
apps/web/src/agi_ui_engine/effects/useTypingTrail.tsx(12,36): error TS2307: Cannot find module '@/effects/reanimated/animated-view' or its corresponding type declarations.
apps/web/src/agi_ui_engine/effects/useTypingTrail.tsx(13,29): error TS2307: Cannot find module '@/hooks/useUIConfig' or its corresponding type declarations.
apps/web/src/agi_ui_engine/index.ts(73,35): error TS2307: Cannot find module '@/components/chat/bubble-wrapper-god-tier/effects/useHapticFeedback' or its corresponding type declarations.
apps/web/src/agi_ui_engine/index.ts(78,8): error TS2307: Cannot find module '@/components/chat/bubble-wrapper-god-tier/effects/useHapticFeedback' or its corresponding type declarations.
apps/web/src/api/__tests__/admin-api.test.ts(8,26): error TS2307: Cannot find module '@/api/admin-api' or its corresponding type declarations.
apps/web/src/api/__tests__/admin-api.test.ts(9,49): error TS2307: Cannot find module '@/api/admin-api' or its corresponding type declarations.
apps/web/src/api/__tests__/adoption-api-strict.test.ts(8,35): error TS2307: Cannot find module '@/api/adoption-api-strict' or its corresponding type declarations.
apps/web/src/api/__tests__/adoption-api-strict.test.ts(9,38): error TS2307: Cannot find module '@/lib/adoption-marketplace-types' or its corresponding type declarations.
apps/web/src/api/__tests__/adoption-api.test.ts(8,29): error TS2307: Cannot find module '@/api/adoption-api' or its corresponding type declarations.
apps/web/src/api/__tests__/adoption-api.test.ts(9,51): error TS2307: Cannot find module '@/api/adoption-api' or its corresponding type declarations.
apps/web/src/api/__tests__/adoption-api.test.ts(10,59): error TS2307: Cannot find module '@/lib/adoption-types' or its corresponding type declarations.
apps/web/src/api/__tests__/analytics-api.test.ts(8,30): error TS2307: Cannot find module '@/api/analytics-api' or its corresponding type declarations.
apps/web/src/api/__tests__/analytics-api.test.ts(14,8): error TS2307: Cannot find module '@/lib/advanced-analytics' or its corresponding type declarations.
apps/web/src/api/__tests__/api-config-api.test.ts(8,30): error TS2307: Cannot find module '@/api/api-config-api' or its corresponding type declarations.
apps/web/src/api/__tests__/api-config-api.test.ts(9,32): error TS2307: Cannot find module '@/components/admin/APIConfigView' or its corresponding type declarations.
apps/web/src/api/__tests__/auth-api.test.ts(8,25): error TS2307: Cannot find module '@/api/auth-api' or its corresponding type declarations.
apps/web/src/api/__tests__/auth-api.test.ts(9,27): error TS2307: Cannot find module '@/lib/contracts' or its corresponding type declarations.
apps/web/src/api/__tests__/chat-api.test.ts(8,25): error TS2307: Cannot find module '@/api/chat-api' or its corresponding type declarations.
apps/web/src/api/__tests__/chat-api.test.ts(9,43): error TS2307: Cannot find module '@/lib/chat-types' or its corresponding type declarations.
apps/web/src/api/__tests__/community-api-client.test.ts(8,30): error TS2307: Cannot find module '@/api/community-api-client' or its corresponding type declarations.
apps/web/src/api/__tests__/community-api-client.test.ts(9,36): error TS2307: Cannot find module '@/lib/community-types' or its corresponding type declarations.
apps/web/src/api/__tests__/community-api.test.ts(8,30): error TS2307: Cannot find module '@/api/community-api' or its corresponding type declarations.
apps/web/src/api/__tests__/community-api.test.ts(9,36): error TS2307: Cannot find module '@/lib/community-types' or its corresponding type declarations.
apps/web/src/api/__tests__/feature-flags-api.test.ts(8,33): error TS2307: Cannot find module '@/api/feature-flags-api' or its corresponding type declarations.
apps/web/src/api/__tests__/feature-flags-api.test.ts(9,73): error TS2307: Cannot find module '@/lib/feature-flags' or its corresponding type declarations.
apps/web/src/api/__tests__/image-upload-api.test.ts(8,32): error TS2307: Cannot find module '@/api/image-upload-api' or its corresponding type declarations.
apps/web/src/api/__tests__/kyc-api.test.ts(8,24): error TS2307: Cannot find module '@/api/kyc-api' or its corresponding type declarations.
apps/web/src/api/__tests__/kyc-api.test.ts(9,47): error TS2307: Cannot find module '@/lib/kyc-types' or its corresponding type declarations.
apps/web/src/api/__tests__/live-streaming-api.test.ts(8,34): error TS2307: Cannot find module '@/api/live-streaming-api' or its corresponding type declarations.
apps/web/src/api/__tests__/live-streaming-api.test.ts(14,8): error TS2307: Cannot find module '@/lib/live-streaming-types' or its corresponding type declarations.
apps/web/src/api/__tests__/llm-api.test.ts(8,24): error TS2307: Cannot find module '@/api/llm-api' or its corresponding type declarations.
apps/web/src/api/__tests__/lost-found-api.test.tsx(8,30): error TS2307: Cannot find module '@/api/lost-found-api' or its corresponding type declarations.
apps/web/src/api/__tests__/lost-found-api.test.tsx(9,42): error TS2307: Cannot find module '@/lib/lost-found-types' or its corresponding type declarations.
apps/web/src/api/__tests__/lost-found-api.test.tsx(10,38): error TS2307: Cannot find module '@/lib/notifications-service' or its corresponding type declarations.
apps/web/src/api/__tests__/matching-api-strict.test.ts(8,35): error TS2307: Cannot find module '@/api/matching-api-strict' or its corresponding type declarations.
apps/web/src/api/__tests__/matching-api-strict.test.ts(13,8): error TS2307: Cannot find module '@/core/domain/matching-config' or its corresponding type declarations.
apps/web/src/api/__tests__/matching-api-strict.test.ts(14,39): error TS2307: Cannot find module '@/core/domain/pet-model' or its corresponding type declarations.
apps/web/src/api/__tests__/matching-api.test.ts(8,29): error TS2307: Cannot find module '@/api/matching-api' or its corresponding type declarations.
apps/web/src/api/__tests__/matching-api.test.ts(14,8): error TS2307: Cannot find module '@/core/domain/pet-model' or its corresponding type declarations.
apps/web/src/api/__tests__/matching-api.test.ts(19,8): error TS2307: Cannot find module '@/core/domain/matching-config' or its corresponding type declarations.
apps/web/src/api/__tests__/matching-api.test.ts(20,35): error TS2307: Cannot find module '@/lib/realtime-events' or its corresponding type declarations.
apps/web/src/api/__tests__/notifications-api.test.ts(8,34): error TS2307: Cannot find module '@/api/notifications-api' or its corresponding type declarations.
apps/web/src/api/__tests__/payments-api.test.ts(8,29): error TS2307: Cannot find module '@/api/payments-api' or its corresponding type declarations.
apps/web/src/api/__tests__/payments-api.test.ts(14,8): error TS2307: Cannot find module '@/lib/payments-types' or its corresponding type declarations.
apps/web/src/api/__tests__/photo-moderation-api.test.ts(8,8): error TS2307: Cannot find module '@/core/domain/photo-moderation' or its corresponding type declarations.
apps/web/src/api/__tests__/photo-moderation-api.test.ts(9,36): error TS2307: Cannot find module '@/api/photo-moderation-api' or its corresponding type declarations.
apps/web/src/api/__tests__/photo-moderation-api.test.ts(56,40): error TS2307: Cannot find module '@/core/services/photo-moderation-storage' or its corresponding type declarations.
apps/web/src/api/__tests__/photo-moderation-api.test.ts(57,38): error TS2307: Cannot find module '@/core/services/photo-moderation-queue' or its corresponding type declarations.
apps/web/src/api/__tests__/photo-moderation-api.test.ts(58,38): error TS2307: Cannot find module '@/core/services/photo-scanning' or its corresponding type declarations.
apps/web/src/api/__tests__/photo-moderation-api.test.ts(59,39): error TS2307: Cannot find module '@/core/services/photo-moderation-events' or its corresponding type declarations.
apps/web/src/api/__tests__/photo-moderation-api.test.ts(60,38): error TS2307: Cannot find module '@/core/services/photo-moderation-audit' or its corresponding type declarations.
apps/web/src/api/__tests__/photo-moderation-api.test.ts(61,30): error TS2307: Cannot find module '@/lib/kyc-service' or its corresponding type declarations.
apps/web/src/api/__tests__/rate-limiting-api.test.ts(8,33): error TS2307: Cannot find module '@/api/rate-limiting-api' or its corresponding type declarations.
apps/web/src/api/__tests__/streaming-api.test.ts(8,30): error TS2307: Cannot find module '@/api/streaming-api' or its corresponding type declarations.
apps/web/src/api/__tests__/verification-api.test.ts(8,33): error TS2307: Cannot find module '@/api/verification-api' or its corresponding type declarations.
apps/web/src/api/__tests__/verification-api.test.ts(9,42): error TS2307: Cannot find module '@/lib/verification-types' or its corresponding type declarations.
apps/web/src/api/admin-api.ts(7,27): error TS2307: Cannot find module '@/lib/api-client' or its corresponding type declarations.
apps/web/src/api/admin-api.ts(8,27): error TS2307: Cannot find module '@/lib/endpoints' or its corresponding type declarations.
apps/web/src/api/admin-api.ts(9,30): error TS2307: Cannot find module '@/lib/logger' or its corresponding type declarations.
apps/web/src/api/adoption-api-strict.ts(17,48): error TS2307: Cannot find module '@/api/types' or its corresponding type declarations.
apps/web/src/api/adoption-api-strict.ts(18,38): error TS2307: Cannot find module '@/lib/adoption-marketplace-types' or its corresponding type declarations.
apps/web/src/api/adoption-api-strict.ts(19,27): error TS2307: Cannot find module '@/lib/api-client' or its corresponding type declarations.
apps/web/src/api/adoption-api-strict.ts(20,27): error TS2307: Cannot find module '@/lib/endpoints' or its corresponding type declarations.
apps/web/src/api/adoption-api-strict.ts(21,30): error TS2307: Cannot find module '@/lib/logger' or its corresponding type declarations.
apps/web/src/api/adoption-api.ts(7,27): error TS2307: Cannot find module '@/lib/api-client' or its corresponding type declarations.
apps/web/src/api/adoption-api.ts(8,27): error TS2307: Cannot find module '@/lib/endpoints' or its corresponding type declarations.
apps/web/src/api/adoption-api.ts(9,68): error TS2307: Cannot find module '@/lib/adoption-types' or its corresponding type declarations.
apps/web/src/api/adoption-api.ts(10,30): error TS2307: Cannot find module '@/lib/logger' or its corresponding type declarations.
apps/web/src/api/analytics-api.ts(7,27): error TS2307: Cannot find module '@/lib/api-client' or its corresponding type declarations.
apps/web/src/api/analytics-api.ts(13,8): error TS2307: Cannot find module '@/lib/advanced-analytics' or its corresponding type declarations.
apps/web/src/api/analytics-api.ts(14,30): error TS2307: Cannot find module '@/lib/logger' or its corresponding type declarations.
apps/web/src/api/api-config-api.ts(7,27): error TS2307: Cannot find module '@/lib/api-client' or its corresponding type declarations.
apps/web/src/api/api-config-api.ts(8,32): error TS2307: Cannot find module '@/components/admin/APIConfigView' or its corresponding type declarations.
apps/web/src/api/api-config-api.ts(9,30): error TS2307: Cannot find module '@/lib/logger' or its corresponding type declarations.
apps/web/src/api/chat-api.ts(7,27): error TS2307: Cannot find module '@/lib/api-client' or its corresponding type declarations.
apps/web/src/api/chat-api.ts(8,27): error TS2307: Cannot find module '@/lib/endpoints' or its corresponding type declarations.
apps/web/src/api/chat-api.ts(9,57): error TS2307: Cannot find module '@/lib/chat-types' or its corresponding type declarations.
apps/web/src/api/chat-api.ts(10,30): error TS2307: Cannot find module '@/lib/logger' or its corresponding type declarations.
apps/web/src/api/community-api-client.ts(7,27): error TS2307: Cannot find module '@/lib/api-client' or its corresponding type declarations.
apps/web/src/api/community-api-client.ts(8,27): error TS2307: Cannot find module '@/lib/endpoints' or its corresponding type declarations.
apps/web/src/api/community-api-client.ts(23,8): error TS2307: Cannot find module '@/lib/community-types' or its corresponding type declarations.
apps/web/src/api/community-api-client.ts(24,30): error TS2307: Cannot find module '@/lib/logger' or its corresponding type declarations.
apps/web/src/api/community-api.ts(1,33): error TS2307: Cannot find module '@/core/domain/community' or its corresponding type declarations.
apps/web/src/api/community-api.ts(2,65): error TS2307: Cannot find module '@/core/domain/community' or its corresponding type declarations.
apps/web/src/api/community-api.ts(3,27): error TS2307: Cannot find module '@/lib/api-client' or its corresponding type declarations.
apps/web/src/api/community-api.ts(12,8): error TS2307: Cannot find module '@/lib/community-types' or its corresponding type declarations.
apps/web/src/api/community-api.ts(13,29): error TS2307: Cannot find module '@/lib/contracts' or its corresponding type declarations.
apps/web/src/api/community-api.ts(14,27): error TS2307: Cannot find module '@/lib/endpoints' or its corresponding type declarations.
apps/web/src/api/community-api.ts(15,30): error TS2307: Cannot find module '@/lib/logger' or its corresponding type declarations.
apps/web/src/api/community-api.ts(16,34): error TS2307: Cannot find module '@/lib/rate-limiting' or its corresponding type declarations.
apps/web/src/api/feature-flags-api.ts(7,27): error TS2307: Cannot find module '@/lib/api-client' or its corresponding type declarations.
apps/web/src/api/feature-flags-api.ts(8,73): error TS2307: Cannot find module '@/lib/feature-flags' or its corresponding type declarations.
apps/web/src/api/feature-flags-api.ts(9,30): error TS2307: Cannot find module '@/lib/logger' or its corresponding type declarations.
apps/web/src/api/image-upload-api.ts(7,27): error TS2307: Cannot find module '@/lib/api-client' or its corresponding type declarations.
apps/web/src/api/image-upload-api.ts(8,30): error TS2307: Cannot find module '@/lib/logger' or its corresponding type declarations.
apps/web/src/api/index.ts(35,8): error TS2307: Cannot find module '@/lib/adoption-marketplace-types' or its corresponding type declarations.
apps/web/src/api/index.ts(37,38): error TS2307: Cannot find module '@/core/domain/lost-found' or its corresponding type declarations.
apps/web/src/api/index.ts(44,8): error TS2307: Cannot find module '@/lib/lost-found-types' or its corresponding type declarations.
apps/web/src/api/index.ts(46,48): error TS2307: Cannot find module '@/core/domain/community' or its corresponding type declarations.
apps/web/src/api/index.ts(59,8): error TS2307: Cannot find module '@/lib/community-types' or its corresponding type declarations.
apps/web/src/api/index.ts(70,8): error TS2307: Cannot find module '@/lib/live-streaming-types' or its corresponding type declarations.
apps/web/src/api/kyc-api.ts(7,27): error TS2307: Cannot find module '@/lib/api-client' or its corresponding type declarations.
apps/web/src/api/kyc-api.ts(8,27): error TS2307: Cannot find module '@/lib/endpoints' or its corresponding type declarations.
apps/web/src/api/kyc-api.ts(15,8): error TS2307: Cannot find module '@/lib/kyc-types' or its corresponding type declarations.
apps/web/src/api/kyc-api.ts(16,30): error TS2307: Cannot find module '@/lib/logger' or its corresponding type declarations.
apps/web/src/api/live-streaming-api.ts(1,57): error TS2307: Cannot find module '@/core/services/token-signing' or its corresponding type declarations.
apps/web/src/api/live-streaming-api.ts(2,27): error TS2307: Cannot find module '@/lib/api-client' or its corresponding type declarations.
apps/web/src/api/live-streaming-api.ts(3,27): error TS2307: Cannot find module '@/lib/endpoints' or its corresponding type declarations.
apps/web/src/api/live-streaming-api.ts(11,8): error TS2307: Cannot find module '@/lib/live-streaming-types' or its corresponding type declarations.
apps/web/src/api/live-streaming-api.ts(12,30): error TS2307: Cannot find module '@/lib/logger' or its corresponding type declarations.
apps/web/src/api/live-streaming-api.ts(13,26): error TS2307: Cannot find module '@/lib/realtime' or its corresponding type declarations.
apps/web/src/api/llm-api.ts(7,27): error TS2307: Cannot find module '@/lib/api-client' or its corresponding type declarations.
apps/web/src/api/llm-api.ts(8,30): error TS2307: Cannot find module '@/lib/logger' or its corresponding type declarations.
apps/web/src/api/lost-found-api.ts(1,38): error TS2307: Cannot find module '@/core/domain/lost-found' or its corresponding type declarations.
apps/web/src/api/lost-found-api.ts(2,71): error TS2307: Cannot find module '@/core/domain/lost-found' or its corresponding type declarations.
apps/web/src/api/lost-found-api.ts(3,27): error TS2307: Cannot find module '@/lib/api-client' or its corresponding type declarations.
apps/web/src/api/lost-found-api.ts(4,27): error TS2307: Cannot find module '@/lib/endpoints' or its corresponding type declarations.
apps/web/src/api/lost-found-api.ts(5,30): error TS2307: Cannot find module '@/lib/logger' or its corresponding type declarations.
apps/web/src/api/lost-found-api.ts(12,8): error TS2307: Cannot find module '@/lib/lost-found-types' or its corresponding type declarations.
apps/web/src/api/lost-found-api.ts(13,38): error TS2307: Cannot find module '@/lib/notifications-service' or its corresponding type declarations.
apps/web/src/api/matching-api-strict.ts(17,75): error TS2307: Cannot find module '@/api/types' or its corresponding type declarations.
apps/web/src/api/matching-api-strict.ts(18,39): error TS2307: Cannot find module '@/core/domain/pet-model' or its corresponding type declarations.
apps/web/src/api/matching-api-strict.ts(19,37): error TS2307: Cannot find module '@/core/domain/matching-config' or its corresponding type declarations.
apps/web/src/api/matching-api-strict.ts(20,27): error TS2307: Cannot find module '@/lib/api-client' or its corresponding type declarations.
apps/web/src/api/matching-api-strict.ts(21,27): error TS2307: Cannot find module '@/lib/endpoints' or its corresponding type declarations.
apps/web/src/api/matching-api-strict.ts(22,30): error TS2307: Cannot find module '@/lib/logger' or its corresponding type declarations.
apps/web/src/api/matching-api.ts(1,64): error TS2307: Cannot find module '@/core/domain/pet-model' or its corresponding type declarations.
apps/web/src/api/matching-api.ts(2,49): error TS2307: Cannot find module '@/core/domain/matching-engine' or its corresponding type declarations.
apps/web/src/api/matching-api.ts(3,37): error TS2307: Cannot find module '@/core/domain/matching-config' or its corresponding type declarations.
apps/web/src/api/matching-api.ts(4,62): error TS2307: Cannot find module '@/core/domain/matching-config' or its corresponding type declarations.
apps/web/src/api/matching-api.ts(5,27): error TS2307: Cannot find module '@/lib/api-client' or its corresponding type declarations.
apps/web/src/api/matching-api.ts(6,27): error TS2307: Cannot find module '@/lib/endpoints' or its corresponding type declarations.
apps/web/src/api/matching-api.ts(7,35): error TS2307: Cannot find module '@/lib/realtime-events' or its corresponding type declarations.
apps/web/src/api/matching-api.ts(8,75): error TS2307: Cannot find module '@/api/types' or its corresponding type declarations.
apps/web/src/api/matching-api.ts(9,30): error TS2307: Cannot find module '@/lib/logger' or its corresponding type declarations.
apps/web/src/api/notifications-api.ts(7,27): error TS2307: Cannot find module '@/lib/api-client' or its corresponding type declarations.
apps/web/src/api/notifications-api.ts(8,27): error TS2307: Cannot find module '@/lib/endpoints' or its corresponding type declarations.
apps/web/src/api/notifications-api.ts(9,30): error TS2307: Cannot find module '@/lib/logger' or its corresponding type declarations.
apps/web/src/api/payments-api.ts(7,35): error TS2307: Cannot find module '@/core/domain/business' or its corresponding type declarations.
apps/web/src/api/payments-api.ts(8,27): error TS2307: Cannot find module '@/lib/api-client' or its corresponding type declarations.
apps/web/src/api/payments-api.ts(9,27): error TS2307: Cannot find module '@/lib/endpoints' or its corresponding type declarations.
apps/web/src/api/payments-api.ts(10,30): error TS2307: Cannot find module '@/lib/logger' or its corresponding type declarations.
apps/web/src/api/payments-api.ts(20,8): error TS2307: Cannot find module '@/lib/payments-types' or its corresponding type declarations.
apps/web/src/api/photo-moderation-api.ts(13,8): error TS2307: Cannot find module '@/core/domain/photo-moderation' or its corresponding type declarations.
apps/web/src/api/photo-moderation-api.ts(14,57): error TS2307: Cannot find module '@/core/domain/photo-moderation' or its corresponding type declarations.
apps/web/src/api/photo-moderation-api.ts(15,38): error TS2307: Cannot find module '@/core/services/photo-moderation-audit' or its corresponding type declarations.
apps/web/src/api/photo-moderation-api.ts(16,39): error TS2307: Cannot find module '@/core/services/photo-moderation-events' or its corresponding type declarations.
apps/web/src/api/photo-moderation-api.ts(17,38): error TS2307: Cannot find module '@/core/services/photo-moderation-queue' or its corresponding type declarations.
apps/web/src/api/photo-moderation-api.ts(18,40): error TS2307: Cannot find module '@/core/services/photo-moderation-storage' or its corresponding type declarations.
apps/web/src/api/photo-moderation-api.ts(19,38): error TS2307: Cannot find module '@/core/services/photo-scanning' or its corresponding type declarations.
apps/web/src/api/photo-moderation-api.ts(20,30): error TS2307: Cannot find module '@/lib/kyc-service' or its corresponding type declarations.
apps/web/src/api/photo-moderation-api.ts(21,30): error TS2307: Cannot find module '@/lib/logger' or its corresponding type declarations.
apps/web/src/api/photo-moderation-api.ts(22,40): error TS2307: Cannot find module '@/types/optional-with-undef' or its corresponding type declarations.
apps/web/src/api/photo-moderation-api.ts(169,33): error TS2339: Property 'status' does not exist on type 'UpdatePhotoModerationStatusRequest'.
apps/web/src/api/photo-moderation-api.ts(185,19): error TS2339: Property 'rejectionReason' does not exist on type 'UpdatePhotoModerationStatusRequest'.
apps/web/src/api/photo-moderation-api.ts(186,46): error TS2339: Property 'rejectionReason' does not exist on type 'UpdatePhotoModerationStatusRequest'.
apps/web/src/api/photo-moderation-api.ts(201,19): error TS2339: Property 'rejectionReason' does not exist on type 'UpdatePhotoModerationStatusRequest'.
apps/web/src/api/photo-moderation-api.ts(202,49): error TS2339: Property 'rejectionReason' does not exist on type 'UpdatePhotoModerationStatusRequest'.
apps/web/src/api/photo-moderation-api.ts(236,36): error TS2339: Property 'rejectionReason' does not exist on type 'UpdatePhotoModerationStatusRequest'.
apps/web/src/api/rate-limiting-api.ts(7,27): error TS2307: Cannot find module '@/lib/api-client' or its corresponding type declarations.
apps/web/src/api/rate-limiting-api.ts(8,30): error TS2307: Cannot find module '@/lib/logger' or its corresponding type declarations.
apps/web/src/api/streaming-api.ts(7,27): error TS2307: Cannot find module '@/lib/api-client' or its corresponding type declarations.
apps/web/src/api/streaming-api.ts(8,30): error TS2307: Cannot find module '@/lib/logger' or its corresponding type declarations.
apps/web/src/api/support-api.ts(7,27): error TS2307: Cannot find module '@/lib/api-client' or its corresponding type declarations.
apps/web/src/api/support-api.ts(8,27): error TS2307: Cannot find module '@/lib/endpoints' or its corresponding type declarations.
apps/web/src/api/support-api.ts(9,30): error TS2307: Cannot find module '@/lib/logger' or its corresponding type declarations.
apps/web/src/api/support-api.ts(18,8): error TS2307: Cannot find module '@/lib/support-types' or its corresponding type declarations.
apps/web/src/api/support-api.ts(44,32): error TS7006: Parameter 's' implicitly has an 'any' type.
apps/web/src/api/support-api.ts(47,34): error TS7006: Parameter 'p' implicitly has an 'any' type.
apps/web/src/api/support-api.ts(56,30): error TS7006: Parameter 't' implicitly has an 'any' type.
apps/web/src/api/support-api.ts(178,35): error TS7006: Parameter 'file' implicitly has an 'any' type.
apps/web/src/api/support-api.ts(178,41): error TS7006: Parameter 'index' implicitly has an 'any' type.
apps/web/src/api/types.ts(10,40): error TS2307: Cannot find module '@/types/optional-with-undef' or its corresponding type declarations.
apps/web/src/api/types.ts(11,48): error TS2307: Cannot find module '@/lib/adoption-marketplace-types' or its corresponding type declarations.
apps/web/src/api/types.ts(12,39): error TS2307: Cannot find module '@/core/domain/pet-model' or its corresponding type declarations.
apps/web/src/api/types.ts(13,37): error TS2307: Cannot find module '@/core/domain/matching-config' or its corresponding type declarations.
apps/web/src/api/types.ts(14,27): error TS2307: Cannot find module '@/lib/community-types' or its corresponding type declarations.
apps/web/src/api/verification-api.ts(7,27): error TS2307: Cannot find module '@/lib/api-client' or its corresponding type declarations.
apps/web/src/api/verification-api.ts(8,30): error TS2307: Cannot find module '@/lib/logger' or its corresponding type declarations.
apps/web/src/api/verification-api.ts(9,62): error TS2307: Cannot find module '@/lib/verification-types' or its corresponding type declarations.
apps/web/src/components/AdminConsole.tsx(2,25): error TS2307: Cannot find module '@/components/admin/AdminLayout' or its corresponding type declarations.
apps/web/src/components/AdminConsole.tsx(3,40): error TS2307: Cannot find module '@/components/payments/SubscriptionAdminPanel' or its corresponding type declarations.
apps/web/src/components/AdminConsole.tsx(4,25): error TS2307: Cannot find module '@/components/ui/sonner' or its corresponding type declarations.
apps/web/src/components/AdminConsole.tsx(6,34): error TS2307: Cannot find module '@/core/services/admin-sync-service' or its corresponding type declarations.
apps/web/src/components/AdminConsole.tsx(7,26): error TS2307: Cannot find module '@/lib/realtime' or its corresponding type declarations.
apps/web/src/components/AdminConsole.tsx(33,16): error TS2307: Cannot find module '@/components/admin/AdoptionApplicationReview' or its corresponding type declarations.
apps/web/src/components/AdminConsole.tsx(36,16): error TS2307: Cannot find module '@/components/admin/AdoptionListingReview' or its corresponding type declarations.
apps/web/src/components/AdminConsole.tsx(39,59): error TS2307: Cannot find module '@/components/admin/AdoptionManagement' or its corresponding type declarations.
apps/web/src/components/AdminConsole.tsx(40,54): error TS2307: Cannot find module '@/components/admin/APIConfigView' or its corresponding type declarations.
apps/web/src/components/AdminConsole.tsx(41,53): error TS2307: Cannot find module '@/components/admin/AuditLogView' or its corresponding type declarations.
apps/web/src/components/AdminConsole.tsx(43,16): error TS2307: Cannot find module '@/components/admin/BusinessConfigPanel' or its corresponding type declarations.
apps/web/src/components/AdminConsole.tsx(46,16): error TS2307: Cannot find module '@/components/admin/ChatModerationPanel' or its corresponding type declarations.
apps/web/src/components/AdminConsole.tsx(49,16): error TS2307: Cannot find module '@/components/admin/CommunityManagement' or its corresponding type declarations.
apps/web/src/components/AdminConsole.tsx(52,16): error TS2307: Cannot find module '@/components/admin/ContentModerationQueue' or its corresponding type declarations.
apps/web/src/components/AdminConsole.tsx(55,52): error TS2307: Cannot find module '@/components/admin/ContentView' or its corresponding type declarations.
apps/web/src/components/AdminConsole.tsx(56,54): error TS2307: Cannot find module '@/components/admin/DashboardView' or its corresponding type declarations.
apps/web/src/components/AdminConsole.tsx(58,16): error TS2307: Cannot find module '@/components/admin/KYCManagement' or its corresponding type declarations.
apps/web/src/components/AdminConsole.tsx(62,16): error TS2307: Cannot find module '@/components/admin/LiveStreamManagement' or its corresponding type declarations.
apps/web/src/components/AdminConsole.tsx(66,16): error TS2307: Cannot find module '@/components/admin/LostFoundManagement' or its corresponding type declarations.
apps/web/src/components/AdminConsole.tsx(69,56): error TS2307: Cannot find module '@/components/admin/MapSettingsView' or its corresponding type declarations.
apps/web/src/components/AdminConsole.tsx(71,16): error TS2307: Cannot find module '@/components/admin/ModerationQueue' or its corresponding type declarations.
apps/web/src/components/AdminConsole.tsx(75,16): error TS2307: Cannot find module '@/components/admin/PerformanceMonitoring' or its corresponding type declarations.
apps/web/src/components/AdminConsole.tsx(77,52): error TS2307: Cannot find module '@/components/admin/ReportsView' or its corresponding type declarations.
apps/web/src/components/AdminConsole.tsx(78,53): error TS2307: Cannot find module '@/components/admin/SettingsView' or its corresponding type declarations.
apps/web/src/components/AdminConsole.tsx(79,57): error TS2307: Cannot find module '@/components/admin/SupportChatPanel' or its corresponding type declarations.
apps/web/src/components/AdminConsole.tsx(80,50): error TS2307: Cannot find module '@/components/admin/SystemMap' or its corresponding type declarations.
apps/web/src/components/AdminConsole.tsx(81,50): error TS2307: Cannot find module '@/components/admin/UsersView' or its corresponding type declarations.
apps/web/src/components/AdminConsole.tsx(83,16): error TS2307: Cannot find module '@/components/admin/VerificationReviewDashboard' or its corresponding type declarations.
apps/web/src/components/AdvancedCard.tsx(1,20): error TS2307: Cannot find module '@/lib/utils' or its corresponding type declarations.
apps/web/src/components/AnimatedBackground.tsx(4,30): error TS2307: Cannot find module '@/effects/reanimated/animated-view' or its corresponding type declarations.
apps/web/src/components/AnimatedBackground.tsx(5,37): error TS2307: Cannot find module '@/effects/reanimated/use-floating-particle' or its corresponding type declarations.
apps/web/src/components/AnimatedBackground.tsx(6,38): error TS2307: Cannot find module '@/effects/reanimated/use-gradient-animation' or its corresponding type declarations.
apps/web/src/components/AuthScreen.tsx(3,24): error TS2307: Cannot find module '@/components/ui/button' or its corresponding type declarations.
apps/web/src/components/AuthScreen.tsx(4,24): error TS2307: Cannot find module '@/contexts/AppContext' or its corresponding type declarations.
apps/web/src/components/AuthScreen.tsx(5,25): error TS2307: Cannot find module '@/lib/haptics' or its corresponding type declarations.
apps/web/src/components/AuthScreen.tsx(6,30): error TS2307: Cannot find module '@/effects/reanimated/animated-view' or its corresponding type declarations.
apps/web/src/components/AuthScreen.tsx(7,36): error TS2307: Cannot find module '@/effects/reanimated/use-animate-presence' or its corresponding type declarations.
apps/web/src/components/AuthScreen.tsx(9,36): error TS2307: Cannot find module '@/effects/reanimated/animated-view' or its corresponding type declarations.
apps/web/src/components/BackendDemo.tsx(1,23): error TS2307: Cannot find module '@/components/ui/badge' or its corresponding type declarations.
apps/web/src/components/BackendDemo.tsx(2,24): error TS2307: Cannot find module '@/components/ui/button' or its corresponding type declarations.
apps/web/src/components/BackendDemo.tsx(3,75): error TS2307: Cannot find module '@/components/ui/card' or its corresponding type declarations.
apps/web/src/components/BackendDemo.tsx(4,23): error TS2307: Cannot find module '@/components/ui/input' or its corresponding type declarations.
apps/web/src/components/BackendDemo.tsx(5,23): error TS2307: Cannot find module '@/components/ui/label' or its corresponding type declarations.
apps/web/src/components/BackendDemo.tsx(6,27): error TS2307: Cannot find module '@/components/ui/separator' or its corresponding type declarations.
apps/web/src/components/BackendDemo.tsx(7,25): error TS2307: Cannot find module '@/hooks/useAuth' or its corresponding type declarations.
apps/web/src/components/BackendDemo.tsx(8,39): error TS2307: Cannot find module '@/lib/database' or its corresponding type declarations.
apps/web/src/components/BackendDemo.tsx(9,24): error TS2307: Cannot find module '@/lib/logger' or its corresponding type declarations.
apps/web/src/components/BackendDemo.tsx(190,38): error TS7006: Parameter 'role' implicitly has an 'any' type.
apps/web/src/components/BackendDemo.tsx(269,28): error TS7006: Parameter 'e' implicitly has an 'any' type.
apps/web/src/components/BackendDemo.tsx(279,28): error TS7006: Parameter 'e' implicitly has an 'any' type.
apps/web/src/components/ChatRoomsList.tsx(3,53): error TS2307: Cannot find module '@/components/ui/avatar' or its corresponding type declarations.
apps/web/src/components/ChatRoomsList.tsx(4,31): error TS2307: Cannot find module '@/lib/chat-types' or its corresponding type declarations.
apps/web/src/components/ChatRoomsList.tsx(5,35): error TS2307: Cannot find module '@/lib/chat-utils' or its corresponding type declarations.
apps/web/src/components/ChatRoomsList.tsx(62,72): error TS18046: 'sum' is of type 'unknown'.
apps/web/src/components/ChatRoomsList.tsx(62,78): error TS18046: 'count' is of type 'unknown'.
apps/web/src/components/ChatWindowNew.tsx(1,27): error TS2307: Cannot find module '@/components/call/CallInterface' or its corresponding type declarations.
apps/web/src/components/ChatWindowNew.tsx(2,38): error TS2307: Cannot find module '@/components/call/IncomingCallNotification' or its corresponding type declarations.
apps/web/src/components/ChatWindowNew.tsx(3,27): error TS2307: Cannot find module '@/components/chat/VoiceRecorder' or its corresponding type declarations.
apps/web/src/components/ChatWindowNew.tsx(4,34): error TS2307: Cannot find module '@/components/chat/WebBubbleWrapper' or its corresponding type declarations.
apps/web/src/components/ChatWindowNew.tsx(5,53): error TS2307: Cannot find module '@/components/ui/avatar' or its corresponding type declarations.
apps/web/src/components/ChatWindowNew.tsx(6,24): error TS2307: Cannot find module '@/components/ui/button' or its corresponding type declarations.
apps/web/src/components/ChatWindowNew.tsx(7,23): error TS2307: Cannot find module '@/components/ui/input' or its corresponding type declarations.
apps/web/src/components/ChatWindowNew.tsx(8,57): error TS2307: Cannot find module '@/components/ui/popover' or its corresponding type declarations.
apps/web/src/components/ChatWindowNew.tsx(9,58): error TS2307: Cannot find module '@/components/ui/tabs' or its corresponding type declarations.
apps/web/src/components/ChatWindowNew.tsx(10,34): error TS2307: Cannot find module '@/hooks/use-typing-manager' or its corresponding type declarations.
apps/web/src/components/ChatWindowNew.tsx(11,25): error TS2307: Cannot find module '@/hooks/useCall' or its corresponding type declarations.
apps/web/src/components/ChatWindowNew.tsx(12,33): error TS2307: Cannot find module '@/hooks/useChatMessages' or its corresponding type declarations.
apps/web/src/components/ChatWindowNew.tsx(13,34): error TS2307: Cannot find module '@/hooks/api/use-chat' or its corresponding type declarations.
apps/web/src/components/ChatWindowNew.tsx(14,32): error TS2307: Cannot find module '@/lib/feature-flags' or its corresponding type declarations.
apps/web/src/components/ChatWindowNew.tsx(15,36): error TS2307: Cannot find module '@/components/chat/window/VirtualMessageList' or its corresponding type declarations.
apps/web/src/components/ChatWindowNew.tsx(20,8): error TS2307: Cannot find module '@/components/chat/window/LiveRegions' or its corresponding type declarations.
apps/web/src/components/ChatWindowNew.tsx(21,75): error TS2307: Cannot find module '@/lib/chat-types' or its corresponding type declarations.
apps/web/src/components/ChatWindowNew.tsx(22,52): error TS2307: Cannot find module '@/lib/chat-types' or its corresponding type declarations.
apps/web/src/components/ChatWindowNew.tsx(28,8): error TS2307: Cannot find module '@/lib/chat-utils' or its corresponding type declarations.
apps/web/src/components/ChatWindowNew.tsx(29,25): error TS2307: Cannot find module '@/lib/haptics' or its corresponding type declarations.
apps/web/src/components/ChatWindowNew.tsx(30,26): error TS2307: Cannot find module '@/lib/realtime' or its corresponding type declarations.
apps/web/src/components/ChatWindowNew.tsx(50,30): error TS2307: Cannot find module '@/effects/reanimated/animated-view' or its corresponding type declarations.
apps/web/src/components/ChatWindowNew.tsx(51,36): error TS2307: Cannot find module '@/effects/reanimated/use-animate-presence' or its corresponding type declarations.
apps/web/src/components/ChatWindowNew.tsx(52,30): error TS2307: Cannot find module '@/effects/reanimated/use-hover-lift' or its corresponding type declarations.
apps/web/src/components/ChatWindowNew.tsx(53,32): error TS2307: Cannot find module '@/effects/reanimated/use-bounce-on-tap' or its corresponding type declarations.
apps/web/src/components/ChatWindowNew.tsx(62,36): error TS2307: Cannot find module '@/effects/reanimated/animated-view' or its corresponding type declarations.
apps/web/src/components/ChatWindowNew.tsx(387,51): error TS7006: Parameter 'u' implicitly has an 'any' type.
apps/web/src/components/ChatWindowNew.tsx(615,43): error TS7006: Parameter 'value' implicitly has an 'any' type.
apps/web/src/components/ChatWindowNew.tsx(615,50): error TS7006: Parameter 'i' implicitly has an 'any' type.
apps/web/src/components/ChatWindowNew.tsx(635,46): error TS7006: Parameter 'open' implicitly has an 'any' type.
apps/web/src/components/ChatWindowNew.tsx(653,69): error TS7006: Parameter 'emoji' implicitly has an 'any' type.
apps/web/src/components/ChatWindowNew.tsx(767,55): error TS7006: Parameter 'template' implicitly has an 'any' type.
apps/web/src/components/ChatWindowNew.tsx(830,45): error TS7006: Parameter 'sticker' implicitly has an 'any' type.
apps/web/src/components/ChatWindowNew.tsx(859,47): error TS7006: Parameter 'emoji' implicitly has an 'any' type.
apps/web/src/components/ChatWindowNew.tsx(891,30): error TS7006: Parameter 'e' implicitly has an 'any' type.
apps/web/src/components/CompatibilityBreakdown.tsx(2,43): error TS2307: Cannot find module '@/lib/types' or its corresponding type declarations.
apps/web/src/components/CreatePetDialog.tsx(2,28): error TS2307: Cannot find module '@/hooks/use-storage' or its corresponding type declarations.
apps/web/src/components/CreatePetDialog.tsx(16,30): error TS2307: Cannot find module '@/effects/reanimated/animated-view' or its corresponding type declarations.
apps/web/src/components/CreatePetDialog.tsx(17,36): error TS2307: Cannot find module '@/effects/reanimated/use-animate-presence' or its corresponding type declarations.
apps/web/src/components/CreatePetDialog.tsx(18,30): error TS2307: Cannot find module '@/effects/reanimated/use-hover-lift' or its corresponding type declarations.
apps/web/src/components/CreatePetDialog.tsx(19,32): error TS2307: Cannot find module '@/effects/reanimated/use-bounce-on-tap' or its corresponding type declarations.
apps/web/src/components/CreatePetDialog.tsx(28,36): error TS2307: Cannot find module '@/effects/reanimated/animated-view' or its corresponding type declarations.
apps/web/src/components/CreatePetDialog.tsx(29,24): error TS2307: Cannot find module '@/components/ui/button' or its corresponding type declarations.
apps/web/src/components/CreatePetDialog.tsx(30,66): error TS2307: Cannot find module '@/components/ui/dialog' or its corresponding type declarations.
apps/web/src/components/CreatePetDialog.tsx(31,23): error TS2307: Cannot find module '@/components/ui/input' or its corresponding type declarations.
apps/web/src/components/CreatePetDialog.tsx(32,23): error TS2307: Cannot find module '@/components/ui/label' or its corresponding type declarations.
apps/web/src/components/CreatePetDialog.tsx(33,26): error TS2307: Cannot find module '@/components/ui/textarea' or its corresponding type declarations.
apps/web/src/components/CreatePetDialog.tsx(34,23): error TS2307: Cannot find module '@/components/ui/badge' or its corresponding type declarations.
apps/web/src/components/CreatePetDialog.tsx(36,26): error TS2307: Cannot find module '@/lib/types' or its corresponding type declarations.
apps/web/src/components/CreatePetDialog.tsx(41,8): error TS2307: Cannot find module '@/lib/pet-profile-templates' or its corresponding type declarations.
apps/web/src/components/CreatePetDialog.tsx(45,10): error TS2307: Cannot find module '@/components/PetPhotoAnalyzer' or its corresponding type declarations.
apps/web/src/components/CreatePetDialog.tsx(499,20): error TS7006: Parameter 'current' implicitly has an 'any' type.
apps/web/src/components/CreatePetDialog.tsx(499,53): error TS7006: Parameter 'p' implicitly has an 'any' type.
apps/web/src/components/CreatePetDialog.tsx(500,19): error TS7006: Parameter 'current' implicitly has an 'any' type.
apps/web/src/components/CreatePetDialog.tsx(500,52): error TS7006: Parameter 'p' implicitly has an 'any' type.
apps/web/src/components/CreatePetDialog.tsx(506,20): error TS7006: Parameter 'current' implicitly has an 'any' type.
apps/web/src/components/CreatePetDialog.tsx(507,19): error TS7006: Parameter 'current' implicitly has an 'any' type.
apps/web/src/components/CreatePetDialog.tsx(584,31): error TS7006: Parameter 'template' implicitly has an 'any' type.
apps/web/src/components/CreatePetDialog.tsx(613,73): error TS7006: Parameter 'trait' implicitly has an 'any' type.
apps/web/src/components/CreatePetDialog.tsx(653,30): error TS7006: Parameter 'e' implicitly has an 'any' type.
apps/web/src/components/CreatePetDialog.tsx(664,30): error TS7006: Parameter 'e' implicitly has an 'any' type.
apps/web/src/components/CreatePetDialog.tsx(677,30): error TS7006: Parameter 'e' implicitly has an 'any' type.
apps/web/src/components/CreatePetDialog.tsx(747,30): error TS7006: Parameter 'e' implicitly has an 'any' type.
apps/web/src/components/CreatePetDialog.tsx(773,17): error TS2322: Type '{ onAnalysisComplete: (result: any) => void; }' is not assignable to type 'IntrinsicAttributes'.
  Property 'onAnalysisComplete' does not exist on type 'IntrinsicAttributes'.
apps/web/src/components/CreatePetDialog.tsx(773,38): error TS7006: Parameter 'result' implicitly has an 'any' type.
apps/web/src/components/CreatePetDialog.tsx(787,28): error TS7006: Parameter 'e' implicitly has an 'any' type.
apps/web/src/components/CreatePetDialog.tsx(805,28): error TS7006: Parameter 'e' implicitly has an 'any' type.
apps/web/src/components/CreatePetDialog.tsx(824,16): error TS2532: Object is possibly 'undefined'.
apps/web/src/components/CreatePetDialog.tsx(854,20): error TS2532: Object is possibly 'undefined'.
apps/web/src/components/CreatePetDialog.tsx(872,20): error TS2532: Object is possibly 'undefined'.
apps/web/src/components/DiscoverMapMode.tsx(3,24): error TS2307: Cannot find module '@/components/ui/button' or its corresponding type declarations.
apps/web/src/components/DiscoverMapMode.tsx(4,23): error TS2307: Cannot find module '@/components/ui/badge' or its corresponding type declarations.
apps/web/src/components/DiscoverMapMode.tsx(5,24): error TS2307: Cannot find module '@/contexts/AppContext' or its corresponding type declarations.
apps/web/src/components/DiscoverMapMode.tsx(6,25): error TS2307: Cannot find module '@/lib/haptics' or its corresponding type declarations.
apps/web/src/components/DiscoverMapMode.tsx(7,26): error TS2307: Cannot find module '@/lib/types' or its corresponding type declarations.
apps/web/src/components/DiscoverMapMode.tsx(8,67): error TS2307: Cannot find module '@/lib/maps/utils' or its corresponding type declarations.
apps/web/src/components/DiscoverMapMode.tsx(9,31): error TS2307: Cannot find module '@/lib/maps/types' or its corresponding type declarations.
apps/web/src/components/DiscoverMapMode.tsx(10,29): error TS2307: Cannot find module '@/components/PetDetailDialog' or its corresponding type declarations.
apps/web/src/components/DiscoverMapMode.tsx(11,40): error TS2307: Cannot find module '@/lib/matching' or its corresponding type declarations.
apps/web/src/components/DiscoverMapMode.tsx(12,30): error TS2307: Cannot find module '@/lib/maps/useMapConfig' or its corresponding type declarations.
apps/web/src/components/DiscoverMapMode.tsx(13,25): error TS2307: Cannot find module '@/components/maps/MapLibreMap' or its corresponding type declarations.
apps/web/src/components/DiscoverMapMode.tsx(14,32): error TS2307: Cannot find module '@/lib/maps/useMapLibreMap' or its corresponding type declarations.
apps/web/src/components/DiscoverMapMode.tsx(15,30): error TS2307: Cannot find module '@/effects/reanimated/animated-view' or its corresponding type declarations.
apps/web/src/components/DiscoverMapMode.tsx(16,36): error TS2307: Cannot find module '@/effects/reanimated/use-animate-presence' or its corresponding type declarations.
apps/web/src/components/DiscoverMapMode.tsx(40,14): error TS7006: Parameter 'location' implicitly has an 'any' type.
apps/web/src/components/DiscoverMapMode.tsx(181,47): error TS7006: Parameter 'trait' implicitly has an 'any' type.
apps/web/src/components/DiscoveryFilters.tsx(2,28): error TS2307: Cannot find module '@/hooks/use-storage' or its corresponding type declarations.
apps/web/src/components/DiscoveryFilters.tsx(14,24): error TS2307: Cannot find module '@/components/ui/button' or its corresponding type declarations.
apps/web/src/components/DiscoveryFilters.tsx(15,30): error TS2307: Cannot find module '@/effects/reanimated/animated-view' or its corresponding type declarations.
apps/web/src/components/DiscoveryFilters.tsx(16,29): error TS2307: Cannot find module '@/effects/reanimated/use-hover-tap' or its corresponding type declarations.
apps/web/src/components/DiscoveryFilters.tsx(24,76): error TS2307: Cannot find module '@/components/ui/sheet' or its corresponding type declarations.
apps/web/src/components/DiscoveryFilters.tsx(25,23): error TS2307: Cannot find module '@/components/ui/label' or its corresponding type declarations.
apps/web/src/components/DiscoveryFilters.tsx(26,24): error TS2307: Cannot find module '@/components/ui/slider' or its corresponding type declarations.
apps/web/src/components/DiscoveryFilters.tsx(27,23): error TS2307: Cannot find module '@/components/ui/badge' or its corresponding type declarations.
apps/web/src/components/DiscoveryFilters.tsx(28,28): error TS2307: Cannot find module '@/components/ui/scroll-area' or its corresponding type declarations.
apps/web/src/components/DiscoveryFilters.tsx(29,27): error TS2307: Cannot find module '@/components/ui/separator' or its corresponding type declarations.
apps/web/src/components/DiscoveryFilters.tsx(30,24): error TS2307: Cannot find module '@/components/ui/switch' or its corresponding type declarations.
apps/web/src/components/DiscoveryFilters.tsx(31,58): error TS2307: Cannot find module '@/components/ui/tabs' or its corresponding type declarations.
apps/web/src/components/DiscoveryFilters.tsx(149,17): error TS2307: Cannot find module '@/effects/reanimated/animated-view' or its corresponding type declarations.
apps/web/src/components/DiscoveryFilters.tsx(155,17): error TS2307: Cannot find module '@/effects/reanimated/animated-view' or its corresponding type declarations.
apps/web/src/components/DiscoveryFilters.tsx(233,30): error TS7006: Parameter 's' implicitly has an 'any' type.
apps/web/src/components/DiscoveryFilters.tsx(241,46): error TS7006: Parameter 'p' implicitly has an 'any' type.
apps/web/src/components/DiscoveryFilters.tsx(249,38): error TS7006: Parameter 'i' implicitly has an 'any' type.
apps/web/src/components/DiscoveryFilters.tsx(257,40): error TS7006: Parameter 'g' implicitly has an 'any' type.
apps/web/src/components/DiscoveryFilters.tsx(264,21): error TS7006: Parameter 'current' implicitly has an 'any' type.
apps/web/src/components/DiscoveryFilters.tsx(366,41): error TS7006: Parameter 'value' implicitly has an 'any' type.
apps/web/src/components/DiscoveryFilters.tsx(379,41): error TS7006: Parameter 'value' implicitly has an 'any' type.
apps/web/src/components/DiscoveryFilters.tsx(417,37): error TS7006: Parameter 'value' implicitly has an 'any' type.
apps/web/src/components/DiscoveryFilters.tsx(533,37): error TS7006: Parameter 'value' implicitly has an 'any' type.
apps/web/src/components/DiscoveryFilters.tsx(651,41): error TS7006: Parameter 'checked' implicitly has an 'any' type.
apps/web/src/components/DiscoveryFilters.tsx(674,37): error TS7006: Parameter 'value' implicitly has an 'any' type.
apps/web/src/components/DismissibleOverlay.tsx(4,24): error TS2307: Cannot find module '@/components/ui/button' or its corresponding type declarations.
apps/web/src/components/DismissibleOverlay.tsx(5,20): error TS2307: Cannot find module '@/lib/utils' or its corresponding type declarations.
apps/web/src/components/DismissibleOverlay.tsx(6,30): error TS2307: Cannot find module '@/effects/reanimated/animated-view' or its corresponding type declarations.
apps/web/src/components/DismissibleOverlay.tsx(7,36): error TS2307: Cannot find module '@/effects/reanimated/use-animate-presence' or its corresponding type declarations.
apps/web/src/components/DismissibleOverlay.tsx(97,7): error TS2722: Cannot invoke an object which is possibly 'undefined'.
apps/web/src/components/DismissibleOverlay.tsx(106,7): error TS2722: Cannot invoke an object which is possibly 'undefined'.
apps/web/src/components/DismissibleOverlay.tsx(128,7): error TS2722: Cannot invoke an object which is possibly 'undefined'.
apps/web/src/components/DismissibleOverlay.tsx(132,9): error TS2722: Cannot invoke an object which is possibly 'undefined'.
apps/web/src/components/DismissibleOverlay.tsx(133,9): error TS2722: Cannot invoke an object which is possibly 'undefined'.
apps/web/src/components/DismissibleOverlay.tsx(134,9): error TS2722: Cannot invoke an object which is possibly 'undefined'.
apps/web/src/components/DismissibleOverlay.tsx(144,7): error TS2722: Cannot invoke an object which is possibly 'undefined'.
apps/web/src/components/DismissibleOverlay.tsx(145,7): error TS2722: Cannot invoke an object which is possibly 'undefined'.
apps/web/src/components/EnhancedCard.tsx(1,22): error TS2307: Cannot find module '@/components/ui/card' or its corresponding type declarations.
apps/web/src/components/EnhancedCard.tsx(2,20): error TS2307: Cannot find module '@/lib/utils' or its corresponding type declarations.
apps/web/src/components/EnhancedErrorBoundary.tsx(1,24): error TS2307: Cannot find module '@/components/ui/button' or its corresponding type declarations.
apps/web/src/components/EnhancedErrorBoundary.tsx(2,22): error TS2307: Cannot find module '@/components/ui/card' or its corresponding type declarations.
apps/web/src/components/EnhancedErrorBoundary.tsx(3,30): error TS2307: Cannot find module '@/lib/logger' or its corresponding type declarations.
apps/web/src/components/GenerateProfilesButton.tsx(2,28): error TS2307: Cannot find module '@/hooks/use-storage' or its corresponding type declarations.
apps/web/src/components/GenerateProfilesButton.tsx(3,24): error TS2307: Cannot find module '@/components/ui/button' or its corresponding type declarations.
apps/web/src/components/GenerateProfilesButton.tsx(6,36): error TS2307: Cannot find module '@/lib/seedData' or its corresponding type declarations.
apps/web/src/components/GenerateProfilesButton.tsx(7,26): error TS2307: Cannot find module '@/lib/types' or its corresponding type declarations.
apps/web/src/components/GenerateProfilesButton.tsx(8,25): error TS2307: Cannot find module '@/lib/haptics' or its corresponding type declarations.
apps/web/src/components/GenerateProfilesButton.tsx(9,30): error TS2307: Cannot find module '@/lib/logger' or its corresponding type declarations.
apps/web/src/components/GenerateProfilesButton.tsx(10,30): error TS2307: Cannot find module '@/effects/reanimated/animated-view' or its corresponding type declarations.
apps/web/src/components/GenerateProfilesButton.tsx(11,29): error TS2307: Cannot find module '@/effects/reanimated/use-hover-tap' or its corresponding type declarations.
apps/web/src/components/GenerateProfilesButton.tsx(34,17): error TS2307: Cannot find module '@/effects/reanimated/animated-view' or its corresponding type declarations.
apps/web/src/components/GenerateProfilesButton.tsx(38,17): error TS2307: Cannot find module '@/effects/reanimated/animated-view' or its corresponding type declarations.
apps/web/src/components/GenerateProfilesButton.tsx(58,19): error TS7006: Parameter 'current' implicitly has an 'any' type.
apps/web/src/components/GlassCard.tsx(1,20): error TS2307: Cannot find module '@/lib/utils' or its corresponding type declarations.
apps/web/src/components/LoadingState.tsx(3,30): error TS2307: Cannot find module '@/effects/reanimated/animated-view' or its corresponding type declarations.
apps/web/src/components/LoadingState.tsx(11,36): error TS2307: Cannot find module '@/effects/reanimated/animated-view' or its corresponding type declarations.
apps/web/src/components/MatchCelebration.tsx(2,30): error TS2307: Cannot find module '@/effects/reanimated/animated-view' or its corresponding type declarations.
apps/web/src/components/MatchCelebration.tsx(3,36): error TS2307: Cannot find module '@/effects/reanimated/use-animate-presence' or its corresponding type declarations.
apps/web/src/components/MatchCelebration.tsx(12,3): error TS6133: 'interpolate' is declared but its value is never read.
apps/web/src/components/MatchCelebration.tsx(13,3): error TS6133: 'Extrapolation' is declared but its value is never read.
apps/web/src/components/MatchCelebration.tsx(15,36): error TS2307: Cannot find module '@/effects/reanimated/animated-view' or its corresponding type declarations.
apps/web/src/components/OptimizedImage.tsx(2,20): error TS2307: Cannot find module '@/lib/utils' or its corresponding type declarations.
apps/web/src/components/OptimizedImage.tsx(3,44): error TS2307: Cannot find module '@/lib/image-loader' or its corresponding type declarations.
apps/web/src/components/OptimizedImage.tsx(59,28): error TS7006: Parameter 'avifSupported' implicitly has an 'any' type.
apps/web/src/components/PetDetailDialog.tsx(1,28): error TS2307: Cannot find module '@/components/PetRatings' or its corresponding type declarations.
apps/web/src/components/PetDetailDialog.tsx(2,29): error TS2307: Cannot find module '@/components/TrustBadges' or its corresponding type declarations.
apps/web/src/components/PetDetailDialog.tsx(3,53): error TS2307: Cannot find module '@/components/ui/avatar' or its corresponding type declarations.
apps/web/src/components/PetDetailDialog.tsx(4,23): error TS2307: Cannot find module '@/components/ui/badge' or its corresponding type declarations.
apps/web/src/components/PetDetailDialog.tsx(5,39): error TS2307: Cannot find module '@/components/ui/dialog' or its corresponding type declarations.
apps/web/src/components/PetDetailDialog.tsx(6,27): error TS2307: Cannot find module '@/components/ui/separator' or its corresponding type declarations.
apps/web/src/components/PetDetailDialog.tsx(7,34): error TS2307: Cannot find module '@/hooks/usePhotoCarousel' or its corresponding type declarations.
apps/web/src/components/PetDetailDialog.tsx(8,25): error TS2307: Cannot find module '@/lib/haptics' or its corresponding type declarations.
apps/web/src/components/PetDetailDialog.tsx(9,26): error TS2307: Cannot find module '@/lib/types' or its corresponding type declarations.
apps/web/src/components/PetDetailDialog.tsx(26,30): error TS2307: Cannot find module '@/effects/reanimated/animated-view' or its corresponding type declarations.
apps/web/src/components/PetDetailDialog.tsx(27,36): error TS2307: Cannot find module '@/effects/reanimated/use-animate-presence' or its corresponding type declarations.
apps/web/src/components/PetDetailDialog.tsx(28,30): error TS2307: Cannot find module '@/effects/reanimated/use-hover-lift' or its corresponding type declarations.
apps/web/src/components/PetDetailDialog.tsx(29,32): error TS2307: Cannot find module '@/effects/reanimated/use-bounce-on-tap' or its corresponding type declarations.
apps/web/src/components/PetDetailDialog.tsx(31,36): error TS2307: Cannot find module '@/effects/reanimated/animated-view' or its corresponding type declarations.
apps/web/src/components/PetDetailDialog.tsx(157,34): error TS7006: Parameter '_' implicitly has an 'any' type.
apps/web/src/components/PetDetailDialog.tsx(157,37): error TS7006: Parameter 'idx' implicitly has an 'any' type.
apps/web/src/components/PetDetailDialog.tsx(322,49): error TS7006: Parameter 'trait' implicitly has an 'any' type.
apps/web/src/components/PetDetailDialog.tsx(322,56): error TS7006: Parameter 'idx' implicitly has an 'any' type.
apps/web/src/components/PetDetailDialog.tsx(345,45): error TS7006: Parameter 'interest' implicitly has an 'any' type.
apps/web/src/components/PetDetailDialog.tsx(345,55): error TS7006: Parameter 'idx' implicitly has an 'any' type.
apps/web/src/components/PetDetailDialog.tsx(368,46): error TS7006: Parameter 'item' implicitly has an 'any' type.
apps/web/src/components/PetDetailDialog.tsx(368,52): error TS7006: Parameter 'idx' implicitly has an 'any' type.
apps/web/src/components/PetPhotoAnalyzer.tsx(1,23): error TS2307: Cannot find module '@/components/ui/badge' or its corresponding type declarations.
apps/web/src/components/PetPhotoAnalyzer.tsx(2,24): error TS2307: Cannot find module '@/components/ui/button' or its corresponding type declarations.
apps/web/src/components/PetPhotoAnalyzer.tsx(3,22): error TS2307: Cannot find module '@/components/ui/card' or its corresponding type declarations.
apps/web/src/components/PetPhotoAnalyzer.tsx(4,32): error TS2307: Cannot find module '@/lib/llm-prompt' or its corresponding type declarations.
apps/web/src/components/PetPhotoAnalyzer.tsx(5,28): error TS2307: Cannot find module '@/lib/llm-service' or its corresponding type declarations.
apps/web/src/components/PetPhotoAnalyzer.tsx(6,31): error TS2307: Cannot find module '@/lib/llm-utils' or its corresponding type declarations.
apps/web/src/components/PetPhotoAnalyzer.tsx(7,30): error TS2307: Cannot find module '@/lib/logger' or its corresponding type declarations.
apps/web/src/components/PetPhotoAnalyzer.tsx(10,30): error TS2307: Cannot find module '@/effects/reanimated/animated-view' or its corresponding type declarations.
apps/web/src/components/PetPhotoAnalyzer.tsx(11,36): error TS2307: Cannot find module '@/effects/reanimated/use-animate-presence' or its corresponding type declarations.
apps/web/src/components/PetPhotoAnalyzer.tsx(12,29): error TS2307: Cannot find module '@/effects/reanimated/use-hover-tap' or its corresponding type declarations.
apps/web/src/components/PetPhotoAnalyzer.tsx(53,17): error TS2307: Cannot find module '@/effects/reanimated/animated-view' or its corresponding type declarations.
apps/web/src/components/PetPhotoAnalyzer.tsx(59,17): error TS2307: Cannot find module '@/effects/reanimated/animated-view' or its corresponding type declarations.
apps/web/src/components/PetPhotoAnalyzer.tsx(65,17): error TS2307: Cannot find module '@/effects/reanimated/animated-view' or its corresponding type declarations.
apps/web/src/components/PetProfileTemplatesDialog.tsx(3,24): error TS2307: Cannot find module '@/components/ui/button' or its corresponding type declarations.
apps/web/src/components/PetProfileTemplatesDialog.tsx(12,8): error TS2307: Cannot find module '@/components/ui/dialog' or its corresponding type declarations.
apps/web/src/components/PetProfileTemplatesDialog.tsx(13,23): error TS2307: Cannot find module '@/components/ui/badge' or its corresponding type declarations.
apps/web/src/components/PetProfileTemplatesDialog.tsx(14,58): error TS2307: Cannot find module '@/components/ui/tabs' or its corresponding type declarations.
apps/web/src/components/PetProfileTemplatesDialog.tsx(15,28): error TS2307: Cannot find module '@/components/ui/scroll-area' or its corresponding type declarations.
apps/web/src/components/PetProfileTemplatesDialog.tsx(20,8): error TS2307: Cannot find module '@/lib/pet-profile-templates' or its corresponding type declarations.
apps/web/src/components/PetProfileTemplatesDialog.tsx(21,20): error TS2307: Cannot find module '@/lib/utils' or its corresponding type declarations.
apps/web/src/components/PetProfileTemplatesDialog.tsx(22,30): error TS2307: Cannot find module '@/effects/reanimated/animated-view' or its corresponding type declarations.
apps/web/src/components/PetProfileTemplatesDialog.tsx(63,17): error TS2307: Cannot find module '@/effects/reanimated/animated-view' or its corresponding type declarations.
apps/web/src/components/PetProfileTemplatesDialog.tsx(70,17): error TS2307: Cannot find module '@/effects/reanimated/animated-view' or its corresponding type declarations.
apps/web/src/components/PetProfileTemplatesDialog.tsx(174,67): error TS7006: Parameter 'trait' implicitly has an 'any' type.
apps/web/src/components/PetProfileTemplatesDialog.tsx(198,65): error TS7006: Parameter 'interest' implicitly has an 'any' type.
apps/web/src/components/PetProfileTemplatesDialog.tsx(239,29): error TS7006: Parameter 'e' implicitly has an 'any' type.
apps/web/src/components/PetProfileTemplatesDialog.tsx(280,29): error TS7006: Parameter 'value' implicitly has an 'any' type.
apps/web/src/components/PetProfileTemplatesDialog.tsx(292,57): error TS2532: Object is possibly 'undefined'.
apps/web/src/components/PetProfileTemplatesDialog.tsx(293,57): error TS2532: Object is possibly 'undefined'.
apps/web/src/components/PetProfileTemplatesDialog.tsx(304,54): error TS7006: Parameter 'template' implicitly has an 'any' type.
apps/web/src/components/PetProfileTemplatesDialog.tsx(305,26): error TS7006: Parameter 'template' implicitly has an 'any' type.
apps/web/src/components/PetProfileTemplatesDialog.tsx(308,52): error TS7006: Parameter 't' implicitly has an 'any' type.
apps/web/src/components/PetRatings.tsx(3,58): error TS2307: Cannot find module '@/components/ui/card' or its corresponding type declarations.
apps/web/src/components/PetRatings.tsx(4,53): error TS2307: Cannot find module '@/components/ui/avatar' or its corresponding type declarations.
apps/web/src/components/PetRatings.tsx(5,23): error TS2307: Cannot find module '@/components/ui/badge' or its corresponding type declarations.
apps/web/src/components/PetRatings.tsx(6,24): error TS2307: Cannot find module '@/components/ui/button' or its corresponding type declarations.
apps/web/src/components/PetRatings.tsx(7,26): error TS2307: Cannot find module '@/components/ui/progress' or its corresponding type declarations.
apps/web/src/components/PetRatings.tsx(8,27): error TS2307: Cannot find module '@/components/ui/separator' or its corresponding type declarations.
apps/web/src/components/PetRatings.tsx(9,46): error TS2307: Cannot find module '@/lib/types' or its corresponding type declarations.
apps/web/src/components/PetRatings.tsx(10,20): error TS2307: Cannot find module '@/lib/utils' or its corresponding type declarations.
apps/web/src/components/PetRatings.tsx(24,21): error TS18046: 'sum' is of type 'unknown'.
apps/web/src/components/PetRatings.tsx(24,27): error TS18046: 'count' is of type 'unknown'.
apps/web/src/components/PetRatings.tsx(31,66): error TS18046: 'totalRatings' is of type 'unknown'.
apps/web/src/components/QueryProvider.tsx(11,67): error TS2307: Cannot find module '@/lib/query-client' or its corresponding type declarations.
apps/web/src/components/QueryProvider.tsx(12,30): error TS2307: Cannot find module '@/lib/logger' or its corresponding type declarations.
apps/web/src/components/QueryProvider.tsx(96,66): error TS2322: Type '"bottom-right"' is not assignable to type 'DevtoolsPosition'.
apps/web/src/components/QuickActionsMenu.tsx(16,25): error TS2307: Cannot find module '@/lib/haptics' or its corresponding type declarations.
apps/web/src/components/SeedDataInitializer.tsx(2,28): error TS2307: Cannot find module '@/hooks/use-storage' or its corresponding type declarations.
apps/web/src/components/SeedDataInitializer.tsx(3,36): error TS2307: Cannot find module '@/lib/seedData' or its corresponding type declarations.
apps/web/src/components/SeedDataInitializer.tsx(4,41): error TS2307: Cannot find module '@/lib/community-seed-data' or its corresponding type declarations.
apps/web/src/components/SeedDataInitializer.tsx(5,44): error TS2307: Cannot find module '@/lib/adoption-seed-data' or its corresponding type declarations.
apps/web/src/components/SeedDataInitializer.tsx(6,26): error TS2307: Cannot find module '@/lib/types' or its corresponding type declarations.
apps/web/src/components/SeedDataInitializer.tsx(7,30): error TS2307: Cannot find module '@/lib/logger' or its corresponding type declarations.
apps/web/src/components/StatsCard.tsx(4,24): error TS2307: Cannot find module '@/contexts/AppContext' or its corresponding type declarations.
apps/web/src/components/SyncStatusIndicator.tsx(3,56): error TS2307: Cannot find module '@/lib/offline-sync' or its corresponding type declarations.
apps/web/src/components/SyncStatusIndicator.tsx(4,24): error TS2307: Cannot find module '@/components/ui/button' or its corresponding type declarations.
apps/web/src/components/SyncStatusIndicator.tsx(5,30): error TS2307: Cannot find module '@/effects/reanimated/animated-view' or its corresponding type declarations.
apps/web/src/components/SyncStatusIndicator.tsx(13,57): error TS2307: Cannot find module '@/components/ui/popover' or its corresponding type declarations.
apps/web/src/components/SyncStatusIndicator.tsx(14,24): error TS2307: Cannot find module '@/lib/logger' or its corresponding type declarations.
apps/web/src/components/SyncStatusIndicator.tsx(29,17): error TS2307: Cannot find module '@/effects/reanimated/animated-view' or its corresponding type declarations.
apps/web/src/components/SyncStatusIndicator.tsx(54,48): error TS7006: Parameter 'status' implicitly has an 'any' type.
apps/web/src/components/ThemePresetSelector.tsx(2,22): error TS2307: Cannot find module '@/components/ui/card' or its corresponding type declarations.
apps/web/src/components/ThemePresetSelector.tsx(3,23): error TS2307: Cannot find module '@/components/ui/label' or its corresponding type declarations.
apps/web/src/components/ThemePresetSelector.tsx(4,48): error TS2307: Cannot find module '@/lib/theme-presets' or its corresponding type declarations.
apps/web/src/components/ThemePresetSelector.tsx(5,25): error TS2307: Cannot find module '@/lib/haptics' or its corresponding type declarations.
apps/web/src/components/ThemePresetSelector.tsx(21,45): error TS7006: Parameter 'p' implicitly has an 'any' type.
apps/web/src/components/ThemePresetSelector.tsx(22,44): error TS7006: Parameter 'p' implicitly has an 'any' type.
apps/web/src/components/ThemePresetSelector.tsx(37,32): error TS7006: Parameter 'preset' implicitly has an 'any' type.
apps/web/src/components/ThemePresetSelector.tsx(91,31): error TS7006: Parameter 'preset' implicitly has an 'any' type.
apps/web/src/components/TrustBadges.tsx(13,23): error TS2307: Cannot find module '@/components/ui/badge' or its corresponding type declarations.
apps/web/src/components/TrustBadges.tsx(14,74): error TS2307: Cannot find module '@/components/ui/tooltip' or its corresponding type declarations.
apps/web/src/components/TrustBadges.tsx(15,33): error TS2307: Cannot find module '@/lib/types' or its corresponding type declarations.
apps/web/src/components/TrustBadges.tsx(16,20): error TS2307: Cannot find module '@/lib/utils' or its corresponding type declarations.
apps/web/src/components/TrustBadges.tsx(28,3): error TS2322: Type 'Icon' is not assignable to type 'ComponentType<{ size?: string | number; className?: string; weight?: string; }>'.
  Type 'ForwardRefExoticComponent<IconProps>' is not assignable to type 'FunctionComponent<{ size?: string | number; className?: string; weight?: string; }>'.
    Types of property 'defaultProps' are incompatible.
      Type 'Partial<IconProps> | undefined' is not assignable to type 'Partial<{ size?: string | number; className?: string; weight?: string; }> | undefined'.
        Type 'Partial<IconProps>' is not assignable to type 'Partial<{ size?: string | number; className?: string; weight?: string; }>' with 'exactOptionalPropertyTypes: true'. Consider adding 'undefined' to the types of the target's properties.
          Types of property 'className' are incompatible.
            Type 'string | undefined' is not assignable to type 'string'.
              Type 'undefined' is not assignable to type 'string'.
apps/web/src/components/TrustBadges.tsx(29,3): error TS2322: Type 'Icon' is not assignable to type 'ComponentType<{ size?: string | number; className?: string; weight?: string; }>'.
  Type 'ForwardRefExoticComponent<IconProps>' is not assignable to type 'FunctionComponent<{ size?: string | number; className?: string; weight?: string; }>'.
    Types of property 'defaultProps' are incompatible.
      Type 'Partial<IconProps> | undefined' is not assignable to type 'Partial<{ size?: string | number; className?: string; weight?: string; }> | undefined'.
        Type 'Partial<IconProps>' is not assignable to type 'Partial<{ size?: string | number; className?: string; weight?: string; }>' with 'exactOptionalPropertyTypes: true'. Consider adding 'undefined' to the types of the target's properties.
          Types of property 'className' are incompatible.
            Type 'string | undefined' is not assignable to type 'string'.
              Type 'undefined' is not assignable to type 'string'.
apps/web/src/components/TrustBadges.tsx(30,3): error TS2322: Type 'Icon' is not assignable to type 'ComponentType<{ size?: string | number; className?: string; weight?: string; }>'.
  Type 'ForwardRefExoticComponent<IconProps>' is not assignable to type 'FunctionComponent<{ size?: string | number; className?: string; weight?: string; }>'.
    Types of property 'defaultProps' are incompatible.
      Type 'Partial<IconProps> | undefined' is not assignable to type 'Partial<{ size?: string | number; className?: string; weight?: string; }> | undefined'.
        Type 'Partial<IconProps>' is not assignable to type 'Partial<{ size?: string | number; className?: string; weight?: string; }>' with 'exactOptionalPropertyTypes: true'. Consider adding 'undefined' to the types of the target's properties.
          Types of property 'className' are incompatible.
            Type 'string | undefined' is not assignable to type 'string'.
              Type 'undefined' is not assignable to type 'string'.
apps/web/src/components/TrustBadges.tsx(31,3): error TS2322: Type 'Icon' is not assignable to type 'ComponentType<{ size?: string | number; className?: string; weight?: string; }>'.
  Type 'ForwardRefExoticComponent<IconProps>' is not assignable to type 'FunctionComponent<{ size?: string | number; className?: string; weight?: string; }>'.
    Types of property 'defaultProps' are incompatible.
      Type 'Partial<IconProps> | undefined' is not assignable to type 'Partial<{ size?: string | number; className?: string; weight?: string; }> | undefined'.
        Type 'Partial<IconProps>' is not assignable to type 'Partial<{ size?: string | number; className?: string; weight?: string; }>' with 'exactOptionalPropertyTypes: true'. Consider adding 'undefined' to the types of the target's properties.
          Types of property 'className' are incompatible.
            Type 'string | undefined' is not assignable to type 'string'.
              Type 'undefined' is not assignable to type 'string'.
apps/web/src/components/TrustBadges.tsx(32,3): error TS2322: Type 'Icon' is not assignable to type 'ComponentType<{ size?: string | number; className?: string; weight?: string; }>'.
  Type 'ForwardRefExoticComponent<IconProps>' is not assignable to type 'FunctionComponent<{ size?: string | number; className?: string; weight?: string; }>'.
    Types of property 'defaultProps' are incompatible.
      Type 'Partial<IconProps> | undefined' is not assignable to type 'Partial<{ size?: string | number; className?: string; weight?: string; }> | undefined'.
        Type 'Partial<IconProps>' is not assignable to type 'Partial<{ size?: string | number; className?: string; weight?: string; }>' with 'exactOptionalPropertyTypes: true'. Consider adding 'undefined' to the types of the target's properties.
          Types of property 'className' are incompatible.
            Type 'string | undefined' is not assignable to type 'string'.
              Type 'undefined' is not assignable to type 'string'.
apps/web/src/components/TrustBadges.tsx(33,3): error TS2322: Type 'Icon' is not assignable to type 'ComponentType<{ size?: string | number; className?: string; weight?: string; }>'.
  Type 'ForwardRefExoticComponent<IconProps>' is not assignable to type 'FunctionComponent<{ size?: string | number; className?: string; weight?: string; }>'.
    Types of property 'defaultProps' are incompatible.
      Type 'Partial<IconProps> | undefined' is not assignable to type 'Partial<{ size?: string | number; className?: string; weight?: string; }> | undefined'.
        Type 'Partial<IconProps>' is not assignable to type 'Partial<{ size?: string | number; className?: string; weight?: string; }>' with 'exactOptionalPropertyTypes: true'. Consider adding 'undefined' to the types of the target's properties.
          Types of property 'className' are incompatible.
            Type 'string | undefined' is not assignable to type 'string'.
              Type 'undefined' is not assignable to type 'string'.
apps/web/src/components/TrustBadges.tsx(34,3): error TS2322: Type 'Icon' is not assignable to type 'ComponentType<{ size?: string | number; className?: string; weight?: string; }>'.
  Type 'ForwardRefExoticComponent<IconProps>' is not assignable to type 'FunctionComponent<{ size?: string | number; className?: string; weight?: string; }>'.
    Types of property 'defaultProps' are incompatible.
      Type 'Partial<IconProps> | undefined' is not assignable to type 'Partial<{ size?: string | number; className?: string; weight?: string; }> | undefined'.
        Type 'Partial<IconProps>' is not assignable to type 'Partial<{ size?: string | number; className?: string; weight?: string; }>' with 'exactOptionalPropertyTypes: true'. Consider adding 'undefined' to the types of the target's properties.
          Types of property 'className' are incompatible.
            Type 'string | undefined' is not assignable to type 'string'.
              Type 'undefined' is not assignable to type 'string'.
apps/web/src/components/TrustBadges.tsx(35,3): error TS2322: Type 'Icon' is not assignable to type 'ComponentType<{ size?: string | number; className?: string; weight?: string; }>'.
  Type 'ForwardRefExoticComponent<IconProps>' is not assignable to type 'FunctionComponent<{ size?: string | number; className?: string; weight?: string; }>'.
    Types of property 'defaultProps' are incompatible.
      Type 'Partial<IconProps> | undefined' is not assignable to type 'Partial<{ size?: string | number; className?: string; weight?: string; }> | undefined'.
        Type 'Partial<IconProps>' is not assignable to type 'Partial<{ size?: string | number; className?: string; weight?: string; }>' with 'exactOptionalPropertyTypes: true'. Consider adding 'undefined' to the types of the target's properties.
          Types of property 'className' are incompatible.
            Type 'string | undefined' is not assignable to type 'string'.
              Type 'undefined' is not assignable to type 'string'.
apps/web/src/components/TrustBadges.tsx(36,3): error TS2322: Type 'Icon' is not assignable to type 'ComponentType<{ size?: string | number; className?: string; weight?: string; }>'.
  Type 'ForwardRefExoticComponent<IconProps>' is not assignable to type 'FunctionComponent<{ size?: string | number; className?: string; weight?: string; }>'.
    Types of property 'defaultProps' are incompatible.
      Type 'Partial<IconProps> | undefined' is not assignable to type 'Partial<{ size?: string | number; className?: string; weight?: string; }> | undefined'.
        Type 'Partial<IconProps>' is not assignable to type 'Partial<{ size?: string | number; className?: string; weight?: string; }>' with 'exactOptionalPropertyTypes: true'. Consider adding 'undefined' to the types of the target's properties.
          Types of property 'className' are incompatible.
            Type 'string | undefined' is not assignable to type 'string'.
              Type 'undefined' is not assignable to type 'string'.
apps/web/src/components/TrustBadges.tsx(37,3): error TS2322: Type 'Icon' is not assignable to type 'ComponentType<{ size?: string | number; className?: string; weight?: string; }>'.
  Type 'ForwardRefExoticComponent<IconProps>' is not assignable to type 'FunctionComponent<{ size?: string | number; className?: string; weight?: string; }>'.
    Types of property 'defaultProps' are incompatible.
      Type 'Partial<IconProps> | undefined' is not assignable to type 'Partial<{ size?: string | number; className?: string; weight?: string; }> | undefined'.
        Type 'Partial<IconProps>' is not assignable to type 'Partial<{ size?: string | number; className?: string; weight?: string; }>' with 'exactOptionalPropertyTypes: true'. Consider adding 'undefined' to the types of the target's properties.
          Types of property 'className' are incompatible.
            Type 'string | undefined' is not assignable to type 'string'.
              Type 'undefined' is not assignable to type 'string'.
apps/web/src/components/TrustBadges.tsx(75,22): error TS2604: JSX element type 'Icon' does not have any construct or call signatures.
apps/web/src/components/TrustBadges.tsx(75,22): error TS2786: 'Icon' cannot be used as a JSX component.
  Its type 'ComponentType<{ size?: string | number; className?: string; weight?: string; }> | undefined' is not a valid JSX element type.
    Type 'undefined' is not assignable to type 'ElementType'.
apps/web/src/components/TrustBadges.tsx(98,20): error TS2604: JSX element type 'Icon' does not have any construct or call signatures.
apps/web/src/components/TrustBadges.tsx(98,20): error TS2786: 'Icon' cannot be used as a JSX component.
  Its type 'ComponentType<{ size?: string | number; className?: string; weight?: string; }> | undefined' is not a valid JSX element type.
    Type 'undefined' is not assignable to type 'ElementType'.
apps/web/src/components/VerificationBadge.tsx(2,23): error TS2307: Cannot find module '@/components/ui/badge' or its corresponding type declarations.
apps/web/src/components/VerificationBadge.tsx(3,74): error TS2307: Cannot find module '@/components/ui/tooltip' or its corresponding type declarations.
apps/web/src/components/VerificationBadge.tsx(4,20): error TS2307: Cannot find module '@/lib/utils' or its corresponding type declarations.
apps/web/src/components/VerificationBadge.tsx(5,40): error TS2307: Cannot find module '@/lib/verification-types' or its corresponding type declarations.
apps/web/src/components/VisualAnalysisDemo.tsx(2,30): error TS2307: Cannot find module '@/effects/reanimated/animated-view' or its corresponding type declarations.
apps/web/src/components/VisualAnalysisDemo.tsx(3,36): error TS2307: Cannot find module '@/effects/reanimated/use-animate-presence' or its corresponding type declarations.
apps/web/src/components/VisualAnalysisDemo.tsx(11,36): error TS2307: Cannot find module '@/effects/reanimated/animated-view' or its corresponding type declarations.
apps/web/src/components/VisualAnalysisDemo.tsx(13,22): error TS2307: Cannot find module '@/components/ui/card' or its corresponding type declarations.
apps/web/src/components/VisualAnalysisDemo.tsx(14,24): error TS2307: Cannot find module '@/components/ui/button' or its corresponding type declarations.
apps/web/src/components/VisualAnalysisDemo.tsx(15,23): error TS2307: Cannot find module '@/components/ui/badge' or its corresponding type declarations.
apps/web/src/components/WelcomeModal.tsx(2,28): error TS2307: Cannot find module '@/hooks/use-storage' or its corresponding type declarations.
apps/web/src/components/WelcomeModal.tsx(4,24): error TS2307: Cannot find module '@/components/ui/button' or its corresponding type declarations.
apps/web/src/components/WelcomeModal.tsx(5,39): error TS2307: Cannot find module '@/components/ui/dialog' or its corresponding type declarations.
apps/web/src/components/WelcomeModal.tsx(6,24): error TS2307: Cannot find module '@/contexts/AppContext' or its corresponding type declarations.
apps/web/src/components/WelcomeModal.tsx(7,30): error TS2307: Cannot find module '@/effects/reanimated/animated-view' or its corresponding type declarations.
apps/web/src/components/WelcomeModal.tsx(8,29): error TS2307: Cannot find module '@/effects/reanimated/use-hover-tap' or its corresponding type declarations.
apps/web/src/components/WelcomeModal.tsx(17,36): error TS2307: Cannot find module '@/effects/reanimated/animated-view' or its corresponding type declarations.
apps/web/src/components/WelcomeScreen.tsx(3,24): error TS2307: Cannot find module '@/components/ui/button' or its corresponding type declarations.
apps/web/src/components/WelcomeScreen.tsx(4,24): error TS2307: Cannot find module '@/contexts/AppContext' or its corresponding type declarations.
apps/web/src/components/WelcomeScreen.tsx(5,25): error TS2307: Cannot find module '@/lib/haptics' or its corresponding type declarations.
apps/web/src/components/WelcomeScreen.tsx(6,27): error TS2307: Cannot find module '@/lib/analytics' or its corresponding type declarations.
apps/web/src/components/WelcomeScreen.tsx(7,30): error TS2307: Cannot find module '@/effects/reanimated/animated-view' or its corresponding type declarations.
apps/web/src/components/WelcomeScreen.tsx(17,36): error TS2307: Cannot find module '@/effects/reanimated/animated-view' or its corresponding type declarations.
apps/web/src/components/WelcomeScreen.tsx(18,34): error TS2307: Cannot find module '@/hooks/useReducedMotion' or its corresponding type declarations.
apps/web/src/components/admin/APIConfigView.tsx(6,23): error TS2307: Cannot find module '@/components/ui/badge' or its corresponding type declarations.
apps/web/src/components/admin/APIConfigView.tsx(7,24): error TS2307: Cannot find module '@/components/ui/button' or its corresponding type declarations.
apps/web/src/components/admin/APIConfigView.tsx(8,75): error TS2307: Cannot find module '@/components/ui/card' or its corresponding type declarations.
apps/web/src/components/admin/APIConfigView.tsx(9,23): error TS2307: Cannot find module '@/components/ui/input' or its corresponding type declarations.
apps/web/src/components/admin/APIConfigView.tsx(10,23): error TS2307: Cannot find module '@/components/ui/label' or its corresponding type declarations.
apps/web/src/components/admin/APIConfigView.tsx(11,28): error TS2307: Cannot find module '@/components/ui/scroll-area' or its corresponding type declarations.
apps/web/src/components/admin/APIConfigView.tsx(12,24): error TS2307: Cannot find module '@/components/ui/switch' or its corresponding type declarations.
apps/web/src/components/admin/APIConfigView.tsx(13,58): error TS2307: Cannot find module '@/components/ui/tabs' or its corresponding type declarations.
apps/web/src/components/admin/APIConfigView.tsx(14,28): error TS2307: Cannot find module '@/hooks/use-storage' or its corresponding type declarations.
apps/web/src/components/admin/APIConfigView.tsx(29,32): error TS2307: Cannot find module '@/effects/reanimated/use-bounce-on-tap' or its corresponding type declarations.
apps/web/src/components/admin/APIConfigView.tsx(30,30): error TS2307: Cannot find module '@/effects/reanimated/use-hover-lift' or its corresponding type declarations.
apps/web/src/components/admin/APIConfigView.tsx(31,30): error TS2307: Cannot find module '@/effects/reanimated/animated-view' or its corresponding type declarations.
apps/web/src/components/admin/APIConfigView.tsx(32,31): error TS2307: Cannot find module '@/lib/haptics' or its corresponding type declarations.
apps/web/src/components/admin/APIConfigView.tsx(33,30): error TS2307: Cannot find module '@/lib/logger' or its corresponding type declarations.
apps/web/src/components/admin/APIConfigView.tsx(34,40): error TS2307: Cannot find module '@/core/services/config-broadcast-service' or its corresponding type declarations.
apps/web/src/components/admin/APIConfigView.tsx(35,26): error TS2307: Cannot find module '@/api/admin-api' or its corresponding type declarations.
apps/web/src/components/admin/APIConfigView.tsx(36,46): error TS2307: Cannot find module '@/hooks/use-storage' or its corresponding type declarations.
apps/web/src/components/admin/APIConfigView.tsx(37,27): error TS2307: Cannot find module '@/lib/user-service' or its corresponding type declarations.
apps/web/src/components/admin/APIConfigView.tsx(38,43): error TS2307: Cannot find module '@/effects/reanimated/use-bounce-on-tap' or its corresponding type declarations.
apps/web/src/components/admin/APIConfigView.tsx(411,41): error TS7006: Parameter 'checked' implicitly has an 'any' type.
apps/web/src/components/admin/APIConfigView.tsx(439,40): error TS7006: Parameter 'e' implicitly has an 'any' type.
apps/web/src/components/admin/APIConfigView.tsx(461,34): error TS7006: Parameter 'e' implicitly has an 'any' type.
apps/web/src/components/admin/APIConfigView.tsx(504,41): error TS7006: Parameter 'checked' implicitly has an 'any' type.
apps/web/src/components/admin/APIConfigView.tsx(532,40): error TS7006: Parameter 'e' implicitly has an 'any' type.
apps/web/src/components/admin/APIConfigView.tsx(568,36): error TS7006: Parameter 'e' implicitly has an 'any' type.
apps/web/src/components/admin/APIConfigView.tsx(581,36): error TS7006: Parameter 'e' implicitly has an 'any' type.
apps/web/src/components/admin/APIConfigView.tsx(620,41): error TS7006: Parameter 'checked' implicitly has an 'any' type.
apps/web/src/components/admin/APIConfigView.tsx(649,40): error TS7006: Parameter 'e' implicitly has an 'any' type.
apps/web/src/components/admin/APIConfigView.tsx(674,43): error TS7006: Parameter 'checked' implicitly has an 'any' type.
apps/web/src/components/admin/APIConfigView.tsx(687,43): error TS7006: Parameter 'checked' implicitly has an 'any' type.
apps/web/src/components/admin/APIConfigView.tsx(726,41): error TS7006: Parameter 'checked' implicitly has an 'any' type.
apps/web/src/components/admin/APIConfigView.tsx(757,40): error TS7006: Parameter 'e' implicitly has an 'any' type.
apps/web/src/components/admin/APIConfigView.tsx(786,34): error TS7006: Parameter 'e' implicitly has an 'any' type.
apps/web/src/components/admin/APIConfigView.tsx(809,41): error TS7006: Parameter 'checked' implicitly has an 'any' type.
apps/web/src/components/admin/APIConfigView.tsx(849,41): error TS7006: Parameter 'checked' implicitly has an 'any' type.
apps/web/src/components/admin/APIConfigView.tsx(878,40): error TS7006: Parameter 'e' implicitly has an 'any' type.
apps/web/src/components/admin/APIConfigView.tsx(897,40): error TS7006: Parameter 'e' implicitly has an 'any' type.
apps/web/src/components/admin/APIConfigView.tsx(915,38): error TS7006: Parameter 'e' implicitly has an 'any' type.
apps/web/src/components/admin/APIConfigView.tsx(954,41): error TS7006: Parameter 'checked' implicitly has an 'any' type.
apps/web/src/components/admin/APIConfigView.tsx(983,40): error TS7006: Parameter 'e' implicitly has an 'any' type.
apps/web/src/components/admin/APIConfigView.tsx(1001,38): error TS7006: Parameter 'e' implicitly has an 'any' type.
apps/web/src/components/admin/APIConfigView.tsx(1011,38): error TS7006: Parameter 'e' implicitly has an 'any' type.
apps/web/src/components/admin/APIConfigView.tsx(1051,41): error TS7006: Parameter 'checked' implicitly has an 'any' type.
apps/web/src/components/admin/APIConfigView.tsx(1079,40): error TS7006: Parameter 'e' implicitly has an 'any' type.
apps/web/src/components/admin/APIConfigView.tsx(1102,40): error TS7006: Parameter 'e' implicitly has an 'any' type.
apps/web/src/components/admin/APIConfigView.tsx(1124,40): error TS7006: Parameter 'e' implicitly has an 'any' type.
apps/web/src/components/admin/APIConfigView.tsx(1134,40): error TS7006: Parameter 'e' implicitly has an 'any' type.
apps/web/src/components/admin/APIConfigView.tsx(1174,41): error TS7006: Parameter 'checked' implicitly has an 'any' type.
apps/web/src/components/admin/APIConfigView.tsx(1206,38): error TS7006: Parameter 'e' implicitly has an 'any' type.
apps/web/src/components/admin/APIConfigView.tsx(1262,41): error TS7006: Parameter 'checked' implicitly has an 'any' type.
apps/web/src/components/admin/APIConfigView.tsx(1293,38): error TS7006: Parameter 'e' implicitly has an 'any' type.
apps/web/src/components/admin/APIConfigView.tsx(1315,38): error TS7006: Parameter 'e' implicitly has an 'any' type.
apps/web/src/components/admin/APIConfigView.tsx(1335,34): error TS7006: Parameter 'e' implicitly has an 'any' type.
apps/web/src/components/admin/AdminLayout.tsx(4,28): error TS2307: Cannot find module '@/hooks/use-storage' or its corresponding type declarations.
apps/web/src/components/admin/AdminLayout.tsx(5,24): error TS2307: Cannot find module '@/components/ui/button' or its corresponding type declarations.
apps/web/src/components/admin/AdminLayout.tsx(6,28): error TS2307: Cannot find module '@/components/ui/scroll-area' or its corresponding type declarations.
apps/web/src/components/admin/AdminLayout.tsx(7,27): error TS2307: Cannot find module '@/components/ui/separator' or its corresponding type declarations.
apps/web/src/components/admin/AdminLayout.tsx(32,30): error TS2307: Cannot find module '@/effects/reanimated/animated-view' or its corresponding type declarations.
apps/web/src/components/admin/AdminLayout.tsx(33,37): error TS2307: Cannot find module '@/effects/reanimated/use-sidebar-animation' or its corresponding type declarations.
apps/web/src/components/admin/AdminLayout.tsx(34,20): error TS2307: Cannot find module '@/lib/utils' or its corresponding type declarations.
apps/web/src/components/admin/AdminLayout.tsx(35,30): error TS2307: Cannot find module '@/lib/logger' or its corresponding type declarations.
apps/web/src/components/admin/AdoptionApplicationReview.tsx(3,29): error TS2307: Cannot find module '@/api/adoption-api' or its corresponding type declarations.
apps/web/src/components/admin/AdoptionApplicationReview.tsx(4,53): error TS2307: Cannot find module '@/components/ui/avatar' or its corresponding type declarations.
apps/web/src/components/admin/AdoptionApplicationReview.tsx(5,23): error TS2307: Cannot find module '@/components/ui/badge' or its corresponding type declarations.
apps/web/src/components/admin/AdoptionApplicationReview.tsx(6,24): error TS2307: Cannot find module '@/components/ui/button' or its corresponding type declarations.
apps/web/src/components/admin/AdoptionApplicationReview.tsx(7,59): error TS2307: Cannot find module '@/components/ui/card' or its corresponding type declarations.
apps/web/src/components/admin/AdoptionApplicationReview.tsx(15,8): error TS2307: Cannot find module '@/components/ui/dialog' or its corresponding type declarations.
apps/web/src/components/admin/AdoptionApplicationReview.tsx(16,23): error TS2307: Cannot find module '@/components/ui/input' or its corresponding type declarations.
apps/web/src/components/admin/AdoptionApplicationReview.tsx(17,23): error TS2307: Cannot find module '@/components/ui/label' or its corresponding type declarations.
apps/web/src/components/admin/AdoptionApplicationReview.tsx(18,28): error TS2307: Cannot find module '@/components/ui/scroll-area' or its corresponding type declarations.
apps/web/src/components/admin/AdoptionApplicationReview.tsx(19,27): error TS2307: Cannot find module '@/components/ui/separator' or its corresponding type declarations.
apps/web/src/components/admin/AdoptionApplicationReview.tsx(20,45): error TS2307: Cannot find module '@/components/ui/tabs' or its corresponding type declarations.
apps/web/src/components/admin/AdoptionApplicationReview.tsx(21,26): error TS2307: Cannot find module '@/components/ui/textarea' or its corresponding type declarations.
apps/web/src/components/admin/AdoptionApplicationReview.tsx(22,59): error TS2307: Cannot find module '@/lib/adoption-types' or its corresponding type declarations.
apps/web/src/components/admin/AdoptionApplicationReview.tsx(23,25): error TS2307: Cannot find module '@/lib/haptics' or its corresponding type declarations.
apps/web/src/components/admin/AdoptionApplicationReview.tsx(24,30): error TS2307: Cannot find module '@/lib/logger' or its corresponding type declarations.
apps/web/src/components/admin/AdoptionApplicationReview.tsx(43,30): error TS2307: Cannot find module '@/effects/reanimated/animated-view' or its corresponding type declarations.
apps/web/src/components/admin/AdoptionApplicationReview.tsx(44,34): error TS2307: Cannot find module '@/effects/reanimated/use-staggered-item' or its corresponding type declarations.
apps/web/src/components/admin/AdoptionApplicationReview.tsx(45,35): error TS2307: Cannot find module '@/effects/reanimated/use-expand-collapse' or its corresponding type declarations.
apps/web/src/components/admin/AdoptionApplicationReview.tsx(46,29): error TS2307: Cannot find module '@/effects/reanimated/use-rotation' or its corresponding type declarations.
apps/web/src/components/admin/AdoptionApplicationReview.tsx(635,30): error TS7006: Parameter 'e' implicitly has an 'any' type.
apps/web/src/components/admin/AdoptionApplicationReview.tsx(640,53): error TS7006: Parameter 'v' implicitly has an 'any' type.
apps/web/src/components/admin/AdoptionApplicationReview.tsx(768,30): error TS7006: Parameter 'e' implicitly has an 'any' type.
apps/web/src/components/admin/AdoptionListingReview.tsx(4,75): error TS2307: Cannot find module '@/components/ui/card' or its corresponding type declarations.
apps/web/src/components/admin/AdoptionListingReview.tsx(5,24): error TS2307: Cannot find module '@/components/ui/button' or its corresponding type declarations.
apps/web/src/components/admin/AdoptionListingReview.tsx(6,23): error TS2307: Cannot find module '@/components/ui/badge' or its corresponding type declarations.
apps/web/src/components/admin/AdoptionListingReview.tsx(7,26): error TS2307: Cannot find module '@/components/ui/textarea' or its corresponding type declarations.
apps/web/src/components/admin/AdoptionListingReview.tsx(8,28): error TS2307: Cannot find module '@/components/ui/scroll-area' or its corresponding type declarations.
apps/web/src/components/admin/AdoptionListingReview.tsx(9,53): error TS2307: Cannot find module '@/components/ui/avatar' or its corresponding type declarations.
apps/web/src/components/admin/AdoptionListingReview.tsx(12,44): error TS2307: Cannot find module '@/lib/adoption-marketplace-service' or its corresponding type declarations.
apps/web/src/components/admin/AdoptionListingReview.tsx(13,38): error TS2307: Cannot find module '@/lib/adoption-marketplace-types' or its corresponding type declarations.
apps/web/src/components/admin/AdoptionListingReview.tsx(14,30): error TS2307: Cannot find module '@/lib/logger' or its corresponding type declarations.
apps/web/src/components/admin/AdoptionListingReview.tsx(15,29): error TS2307: Cannot find module '@/lib/user-service' or its corresponding type declarations.
apps/web/src/components/admin/AdoptionListingReview.tsx(16,30): error TS2307: Cannot find module '@/effects/reanimated/animated-view' or its corresponding type declarations.
apps/web/src/components/admin/AdoptionListingReview.tsx(17,32): error TS2307: Cannot find module '@/effects/reanimated/use-bounce-on-tap' or its corresponding type declarations.
apps/web/src/components/admin/AdoptionListingReview.tsx(239,55): error TS7006: Parameter 'photo' implicitly has an 'any' type.
apps/web/src/components/admin/AdoptionListingReview.tsx(239,62): error TS7006: Parameter 'index' implicitly has an 'any' type.
apps/web/src/components/admin/AdoptionListingReview.tsx(285,57): error TS7006: Parameter 'trait' implicitly has an 'any' type.
apps/web/src/components/admin/AdoptionListingReview.tsx(327,60): error TS7006: Parameter 'req' implicitly has an 'any' type.
apps/web/src/components/admin/AdoptionListingReview.tsx(327,65): error TS7006: Parameter 'index' implicitly has an 'any' type.
apps/web/src/components/admin/AdoptionListingReview.tsx(353,36): error TS7006: Parameter 'e' implicitly has an 'any' type.
apps/web/src/components/admin/AdoptionManagement.tsx(4,28): error TS2307: Cannot find module '@/hooks/use-storage' or its corresponding type declarations.
apps/web/src/components/admin/AdoptionManagement.tsx(5,24): error TS2307: Cannot find module '@/components/ui/button' or its corresponding type declarations.
apps/web/src/components/admin/AdoptionManagement.tsx(6,75): error TS2307: Cannot find module '@/components/ui/card' or its corresponding type declarations.
apps/web/src/components/admin/AdoptionManagement.tsx(7,23): error TS2307: Cannot find module '@/components/ui/badge' or its corresponding type declarations.
apps/web/src/components/admin/AdoptionManagement.tsx(8,28): error TS2307: Cannot find module '@/components/ui/scroll-area' or its corresponding type declarations.
apps/web/src/components/admin/AdoptionManagement.tsx(9,23): error TS2307: Cannot find module '@/components/ui/input' or its corresponding type declarations.
apps/web/src/components/admin/AdoptionManagement.tsx(10,45): error TS2307: Cannot find module '@/components/ui/tabs' or its corresponding type declarations.
apps/web/src/components/admin/AdoptionManagement.tsx(18,8): error TS2307: Cannot find module '@/components/ui/dialog' or its corresponding type declarations.
apps/web/src/components/admin/AdoptionManagement.tsx(29,30): error TS2307: Cannot find module '@/effects/reanimated/animated-view' or its corresponding type declarations.
apps/web/src/components/admin/AdoptionManagement.tsx(30,34): error TS2307: Cannot find module '@/effects/reanimated' or its corresponding type declarations.
apps/web/src/components/admin/AdoptionManagement.tsx(31,29): error TS2307: Cannot find module '@/api/adoption-api' or its corresponding type declarations.
apps/web/src/components/admin/AdoptionManagement.tsx(32,30): error TS2307: Cannot find module '@/lib/logger' or its corresponding type declarations.
apps/web/src/components/admin/AdoptionManagement.tsx(33,38): error TS2307: Cannot find module '@/lib/adoption-types' or its corresponding type declarations.
apps/web/src/components/admin/AdoptionManagement.tsx(34,30): error TS2307: Cannot find module '@/components/adoption/AdoptionCard' or its corresponding type declarations.
apps/web/src/components/admin/AdoptionManagement.tsx(165,28): error TS7006: Parameter 'prev' implicitly has an 'any' type.
apps/web/src/components/admin/AdoptionManagement.tsx(186,28): error TS7006: Parameter 'prev' implicitly has an 'any' type.
apps/web/src/components/admin/AdoptionManagement.tsx(186,58): error TS7006: Parameter 'id' implicitly has an 'any' type.
apps/web/src/components/admin/AdoptionManagement.tsx(329,30): error TS7006: Parameter 'e' implicitly has an 'any' type.
apps/web/src/components/admin/AdoptionManagement.tsx(335,53): error TS7006: Parameter 'v' implicitly has an 'any' type.
apps/web/src/components/admin/AuditLogView.tsx(1,23): error TS2307: Cannot find module '@/components/ui/badge' or its corresponding type declarations.
apps/web/src/components/admin/AuditLogView.tsx(2,35): error TS2307: Cannot find module '@/components/ui/card' or its corresponding type declarations.
apps/web/src/components/admin/AuditLogView.tsx(3,23): error TS2307: Cannot find module '@/components/ui/input' or its corresponding type declarations.
apps/web/src/components/admin/AuditLogView.tsx(4,28): error TS2307: Cannot find module '@/components/ui/scroll-area' or its corresponding type declarations.
apps/web/src/components/admin/AuditLogView.tsx(11,8): error TS2307: Cannot find module '@/components/ui/select' or its corresponding type declarations.
apps/web/src/components/admin/AuditLogView.tsx(12,28): error TS2307: Cannot find module '@/hooks/use-storage' or its corresponding type declarations.
apps/web/src/components/admin/AuditLogView.tsx(39,52): error TS7006: Parameter 'entry' implicitly has an 'any' type.
apps/web/src/components/admin/AuditLogView.tsx(48,64): error TS7006: Parameter 'e' implicitly has an 'any' type.
apps/web/src/components/admin/AuditLogView.tsx(68,28): error TS7006: Parameter 'e' implicitly has an 'any' type.
apps/web/src/components/admin/AuditLogView.tsx(81,22): error TS18046: 'action' is of type 'unknown'.
apps/web/src/components/admin/AuditLogView.tsx(92,33): error TS7006: Parameter 'entry' implicitly has an 'any' type.
apps/web/src/components/admin/AuditLogView.tsx(92,40): error TS7006: Parameter 'index' implicitly has an 'any' type.
apps/web/src/components/admin/AuditLogView.tsx(163,5): error TS2322: Type 'Icon' is not assignable to type 'ComponentType<{ size?: string | number; className?: string; weight?: string; }>'.
  Type 'ForwardRefExoticComponent<IconProps>' is not assignable to type 'FunctionComponent<{ size?: string | number; className?: string; weight?: string; }>'.
    Types of property 'defaultProps' are incompatible.
      Type 'Partial<IconProps> | undefined' is not assignable to type 'Partial<{ size?: string | number; className?: string; weight?: string; }> | undefined'.
        Type 'Partial<IconProps>' is not assignable to type 'Partial<{ size?: string | number; className?: string; weight?: string; }>' with 'exactOptionalPropertyTypes: true'. Consider adding 'undefined' to the types of the target's properties.
          Types of property 'className' are incompatible.
            Type 'string | undefined' is not assignable to type 'string'.
              Type 'undefined' is not assignable to type 'string'.
apps/web/src/components/admin/AuditLogView.tsx(164,5): error TS2322: Type 'Icon' is not assignable to type 'ComponentType<{ size?: string | number; className?: string; weight?: string; }>'.
  Type 'ForwardRefExoticComponent<IconProps>' is not assignable to type 'FunctionComponent<{ size?: string | number; className?: string; weight?: string; }>'.
    Types of property 'defaultProps' are incompatible.
      Type 'Partial<IconProps> | undefined' is not assignable to type 'Partial<{ size?: string | number; className?: string; weight?: string; }> | undefined'.
        Type 'Partial<IconProps>' is not assignable to type 'Partial<{ size?: string | number; className?: string; weight?: string; }>' with 'exactOptionalPropertyTypes: true'. Consider adding 'undefined' to the types of the target's properties.
          Types of property 'className' are incompatible.
            Type 'string | undefined' is not assignable to type 'string'.
              Type 'undefined' is not assignable to type 'string'.
apps/web/src/components/admin/AuditLogView.tsx(165,5): error TS2322: Type 'Icon' is not assignable to type 'ComponentType<{ size?: string | number; className?: string; weight?: string; }>'.
  Type 'ForwardRefExoticComponent<IconProps>' is not assignable to type 'FunctionComponent<{ size?: string | number; className?: string; weight?: string; }>'.
    Types of property 'defaultProps' are incompatible.
      Type 'Partial<IconProps> | undefined' is not assignable to type 'Partial<{ size?: string | number; className?: string; weight?: string; }> | undefined'.
        Type 'Partial<IconProps>' is not assignable to type 'Partial<{ size?: string | number; className?: string; weight?: string; }>' with 'exactOptionalPropertyTypes: true'. Consider adding 'undefined' to the types of the target's properties.
          Types of property 'className' are incompatible.
            Type 'string | undefined' is not assignable to type 'string'.
              Type 'undefined' is not assignable to type 'string'.
apps/web/src/components/admin/AuditLogView.tsx(166,5): error TS2322: Type 'Icon' is not assignable to type 'ComponentType<{ size?: string | number; className?: string; weight?: string; }>'.
  Type 'ForwardRefExoticComponent<IconProps>' is not assignable to type 'FunctionComponent<{ size?: string | number; className?: string; weight?: string; }>'.
    Types of property 'defaultProps' are incompatible.
      Type 'Partial<IconProps> | undefined' is not assignable to type 'Partial<{ size?: string | number; className?: string; weight?: string; }> | undefined'.
        Type 'Partial<IconProps>' is not assignable to type 'Partial<{ size?: string | number; className?: string; weight?: string; }>' with 'exactOptionalPropertyTypes: true'. Consider adding 'undefined' to the types of the target's properties.
          Types of property 'className' are incompatible.
            Type 'string | undefined' is not assignable to type 'string'.
              Type 'undefined' is not assignable to type 'string'.
apps/web/src/components/admin/AuditLogView.tsx(167,5): error TS2322: Type 'Icon' is not assignable to type 'ComponentType<{ size?: string | number; className?: string; weight?: string; }>'.
  Type 'ForwardRefExoticComponent<IconProps>' is not assignable to type 'FunctionComponent<{ size?: string | number; className?: string; weight?: string; }>'.
    Types of property 'defaultProps' are incompatible.
      Type 'Partial<IconProps> | undefined' is not assignable to type 'Partial<{ size?: string | number; className?: string; weight?: string; }> | undefined'.
        Type 'Partial<IconProps>' is not assignable to type 'Partial<{ size?: string | number; className?: string; weight?: string; }>' with 'exactOptionalPropertyTypes: true'. Consider adding 'undefined' to the types of the target's properties.
          Types of property 'className' are incompatible.
            Type 'string | undefined' is not assignable to type 'string'.
              Type 'undefined' is not assignable to type 'string'.
apps/web/src/components/admin/AuditLogView.tsx(168,5): error TS2322: Type 'Icon' is not assignable to type 'ComponentType<{ size?: string | number; className?: string; weight?: string; }>'.
  Type 'ForwardRefExoticComponent<IconProps>' is not assignable to type 'FunctionComponent<{ size?: string | number; className?: string; weight?: string; }>'.
    Types of property 'defaultProps' are incompatible.
      Type 'Partial<IconProps> | undefined' is not assignable to type 'Partial<{ size?: string | number; className?: string; weight?: string; }> | undefined'.
        Type 'Partial<IconProps>' is not assignable to type 'Partial<{ size?: string | number; className?: string; weight?: string; }>' with 'exactOptionalPropertyTypes: true'. Consider adding 'undefined' to the types of the target's properties.
          Types of property 'className' are incompatible.
            Type 'string | undefined' is not assignable to type 'string'.
              Type 'undefined' is not assignable to type 'string'.
apps/web/src/components/admin/BusinessConfigPanel.tsx(7,40): error TS2307: Cannot find module '@/core/services/config-broadcast-service' or its corresponding type declarations.
apps/web/src/components/admin/BusinessConfigPanel.tsx(8,26): error TS2307: Cannot find module '@/api/admin-api' or its corresponding type declarations.
apps/web/src/components/admin/BusinessConfigPanel.tsx(11,24): error TS2307: Cannot find module '@/components/ui/button' or its corresponding type declarations.
apps/web/src/components/admin/BusinessConfigPanel.tsx(12,23): error TS2307: Cannot find module '@/components/ui/input' or its corresponding type declarations.
apps/web/src/components/admin/BusinessConfigPanel.tsx(13,23): error TS2307: Cannot find module '@/components/ui/label' or its corresponding type declarations.
apps/web/src/components/admin/BusinessConfigPanel.tsx(14,22): error TS2307: Cannot find module '@/components/ui/card' or its corresponding type declarations.
apps/web/src/components/admin/BusinessConfigPanel.tsx(15,58): error TS2307: Cannot find module '@/components/ui/tabs' or its corresponding type declarations.
apps/web/src/components/admin/BusinessConfigPanel.tsx(16,24): error TS2307: Cannot find module '@/contexts/AppContext' or its corresponding type declarations.
apps/web/src/components/admin/BusinessConfigPanel.tsx(17,57): error TS2307: Cannot find module '@/lib/purchase-service' or its corresponding type declarations.
apps/web/src/components/admin/BusinessConfigPanel.tsx(18,37): error TS2307: Cannot find module '@/lib/business-types' or its corresponding type declarations.
apps/web/src/components/admin/BusinessConfigPanel.tsx(20,28): error TS2307: Cannot find module '@/hooks/use-storage' or its corresponding type declarations.
apps/web/src/components/admin/BusinessConfigPanel.tsx(21,24): error TS2307: Cannot find module '@/lib/logger' or its corresponding type declarations.
apps/web/src/components/admin/BusinessConfigPanel.tsx(22,27): error TS2307: Cannot find module '@/lib/user-service' or its corresponding type declarations.
apps/web/src/components/admin/BusinessConfigPanel.tsx(220,30): error TS7006: Parameter 'e' implicitly has an 'any' type.
apps/web/src/components/admin/BusinessConfigPanel.tsx(231,30): error TS7006: Parameter 'e' implicitly has an 'any' type.
apps/web/src/components/admin/BusinessConfigPanel.tsx(248,30): error TS7006: Parameter 'e' implicitly has an 'any' type.
apps/web/src/components/admin/BusinessConfigPanel.tsx(259,30): error TS7006: Parameter 'e' implicitly has an 'any' type.
apps/web/src/components/admin/BusinessConfigPanel.tsx(276,30): error TS7006: Parameter 'e' implicitly has an 'any' type.
apps/web/src/components/admin/BusinessConfigPanel.tsx(287,30): error TS7006: Parameter 'e' implicitly has an 'any' type.
apps/web/src/components/admin/BusinessConfigPanel.tsx(305,30): error TS7006: Parameter 'e' implicitly has an 'any' type.
apps/web/src/components/admin/BusinessConfigPanel.tsx(315,30): error TS7006: Parameter 'e' implicitly has an 'any' type.
apps/web/src/components/admin/BusinessConfigPanel.tsx(334,30): error TS7006: Parameter 'e' implicitly has an 'any' type.
apps/web/src/components/admin/BusinessConfigPanel.tsx(347,30): error TS7006: Parameter 'e' implicitly has an 'any' type.
apps/web/src/components/admin/BusinessConfigPanel.tsx(366,30): error TS7006: Parameter 'e' implicitly has an 'any' type.
apps/web/src/components/admin/BusinessConfigPanel.tsx(376,30): error TS7006: Parameter 'e' implicitly has an 'any' type.
apps/web/src/components/admin/ChatModerationPanel.tsx(7,23): error TS2307: Cannot find module '@/components/ui/badge' or its corresponding type declarations.
apps/web/src/components/admin/ChatModerationPanel.tsx(8,24): error TS2307: Cannot find module '@/components/ui/button' or its corresponding type declarations.
apps/web/src/components/admin/ChatModerationPanel.tsx(9,22): error TS2307: Cannot find module '@/components/ui/card' or its corresponding type declarations.
apps/web/src/components/admin/ChatModerationPanel.tsx(10,23): error TS2307: Cannot find module '@/components/ui/label' or its corresponding type declarations.
apps/web/src/components/admin/ChatModerationPanel.tsx(17,8): error TS2307: Cannot find module '@/components/ui/select' or its corresponding type declarations.
apps/web/src/components/admin/ChatModerationPanel.tsx(18,58): error TS2307: Cannot find module '@/components/ui/tabs' or its corresponding type declarations.
apps/web/src/components/admin/ChatModerationPanel.tsx(19,36): error TS2307: Cannot find module '@/lib/chat-types' or its corresponding type declarations.
apps/web/src/components/admin/ChatModerationPanel.tsx(20,36): error TS2307: Cannot find module '@/lib/api/admin' or its corresponding type declarations.
apps/web/src/components/admin/ChatModerationPanel.tsx(21,30): error TS2307: Cannot find module '@/lib/logger' or its corresponding type declarations.
apps/web/src/components/admin/ChatModerationPanel.tsx(45,26): error TS7006: Parameter 'a' implicitly has an 'any' type.
apps/web/src/components/admin/ChatModerationPanel.tsx(45,29): error TS7006: Parameter 'b' implicitly has an 'any' type.
apps/web/src/components/admin/ChatModerationPanel.tsx(180,33): error TS7006: Parameter 'e' implicitly has an 'any' type.
apps/web/src/components/admin/ChatModerationPanel.tsx(231,60): error TS7006: Parameter 'e' implicitly has an 'any' type.
apps/web/src/components/admin/ChatModerationPanel.tsx(254,56): error TS7006: Parameter 'v' implicitly has an 'any' type.
apps/web/src/components/admin/CommunityManagement.tsx(4,28): error TS2307: Cannot find module '@/hooks/use-storage' or its corresponding type declarations.
apps/web/src/components/admin/CommunityManagement.tsx(5,24): error TS2307: Cannot find module '@/components/ui/button' or its corresponding type declarations.
apps/web/src/components/admin/CommunityManagement.tsx(6,58): error TS2307: Cannot find module '@/components/ui/card' or its corresponding type declarations.
apps/web/src/components/admin/CommunityManagement.tsx(7,23): error TS2307: Cannot find module '@/components/ui/badge' or its corresponding type declarations.
apps/web/src/components/admin/CommunityManagement.tsx(8,28): error TS2307: Cannot find module '@/components/ui/scroll-area' or its corresponding type declarations.
apps/web/src/components/admin/CommunityManagement.tsx(9,23): error TS2307: Cannot find module '@/components/ui/input' or its corresponding type declarations.
apps/web/src/components/admin/CommunityManagement.tsx(10,45): error TS2307: Cannot find module '@/components/ui/tabs' or its corresponding type declarations.
apps/web/src/components/admin/CommunityManagement.tsx(18,8): error TS2307: Cannot find module '@/components/ui/dialog' or its corresponding type declarations.
apps/web/src/components/admin/CommunityManagement.tsx(29,27): error TS2307: Cannot find module '@/lib/community-types' or its corresponding type declarations.
apps/web/src/components/admin/CommunityManagement.tsx(30,26): error TS2307: Cannot find module '@/components/community/PostCard' or its corresponding type declarations.
apps/web/src/components/admin/CommunityManagement.tsx(31,34): error TS2307: Cannot find module '@/lib/community-service' or its corresponding type declarations.
apps/web/src/components/admin/CommunityManagement.tsx(32,30): error TS2307: Cannot find module '@/lib/logger' or its corresponding type declarations.
apps/web/src/components/admin/CommunityManagement.tsx(33,30): error TS2307: Cannot find module '@/effects/reanimated/animated-view' or its corresponding type declarations.
apps/web/src/components/admin/CommunityManagement.tsx(35,36): error TS2307: Cannot find module '@/effects/reanimated/animated-view' or its corresponding type declarations.
apps/web/src/components/admin/CommunityManagement.tsx(156,23): error TS7006: Parameter 'prev' implicitly has an 'any' type.
apps/web/src/components/admin/CommunityManagement.tsx(169,23): error TS7006: Parameter 'prev' implicitly has an 'any' type.
apps/web/src/components/admin/CommunityManagement.tsx(169,53): error TS7006: Parameter 'id' implicitly has an 'any' type.
apps/web/src/components/admin/CommunityManagement.tsx(289,28): error TS7006: Parameter 'e' implicitly has an 'any' type.
apps/web/src/components/admin/CommunityManagement.tsx(293,53): error TS7006: Parameter 'v' implicitly has an 'any' type.
apps/web/src/components/admin/ContentModerationQueue.tsx(1,30): error TS2307: Cannot find module '@/api/community-api' or its corresponding type declarations.
apps/web/src/components/admin/ContentModerationQueue.tsx(2,34): error TS2307: Cannot find module '@/api/live-streaming-api' or its corresponding type declarations.
apps/web/src/components/admin/ContentModerationQueue.tsx(3,30): error TS2307: Cannot find module '@/api/lost-found-api' or its corresponding type declarations.
apps/web/src/components/admin/ContentModerationQueue.tsx(4,23): error TS2307: Cannot find module '@/components/ui/badge' or its corresponding type declarations.
apps/web/src/components/admin/ContentModerationQueue.tsx(5,24): error TS2307: Cannot find module '@/components/ui/button' or its corresponding type declarations.
apps/web/src/components/admin/ContentModerationQueue.tsx(6,22): error TS2307: Cannot find module '@/components/ui/card' or its corresponding type declarations.
apps/web/src/components/admin/ContentModerationQueue.tsx(13,8): error TS2307: Cannot find module '@/components/ui/dialog' or its corresponding type declarations.
apps/web/src/components/admin/ContentModerationQueue.tsx(14,28): error TS2307: Cannot find module '@/components/ui/scroll-area' or its corresponding type declarations.
apps/web/src/components/admin/ContentModerationQueue.tsx(21,8): error TS2307: Cannot find module '@/components/ui/select' or its corresponding type declarations.
apps/web/src/components/admin/ContentModerationQueue.tsx(22,45): error TS2307: Cannot find module '@/components/ui/tabs' or its corresponding type declarations.
apps/web/src/components/admin/ContentModerationQueue.tsx(23,26): error TS2307: Cannot find module '@/components/ui/textarea' or its corresponding type declarations.
apps/web/src/components/admin/ContentModerationQueue.tsx(24,38): error TS2307: Cannot find module '@/core/domain/lost-found' or its corresponding type declarations.
apps/web/src/components/admin/ContentModerationQueue.tsx(25,27): error TS2307: Cannot find module '@/lib/community-types' or its corresponding type declarations.
apps/web/src/components/admin/ContentModerationQueue.tsx(26,33): error TS2307: Cannot find module '@/lib/live-streaming-types' or its corresponding type declarations.
apps/web/src/components/admin/ContentModerationQueue.tsx(27,30): error TS2307: Cannot find module '@/lib/logger' or its corresponding type declarations.
apps/web/src/components/admin/ContentModerationQueue.tsx(28,32): error TS2307: Cannot find module '@/lib/lost-found-types' or its corresponding type declarations.
apps/web/src/components/admin/ContentModerationQueue.tsx(29,29): error TS2307: Cannot find module '@/lib/user-service' or its corresponding type declarations.
apps/web/src/components/admin/ContentModerationQueue.tsx(39,30): error TS2307: Cannot find module '@/effects/reanimated/animated-view' or its corresponding type declarations.
apps/web/src/components/admin/ContentModerationQueue.tsx(87,32): error TS7006: Parameter 'alert' implicitly has an 'any' type.
apps/web/src/components/admin/ContentModerationQueue.tsx(101,31): error TS7006: Parameter 'post' implicitly has an 'any' type.
apps/web/src/components/admin/ContentModerationQueue.tsx(157,29): error TS7006: Parameter 'stream' implicitly has an 'any' type.
apps/web/src/components/admin/ContentModerationQueue.tsx(410,25): error TS7006: Parameter 'v' implicitly has an 'any' type.
apps/web/src/components/admin/ContentModerationQueue.tsx(432,31): error TS7006: Parameter 'v' implicitly has an 'any' type.
apps/web/src/components/admin/ContentModerationQueue.tsx(535,34): error TS7006: Parameter 'e' implicitly has an 'any' type.
apps/web/src/components/admin/ContentView.tsx(2,28): error TS2307: Cannot find module '@/hooks/use-storage' or its corresponding type declarations.
apps/web/src/components/admin/ContentView.tsx(3,35): error TS2307: Cannot find module '@/components/ui/card' or its corresponding type declarations.
apps/web/src/components/admin/ContentView.tsx(4,24): error TS2307: Cannot find module '@/components/ui/button' or its corresponding type declarations.
apps/web/src/components/admin/ContentView.tsx(5,23): error TS2307: Cannot find module '@/components/ui/badge' or its corresponding type declarations.
apps/web/src/components/admin/ContentView.tsx(6,23): error TS2307: Cannot find module '@/components/ui/input' or its corresponding type declarations.
apps/web/src/components/admin/ContentView.tsx(7,28): error TS2307: Cannot find module '@/components/ui/scroll-area' or its corresponding type declarations.
apps/web/src/components/admin/ContentView.tsx(8,45): error TS2307: Cannot find module '@/components/ui/tabs' or its corresponding type declarations.
apps/web/src/components/admin/ContentView.tsx(16,8): error TS2307: Cannot find module '@/components/ui/dialog' or its corresponding type declarations.
apps/web/src/components/admin/ContentView.tsx(25,26): error TS2307: Cannot find module '@/lib/types' or its corresponding type declarations.
apps/web/src/components/admin/ContentView.tsx(72,24): error TS7006: Parameter 'e' implicitly has an 'any' type.
apps/web/src/components/admin/DashboardView.tsx(1,26): error TS2307: Cannot find module '@/api/admin-api' or its corresponding type declarations.
apps/web/src/components/admin/DashboardView.tsx(2,30): error TS2307: Cannot find module '@/lib/logger' or its corresponding type declarations.
apps/web/src/components/admin/DashboardView.tsx(3,37): error TS2307: Cannot find module '@/components/admin/PetProfileGenerator' or its corresponding type declarations.
apps/web/src/components/admin/DashboardView.tsx(4,23): error TS2307: Cannot find module '@/components/ui/badge' or its corresponding type declarations.
apps/web/src/components/admin/DashboardView.tsx(5,75): error TS2307: Cannot find module '@/components/ui/card' or its corresponding type declarations.
apps/web/src/components/admin/DashboardView.tsx(6,28): error TS2307: Cannot find module '@/hooks/use-storage' or its corresponding type declarations.
apps/web/src/components/admin/DashboardView.tsx(7,33): error TS2307: Cannot find module '@/lib/types' or its corresponding type declarations.
apps/web/src/components/admin/DashboardView.tsx(18,30): error TS2307: Cannot find module '@/effects/reanimated/animated-view' or its corresponding type declarations.
apps/web/src/components/admin/DashboardView.tsx(67,52): error TS7006: Parameter 'p' implicitly has an 'any' type.
apps/web/src/components/admin/DashboardView.tsx(69,42): error TS7006: Parameter 'p' implicitly has an 'any' type.
apps/web/src/components/admin/DashboardView.tsx(74,51): error TS7006: Parameter 'r' implicitly has an 'any' type.
apps/web/src/components/admin/DashboardView.tsx(75,63): error TS7006: Parameter 'v' implicitly has an 'any' type.
apps/web/src/components/admin/DashboardView.tsx(76,52): error TS7006: Parameter 'r' implicitly has an 'any' type.
apps/web/src/components/admin/DashboardView.tsx(93,59): error TS7006: Parameter 'p' implicitly has an 'any' type.
apps/web/src/components/admin/DashboardView.tsx(100,51): error TS7006: Parameter 'r' implicitly has an 'any' type.
apps/web/src/components/admin/DashboardView.tsx(101,63): error TS7006: Parameter 'v' implicitly has an 'any' type.
apps/web/src/components/admin/DashboardView.tsx(102,52): error TS7006: Parameter 'r' implicitly has an 'any' type.
apps/web/src/components/admin/DashboardView.tsx(185,31): error TS6133: 'index' is declared but its value is never read.
apps/web/src/components/admin/DashboardView.tsx(223,17): error TS2322: Type 'Icon' is not assignable to type 'ComponentType<{ size?: string | number; className?: string; weight?: string; }>'.
  Type 'ForwardRefExoticComponent<IconProps>' is not assignable to type 'FunctionComponent<{ size?: string | number; className?: string; weight?: string; }>'.
    Types of property 'defaultProps' are incompatible.
      Type 'Partial<IconProps> | undefined' is not assignable to type 'Partial<{ size?: string | number; className?: string; weight?: string; }> | undefined'.
        Type 'Partial<IconProps>' is not assignable to type 'Partial<{ size?: string | number; className?: string; weight?: string; }>' with 'exactOptionalPropertyTypes: true'. Consider adding 'undefined' to the types of the target's properties.
          Types of property 'className' are incompatible.
            Type 'string | undefined' is not assignable to type 'string'.
              Type 'undefined' is not assignable to type 'string'.
apps/web/src/components/admin/DashboardView.tsx(230,17): error TS2322: Type 'Icon' is not assignable to type 'ComponentType<{ size?: string | number; className?: string; weight?: string; }>'.
  Type 'ForwardRefExoticComponent<IconProps>' is not assignable to type 'FunctionComponent<{ size?: string | number; className?: string; weight?: string; }>'.
    Types of property 'defaultProps' are incompatible.
      Type 'Partial<IconProps> | undefined' is not assignable to type 'Partial<{ size?: string | number; className?: string; weight?: string; }> | undefined'.
        Type 'Partial<IconProps>' is not assignable to type 'Partial<{ size?: string | number; className?: string; weight?: string; }>' with 'exactOptionalPropertyTypes: true'. Consider adding 'undefined' to the types of the target's properties.
          Types of property 'className' are incompatible.
            Type 'string | undefined' is not assignable to type 'string'.
              Type 'undefined' is not assignable to type 'string'.
apps/web/src/components/admin/DashboardView.tsx(237,17): error TS2322: Type 'Icon' is not assignable to type 'ComponentType<{ size?: string | number; className?: string; weight?: string; }>'.
  Type 'ForwardRefExoticComponent<IconProps>' is not assignable to type 'FunctionComponent<{ size?: string | number; className?: string; weight?: string; }>'.
    Types of property 'defaultProps' are incompatible.
      Type 'Partial<IconProps> | undefined' is not assignable to type 'Partial<{ size?: string | number; className?: string; weight?: string; }> | undefined'.
        Type 'Partial<IconProps>' is not assignable to type 'Partial<{ size?: string | number; className?: string; weight?: string; }>' with 'exactOptionalPropertyTypes: true'. Consider adding 'undefined' to the types of the target's properties.
          Types of property 'className' are incompatible.
            Type 'string | undefined' is not assignable to type 'string'.
              Type 'undefined' is not assignable to type 'string'.
apps/web/src/components/admin/DashboardView.tsx(244,17): error TS2322: Type 'Icon' is not assignable to type 'ComponentType<{ size?: string | number; className?: string; weight?: string; }>'.
  Type 'ForwardRefExoticComponent<IconProps>' is not assignable to type 'FunctionComponent<{ size?: string | number; className?: string; weight?: string; }>'.
    Types of property 'defaultProps' are incompatible.
      Type 'Partial<IconProps> | undefined' is not assignable to type 'Partial<{ size?: string | number; className?: string; weight?: string; }> | undefined'.
        Type 'Partial<IconProps>' is not assignable to type 'Partial<{ size?: string | number; className?: string; weight?: string; }>' with 'exactOptionalPropertyTypes: true'. Consider adding 'undefined' to the types of the target's properties.
          Types of property 'className' are incompatible.
            Type 'string | undefined' is not assignable to type 'string'.
              Type 'undefined' is not assignable to type 'string'.
apps/web/src/components/admin/KYCManagement.tsx(1,24): error TS2307: Cannot find module '@/api/kyc-api' or its corresponding type declarations.
apps/web/src/components/admin/KYCManagement.tsx(2,23): error TS2307: Cannot find module '@/components/ui/badge' or its corresponding type declarations.
apps/web/src/components/admin/KYCManagement.tsx(3,24): error TS2307: Cannot find module '@/components/ui/button' or its corresponding type declarations.
apps/web/src/components/admin/KYCManagement.tsx(4,22): error TS2307: Cannot find module '@/components/ui/card' or its corresponding type declarations.
apps/web/src/components/admin/KYCManagement.tsx(5,66): error TS2307: Cannot find module '@/components/ui/dialog' or its corresponding type declarations.
apps/web/src/components/admin/KYCManagement.tsx(6,28): error TS2307: Cannot find module '@/components/ui/scroll-area' or its corresponding type declarations.
apps/web/src/components/admin/KYCManagement.tsx(13,8): error TS2307: Cannot find module '@/components/ui/select' or its corresponding type declarations.
apps/web/src/components/admin/KYCManagement.tsx(14,58): error TS2307: Cannot find module '@/components/ui/tabs' or its corresponding type declarations.
apps/web/src/components/admin/KYCManagement.tsx(15,26): error TS2307: Cannot find module '@/components/ui/textarea' or its corresponding type declarations.
apps/web/src/components/admin/KYCManagement.tsx(16,64): error TS2307: Cannot find module '@/lib/kyc-types' or its corresponding type declarations.
apps/web/src/components/admin/KYCManagement.tsx(28,30): error TS2307: Cannot find module '@/effects/reanimated/animated-view' or its corresponding type declarations.
apps/web/src/components/admin/KYCManagement.tsx(49,12): error TS7006: Parameter 'a' implicitly has an 'any' type.
apps/web/src/components/admin/KYCManagement.tsx(49,15): error TS7006: Parameter 'b' implicitly has an 'any' type.
apps/web/src/components/admin/KYCManagement.tsx(71,44): error TS2307: Cannot find module '@/lib/user-service' or its corresponding type declarations.
apps/web/src/components/admin/KYCManagement.tsx(95,44): error TS2307: Cannot find module '@/lib/user-service' or its corresponding type declarations.
apps/web/src/components/admin/KYCManagement.tsx(202,25): error TS7006: Parameter 'v' implicitly has an 'any' type.
apps/web/src/components/admin/KYCManagement.tsx(345,53): error TS7006: Parameter 'doc' implicitly has an 'any' type.
apps/web/src/components/admin/KYCManagement.tsx(345,58): error TS7006: Parameter 'index' implicitly has an 'any' type.
apps/web/src/components/admin/KYCManagement.tsx(408,39): error TS7006: Parameter 'v' implicitly has an 'any' type.
apps/web/src/components/admin/KYCManagement.tsx(432,34): error TS7006: Parameter 'e' implicitly has an 'any' type.
apps/web/src/components/admin/LiveStreamManagement.tsx(2,75): error TS2307: Cannot find module '@/components/ui/card' or its corresponding type declarations.
apps/web/src/components/admin/LiveStreamManagement.tsx(3,24): error TS2307: Cannot find module '@/components/ui/button' or its corresponding type declarations.
apps/web/src/components/admin/LiveStreamManagement.tsx(4,23): error TS2307: Cannot find module '@/components/ui/badge' or its corresponding type declarations.
apps/web/src/components/admin/LiveStreamManagement.tsx(5,28): error TS2307: Cannot find module '@/components/ui/scroll-area' or its corresponding type declarations.
apps/web/src/components/admin/LiveStreamManagement.tsx(6,53): error TS2307: Cannot find module '@/components/ui/avatar' or its corresponding type declarations.
apps/web/src/components/admin/LiveStreamManagement.tsx(9,34): error TS2307: Cannot find module '@/lib/streaming-service' or its corresponding type declarations.
apps/web/src/components/admin/LiveStreamManagement.tsx(10,34): error TS2307: Cannot find module '@/api/live-streaming-api' or its corresponding type declarations.
apps/web/src/components/admin/LiveStreamManagement.tsx(11,33): error TS2307: Cannot find module '@/lib/streaming-types' or its corresponding type declarations.
apps/web/src/components/admin/LiveStreamManagement.tsx(12,30): error TS2307: Cannot find module '@/lib/logger' or its corresponding type declarations.
apps/web/src/components/admin/LiveStreamManagement.tsx(30,48): error TS7006: Parameter 'apiStream' implicitly has an 'any' type.
apps/web/src/components/admin/LiveStreamManagement.tsx(63,12): error TS7006: Parameter 'a' implicitly has an 'any' type.
apps/web/src/components/admin/LiveStreamManagement.tsx(63,15): error TS7006: Parameter 'b' implicitly has an 'any' type.
apps/web/src/components/admin/LiveStreamManagement.tsx(328,51): error TS7006: Parameter 'tag' implicitly has an 'any' type.
apps/web/src/components/admin/LostFoundManagement.tsx(2,75): error TS2307: Cannot find module '@/components/ui/card' or its corresponding type declarations.
apps/web/src/components/admin/LostFoundManagement.tsx(3,24): error TS2307: Cannot find module '@/components/ui/button' or its corresponding type declarations.
apps/web/src/components/admin/LostFoundManagement.tsx(4,23): error TS2307: Cannot find module '@/components/ui/badge' or its corresponding type declarations.
apps/web/src/components/admin/LostFoundManagement.tsx(5,28): error TS2307: Cannot find module '@/components/ui/scroll-area' or its corresponding type declarations.
apps/web/src/components/admin/LostFoundManagement.tsx(8,34): error TS2307: Cannot find module '@/lib/lost-found-service' or its corresponding type declarations.
apps/web/src/components/admin/LostFoundManagement.tsx(9,30): error TS2307: Cannot find module '@/api/lost-found-api' or its corresponding type declarations.
apps/web/src/components/admin/LostFoundManagement.tsx(10,32): error TS2307: Cannot find module '@/lib/lost-found-types' or its corresponding type declarations.
apps/web/src/components/admin/LostFoundManagement.tsx(11,24): error TS2307: Cannot find module '@/lib/logger' or its corresponding type declarations.
apps/web/src/components/admin/LostFoundManagement.tsx(27,12): error TS7006: Parameter 'a' implicitly has an 'any' type.
apps/web/src/components/admin/LostFoundManagement.tsx(27,15): error TS7006: Parameter 'b' implicitly has an 'any' type.
apps/web/src/components/admin/LostFoundManagement.tsx(184,50): error TS7006: Parameter 'photo' implicitly has an 'any' type.
apps/web/src/components/admin/LostFoundManagement.tsx(184,57): error TS7006: Parameter 'index' implicitly has an 'any' type.
apps/web/src/components/admin/LostFoundManagement.tsx(220,76): error TS7006: Parameter 'feature' implicitly has an 'any' type.
apps/web/src/components/admin/LostFoundManagement.tsx(220,85): error TS7006: Parameter 'index' implicitly has an 'any' type.
apps/web/src/components/admin/MapSettingsView.tsx(1,40): error TS2307: Cannot find module '@/core/services/config-broadcast-service' or its corresponding type declarations.
apps/web/src/components/admin/MapSettingsView.tsx(2,26): error TS2307: Cannot find module '@/api/admin-api' or its corresponding type declarations.
apps/web/src/components/admin/MapSettingsView.tsx(3,28): error TS2307: Cannot find module '@/hooks/use-storage' or its corresponding type declarations.
apps/web/src/components/admin/MapSettingsView.tsx(4,27): error TS2307: Cannot find module '@/lib/user-service' or its corresponding type declarations.
apps/web/src/components/admin/MapSettingsView.tsx(5,30): error TS2307: Cannot find module '@/lib/logger' or its corresponding type declarations.
apps/web/src/components/admin/MapSettingsView.tsx(7,23): error TS2307: Cannot find module '@/components/ui/badge' or its corresponding type declarations.
apps/web/src/components/admin/MapSettingsView.tsx(8,24): error TS2307: Cannot find module '@/components/ui/button' or its corresponding type declarations.
apps/web/src/components/admin/MapSettingsView.tsx(9,75): error TS2307: Cannot find module '@/components/ui/card' or its corresponding type declarations.
apps/web/src/components/admin/MapSettingsView.tsx(10,23): error TS2307: Cannot find module '@/components/ui/input' or its corresponding type declarations.
apps/web/src/components/admin/MapSettingsView.tsx(11,23): error TS2307: Cannot find module '@/components/ui/label' or its corresponding type declarations.
apps/web/src/components/admin/MapSettingsView.tsx(12,28): error TS2307: Cannot find module '@/components/ui/scroll-area' or its corresponding type declarations.
apps/web/src/components/admin/MapSettingsView.tsx(19,8): error TS2307: Cannot find module '@/components/ui/select' or its corresponding type declarations.
apps/web/src/components/admin/MapSettingsView.tsx(20,27): error TS2307: Cannot find module '@/components/ui/separator' or its corresponding type declarations.
apps/web/src/components/admin/MapSettingsView.tsx(21,24): error TS2307: Cannot find module '@/components/ui/slider' or its corresponding type declarations.
apps/web/src/components/admin/MapSettingsView.tsx(22,24): error TS2307: Cannot find module '@/components/ui/switch' or its corresponding type declarations.
apps/web/src/components/admin/MapSettingsView.tsx(23,38): error TS2307: Cannot find module '@/lib/maps/provider-config' or its corresponding type declarations.
apps/web/src/components/admin/MapSettingsView.tsx(24,36): error TS2307: Cannot find module '@/lib/maps/types' or its corresponding type declarations.
apps/web/src/components/admin/MapSettingsView.tsx(115,21): error TS7006: Parameter 'current' implicitly has an 'any' type.
apps/web/src/components/admin/MapSettingsView.tsx(128,26): error TS7006: Parameter 'current' implicitly has an 'any' type.
apps/web/src/components/admin/MapSettingsView.tsx(139,26): error TS7006: Parameter 'current' implicitly has an 'any' type.
apps/web/src/components/admin/MapSettingsView.tsx(141,46): error TS7006: Parameter 'cat' implicitly has an 'any' type.
apps/web/src/components/admin/MapSettingsView.tsx(147,26): error TS7006: Parameter 'current' implicitly has an 'any' type.
apps/web/src/components/admin/MapSettingsView.tsx(149,43): error TS7006: Parameter 'cat' implicitly has an 'any' type.
apps/web/src/components/admin/MapSettingsView.tsx(267,38): error TS7031: Binding element 'value' implicitly has an 'any' type.
apps/web/src/components/admin/MapSettingsView.tsx(304,38): error TS7031: Binding element 'value' implicitly has an 'any' type.
apps/web/src/components/admin/MapSettingsView.tsx(333,32): error TS7006: Parameter 'e' implicitly has an 'any' type.
apps/web/src/components/admin/MapSettingsView.tsx(345,32): error TS7006: Parameter 'e' implicitly has an 'any' type.
apps/web/src/components/admin/MapSettingsView.tsx(380,30): error TS7006: Parameter 'e' implicitly has an 'any' type.
apps/web/src/components/admin/MapSettingsView.tsx(480,38): error TS7031: Binding element 'value' implicitly has an 'any' type.
apps/web/src/components/admin/MapSettingsView.tsx(521,42): error TS7006: Parameter 'current' implicitly has an 'any' type.
apps/web/src/components/admin/MapSettingsView.tsx(535,42): error TS7006: Parameter 'current' implicitly has an 'any' type.
apps/web/src/components/admin/MapSettingsView.tsx(554,38): error TS7006: Parameter 'e' implicitly has an 'any' type.
apps/web/src/components/admin/MapSettingsView.tsx(555,45): error TS7006: Parameter 'prev' implicitly has an 'any' type.
apps/web/src/components/admin/MapSettingsView.tsx(564,38): error TS7006: Parameter 'e' implicitly has an 'any' type.
apps/web/src/components/admin/MapSettingsView.tsx(565,45): error TS7006: Parameter 'prev' implicitly has an 'any' type.
apps/web/src/components/admin/MapSettingsView.tsx(576,38): error TS7006: Parameter 'e' implicitly has an 'any' type.
apps/web/src/components/admin/MapSettingsView.tsx(577,45): error TS7006: Parameter 'prev' implicitly has an 'any' type.
apps/web/src/components/admin/MapSettingsView.tsx(587,40): error TS7006: Parameter 'e' implicitly has an 'any' type.
apps/web/src/components/admin/MapSettingsView.tsx(588,47): error TS7006: Parameter 'prev' implicitly has an 'any' type.
apps/web/src/components/admin/MapSettingsView.tsx(595,40): error TS7006: Parameter 'e' implicitly has an 'any' type.
apps/web/src/components/admin/MapSettingsView.tsx(596,47): error TS7006: Parameter 'prev' implicitly has an 'any' type.
apps/web/src/components/admin/MapSettingsView.tsx(614,52): error TS7006: Parameter 'category' implicitly has an 'any' type.
apps/web/src/components/admin/MapSettingsView.tsx(624,44): error TS7006: Parameter 'e' implicitly has an 'any' type.
apps/web/src/components/admin/MapSettingsView.tsx(633,44): error TS7006: Parameter 'e' implicitly has an 'any' type.
apps/web/src/components/admin/MapSettingsView.tsx(645,44): error TS7006: Parameter 'e' implicitly has an 'any' type.
apps/web/src/components/admin/MapSettingsView.tsx(653,44): error TS7006: Parameter 'e' implicitly has an 'any' type.
apps/web/src/components/admin/MapSettingsView.tsx(731,35): error TS7006: Parameter 'value' implicitly has an 'any' type.
apps/web/src/components/admin/MapSettingsView.tsx(755,30): error TS7006: Parameter 'e' implicitly has an 'any' type.
apps/web/src/components/admin/MapSettingsView.tsx(769,30): error TS7006: Parameter 'e' implicitly has an 'any' type.
apps/web/src/components/admin/MapSettingsView.tsx(783,30): error TS7006: Parameter 'e' implicitly has an 'any' type.
apps/web/src/components/admin/MapSettingsView.tsx(796,30): error TS7006: Parameter 'e' implicitly has an 'any' type.
apps/web/src/components/admin/MatchingConfigPanel.test.tsx(1,29): error TS2307: Cannot find module '@/api/matching-api' or its corresponding type declarations.
apps/web/src/components/admin/MatchingConfigPanel.test.tsx(2,37): error TS2307: Cannot find module '@/core/domain/matching-config' or its corresponding type declarations.
apps/web/src/components/admin/MatchingConfigPanel.test.tsx(3,62): error TS2307: Cannot find module '@/core/domain/matching-config' or its corresponding type declarations.
apps/web/src/components/admin/MatchingConfigPanel.tsx(2,75): error TS2307: Cannot find module '@/components/ui/card' or its corresponding type declarations.
apps/web/src/components/admin/MatchingConfigPanel.tsx(3,23): error TS2307: Cannot find module '@/components/ui/label' or its corresponding type declarations.
apps/web/src/components/admin/MatchingConfigPanel.tsx(4,24): error TS2307: Cannot find module '@/components/ui/slider' or its corresponding type declarations.
apps/web/src/components/admin/MatchingConfigPanel.tsx(5,24): error TS2307: Cannot find module '@/components/ui/switch' or its corresponding type declarations.
apps/web/src/components/admin/MatchingConfigPanel.tsx(6,24): error TS2307: Cannot find module '@/components/ui/button' or its corresponding type declarations.
apps/web/src/components/admin/MatchingConfigPanel.tsx(7,23): error TS2307: Cannot find module '@/components/ui/input' or its corresponding type declarations.
apps/web/src/components/admin/MatchingConfigPanel.tsx(8,27): error TS2307: Cannot find module '@/components/ui/separator' or its corresponding type declarations.
apps/web/src/components/admin/MatchingConfigPanel.tsx(9,37): error TS2307: Cannot find module '@/core/domain/matching-config' or its corresponding type declarations.
apps/web/src/components/admin/MatchingConfigPanel.tsx(14,8): error TS2307: Cannot find module '@/core/domain/matching-config' or its corresponding type declarations.
apps/web/src/components/admin/MatchingConfigPanel.tsx(15,29): error TS2307: Cannot find module '@/api/matching-api' or its corresponding type declarations.
apps/web/src/components/admin/MatchingConfigPanel.tsx(16,47): error TS2307: Cannot find module '@/api/types' or its corresponding type declarations.
apps/web/src/components/admin/MatchingConfigPanel.tsx(19,30): error TS2307: Cannot find module '@/lib/logger' or its corresponding type declarations.
apps/web/src/components/admin/MatchingConfigPanel.tsx(20,40): error TS2307: Cannot find module '@/core/services/config-broadcast-service' or its corresponding type declarations.
apps/web/src/components/admin/MatchingConfigPanel.tsx(21,26): error TS2307: Cannot find module '@/api/admin-api' or its corresponding type declarations.
apps/web/src/components/admin/MatchingConfigPanel.tsx(22,28): error TS2307: Cannot find module '@/hooks/use-storage' or its corresponding type declarations.
apps/web/src/components/admin/MatchingConfigPanel.tsx(23,27): error TS2307: Cannot find module '@/lib/user-service' or its corresponding type declarations.
apps/web/src/components/admin/MatchingConfigPanel.tsx(179,63): error TS18046: 'sum' is of type 'unknown'.
apps/web/src/components/admin/MatchingConfigPanel.tsx(179,69): error TS18046: 'val' is of type 'unknown'.
apps/web/src/components/admin/MatchingConfigPanel.tsx(211,20): error TS2322: Type 'unknown' is not assignable to type 'ReactNode'.
apps/web/src/components/admin/MatchingConfigPanel.tsx(224,67): error TS2322: Type 'unknown' is not assignable to type 'ReactNode'.
apps/web/src/components/admin/MatchingConfigPanel.tsx(232,36): error TS7031: Binding element 'val' implicitly has an 'any' type.
apps/web/src/components/admin/MatchingConfigPanel.tsx(261,33): error TS7006: Parameter 'val' implicitly has an 'any' type.
apps/web/src/components/admin/MatchingConfigPanel.tsx(277,33): error TS7006: Parameter 'val' implicitly has an 'any' type.
apps/web/src/components/admin/MatchingConfigPanel.tsx(291,33): error TS7006: Parameter 'val' implicitly has an 'any' type.
apps/web/src/components/admin/MatchingConfigPanel.tsx(305,33): error TS7006: Parameter 'val' implicitly has an 'any' type.
apps/web/src/components/admin/MatchingConfigPanel.tsx(319,33): error TS7006: Parameter 'val' implicitly has an 'any' type.
apps/web/src/components/admin/MatchingConfigPanel.tsx(333,26): error TS7006: Parameter 'e' implicitly has an 'any' type.
apps/web/src/components/admin/MatchingConfigPanel.tsx(355,33): error TS7006: Parameter 'val' implicitly has an 'any' type.
apps/web/src/components/admin/MatchingConfigPanel.tsx(369,33): error TS7006: Parameter 'val' implicitly has an 'any' type.
apps/web/src/components/admin/MatchingConfigPanel.tsx(383,33): error TS7006: Parameter 'val' implicitly has an 'any' type.
apps/web/src/components/admin/MatchingConfigPanel.tsx(397,26): error TS7006: Parameter 'e' implicitly has an 'any' type.
apps/web/src/components/admin/ModerationQueue.tsx(1,23): error TS2307: Cannot find module '@/components/ui/badge' or its corresponding type declarations.
apps/web/src/components/admin/ModerationQueue.tsx(2,24): error TS2307: Cannot find module '@/components/ui/button' or its corresponding type declarations.
apps/web/src/components/admin/ModerationQueue.tsx(3,22): error TS2307: Cannot find module '@/components/ui/card' or its corresponding type declarations.
apps/web/src/components/admin/ModerationQueue.tsx(4,66): error TS2307: Cannot find module '@/components/ui/dialog' or its corresponding type declarations.
apps/web/src/components/admin/ModerationQueue.tsx(5,28): error TS2307: Cannot find module '@/components/ui/scroll-area' or its corresponding type declarations.
apps/web/src/components/admin/ModerationQueue.tsx(12,8): error TS2307: Cannot find module '@/components/ui/select' or its corresponding type declarations.
apps/web/src/components/admin/ModerationQueue.tsx(13,58): error TS2307: Cannot find module '@/components/ui/tabs' or its corresponding type declarations.
apps/web/src/components/admin/ModerationQueue.tsx(14,26): error TS2307: Cannot find module '@/components/ui/textarea' or its corresponding type declarations.
apps/web/src/components/admin/ModerationQueue.tsx(15,49): error TS2307: Cannot find module '@/lib/backend-services' or its corresponding type declarations.
apps/web/src/components/admin/ModerationQueue.tsx(16,68): error TS2307: Cannot find module '@/lib/backend-types' or its corresponding type declarations.
apps/web/src/components/admin/ModerationQueue.tsx(56,37): error TS7006: Parameter 'p' implicitly has an 'any' type.
apps/web/src/components/admin/ModerationQueue.tsx(79,44): error TS2307: Cannot find module '@/lib/user-service' or its corresponding type declarations.
apps/web/src/components/admin/ModerationQueue.tsx(99,44): error TS2307: Cannot find module '@/lib/user-service' or its corresponding type declarations.
apps/web/src/components/admin/ModerationQueue.tsx(128,44): error TS2307: Cannot find module '@/lib/user-service' or its corresponding type declarations.
apps/web/src/components/admin/ModerationQueue.tsx(158,44): error TS2307: Cannot find module '@/lib/user-service' or its corresponding type declarations.
apps/web/src/components/admin/ModerationQueue.tsx(217,25): error TS7006: Parameter 'v' implicitly has an 'any' type.
apps/web/src/components/admin/ModerationQueue.tsx(274,66): error TS7006: Parameter 'flag' implicitly has an 'any' type.
apps/web/src/components/admin/ModerationQueue.tsx(462,57): error TS7006: Parameter 'flag' implicitly has an 'any' type.
apps/web/src/components/admin/ModerationQueue.tsx(492,39): error TS7006: Parameter 'v' implicitly has an 'any' type.
apps/web/src/components/admin/ModerationQueue.tsx(514,34): error TS7006: Parameter 'e' implicitly has an 'any' type.
apps/web/src/components/admin/PerformanceMonitoring.tsx(2,1): error TS6133: 'motion' is declared but its value is never read.
apps/web/src/components/admin/PerformanceMonitoring.tsx(2,24): error TS2307: Cannot find module '@/effects/reanimated/animated-view' or its corresponding type declarations.
apps/web/src/components/admin/PerformanceMonitoring.tsx(3,22): error TS2307: Cannot find module '@/components/ui/card' or its corresponding type declarations.
apps/web/src/components/admin/PerformanceMonitoring.tsx(4,24): error TS2307: Cannot find module '@/components/ui/button' or its corresponding type declarations.
apps/web/src/components/admin/PerformanceMonitoring.tsx(5,23): error TS2307: Cannot find module '@/components/ui/badge' or its corresponding type declarations.
apps/web/src/components/admin/PerformanceMonitoring.tsx(6,26): error TS2307: Cannot find module '@/components/ui/progress' or its corresponding type declarations.
apps/web/src/components/admin/PerformanceMonitoring.tsx(7,58): error TS2307: Cannot find module '@/components/ui/tabs' or its corresponding type declarations.
apps/web/src/components/admin/PerformanceMonitoring.tsx(20,64): error TS2307: Cannot find module '@/lib/performance' or its corresponding type declarations.
apps/web/src/components/admin/PerformanceMonitoring.tsx(21,37): error TS2307: Cannot find module '@/lib/websocket-manager' or its corresponding type declarations.
apps/web/src/components/admin/PerformanceMonitoring.tsx(190,42): error TS6133: 'index' is declared but its value is never read.
apps/web/src/components/admin/PerformanceMonitoring.tsx(191,12): error TS2304: Cannot find name 'AnimatedView'.
apps/web/src/components/admin/PerformanceMonitoring.tsx(210,13): error TS2304: Cannot find name 'AnimatedView'.
apps/web/src/components/admin/PetProfileGenerator.tsx(1,24): error TS2307: Cannot find module '@/components/ui/button' or its corresponding type declarations.
apps/web/src/components/admin/PetProfileGenerator.tsx(2,75): error TS2307: Cannot find module '@/components/ui/card' or its corresponding type declarations.
apps/web/src/components/admin/PetProfileGenerator.tsx(3,28): error TS2307: Cannot find module '@/hooks/use-storage' or its corresponding type declarations.
apps/web/src/components/admin/PetProfileGenerator.tsx(4,32): error TS2307: Cannot find module '@/lib/llm-prompt' or its corresponding type declarations.
apps/web/src/components/admin/PetProfileGenerator.tsx(5,28): error TS2307: Cannot find module '@/lib/llm-service' or its corresponding type declarations.
apps/web/src/components/admin/PetProfileGenerator.tsx(6,31): error TS2307: Cannot find module '@/lib/llm-utils' or its corresponding type declarations.
apps/web/src/components/admin/PetProfileGenerator.tsx(7,30): error TS2307: Cannot find module '@/lib/logger' or its corresponding type declarations.
apps/web/src/components/admin/PetProfileGenerator.tsx(130,16): error TS7006: Parameter 'currentPets' implicitly has an 'any' type.
apps/web/src/components/admin/PhotoModerationQueue.tsx(9,36): error TS2307: Cannot find module '@/api/photo-moderation-api' or its corresponding type declarations.
apps/web/src/components/admin/PhotoModerationQueue.tsx(10,23): error TS2307: Cannot find module '@/components/ui/badge' or its corresponding type declarations.
apps/web/src/components/admin/PhotoModerationQueue.tsx(11,24): error TS2307: Cannot find module '@/components/ui/button' or its corresponding type declarations.
apps/web/src/components/admin/PhotoModerationQueue.tsx(12,22): error TS2307: Cannot find module '@/components/ui/card' or its corresponding type declarations.
apps/web/src/components/admin/PhotoModerationQueue.tsx(19,8): error TS2307: Cannot find module '@/components/ui/dialog' or its corresponding type declarations.
apps/web/src/components/admin/PhotoModerationQueue.tsx(20,28): error TS2307: Cannot find module '@/components/ui/scroll-area' or its corresponding type declarations.
apps/web/src/components/admin/PhotoModerationQueue.tsx(21,58): error TS2307: Cannot find module '@/components/ui/tabs' or its corresponding type declarations.
apps/web/src/components/admin/PhotoModerationQueue.tsx(22,26): error TS2307: Cannot find module '@/components/ui/textarea' or its corresponding type declarations.
apps/web/src/components/admin/PhotoModerationQueue.tsx(27,8): error TS2307: Cannot find module '@/core/domain/photo-moderation' or its corresponding type declarations.
apps/web/src/components/admin/PhotoModerationQueue.tsx(28,29): error TS2307: Cannot find module '@/hooks/useLanguage' or its corresponding type declarations.
apps/web/src/components/admin/PhotoModerationQueue.tsx(29,32): error TS2307: Cannot find module '@/lib/i18n' or its corresponding type declarations.
apps/web/src/components/admin/PhotoModerationQueue.tsx(30,30): error TS2307: Cannot find module '@/lib/logger' or its corresponding type declarations.
apps/web/src/components/admin/PhotoModerationQueue.tsx(31,29): error TS2307: Cannot find module '@/lib/user-service' or its corresponding type declarations.
apps/web/src/components/admin/PhotoModerationQueue.tsx(322,25): error TS7006: Parameter 'value' implicitly has an 'any' type.
apps/web/src/components/admin/PhotoModerationQueue.tsx(386,24): error TS7006: Parameter 'open' implicitly has an 'any' type.
apps/web/src/components/admin/PhotoModerationQueue.tsx(437,72): error TS7006: Parameter 'issue' implicitly has an 'any' type.
apps/web/src/components/admin/PhotoModerationQueue.tsx(437,79): error TS7006: Parameter 'idx' implicitly has an 'any' type.
apps/web/src/components/admin/PhotoModerationQueue.tsx(471,32): error TS7006: Parameter 'e' implicitly has an 'any' type.
apps/web/src/components/admin/ReportsView.tsx(1,26): error TS2307: Cannot find module '@/api/admin-api' or its corresponding type declarations.
apps/web/src/components/admin/ReportsView.tsx(2,23): error TS2307: Cannot find module '@/components/ui/badge' or its corresponding type declarations.
apps/web/src/components/admin/ReportsView.tsx(3,24): error TS2307: Cannot find module '@/components/ui/button' or its corresponding type declarations.
apps/web/src/components/admin/ReportsView.tsx(4,75): error TS2307: Cannot find module '@/components/ui/card' or its corresponding type declarations.
apps/web/src/components/admin/ReportsView.tsx(12,8): error TS2307: Cannot find module '@/components/ui/dialog' or its corresponding type declarations.
apps/web/src/components/admin/ReportsView.tsx(13,28): error TS2307: Cannot find module '@/components/ui/scroll-area' or its corresponding type declarations.
apps/web/src/components/admin/ReportsView.tsx(20,8): error TS2307: Cannot find module '@/components/ui/select' or its corresponding type declarations.
apps/web/src/components/admin/ReportsView.tsx(21,45): error TS2307: Cannot find module '@/components/ui/tabs' or its corresponding type declarations.
apps/web/src/components/admin/ReportsView.tsx(22,26): error TS2307: Cannot find module '@/components/ui/textarea' or its corresponding type declarations.
apps/web/src/components/admin/ReportsView.tsx(23,33): error TS2307: Cannot find module '@/lib/api/admin' or its corresponding type declarations.
apps/web/src/components/admin/ReportsView.tsx(24,29): error TS2307: Cannot find module '@/lib/contracts' or its corresponding type declarations.
apps/web/src/components/admin/ReportsView.tsx(25,30): error TS2307: Cannot find module '@/lib/logger' or its corresponding type declarations.
apps/web/src/components/admin/ReportsView.tsx(434,30): error TS7006: Parameter 'e' implicitly has an 'any' type.
apps/web/src/components/admin/SettingsView.tsx(4,75): error TS2307: Cannot find module '@/components/ui/card' or its corresponding type declarations.
apps/web/src/components/admin/SettingsView.tsx(5,23): error TS2307: Cannot find module '@/components/ui/label' or its corresponding type declarations.
apps/web/src/components/admin/SettingsView.tsx(6,28): error TS2307: Cannot find module '@/components/ui/scroll-area' or its corresponding type declarations.
apps/web/src/components/admin/SettingsView.tsx(7,27): error TS2307: Cannot find module '@/components/ui/separator' or its corresponding type declarations.
apps/web/src/components/admin/SettingsView.tsx(8,24): error TS2307: Cannot find module '@/components/ui/slider' or its corresponding type declarations.
apps/web/src/components/admin/SettingsView.tsx(9,24): error TS2307: Cannot find module '@/components/ui/switch' or its corresponding type declarations.
apps/web/src/components/admin/SettingsView.tsx(10,28): error TS2307: Cannot find module '@/hooks/use-storage' or its corresponding type declarations.
apps/web/src/components/admin/SettingsView.tsx(12,30): error TS2307: Cannot find module '@/effects/reanimated/animated-view' or its corresponding type declarations.
apps/web/src/components/admin/SettingsView.tsx(13,30): error TS2307: Cannot find module '@/effects/reanimated/use-hover-lift' or its corresponding type declarations.
apps/web/src/components/admin/SettingsView.tsx(14,31): error TS2307: Cannot find module '@/lib/haptics' or its corresponding type declarations.
apps/web/src/components/admin/SettingsView.tsx(15,30): error TS2307: Cannot find module '@/lib/logger' or its corresponding type declarations.
apps/web/src/components/admin/SettingsView.tsx(206,40): error TS7031: Binding element 'value' implicitly has an 'any' type.
apps/web/src/components/admin/SettingsView.tsx(232,40): error TS7031: Binding element 'value' implicitly has an 'any' type.
apps/web/src/components/admin/SupportChatPanel.tsx(9,28): error TS2307: Cannot find module '@/api/support-api' or its corresponding type declarations.
apps/web/src/components/admin/SupportChatPanel.tsx(10,26): error TS2307: Cannot find module '@/api/admin-api' or its corresponding type declarations.
apps/web/src/components/admin/SupportChatPanel.tsx(11,53): error TS2307: Cannot find module '@/components/ui/avatar' or its corresponding type declarations.
apps/web/src/components/admin/SupportChatPanel.tsx(12,23): error TS2307: Cannot find module '@/components/ui/badge' or its corresponding type declarations.
apps/web/src/components/admin/SupportChatPanel.tsx(13,24): error TS2307: Cannot find module '@/components/ui/button' or its corresponding type declarations.
apps/web/src/components/admin/SupportChatPanel.tsx(14,29): error TS6133: 'CardDescription' is declared but its value is never read.
apps/web/src/components/admin/SupportChatPanel.tsx(14,46): error TS6133: 'CardHeader' is declared but its value is never read.
apps/web/src/components/admin/SupportChatPanel.tsx(14,58): error TS6133: 'CardTitle' is declared but its value is never read.
apps/web/src/components/admin/SupportChatPanel.tsx(14,75): error TS2307: Cannot find module '@/components/ui/card' or its corresponding type declarations.
apps/web/src/components/admin/SupportChatPanel.tsx(22,8): error TS2307: Cannot find module '@/components/ui/dialog' or its corresponding type declarations.
apps/web/src/components/admin/SupportChatPanel.tsx(23,23): error TS2307: Cannot find module '@/components/ui/input' or its corresponding type declarations.
apps/web/src/components/admin/SupportChatPanel.tsx(24,23): error TS2307: Cannot find module '@/components/ui/label' or its corresponding type declarations.
apps/web/src/components/admin/SupportChatPanel.tsx(25,28): error TS2307: Cannot find module '@/components/ui/scroll-area' or its corresponding type declarations.
apps/web/src/components/admin/SupportChatPanel.tsx(32,8): error TS2307: Cannot find module '@/components/ui/select' or its corresponding type declarations.
apps/web/src/components/admin/SupportChatPanel.tsx(33,58): error TS2307: Cannot find module '@/components/ui/tabs' or its corresponding type declarations.
apps/web/src/components/admin/SupportChatPanel.tsx(34,26): error TS2307: Cannot find module '@/components/ui/textarea' or its corresponding type declarations.
apps/web/src/components/admin/SupportChatPanel.tsx(35,28): error TS2307: Cannot find module '@/hooks/use-storage' or its corresponding type declarations.
apps/web/src/components/admin/SupportChatPanel.tsx(36,30): error TS2307: Cannot find module '@/lib/logger' or its corresponding type declarations.
apps/web/src/components/admin/SupportChatPanel.tsx(42,8): error TS2307: Cannot find module '@/lib/support-types' or its corresponding type declarations.
apps/web/src/components/admin/SupportChatPanel.tsx(43,27): error TS2307: Cannot find module '@/lib/user-service' or its corresponding type declarations.
apps/web/src/components/admin/SupportChatPanel.tsx(48,3): error TS6133: 'Envelope' is declared but its value is never read.
apps/web/src/components/admin/SupportChatPanel.tsx(52,11): error TS6133: 'UserIcon' is declared but its value is never read.
apps/web/src/components/admin/SupportChatPanel.tsx(125,12): error TS7006: Parameter 'a' implicitly has an 'any' type.
apps/web/src/components/admin/SupportChatPanel.tsx(125,15): error TS7006: Parameter 'b' implicitly has an 'any' type.
apps/web/src/components/admin/SupportChatPanel.tsx(188,9): error TS6133: 'handleAssignTicket' is declared but its value is never read.
apps/web/src/components/admin/SupportChatPanel.tsx(219,28): error TS7053: Element implicitly has an 'any' type because expression of type 'SupportTicket' can't be used to index type '{ readonly low: "secondary"; readonly medium: "default"; readonly high: "destructive"; readonly urgent: "destructive"; }'.
apps/web/src/components/admin/SupportChatPanel.tsx(238,23): error TS7053: Element implicitly has an 'any' type because expression of type 'SupportTicket' can't be used to index type '{ readonly open: "destructive"; readonly 'in-progress': "default"; readonly resolved: "secondary"; readonly closed: "outline"; }'.
apps/web/src/components/admin/SupportChatPanel.tsx(239,10): error TS7053: Element implicitly has an 'any' type because expression of type 'SupportTicket' can't be used to index type '{ open: Element; 'in-progress': Element; resolved: Element; closed: Element; }'.
apps/web/src/components/admin/SupportChatPanel.tsx(306,28): error TS7006: Parameter 'e' implicitly has an 'any' type.
apps/web/src/components/admin/SupportChatPanel.tsx(314,29): error TS7006: Parameter 'v' implicitly has an 'any' type.
apps/web/src/components/admin/SupportChatPanel.tsx(385,39): error TS7006: Parameter 'v' implicitly has an 'any' type.
apps/web/src/components/admin/SupportChatPanel.tsx(479,32): error TS7006: Parameter 'e' implicitly has an 'any' type.
apps/web/src/components/admin/SupportChatPanel.tsx(482,33): error TS7006: Parameter 'e' implicitly has an 'any' type.
apps/web/src/components/admin/SystemMap.tsx(1,22): error TS2307: Cannot find module '@/components/ui/card' or its corresponding type declarations.
apps/web/src/components/admin/SystemMap.tsx(2,23): error TS2307: Cannot find module '@/components/ui/badge' or its corresponding type declarations.
apps/web/src/components/admin/SystemMap.tsx(3,58): error TS2307: Cannot find module '@/components/ui/tabs' or its corresponding type declarations.
apps/web/src/components/admin/SystemMap.tsx(4,28): error TS2307: Cannot find module '@/components/ui/scroll-area' or its corresponding type declarations.
apps/web/src/components/admin/UsersView.tsx(1,26): error TS2307: Cannot find module '@/api/admin-api' or its corresponding type declarations.
apps/web/src/components/admin/UsersView.tsx(2,53): error TS2307: Cannot find module '@/components/ui/avatar' or its corresponding type declarations.
apps/web/src/components/admin/UsersView.tsx(3,36): error TS2307: Cannot find module '@/components/ui/badge' or its corresponding type declarations.
apps/web/src/components/admin/UsersView.tsx(4,23): error TS2307: Cannot find module '@/components/ui/badge' or its corresponding type declarations.
apps/web/src/components/admin/UsersView.tsx(5,24): error TS2307: Cannot find module '@/components/ui/button' or its corresponding type declarations.
apps/web/src/components/admin/UsersView.tsx(6,35): error TS2307: Cannot find module '@/components/ui/card' or its corresponding type declarations.
apps/web/src/components/admin/UsersView.tsx(14,8): error TS2307: Cannot find module '@/components/ui/dialog' or its corresponding type declarations.
apps/web/src/components/admin/UsersView.tsx(15,23): error TS2307: Cannot find module '@/components/ui/input' or its corresponding type declarations.
apps/web/src/components/admin/UsersView.tsx(16,28): error TS2307: Cannot find module '@/components/ui/scroll-area' or its corresponding type declarations.
apps/web/src/components/admin/UsersView.tsx(17,45): error TS2307: Cannot find module '@/components/ui/tabs' or its corresponding type declarations.
apps/web/src/components/admin/UsersView.tsx(18,28): error TS2307: Cannot find module '@/hooks/use-storage' or its corresponding type declarations.
apps/web/src/components/admin/UsersView.tsx(19,26): error TS2307: Cannot find module '@/lib/types' or its corresponding type declarations.
apps/web/src/components/admin/UsersView.tsx(232,28): error TS7006: Parameter 'e' implicitly has an 'any' type.
apps/web/src/components/admin/UsersView.tsx(462,30): error TS7006: Parameter 'e' implicitly has an 'any' type.
apps/web/src/components/admin/VerificationReviewDashboard.tsx(1,33): error TS2307: Cannot find module '@/api/verification-api' or its corresponding type declarations.
apps/web/src/components/admin/VerificationReviewDashboard.tsx(2,40): error TS2307: Cannot find module '@/components/ui/avatar' or its corresponding type declarations.
apps/web/src/components/admin/VerificationReviewDashboard.tsx(3,23): error TS2307: Cannot find module '@/components/ui/badge' or its corresponding type declarations.
apps/web/src/components/admin/VerificationReviewDashboard.tsx(4,24): error TS2307: Cannot find module '@/components/ui/button' or its corresponding type declarations.
apps/web/src/components/admin/VerificationReviewDashboard.tsx(5,22): error TS2307: Cannot find module '@/components/ui/card' or its corresponding type declarations.
apps/web/src/components/admin/VerificationReviewDashboard.tsx(6,66): error TS2307: Cannot find module '@/components/ui/dialog' or its corresponding type declarations.
apps/web/src/components/admin/VerificationReviewDashboard.tsx(7,28): error TS2307: Cannot find module '@/components/ui/scroll-area' or its corresponding type declarations.
apps/web/src/components/admin/VerificationReviewDashboard.tsx(8,58): error TS2307: Cannot find module '@/components/ui/tabs' or its corresponding type declarations.
apps/web/src/components/admin/VerificationReviewDashboard.tsx(9,26): error TS2307: Cannot find module '@/components/ui/textarea' or its corresponding type declarations.
apps/web/src/components/admin/VerificationReviewDashboard.tsx(10,25): error TS2307: Cannot find module '@/lib/haptics' or its corresponding type declarations.
apps/web/src/components/admin/VerificationReviewDashboard.tsx(11,30): error TS2307: Cannot find module '@/lib/logger' or its corresponding type declarations.
apps/web/src/components/admin/VerificationReviewDashboard.tsx(12,20): error TS2307: Cannot find module '@/lib/utils' or its corresponding type declarations.
apps/web/src/components/admin/VerificationReviewDashboard.tsx(17,8): error TS2307: Cannot find module '@/lib/verification-types' or its corresponding type declarations.
apps/web/src/components/admin/VerificationReviewDashboard.tsx(32,30): error TS2307: Cannot find module '@/effects/reanimated/animated-view' or its corresponding type declarations.
apps/web/src/components/admin/VerificationReviewDashboard.tsx(33,36): error TS2307: Cannot find module '@/effects/reanimated/use-animate-presence' or its corresponding type declarations.
apps/web/src/components/admin/VerificationReviewDashboard.tsx(145,44): error TS2307: Cannot find module '@/lib/user-service' or its corresponding type declarations.
apps/web/src/components/admin/VerificationReviewDashboard.tsx(186,44): error TS2307: Cannot find module '@/lib/user-service' or its corresponding type declarations.
apps/web/src/components/admin/VerificationReviewDashboard.tsx(283,25): error TS7006: Parameter 'v' implicitly has an 'any' type.
apps/web/src/components/admin/VerificationReviewDashboard.tsx(495,53): error TS7006: Parameter 'doc' implicitly has an 'any' type.
apps/web/src/components/admin/VerificationReviewDashboard.tsx(495,58): error TS7006: Parameter 'index' implicitly has an 'any' type.
apps/web/src/components/admin/VerificationReviewDashboard.tsx(563,36): error TS7006: Parameter 'e' implicitly has an 'any' type.
apps/web/src/components/admin/VerificationReviewDashboard.tsx(576,36): error TS7006: Parameter 'e' implicitly has an 'any' type.
apps/web/src/components/admin/__tests__/AdminLayout.test.tsx(5,28): error TS2307: Cannot find module '@/hooks/use-storage' or its corresponding type declarations.
apps/web/src/components/admin/__tests__/AdminLayout.test.tsx(6,37): error TS2307: Cannot find module '@/effects/reanimated/use-sidebar-animation' or its corresponding type declarations.
apps/web/src/components/admin/__tests__/AdoptionManagement.test.tsx(1,53): error TS6133: 'MockedFunction' is declared but its value is never read.
apps/web/src/components/admin/__tests__/AdoptionManagement.test.tsx(5,36): error TS2307: Cannot find module '@/api/adoption-api' or its corresponding type declarations.
apps/web/src/components/admin/__tests__/AdoptionManagement.test.tsx(6,28): error TS2307: Cannot find module '@/hooks/use-storage' or its corresponding type declarations.
apps/web/src/components/admin/__tests__/AuditLogView.test.tsx(5,28): error TS2307: Cannot find module '@/hooks/use-storage' or its corresponding type declarations.
apps/web/src/components/admin/__tests__/ChatModerationPanel.test.tsx(11,36): error TS2307: Cannot find module '@/lib/api/admin' or its corresponding type declarations.
apps/web/src/components/admin/__tests__/ChatModerationPanel.test.tsx(12,36): error TS2307: Cannot find module '@/lib/chat-types' or its corresponding type declarations.
apps/web/src/components/admin/__tests__/ChatModerationPanel.test.tsx(115,27): error TS2345: Argument of type 'HTMLElement | undefined' is not assignable to parameter of type 'Element'.
  Type 'undefined' is not assignable to type 'Element'.
apps/web/src/components/admin/__tests__/ChatModerationPanel.test.tsx(144,27): error TS2345: Argument of type 'HTMLElement | undefined' is not assignable to parameter of type 'Element'.
  Type 'undefined' is not assignable to type 'Element'.
apps/web/src/components/admin/__tests__/CommunityManagement.test.tsx(5,28): error TS2307: Cannot find module '@/hooks/use-storage' or its corresponding type declarations.
apps/web/src/components/admin/__tests__/CommunityManagement.test.tsx(6,34): error TS2307: Cannot find module '@/lib/community-service' or its corresponding type declarations.
apps/web/src/components/admin/__tests__/CommunityManagement.test.tsx(113,24): error TS2345: Argument of type 'HTMLElement | undefined' is not assignable to parameter of type 'Element'.
  Type 'undefined' is not assignable to type 'Element'.
apps/web/src/components/admin/__tests__/CommunityManagement.test.tsx(134,24): error TS2345: Argument of type 'HTMLElement | undefined' is not assignable to parameter of type 'Element'.
  Type 'undefined' is not assignable to type 'Element'.
apps/web/src/components/admin/__tests__/CommunityManagement.test.tsx(150,24): error TS2345: Argument of type 'HTMLElement | undefined' is not assignable to parameter of type 'Element'.
  Type 'undefined' is not assignable to type 'Element'.
apps/web/src/components/admin/__tests__/CommunityManagement.test.tsx(164,24): error TS2345: Argument of type 'HTMLElement | undefined' is not assignable to parameter of type 'Element'.
  Type 'undefined' is not assignable to type 'Element'.
apps/web/src/components/admin/__tests__/ContentView.test.tsx(5,28): error TS2307: Cannot find module '@/hooks/use-storage' or its corresponding type declarations.
apps/web/src/components/admin/__tests__/DashboardView.test.tsx(4,26): error TS2307: Cannot find module '@/api/admin-api' or its corresponding type declarations.
apps/web/src/components/admin/__tests__/DashboardView.test.tsx(5,28): error TS2307: Cannot find module '@/hooks/use-storage' or its corresponding type declarations.
apps/web/src/components/admin/__tests__/ModerationQueue.test.tsx(5,49): error TS2307: Cannot find module '@/lib/backend-services' or its corresponding type declarations.
apps/web/src/components/admin/__tests__/ModerationQueue.test.tsx(6,29): error TS2307: Cannot find module '@/lib/user-service' or its corresponding type declarations.
apps/web/src/components/admin/__tests__/ModerationQueue.test.tsx(173,24): error TS2345: Argument of type 'HTMLElement | undefined' is not assignable to parameter of type 'Element'.
  Type 'undefined' is not assignable to type 'Element'.
apps/web/src/components/admin/__tests__/ModerationQueue.test.tsx(178,11): error TS6133: 'user' is declared but its value is never read.
apps/web/src/components/admin/__tests__/ModerationQueue.test.tsx(189,11): error TS6133: 'user' is declared but its value is never read.
apps/web/src/components/admin/__tests__/ModerationQueue.test.tsx(200,11): error TS6133: 'user' is declared but its value is never read.
apps/web/src/components/admin/__tests__/PerformanceMonitoring.test.tsx(5,39): error TS2307: Cannot find module '@/lib/performance' or its corresponding type declarations.
apps/web/src/components/admin/__tests__/PerformanceMonitoring.test.tsx(6,37): error TS2307: Cannot find module '@/lib/websocket-manager' or its corresponding type declarations.
apps/web/src/components/admin/__tests__/PerformanceMonitoring.test.tsx(109,24): error TS2345: Argument of type 'HTMLElement | undefined' is not assignable to parameter of type 'Element'.
  Type 'undefined' is not assignable to type 'Element'.
apps/web/src/components/admin/__tests__/ReportsView.test.tsx(2,35): error TS6133: 'within' is declared but its value is never read.
apps/web/src/components/admin/__tests__/ReportsView.test.tsx(5,26): error TS2307: Cannot find module '@/api/admin-api' or its corresponding type declarations.
apps/web/src/components/admin/__tests__/ReportsView.test.tsx(6,28): error TS2307: Cannot find module '@/hooks/use-storage' or its corresponding type declarations.
apps/web/src/components/admin/__tests__/SettingsView.test.tsx(5,28): error TS2307: Cannot find module '@/hooks/use-storage' or its corresponding type declarations.
apps/web/src/components/admin/__tests__/SettingsView.test.tsx(6,31): error TS2307: Cannot find module '@/lib/haptics' or its corresponding type declarations.
apps/web/src/components/admin/__tests__/SettingsView.test.tsx(86,24): error TS2345: Argument of type 'HTMLElement | undefined' is not assignable to parameter of type 'Element'.
  Type 'undefined' is not assignable to type 'Element'.
apps/web/src/components/admin/__tests__/SettingsView.test.tsx(99,24): error TS2345: Argument of type 'HTMLElement | undefined' is not assignable to parameter of type 'Element'.
  Type 'undefined' is not assignable to type 'Element'.
apps/web/src/components/admin/__tests__/SettingsView.test.tsx(109,24): error TS2345: Argument of type 'HTMLElement | undefined' is not assignable to parameter of type 'Element'.
  Type 'undefined' is not assignable to type 'Element'.
apps/web/src/components/admin/__tests__/SettingsView.test.tsx(157,24): error TS2345: Argument of type 'HTMLElement | undefined' is not assignable to parameter of type 'Element'.
  Type 'undefined' is not assignable to type 'Element'.
apps/web/src/components/admin/__tests__/SettingsView.test.tsx(171,24): error TS2345: Argument of type 'HTMLElement | undefined' is not assignable to parameter of type 'Element'.
  Type 'undefined' is not assignable to type 'Element'.
apps/web/src/components/admin/__tests__/UsersView.test.tsx(5,26): error TS2307: Cannot find module '@/api/admin-api' or its corresponding type declarations.
apps/web/src/components/admin/__tests__/UsersView.test.tsx(6,28): error TS2307: Cannot find module '@/hooks/use-storage' or its corresponding type declarations.
apps/web/src/components/adoption/AdoptionApplicationDialog.tsx(10,8): error TS2307: Cannot find module '@/components/ui/dialog' or its corresponding type declarations.
apps/web/src/components/adoption/AdoptionApplicationDialog.tsx(11,24): error TS2307: Cannot find module '@/components/ui/button' or its corresponding type declarations.
apps/web/src/components/adoption/AdoptionApplicationDialog.tsx(12,23): error TS2307: Cannot find module '@/components/ui/input' or its corresponding type declarations.
apps/web/src/components/adoption/AdoptionApplicationDialog.tsx(13,23): error TS2307: Cannot find module '@/components/ui/label' or its corresponding type declarations.
apps/web/src/components/adoption/AdoptionApplicationDialog.tsx(14,26): error TS2307: Cannot find module '@/components/ui/textarea' or its corresponding type declarations.
apps/web/src/components/adoption/AdoptionApplicationDialog.tsx(15,44): error TS2307: Cannot find module '@/components/ui/radio-group' or its corresponding type declarations.
apps/web/src/components/adoption/AdoptionApplicationDialog.tsx(16,26): error TS2307: Cannot find module '@/components/ui/checkbox' or its corresponding type declarations.
apps/web/src/components/adoption/AdoptionApplicationDialog.tsx(18,38): error TS2307: Cannot find module '@/lib/adoption-types' or its corresponding type declarations.
apps/web/src/components/adoption/AdoptionApplicationDialog.tsx(19,33): error TS2307: Cannot find module '@/lib/adoption-service' or its corresponding type declarations.
apps/web/src/components/adoption/AdoptionApplicationDialog.tsx(20,24): error TS2307: Cannot find module '@/contexts/AppContext' or its corresponding type declarations.
apps/web/src/components/adoption/AdoptionApplicationDialog.tsx(21,25): error TS2307: Cannot find module '@/lib/haptics' or its corresponding type declarations.
apps/web/src/components/adoption/AdoptionApplicationDialog.tsx(23,30): error TS2307: Cannot find module '@/lib/logger' or its corresponding type declarations.
apps/web/src/components/adoption/AdoptionApplicationDialog.tsx(24,30): error TS2307: Cannot find module '@/effects/reanimated/animated-view' or its corresponding type declarations.
apps/web/src/components/adoption/AdoptionApplicationDialog.tsx(25,29): error TS2307: Cannot find module '@/effects/reanimated/use-rotation' or its corresponding type declarations.
apps/web/src/components/adoption/AdoptionApplicationDialog.tsx(160,28): error TS7006: Parameter 'e' implicitly has an 'any' type.
apps/web/src/components/adoption/AdoptionApplicationDialog.tsx(173,28): error TS7006: Parameter 'e' implicitly has an 'any' type.
apps/web/src/components/adoption/AdoptionApplicationDialog.tsx(184,28): error TS7006: Parameter 'e' implicitly has an 'any' type.
apps/web/src/components/adoption/AdoptionApplicationDialog.tsx(198,33): error TS7006: Parameter 'value' implicitly has an 'any' type.
apps/web/src/components/adoption/AdoptionApplicationDialog.tsx(236,35): error TS7006: Parameter 'checked' implicitly has an 'any' type.
apps/web/src/components/adoption/AdoptionApplicationDialog.tsx(250,37): error TS7006: Parameter 'checked' implicitly has an 'any' type.
apps/web/src/components/adoption/AdoptionApplicationDialog.tsx(262,30): error TS7006: Parameter 'e' implicitly has an 'any' type.
apps/web/src/components/adoption/AdoptionApplicationDialog.tsx(272,37): error TS7006: Parameter 'checked' implicitly has an 'any' type.
apps/web/src/components/adoption/AdoptionApplicationDialog.tsx(284,30): error TS7006: Parameter 'e' implicitly has an 'any' type.
apps/web/src/components/adoption/AdoptionApplicationDialog.tsx(305,28): error TS7006: Parameter 'e' implicitly has an 'any' type.
apps/web/src/components/adoption/AdoptionApplicationDialog.tsx(319,28): error TS7006: Parameter 'e' implicitly has an 'any' type.
apps/web/src/components/adoption/AdoptionCard.tsx(4,22): error TS2307: Cannot find module '@/components/ui/card' or its corresponding type declarations.
apps/web/src/components/adoption/AdoptionCard.tsx(5,23): error TS2307: Cannot find module '@/components/ui/badge' or its corresponding type declarations.
apps/web/src/components/adoption/AdoptionCard.tsx(6,24): error TS2307: Cannot find module '@/components/ui/button' or its corresponding type declarations.
apps/web/src/components/adoption/AdoptionCard.tsx(7,38): error TS2307: Cannot find module '@/lib/adoption-types' or its corresponding type declarations.
apps/web/src/components/adoption/AdoptionCard.tsx(8,24): error TS2307: Cannot find module '@/contexts/AppContext' or its corresponding type declarations.
apps/web/src/components/adoption/AdoptionCard.tsx(9,25): error TS2307: Cannot find module '@/lib/haptics' or its corresponding type declarations.
apps/web/src/components/adoption/AdoptionCard.tsx(10,30): error TS2307: Cannot find module '@/effects/reanimated/animated-view' or its corresponding type declarations.
apps/web/src/components/adoption/AdoptionCard.tsx(11,30): error TS2307: Cannot find module '@/effects/reanimated/use-hover-lift' or its corresponding type declarations.
apps/web/src/components/adoption/AdoptionCard.tsx(12,29): error TS2307: Cannot find module '@/effects/reanimated/use-hover-tap' or its corresponding type declarations.
apps/web/src/components/adoption/AdoptionCard.tsx(75,34): error TS7053: Element implicitly has an 'any' type because expression of type 'any' can't be used to index type '{ available: string; pending: string; adopted: string; 'on-hold': string; }'.
apps/web/src/components/adoption/AdoptionCard.tsx(76,16): error TS7053: Element implicitly has an 'any' type because expression of type 'any' can't be used to index type '{ available: any; pending: any; adopted: any; 'on-hold': any; }'.
apps/web/src/components/adoption/AdoptionCard.tsx(83,27): error TS7006: Parameter 'e' implicitly has an 'any' type.
apps/web/src/components/adoption/AdoptionCard.tsx(158,25): error TS7006: Parameter 'e' implicitly has an 'any' type.
apps/web/src/components/adoption/AdoptionDetailDialog.tsx(2,30): error TS2307: Cannot find module '@/effects/reanimated/animated-view' or its corresponding type declarations.
apps/web/src/components/adoption/AdoptionDetailDialog.tsx(3,36): error TS2307: Cannot find module '@/effects/reanimated/use-animate-presence' or its corresponding type declarations.
apps/web/src/components/adoption/AdoptionDetailDialog.tsx(4,29): error TS2307: Cannot find module '@/effects/reanimated/use-hover-tap' or its corresponding type declarations.
apps/web/src/components/adoption/AdoptionDetailDialog.tsx(5,66): error TS2307: Cannot find module '@/components/ui/dialog' or its corresponding type declarations.
apps/web/src/components/adoption/AdoptionDetailDialog.tsx(6,24): error TS2307: Cannot find module '@/components/ui/button' or its corresponding type declarations.
apps/web/src/components/adoption/AdoptionDetailDialog.tsx(7,23): error TS2307: Cannot find module '@/components/ui/badge' or its corresponding type declarations.
apps/web/src/components/adoption/AdoptionDetailDialog.tsx(8,27): error TS2307: Cannot find module '@/components/ui/separator' or its corresponding type declarations.
apps/web/src/components/adoption/AdoptionDetailDialog.tsx(25,38): error TS2307: Cannot find module '@/lib/adoption-types' or its corresponding type declarations.
apps/web/src/components/adoption/AdoptionDetailDialog.tsx(26,24): error TS2307: Cannot find module '@/contexts/AppContext' or its corresponding type declarations.
apps/web/src/components/adoption/AdoptionDetailDialog.tsx(27,25): error TS2307: Cannot find module '@/lib/haptics' or its corresponding type declarations.
apps/web/src/components/adoption/AdoptionDetailDialog.tsx(123,32): error TS7006: Parameter '_' implicitly has an 'any' type.
apps/web/src/components/adoption/AdoptionDetailDialog.tsx(123,35): error TS7006: Parameter 'index' implicitly has an 'any' type.
apps/web/src/components/adoption/AdoptionDetailDialog.tsx(317,49): error TS7006: Parameter 'trait' implicitly has an 'any' type.
apps/web/src/components/adoption/AdoptionDetailDialog.tsx(317,56): error TS7006: Parameter 'index' implicitly has an 'any' type.
apps/web/src/components/adoption/AdoptionFiltersSheet.tsx(1,23): error TS2307: Cannot find module '@/components/ui/badge' or its corresponding type declarations.
apps/web/src/components/adoption/AdoptionFiltersSheet.tsx(2,24): error TS2307: Cannot find module '@/components/ui/button' or its corresponding type declarations.
apps/web/src/components/adoption/AdoptionFiltersSheet.tsx(3,26): error TS2307: Cannot find module '@/components/ui/checkbox' or its corresponding type declarations.
apps/web/src/components/adoption/AdoptionFiltersSheet.tsx(4,23): error TS2307: Cannot find module '@/components/ui/input' or its corresponding type declarations.
apps/web/src/components/adoption/AdoptionFiltersSheet.tsx(5,23): error TS2307: Cannot find module '@/components/ui/label' or its corresponding type declarations.
apps/web/src/components/adoption/AdoptionFiltersSheet.tsx(12,8): error TS2307: Cannot find module '@/components/ui/select' or its corresponding type declarations.
apps/web/src/components/adoption/AdoptionFiltersSheet.tsx(13,75): error TS2307: Cannot find module '@/components/ui/sheet' or its corresponding type declarations.
apps/web/src/components/adoption/AdoptionFiltersSheet.tsx(14,24): error TS2307: Cannot find module '@/components/ui/slider' or its corresponding type declarations.
apps/web/src/components/adoption/AdoptionFiltersSheet.tsx(18,8): error TS2307: Cannot find module '@/lib/adoption-marketplace-types' or its corresponding type declarations.
apps/web/src/components/adoption/AdoptionFiltersSheet.tsx(19,25): error TS2307: Cannot find module '@/lib/haptics' or its corresponding type declarations.
apps/web/src/components/adoption/AdoptionFiltersSheet.tsx(56,25): error TS7006: Parameter 's' implicitly has an 'any' type.
apps/web/src/components/adoption/AdoptionFiltersSheet.tsx(70,62): error TS7006: Parameter 's' implicitly has an 'any' type.
apps/web/src/components/adoption/AdoptionFiltersSheet.tsx(84,25): error TS7006: Parameter 'l' implicitly has an 'any' type.
apps/web/src/components/adoption/AdoptionFiltersSheet.tsx(99,25): error TS7006: Parameter 's' implicitly has an 'any' type.
apps/web/src/components/adoption/AdoptionFiltersSheet.tsx(200,30): error TS7006: Parameter 'e' implicitly has an 'any' type.
apps/web/src/components/adoption/AdoptionFiltersSheet.tsx(222,30): error TS7006: Parameter 'e' implicitly has an 'any' type.
apps/web/src/components/adoption/AdoptionFiltersSheet.tsx(243,26): error TS7006: Parameter 'e' implicitly has an 'any' type.
apps/web/src/components/adoption/AdoptionFiltersSheet.tsx(263,36): error TS7031: Binding element 'value' implicitly has an 'any' type.
apps/web/src/components/adoption/AdoptionFiltersSheet.tsx(293,37): error TS7006: Parameter 'checked' implicitly has an 'any' type.
apps/web/src/components/adoption/AdoptionFiltersSheet.tsx(311,37): error TS7006: Parameter 'checked' implicitly has an 'any' type.
apps/web/src/components/adoption/AdoptionFiltersSheet.tsx(329,37): error TS7006: Parameter 'checked' implicitly has an 'any' type.
apps/web/src/components/adoption/AdoptionFiltersSheet.tsx(347,37): error TS7006: Parameter 'checked' implicitly has an 'any' type.
apps/web/src/components/adoption/AdoptionFiltersSheet.tsx(389,26): error TS7006: Parameter 'e' implicitly has an 'any' type.
apps/web/src/components/adoption/AdoptionFiltersSheet.tsx(424,31): error TS7006: Parameter 'value' implicitly has an 'any' type.
apps/web/src/components/adoption/AdoptionFiltersSheet.tsx(449,33): error TS7006: Parameter 'checked' implicitly has an 'any' type.
apps/web/src/components/adoption/AdoptionListingCard.tsx(2,35): error TS2307: Cannot find module '@/components/ui/card' or its corresponding type declarations.
apps/web/src/components/adoption/AdoptionListingCard.tsx(3,23): error TS2307: Cannot find module '@/components/ui/badge' or its corresponding type declarations.
apps/web/src/components/adoption/AdoptionListingCard.tsx(4,24): error TS2307: Cannot find module '@/components/ui/button' or its corresponding type declarations.
apps/web/src/components/adoption/AdoptionListingCard.tsx(6,38): error TS2307: Cannot find module '@/lib/adoption-marketplace-types' or its corresponding type declarations.
apps/web/src/components/adoption/AdoptionListingCard.tsx(7,24): error TS2307: Cannot find module '@/contexts/AppContext' or its corresponding type declarations.
apps/web/src/components/adoption/AdoptionListingCard.tsx(8,25): error TS2307: Cannot find module '@/lib/haptics' or its corresponding type declarations.
apps/web/src/components/adoption/AdoptionListingCard.tsx(9,29): error TS2307: Cannot find module '@/effects/reanimated/use-hover-tap' or its corresponding type declarations.
apps/web/src/components/adoption/AdoptionListingCard.tsx(10,30): error TS2307: Cannot find module '@/effects/reanimated/animated-view' or its corresponding type declarations.
apps/web/src/components/adoption/AdoptionListingCard.tsx(77,25): error TS7006: Parameter 'e' implicitly has an 'any' type.
apps/web/src/components/adoption/AdoptionListingCard.tsx(162,53): error TS7006: Parameter 'trait' implicitly has an 'any' type.
apps/web/src/components/adoption/AdoptionListingCard.tsx(184,23): error TS7006: Parameter 'e' implicitly has an 'any' type.
apps/web/src/components/adoption/AdoptionListingDetailDialog.tsx(2,30): error TS2307: Cannot find module '@/effects/reanimated/animated-view' or its corresponding type declarations.
apps/web/src/components/adoption/AdoptionListingDetailDialog.tsx(3,36): error TS2307: Cannot find module '@/effects/reanimated/use-animate-presence' or its corresponding type declarations.
apps/web/src/components/adoption/AdoptionListingDetailDialog.tsx(4,29): error TS2307: Cannot find module '@/effects/reanimated/use-hover-tap' or its corresponding type declarations.
apps/web/src/components/adoption/AdoptionListingDetailDialog.tsx(5,66): error TS2307: Cannot find module '@/components/ui/dialog' or its corresponding type declarations.
apps/web/src/components/adoption/AdoptionListingDetailDialog.tsx(6,24): error TS2307: Cannot find module '@/components/ui/button' or its corresponding type declarations.
apps/web/src/components/adoption/AdoptionListingDetailDialog.tsx(7,23): error TS2307: Cannot find module '@/components/ui/badge' or its corresponding type declarations.
apps/web/src/components/adoption/AdoptionListingDetailDialog.tsx(8,27): error TS2307: Cannot find module '@/components/ui/separator' or its corresponding type declarations.
apps/web/src/components/adoption/AdoptionListingDetailDialog.tsx(9,23): error TS2307: Cannot find module '@/components/ui/label' or its corresponding type declarations.
apps/web/src/components/adoption/AdoptionListingDetailDialog.tsx(10,26): error TS2307: Cannot find module '@/components/ui/textarea' or its corresponding type declarations.
apps/web/src/components/adoption/AdoptionListingDetailDialog.tsx(11,26): error TS2307: Cannot find module '@/components/ui/checkbox' or its corresponding type declarations.
apps/web/src/components/adoption/AdoptionListingDetailDialog.tsx(21,38): error TS2307: Cannot find module '@/lib/adoption-marketplace-types' or its corresponding type declarations.
apps/web/src/components/adoption/AdoptionListingDetailDialog.tsx(22,44): error TS2307: Cannot find module '@/lib/adoption-marketplace-service' or its corresponding type declarations.
apps/web/src/components/adoption/AdoptionListingDetailDialog.tsx(23,25): error TS2307: Cannot find module '@/lib/haptics' or its corresponding type declarations.
apps/web/src/components/adoption/AdoptionListingDetailDialog.tsx(25,30): error TS2307: Cannot find module '@/lib/logger' or its corresponding type declarations.
apps/web/src/components/adoption/AdoptionListingDetailDialog.tsx(110,44): error TS2307: Cannot find module '@/lib/user-service' or its corresponding type declarations.
apps/web/src/components/adoption/AdoptionListingDetailDialog.tsx(229,30): error TS7006: Parameter '_' implicitly has an 'any' type.
apps/web/src/components/adoption/AdoptionListingDetailDialog.tsx(229,33): error TS7006: Parameter 'index' implicitly has an 'any' type.
apps/web/src/components/adoption/AdoptionListingDetailDialog.tsx(322,44): error TS7006: Parameter 'req' implicitly has an 'any' type.
apps/web/src/components/adoption/AdoptionListingDetailDialog.tsx(322,49): error TS7006: Parameter 'idx' implicitly has an 'any' type.
apps/web/src/components/adoption/AdoptionListingDetailDialog.tsx(369,32): error TS7006: Parameter 'e' implicitly has an 'any' type.
apps/web/src/components/adoption/AdoptionListingDetailDialog.tsx(380,39): error TS7006: Parameter 'checked' implicitly has an 'any' type.
apps/web/src/components/adoption/CreateAdoptionListingWizard.tsx(1,23): error TS2307: Cannot find module '@/components/ui/badge' or its corresponding type declarations.
apps/web/src/components/adoption/CreateAdoptionListingWizard.tsx(2,24): error TS2307: Cannot find module '@/components/ui/button' or its corresponding type declarations.
apps/web/src/components/adoption/CreateAdoptionListingWizard.tsx(3,75): error TS2307: Cannot find module '@/components/ui/card' or its corresponding type declarations.
apps/web/src/components/adoption/CreateAdoptionListingWizard.tsx(4,26): error TS2307: Cannot find module '@/components/ui/checkbox' or its corresponding type declarations.
apps/web/src/components/adoption/CreateAdoptionListingWizard.tsx(5,23): error TS2307: Cannot find module '@/components/ui/input' or its corresponding type declarations.
apps/web/src/components/adoption/CreateAdoptionListingWizard.tsx(6,23): error TS2307: Cannot find module '@/components/ui/label' or its corresponding type declarations.
apps/web/src/components/adoption/CreateAdoptionListingWizard.tsx(7,26): error TS2307: Cannot find module '@/components/ui/progress' or its corresponding type declarations.
apps/web/src/components/adoption/CreateAdoptionListingWizard.tsx(14,8): error TS2307: Cannot find module '@/components/ui/select' or its corresponding type declarations.
apps/web/src/components/adoption/CreateAdoptionListingWizard.tsx(15,26): error TS2307: Cannot find module '@/components/ui/textarea' or its corresponding type declarations.
apps/web/src/components/adoption/CreateAdoptionListingWizard.tsx(16,44): error TS2307: Cannot find module '@/lib/adoption-marketplace-service' or its corresponding type declarations.
apps/web/src/components/adoption/CreateAdoptionListingWizard.tsx(17,48): error TS2307: Cannot find module '@/lib/adoption-marketplace-types' or its corresponding type declarations.
apps/web/src/components/adoption/CreateAdoptionListingWizard.tsx(18,30): error TS2307: Cannot find module '@/lib/logger' or its corresponding type declarations.
apps/web/src/components/adoption/CreateAdoptionListingWizard.tsx(19,29): error TS2307: Cannot find module '@/lib/user-service' or its corresponding type declarations.
apps/web/src/components/adoption/CreateAdoptionListingWizard.tsx(21,20): error TS6133: 'motion' is declared but its value is never read.
apps/web/src/components/adoption/CreateAdoptionListingWizard.tsx(99,18): error TS7006: Parameter 'prev' implicitly has an 'any' type.
apps/web/src/components/adoption/CreateAdoptionListingWizard.tsx(103,18): error TS7006: Parameter 'prev' implicitly has an 'any' type.
apps/web/src/components/adoption/CreateAdoptionListingWizard.tsx(250,19): error TS2322: Type '{ children: Element; mode: string; }' is not assignable to type 'IntrinsicAttributes & PresenceProps'.
  Property 'mode' does not exist on type 'IntrinsicAttributes & PresenceProps'.
apps/web/src/components/adoption/CreateAdoptionListingWizard.tsx(251,12): error TS2304: Cannot find name 'MotionView'.
apps/web/src/components/adoption/CreateAdoptionListingWizard.tsx(280,38): error TS7006: Parameter 'e' implicitly has an 'any' type.
apps/web/src/components/adoption/CreateAdoptionListingWizard.tsx(288,43): error TS7006: Parameter 'value' implicitly has an 'any' type.
apps/web/src/components/adoption/CreateAdoptionListingWizard.tsx(317,38): error TS7006: Parameter 'e' implicitly has an 'any' type.
apps/web/src/components/adoption/CreateAdoptionListingWizard.tsx(329,38): error TS7006: Parameter 'e' implicitly has an 'any' type.
apps/web/src/components/adoption/CreateAdoptionListingWizard.tsx(337,43): error TS7006: Parameter 'value' implicitly has an 'any' type.
apps/web/src/components/adoption/CreateAdoptionListingWizard.tsx(360,43): error TS7006: Parameter 'value' implicitly has an 'any' type.
apps/web/src/components/adoption/CreateAdoptionListingWizard.tsx(381,38): error TS7006: Parameter 'e' implicitly has an 'any' type.
apps/web/src/components/adoption/CreateAdoptionListingWizard.tsx(407,36): error TS7006: Parameter 'e' implicitly has an 'any' type.
apps/web/src/components/adoption/CreateAdoptionListingWizard.tsx(440,41): error TS7006: Parameter 'value' implicitly has an 'any' type.
apps/web/src/components/adoption/CreateAdoptionListingWizard.tsx(470,47): error TS7006: Parameter 'checked' implicitly has an 'any' type.
apps/web/src/components/adoption/CreateAdoptionListingWizard.tsx(482,47): error TS7006: Parameter 'checked' implicitly has an 'any' type.
apps/web/src/components/adoption/CreateAdoptionListingWizard.tsx(496,51): error TS7006: Parameter 'checked' implicitly has an 'any' type.
apps/web/src/components/adoption/CreateAdoptionListingWizard.tsx(510,51): error TS7006: Parameter 'checked' implicitly has an 'any' type.
apps/web/src/components/adoption/CreateAdoptionListingWizard.tsx(536,47): error TS7006: Parameter 'checked' implicitly has an 'any' type.
apps/web/src/components/adoption/CreateAdoptionListingWizard.tsx(548,47): error TS7006: Parameter 'checked' implicitly has an 'any' type.
apps/web/src/components/adoption/CreateAdoptionListingWizard.tsx(560,47): error TS7006: Parameter 'checked' implicitly has an 'any' type.
apps/web/src/components/adoption/CreateAdoptionListingWizard.tsx(574,36): error TS7006: Parameter 'e' implicitly has an 'any' type.
apps/web/src/components/adoption/CreateAdoptionListingWizard.tsx(602,36): error TS7006: Parameter 'e' implicitly has an 'any' type.
apps/web/src/components/adoption/CreateAdoptionListingWizard.tsx(636,38): error TS7006: Parameter 'e' implicitly has an 'any' type.
apps/web/src/components/adoption/CreateAdoptionListingWizard.tsx(647,43): error TS7006: Parameter 'value' implicitly has an 'any' type.
apps/web/src/components/adoption/CreateAdoptionListingWizard.tsx(680,38): error TS7006: Parameter 'e' implicitly has an 'any' type.
apps/web/src/components/adoption/CreateAdoptionListingWizard.tsx(689,38): error TS7006: Parameter 'e' implicitly has an 'any' type.
apps/web/src/components/adoption/CreateAdoptionListingWizard.tsx(755,55): error TS7006: Parameter 'trait' implicitly has an 'any' type.
apps/web/src/components/adoption/CreateAdoptionListingWizard.tsx(814,13): error TS2304: Cannot find name 'MotionView'.
apps/web/src/components/adoption/MyApplicationsView.tsx(1,53): error TS2307: Cannot find module '@/components/ui/avatar' or its corresponding type declarations.
apps/web/src/components/adoption/MyApplicationsView.tsx(2,23): error TS2307: Cannot find module '@/components/ui/badge' or its corresponding type declarations.
apps/web/src/components/adoption/MyApplicationsView.tsx(3,24): error TS2307: Cannot find module '@/components/ui/button' or its corresponding type declarations.
apps/web/src/components/adoption/MyApplicationsView.tsx(4,75): error TS2307: Cannot find module '@/components/ui/card' or its corresponding type declarations.
apps/web/src/components/adoption/MyApplicationsView.tsx(5,28): error TS2307: Cannot find module '@/components/ui/scroll-area' or its corresponding type declarations.
apps/web/src/components/adoption/MyApplicationsView.tsx(6,27): error TS2307: Cannot find module '@/components/ui/separator' or its corresponding type declarations.
apps/web/src/components/adoption/MyApplicationsView.tsx(7,28): error TS2307: Cannot find module '@/hooks/use-storage' or its corresponding type declarations.
apps/web/src/components/adoption/MyApplicationsView.tsx(8,33): error TS2307: Cannot find module '@/lib/adoption-service' or its corresponding type declarations.
apps/web/src/components/adoption/MyApplicationsView.tsx(9,59): error TS2307: Cannot find module '@/lib/adoption-types' or its corresponding type declarations.
apps/web/src/components/adoption/MyApplicationsView.tsx(10,30): error TS2307: Cannot find module '@/lib/logger' or its corresponding type declarations.
apps/web/src/components/adoption/MyApplicationsView.tsx(23,1): error TS6133: 'motion' is declared but its value is never read.
apps/web/src/components/adoption/MyApplicationsView.tsx(51,72): error TS7006: Parameter 'app' implicitly has an 'any' type.
apps/web/src/components/adoption/MyApplicationsView.tsx(52,48): error TS7006: Parameter 'p' implicitly has an 'any' type.
apps/web/src/components/adoption/MyApplicationsView.tsx(64,32): error TS2339: Property 'submittedAt' does not exist on type 'ApplicationWithProfile'.
apps/web/src/components/adoption/MyApplicationsView.tsx(64,68): error TS2339: Property 'submittedAt' does not exist on type 'ApplicationWithProfile'.
apps/web/src/components/adoption/MyApplicationsView.tsx(77,26): error TS7030: Not all code paths return a value.
apps/web/src/components/adoption/MyApplicationsView.tsx(90,25): error TS7030: Not all code paths return a value.
apps/web/src/components/adoption/MyApplicationsView.tsx(103,28): error TS7030: Not all code paths return a value.
apps/web/src/components/adoption/MyApplicationsView.tsx(120,12): error TS2304: Cannot find name 'MotionView'.
apps/web/src/components/adoption/MyApplicationsView.tsx(126,13): error TS2304: Cannot find name 'MotionView'.
apps/web/src/components/adoption/MyApplicationsView.tsx(163,16): error TS2304: Cannot find name 'MotionView'.
apps/web/src/components/adoption/MyApplicationsView.tsx(164,34): error TS2339: Property '_id' does not exist on type 'ApplicationWithProfile'.
apps/web/src/components/adoption/MyApplicationsView.tsx(171,33): error TS2339: Property 'status' does not exist on type 'ApplicationWithProfile'.
apps/web/src/components/adoption/MyApplicationsView.tsx(173,37): error TS2339: Property 'status' does not exist on type 'ApplicationWithProfile'.
apps/web/src/components/adoption/MyApplicationsView.tsx(202,92): error TS2339: Property 'status' does not exist on type 'ApplicationWithProfile'.
apps/web/src/components/adoption/MyApplicationsView.tsx(203,56): error TS2339: Property 'status' does not exist on type 'ApplicationWithProfile'.
apps/web/src/components/adoption/MyApplicationsView.tsx(204,76): error TS2339: Property 'status' does not exist on type 'ApplicationWithProfile'.
apps/web/src/components/adoption/MyApplicationsView.tsx(210,49): error TS2339: Property 'submittedAt' does not exist on type 'ApplicationWithProfile'.
apps/web/src/components/adoption/MyApplicationsView.tsx(223,37): error TS2339: Property 'status' does not exist on type 'ApplicationWithProfile'.
apps/web/src/components/adoption/MyApplicationsView.tsx(225,41): error TS2339: Property 'status' does not exist on type 'ApplicationWithProfile'.
apps/web/src/components/adoption/MyApplicationsView.tsx(227,43): error TS2339: Property 'status' does not exist on type 'ApplicationWithProfile'.
apps/web/src/components/adoption/MyApplicationsView.tsx(234,55): error TS2339: Property 'status' does not exist on type 'ApplicationWithProfile'.
apps/web/src/components/adoption/MyApplicationsView.tsx(238,34): error TS2339: Property 'reviewNotes' does not exist on type 'ApplicationWithProfile'.
apps/web/src/components/adoption/MyApplicationsView.tsx(244,42): error TS2339: Property 'reviewNotes' does not exist on type 'ApplicationWithProfile'.
apps/web/src/components/adoption/MyApplicationsView.tsx(259,44): error TS2339: Property 'applicantEmail' does not exist on type 'ApplicationWithProfile'.
apps/web/src/components/adoption/MyApplicationsView.tsx(262,40): error TS2339: Property 'applicantPhone' does not exist on type 'ApplicationWithProfile'.
apps/web/src/components/adoption/MyApplicationsView.tsx(266,46): error TS2339: Property 'applicantPhone' does not exist on type 'ApplicationWithProfile'.
apps/web/src/components/adoption/MyApplicationsView.tsx(273,44): error TS2339: Property 'householdType' does not exist on type 'ApplicationWithProfile'.
apps/web/src/components/adoption/MyApplicationsView.tsx(274,44): error TS2339: Property 'hasYard' does not exist on type 'ApplicationWithProfile'.
apps/web/src/components/adoption/MyApplicationsView.tsx(307,17): error TS2304: Cannot find name 'MotionView'.
apps/web/src/components/adoption/__tests__/AdoptionApplicationDialog.test.tsx(5,38): error TS2307: Cannot find module '@/lib/adoption-types' or its corresponding type declarations.
apps/web/src/components/adoption/__tests__/AdoptionApplicationDialog.test.tsx(6,33): error TS2307: Cannot find module '@/lib/adoption-service' or its corresponding type declarations.
apps/web/src/components/adoption/__tests__/AdoptionApplicationDialog.test.tsx(7,24): error TS2307: Cannot find module '@/contexts/AppContext' or its corresponding type declarations.
apps/web/src/components/adoption/__tests__/AdoptionApplicationDialog.test.tsx(8,25): error TS2307: Cannot find module '@/lib/haptics' or its corresponding type declarations.
apps/web/src/components/adoption/__tests__/AdoptionCard.test.tsx(5,38): error TS2307: Cannot find module '@/lib/adoption-types' or its corresponding type declarations.
apps/web/src/components/adoption/__tests__/AdoptionCard.test.tsx(6,24): error TS2307: Cannot find module '@/contexts/AppContext' or its corresponding type declarations.
apps/web/src/components/adoption/__tests__/AdoptionCard.test.tsx(7,25): error TS2307: Cannot find module '@/lib/haptics' or its corresponding type declarations.
apps/web/src/components/adoption/__tests__/AdoptionDetailDialog.test.tsx(5,38): error TS2307: Cannot find module '@/lib/adoption-types' or its corresponding type declarations.
apps/web/src/components/adoption/__tests__/AdoptionDetailDialog.test.tsx(6,24): error TS2307: Cannot find module '@/contexts/AppContext' or its corresponding type declarations.
apps/web/src/components/adoption/__tests__/AdoptionDetailDialog.test.tsx(7,25): error TS2307: Cannot find module '@/lib/haptics' or its corresponding type declarations.
apps/web/src/components/adoption/__tests__/AdoptionFiltersSheet.test.tsx(5,45): error TS2307: Cannot find module '@/lib/adoption-marketplace-types' or its corresponding type declarations.
apps/web/src/components/adoption/__tests__/AdoptionFiltersSheet.test.tsx(6,25): error TS2307: Cannot find module '@/lib/haptics' or its corresponding type declarations.
apps/web/src/components/adoption/__tests__/AdoptionFiltersSheet.test.tsx(82,24): error TS2345: Argument of type 'HTMLElement | undefined' is not assignable to parameter of type 'Element'.
  Type 'undefined' is not assignable to type 'Element'.
apps/web/src/components/adoption/__tests__/AdoptionFiltersSheet.test.tsx(101,24): error TS2345: Argument of type 'HTMLElement | undefined' is not assignable to parameter of type 'Element'.
  Type 'undefined' is not assignable to type 'Element'.
apps/web/src/components/adoption/__tests__/AdoptionFiltersSheet.test.tsx(120,24): error TS2345: Argument of type 'HTMLElement | undefined' is not assignable to parameter of type 'Element'.
  Type 'undefined' is not assignable to type 'Element'.
apps/web/src/components/adoption/__tests__/AdoptionFiltersSheet.test.tsx(211,24): error TS2345: Argument of type 'HTMLElement | undefined' is not assignable to parameter of type 'Element'.
  Type 'undefined' is not assignable to type 'Element'.
apps/web/src/components/adoption/__tests__/AdoptionFiltersSheet.test.tsx(228,24): error TS2345: Argument of type 'HTMLElement | undefined' is not assignable to parameter of type 'Element'.
  Type 'undefined' is not assignable to type 'Element'.
apps/web/src/components/auth/AgeGateModal.tsx(8,10): error TS6133: 'motion' is declared but its value is never read.
apps/web/src/components/auth/AgeGateModal.tsx(9,24): error TS2307: Cannot find module '@/components/ui/button' or its corresponding type declarations.
apps/web/src/components/auth/AgeGateModal.tsx(10,23): error TS2307: Cannot find module '@/components/ui/input' or its corresponding type declarations.
apps/web/src/components/auth/AgeGateModal.tsx(11,23): error TS2307: Cannot find module '@/components/ui/label' or its corresponding type declarations.
apps/web/src/components/auth/AgeGateModal.tsx(12,24): error TS2307: Cannot find module '@/contexts/AppContext' or its corresponding type declarations.
apps/web/src/components/auth/AgeGateModal.tsx(13,25): error TS2307: Cannot find module '@/lib/haptics' or its corresponding type declarations.
apps/web/src/components/auth/AgeGateModal.tsx(14,39): error TS2307: Cannot find module '@/lib/kyc-service' or its corresponding type declarations.
apps/web/src/components/auth/AgeGateModal.tsx(15,28): error TS2307: Cannot find module '@/hooks/use-storage' or its corresponding type declarations.
apps/web/src/components/auth/AgeGateModal.tsx(16,30): error TS2307: Cannot find module '@/lib/logger' or its corresponding type declarations.
apps/web/src/components/auth/AgeGateModal.tsx(89,6): error TS2741: Property 'visible' is missing in type '{ children: Element; }' but required in type 'PresenceProps'.
apps/web/src/components/auth/AgeGateModal.tsx(90,8): error TS2304: Cannot find name 'MotionView'.
apps/web/src/components/auth/AgeGateModal.tsx(96,10): error TS2304: Cannot find name 'MotionView'.
apps/web/src/components/auth/AgeGateModal.tsx(118,28): error TS7006: Parameter 'e' implicitly has an 'any' type.
apps/web/src/components/auth/AgeGateModal.tsx(138,28): error TS7006: Parameter 'e' implicitly has an 'any' type.
apps/web/src/components/auth/AgeGateModal.tsx(144,16): error TS2304: Cannot find name 'MotionView'.
apps/web/src/components/auth/AgeGateModal.tsx(150,17): error TS2304: Cannot find name 'MotionView'.
apps/web/src/components/auth/AgeGateModal.tsx(175,11): error TS2304: Cannot find name 'MotionView'.
apps/web/src/components/auth/AgeGateModal.tsx(176,9): error TS2304: Cannot find name 'MotionView'.
apps/web/src/components/auth/OAuthButtons.tsx(7,1): error TS6133: 'motion' is declared but its value is never read.
apps/web/src/components/auth/OAuthButtons.tsx(9,24): error TS2307: Cannot find module '@/components/ui/button' or its corresponding type declarations.
apps/web/src/components/auth/OAuthButtons.tsx(10,24): error TS2307: Cannot find module '@/contexts/AppContext' or its corresponding type declarations.
apps/web/src/components/auth/OAuthButtons.tsx(11,27): error TS2307: Cannot find module '@/lib/analytics' or its corresponding type declarations.
apps/web/src/components/auth/OAuthButtons.tsx(12,25): error TS2307: Cannot find module '@/lib/haptics' or its corresponding type declarations.
apps/web/src/components/auth/OAuthButtons.tsx(13,30): error TS2307: Cannot find module '@/lib/logger' or its corresponding type declarations.
apps/web/src/components/auth/OAuthButtons.tsx(126,8): error TS2304: Cannot find name 'MotionView'.
apps/web/src/components/auth/OAuthButtons.tsx(138,9): error TS2304: Cannot find name 'MotionView'.
apps/web/src/components/auth/OAuthButtons.tsx(140,8): error TS2304: Cannot find name 'MotionView'.
apps/web/src/components/auth/OAuthButtons.tsx(151,9): error TS2304: Cannot find name 'MotionView'.
apps/web/src/components/auth/ProtectedRoute.tsx(5,25): error TS2307: Cannot find module '@/contexts/AuthContext' or its corresponding type declarations.
apps/web/src/components/auth/ProtectedRoute.tsx(6,25): error TS2307: Cannot find module '@/components/ui/spinner' or its corresponding type declarations.
apps/web/src/components/auth/ProtectedRoute.tsx(7,30): error TS2307: Cannot find module '@/lib/kyc-service' or its corresponding type declarations.
apps/web/src/components/auth/ProtectedRoute.tsx(8,30): error TS2307: Cannot find module '@/lib/logger' or its corresponding type declarations.
apps/web/src/components/auth/ProtectedRoute.tsx(48,45): error TS7006: Parameter 'role' implicitly has an 'any' type.
apps/web/src/components/auth/ProtectedRoute.tsx(57,16): error TS7006: Parameter 'status' implicitly has an 'any' type.
apps/web/src/components/auth/ProtectedRoute.tsx(65,17): error TS7006: Parameter 'error' implicitly has an 'any' type.
apps/web/src/components/auth/ProtectedRoute.tsx(93,43): error TS7006: Parameter 'role' implicitly has an 'any' type.
apps/web/src/components/auth/SignInForm.tsx(3,24): error TS2307: Cannot find module '@/components/ui/button' or its corresponding type declarations.
apps/web/src/components/auth/SignInForm.tsx(4,23): error TS2307: Cannot find module '@/components/ui/input' or its corresponding type declarations.
apps/web/src/components/auth/SignInForm.tsx(5,23): error TS2307: Cannot find module '@/components/ui/label' or its corresponding type declarations.
apps/web/src/components/auth/SignInForm.tsx(6,24): error TS2307: Cannot find module '@/contexts/AppContext' or its corresponding type declarations.
apps/web/src/components/auth/SignInForm.tsx(7,25): error TS2307: Cannot find module '@/contexts/AuthContext' or its corresponding type declarations.
apps/web/src/components/auth/SignInForm.tsx(8,25): error TS2307: Cannot find module '@/lib/haptics' or its corresponding type declarations.
apps/web/src/components/auth/SignInForm.tsx(9,27): error TS2307: Cannot find module '@/lib/analytics' or its corresponding type declarations.
apps/web/src/components/auth/SignInForm.tsx(12,30): error TS2307: Cannot find module '@/lib/logger' or its corresponding type declarations.
apps/web/src/components/auth/SignInForm.tsx(13,31): error TS2307: Cannot find module '@/lib/contracts' or its corresponding type declarations.
apps/web/src/components/auth/SignInForm.tsx(131,26): error TS7006: Parameter 'e' implicitly has an 'any' type.
apps/web/src/components/auth/SignInForm.tsx(157,26): error TS7006: Parameter 'e' implicitly has an 'any' type.
apps/web/src/components/auth/SignUpForm.tsx(2,1): error TS6133: 'motion' is declared but its value is never read.
apps/web/src/components/auth/SignUpForm.tsx(4,24): error TS2307: Cannot find module '@/components/ui/button' or its corresponding type declarations.
apps/web/src/components/auth/SignUpForm.tsx(5,23): error TS2307: Cannot find module '@/components/ui/input' or its corresponding type declarations.
apps/web/src/components/auth/SignUpForm.tsx(6,23): error TS2307: Cannot find module '@/components/ui/label' or its corresponding type declarations.
apps/web/src/components/auth/SignUpForm.tsx(7,26): error TS2307: Cannot find module '@/components/ui/checkbox' or its corresponding type declarations.
apps/web/src/components/auth/SignUpForm.tsx(8,24): error TS2307: Cannot find module '@/contexts/AppContext' or its corresponding type declarations.
apps/web/src/components/auth/SignUpForm.tsx(9,25): error TS2307: Cannot find module '@/contexts/AuthContext' or its corresponding type declarations.
apps/web/src/components/auth/SignUpForm.tsx(10,25): error TS2307: Cannot find module '@/lib/haptics' or its corresponding type declarations.
apps/web/src/components/auth/SignUpForm.tsx(11,27): error TS2307: Cannot find module '@/lib/analytics' or its corresponding type declarations.
apps/web/src/components/auth/SignUpForm.tsx(15,31): error TS2307: Cannot find module '@/lib/kyc-service' or its corresponding type declarations.
apps/web/src/components/auth/SignUpForm.tsx(16,30): error TS2307: Cannot find module '@/lib/logger' or its corresponding type declarations.
apps/web/src/components/auth/SignUpForm.tsx(17,31): error TS2307: Cannot find module '@/lib/contracts' or its corresponding type declarations.
apps/web/src/components/auth/SignUpForm.tsx(167,6): error TS2304: Cannot find name 'MotionView'.
apps/web/src/components/auth/SignUpForm.tsx(197,26): error TS7006: Parameter 'e' implicitly has an 'any' type.
apps/web/src/components/auth/SignUpForm.tsx(223,26): error TS7006: Parameter 'e' implicitly has an 'any' type.
apps/web/src/components/auth/SignUpForm.tsx(249,26): error TS7006: Parameter 'e' implicitly has an 'any' type.
apps/web/src/components/auth/SignUpForm.tsx(286,26): error TS7006: Parameter 'e' implicitly has an 'any' type.
apps/web/src/components/auth/SignUpForm.tsx(316,33): error TS7006: Parameter 'checked' implicitly has an 'any' type.
apps/web/src/components/auth/SignUpForm.tsx(396,7): error TS2304: Cannot find name 'MotionView'.
apps/web/src/components/auth/__tests__/AgeGateModal.test.tsx(7,26): error TS2307: Cannot find module '@/components/auth/AgeGateModal' or its corresponding type declarations.
apps/web/src/components/auth/__tests__/AgeGateModal.test.tsx(90,37): error TS2345: Argument of type 'string | undefined' is not assignable to parameter of type 'string'.
  Type 'undefined' is not assignable to type 'string'.
apps/web/src/components/auth/__tests__/AgeGateModal.test.tsx(100,52): error TS2307: Cannot find module '@/lib/kyc-service' or its corresponding type declarations.
apps/web/src/components/auth/__tests__/AgeGateModal.test.tsx(111,37): error TS2345: Argument of type 'string | undefined' is not assignable to parameter of type 'string'.
  Type 'undefined' is not assignable to type 'string'.
apps/web/src/components/auth/__tests__/AgeGateModal.test.tsx(122,52): error TS2307: Cannot find module '@/lib/kyc-service' or its corresponding type declarations.
apps/web/src/components/auth/__tests__/AgeGateModal.test.tsx(134,37): error TS2345: Argument of type 'string | undefined' is not assignable to parameter of type 'string'.
  Type 'undefined' is not assignable to type 'string'.
apps/web/src/components/auth/__tests__/AgeGateModal.test.tsx(145,52): error TS2307: Cannot find module '@/lib/kyc-service' or its corresponding type declarations.
apps/web/src/components/auth/__tests__/AgeGateModal.test.tsx(155,37): error TS2345: Argument of type 'string | undefined' is not assignable to parameter of type 'string'.
  Type 'undefined' is not assignable to type 'string'.
apps/web/src/components/auth/__tests__/OAuthButtons.test.tsx(7,26): error TS2307: Cannot find module '@/components/auth/OAuthButtons' or its corresponding type declarations.
apps/web/src/components/auth/__tests__/ProtectedRoute.test.tsx(7,32): error TS2307: Cannot find module '@/components/auth/ProtectedRoute' or its corresponding type declarations.
apps/web/src/components/auth/__tests__/SignInForm.test.tsx(7,24): error TS2307: Cannot find module '@/components/auth/SignInForm' or its corresponding type declarations.
apps/web/src/components/auth/__tests__/SignInForm.test.tsx(129,26): error TS2339: Property 'type' does not exist on type 'HTMLElement'.
apps/web/src/components/auth/__tests__/SignUpForm.test.tsx(7,24): error TS2307: Cannot find module '@/components/auth/SignUpForm' or its corresponding type declarations.
apps/web/src/components/auth/__tests__/SignUpForm.test.tsx(188,22): error TS2345: Argument of type 'HTMLElement | undefined' is not assignable to parameter of type 'Element'.
  Type 'undefined' is not assignable to type 'Element'.
apps/web/src/components/auth/__tests__/SignUpForm.test.tsx(190,26): error TS2339: Property 'type' does not exist on type 'HTMLElement'.
apps/web/src/components/auth/__tests__/SignUpForm.test.tsx(205,38): error TS2307: Cannot find module '@/contexts/AuthContext' or its corresponding type declarations.
apps/web/src/components/call/CallInterface.tsx(16,24): error TS2307: Cannot find module '@/components/ui/button' or its corresponding type declarations.
apps/web/src/components/call/CallInterface.tsx(17,53): error TS2307: Cannot find module '@/components/ui/avatar' or its corresponding type declarations.
apps/web/src/components/call/CallInterface.tsx(18,34): error TS2307: Cannot find module '@/lib/call-types' or its corresponding type declarations.
apps/web/src/components/call/CallInterface.tsx(19,36): error TS2307: Cannot find module '@/lib/call-utils' or its corresponding type declarations.
apps/web/src/components/call/CallInterface.tsx(20,25): error TS2307: Cannot find module '@/lib/haptics' or its corresponding type declarations.
apps/web/src/components/call/CallInterface.tsx(21,30): error TS2307: Cannot find module '@/effects/reanimated/animated-view' or its corresponding type declarations.
apps/web/src/components/call/CallInterface.tsx(22,32): error TS2307: Cannot find module '@/effects/reanimated/use-bounce-on-tap' or its corresponding type declarations.
apps/web/src/components/call/CallInterface.tsx(30,36): error TS2307: Cannot find module '@/effects/reanimated/animated-view' or its corresponding type declarations.
apps/web/src/components/call/GroupCallInterface.tsx(20,24): error TS2307: Cannot find module '@/components/ui/button' or its corresponding type declarations.
apps/web/src/components/call/GroupCallInterface.tsx(21,53): error TS2307: Cannot find module '@/components/ui/avatar' or its corresponding type declarations.
apps/web/src/components/call/GroupCallInterface.tsx(22,23): error TS2307: Cannot find module '@/components/ui/badge' or its corresponding type declarations.
apps/web/src/components/call/GroupCallInterface.tsx(23,28): error TS2307: Cannot find module '@/components/ui/scroll-area' or its corresponding type declarations.
apps/web/src/components/call/GroupCallInterface.tsx(24,30): error TS2307: Cannot find module '@/effects/reanimated/animated-view' or its corresponding type declarations.
apps/web/src/components/call/GroupCallInterface.tsx(25,65): error TS2307: Cannot find module '@/effects/reanimated' or its corresponding type declarations.
apps/web/src/components/call/GroupCallInterface.tsx(35,56): error TS2307: Cannot find module '@/lib/call-types' or its corresponding type declarations.
apps/web/src/components/call/GroupCallInterface.tsx(36,36): error TS2307: Cannot find module '@/lib/call-utils' or its corresponding type declarations.
apps/web/src/components/call/GroupCallInterface.tsx(37,25): error TS2307: Cannot find module '@/lib/haptics' or its corresponding type declarations.
apps/web/src/components/call/GroupCallInterface.tsx(38,30): error TS2307: Cannot find module '@/lib/logger' or its corresponding type declarations.
apps/web/src/components/call/GroupCallInterface.tsx(39,20): error TS2307: Cannot find module '@/lib/utils' or its corresponding type declarations.
apps/web/src/components/call/GroupCallInterface.tsx(268,30): error TS7006: Parameter 'stream' implicitly has an 'any' type.
apps/web/src/components/call/GroupCallInterface.tsx(268,38): error TS7006: Parameter 'participantId' implicitly has an 'any' type.
apps/web/src/components/call/GroupCallInterface.tsx(841,3): error TS6133: 'onClose' is declared but its value is never read.
apps/web/src/components/call/IncomingCallNotification.tsx(5,24): error TS2307: Cannot find module '@/components/ui/button' or its corresponding type declarations.
apps/web/src/components/call/IncomingCallNotification.tsx(6,53): error TS2307: Cannot find module '@/components/ui/avatar' or its corresponding type declarations.
apps/web/src/components/call/IncomingCallNotification.tsx(7,27): error TS2307: Cannot find module '@/lib/call-types' or its corresponding type declarations.
apps/web/src/components/call/IncomingCallNotification.tsx(8,25): error TS2307: Cannot find module '@/lib/haptics' or its corresponding type declarations.
apps/web/src/components/call/IncomingCallNotification.tsx(9,30): error TS2307: Cannot find module '@/lib/logger' or its corresponding type declarations.
apps/web/src/components/call/IncomingCallNotification.tsx(10,30): error TS2307: Cannot find module '@/effects/reanimated/animated-view' or its corresponding type declarations.
apps/web/src/components/call/IncomingCallNotification.tsx(11,65): error TS2307: Cannot find module '@/effects/reanimated' or its corresponding type declarations.
apps/web/src/components/call/IncomingCallNotification.tsx(20,36): error TS2307: Cannot find module '@/effects/reanimated/animated-view' or its corresponding type declarations.
apps/web/src/components/call/VideoQualitySettings.tsx(6,75): error TS2307: Cannot find module '@/components/ui/card' or its corresponding type declarations.
apps/web/src/components/call/VideoQualitySettings.tsx(7,24): error TS2307: Cannot find module '@/components/ui/button' or its corresponding type declarations.
apps/web/src/components/call/VideoQualitySettings.tsx(8,23): error TS2307: Cannot find module '@/components/ui/badge' or its corresponding type declarations.
apps/web/src/components/call/VideoQualitySettings.tsx(9,35): error TS2307: Cannot find module '@/lib/call-types' or its corresponding type declarations.
apps/web/src/components/call/VideoQualitySettings.tsx(10,25): error TS2307: Cannot find module '@/lib/haptics' or its corresponding type declarations.
apps/web/src/components/call/VideoQualitySettings.tsx(11,30): error TS2307: Cannot find module '@/effects/reanimated/animated-view' or its corresponding type declarations.
apps/web/src/components/call/VideoQualitySettings.tsx(12,29): error TS2307: Cannot find module '@/effects/reanimated' or its corresponding type declarations.
apps/web/src/components/call/VideoQualitySettings.tsx(13,31): error TS2307: Cannot find module '@/effects/reanimated/transitions' or its corresponding type declarations.
apps/web/src/components/call/VideoQualitySettings.tsx(14,36): error TS2307: Cannot find module '@/effects/reanimated/animated-view' or its corresponding type declarations.
apps/web/src/components/call/__tests__/GroupCallInterface.test.tsx(1,53): error TS6133: 'MockedFunction' is declared but its value is never read.
apps/web/src/components/call/__tests__/GroupCallInterface.test.tsx(5,56): error TS2307: Cannot find module '@/lib/call-types' or its corresponding type declarations.
apps/web/src/components/call/__tests__/IncomingCallNotification.test.tsx(5,27): error TS2307: Cannot find module '@/lib/call-types' or its corresponding type declarations.
apps/web/src/components/chat/AdvancedChatWindow.tsx(1,34): error TS2307: Cannot find module '@/hooks/use-typing-manager' or its corresponding type declarations.
apps/web/src/components/chat/AdvancedChatWindow.tsx(2,28): error TS2307: Cannot find module '@/hooks/use-storage' or its corresponding type declarations.
apps/web/src/components/chat/AdvancedChatWindow.tsx(3,30): error TS2307: Cannot find module '@/lib/block-service' or its corresponding type declarations.
apps/web/src/components/chat/AdvancedChatWindow.tsx(4,31): error TS2307: Cannot find module '@/lib/chat-types' or its corresponding type declarations.
apps/web/src/components/chat/AdvancedChatWindow.tsx(5,37): error TS2307: Cannot find module '@/lib/chat-utils' or its corresponding type declarations.
apps/web/src/components/chat/AdvancedChatWindow.tsx(6,30): error TS2307: Cannot find module '@/lib/logger' or its corresponding type declarations.
apps/web/src/components/chat/AdvancedChatWindow.tsx(7,26): error TS2307: Cannot find module '@/lib/realtime' or its corresponding type declarations.
apps/web/src/components/chat/AdvancedChatWindow.tsx(9,33): error TS2307: Cannot find module '@/effects/reanimated/animate-presence' or its corresponding type declarations.
apps/web/src/components/chat/AdvancedChatWindow.tsx(11,38): error TS2307: Cannot find module '@/effects/chat/ui/use-scroll-fab-magnetic' or its corresponding type declarations.
apps/web/src/components/chat/AdvancedChatWindow.tsx(12,38): error TS2307: Cannot find module '@/components/chat/features/message-management' or its corresponding type declarations.
apps/web/src/components/chat/AdvancedChatWindow.tsx(13,34): error TS2307: Cannot find module '@/components/chat/features/input-handling' or its corresponding type declarations.
apps/web/src/components/chat/AdvancedChatWindow.tsx(14,30): error TS2307: Cannot find module '@/components/chat/features/reactions' or its corresponding type declarations.
apps/web/src/components/chat/AdvancedChatWindow.tsx(15,26): error TS2307: Cannot find module '@/components/chat/features/media' or its corresponding type declarations.
apps/web/src/components/chat/AdvancedChatWindow.tsx(53,27): error TS7006: Parameter 'content' implicitly has an 'any' type.
apps/web/src/components/chat/AdvancedChatWindow.tsx(53,36): error TS7006: Parameter 'type' implicitly has an 'any' type.
apps/web/src/components/chat/AdvancedChatWindow.tsx(190,53): error TS7006: Parameter 'id' implicitly has an 'any' type.
apps/web/src/components/chat/AdvancedChatWindow.tsx(217,46): error TS7006: Parameter 'prev' implicitly has an 'any' type.
apps/web/src/components/chat/AdvancedChatWindow.tsx(222,29): error TS7006: Parameter 'group' implicitly has an 'any' type.
apps/web/src/components/chat/AdvancedChatWindow.tsx(222,36): error TS7006: Parameter 'groupIdx' implicitly has an 'any' type.
apps/web/src/components/chat/AdvancedChatWindow.tsx(226,34): error TS7006: Parameter 'message' implicitly has an 'any' type.
apps/web/src/components/chat/AdvancedChatWindow.tsx(226,43): error TS7006: Parameter 'msgIdx' implicitly has an 'any' type.
apps/web/src/components/chat/AnimatedReaction.tsx(3,38): error TS2307: Cannot find module '@/hooks/use-reaction-animation' or its corresponding type declarations.
apps/web/src/components/chat/AnimatedReaction.tsx(4,50): error TS2307: Cannot find module '@/effects/reanimated/animated-view' or its corresponding type declarations.
apps/web/src/components/chat/AnimatedReaction.tsx(5,20): error TS2307: Cannot find module '@/lib/utils' or its corresponding type declarations.
apps/web/src/components/chat/ConfettiBurst.tsx(19,60): error TS2307: Cannot find module '@/effects/chat/core/reduced-motion' or its corresponding type declarations.
apps/web/src/components/chat/ConfettiBurst.tsx(20,33): error TS2307: Cannot find module '@/effects/chat/core/seeded-rng' or its corresponding type declarations.
apps/web/src/components/chat/ConfettiBurst.tsx(23,6): error TS2749: 'Animated.SharedValue' refers to a value, but is being used as a type here. Did you mean 'typeof Animated.SharedValue'?
apps/web/src/components/chat/ConfettiBurst.tsx(24,6): error TS2749: 'Animated.SharedValue' refers to a value, but is being used as a type here. Did you mean 'typeof Animated.SharedValue'?
apps/web/src/components/chat/ConfettiBurst.tsx(25,6): error TS2749: 'Animated.SharedValue' refers to a value, but is being used as a type here. Did you mean 'typeof Animated.SharedValue'?
apps/web/src/components/chat/ConfettiBurst.tsx(26,6): error TS2749: 'Animated.SharedValue' refers to a value, but is being used as a type here. Did you mean 'typeof Animated.SharedValue'?
apps/web/src/components/chat/ConfettiBurst.tsx(27,6): error TS2749: 'Animated.SharedValue' refers to a value, but is being used as a type here. Did you mean 'typeof Animated.SharedValue'?
apps/web/src/components/chat/DeleteConfirmationModal.tsx(12,30): error TS2307: Cannot find module '@/effects/reanimated/animated-view' or its corresponding type declarations.
apps/web/src/components/chat/DeleteConfirmationModal.tsx(13,46): error TS2307: Cannot find module '@/effects/reanimated/transitions' or its corresponding type declarations.
apps/web/src/components/chat/DeleteConfirmationModal.tsx(14,25): error TS2307: Cannot find module '@/lib/haptics' or its corresponding type declarations.
apps/web/src/components/chat/DeleteConfirmationModal.tsx(15,20): error TS2307: Cannot find module '@/lib/utils' or its corresponding type declarations.
apps/web/src/components/chat/DeleteConfirmationModal.tsx(75,24): error TS2339: Property 'duration' does not exist on type 'ComponentType<FadeInProps & Record<string, unknown> & { style?: Record<string, unknown>; children?: unknown; }>'.
  Property 'duration' does not exist on type 'ComponentClass<FadeInProps & Record<string, unknown> & { style?: Record<string, unknown>; children?: unknown; }, any>'.
apps/web/src/components/chat/DeleteConfirmationModal.tsx(76,24): error TS2339: Property 'duration' does not exist on type 'ComponentType<FadeOutProps & Record<string, unknown> & { style?: Record<string, unknown>; children?: unknown; }>'.
  Property 'duration' does not exist on type 'ComponentClass<FadeOutProps & Record<string, unknown> & { style?: Record<string, unknown>; children?: unknown; }, any>'.
apps/web/src/components/chat/DeletedGhostBubble.tsx(10,30): error TS2307: Cannot find module '@/effects/reanimated/animated-view' or its corresponding type declarations.
apps/web/src/components/chat/DeletedGhostBubble.tsx(11,46): error TS2307: Cannot find module '@/effects/reanimated/transitions' or its corresponding type declarations.
apps/web/src/components/chat/DeletedGhostBubble.tsx(12,20): error TS2307: Cannot find module '@/lib/utils' or its corresponding type declarations.
apps/web/src/components/chat/DeletedGhostBubble.tsx(48,24): error TS2339: Property 'duration' does not exist on type 'ComponentType<FadeInProps & Record<string, unknown> & { style?: Record<string, unknown>; children?: unknown; }>'.
  Property 'duration' does not exist on type 'ComponentClass<FadeInProps & Record<string, unknown> & { style?: Record<string, unknown>; children?: unknown; }, any>'.
apps/web/src/components/chat/LinkPreview.tsx(12,60): error TS2307: Cannot find module '@/effects/chat/core/reduced-motion' or its corresponding type declarations.
apps/web/src/components/chat/LinkPreview.tsx(13,30): error TS2307: Cannot find module '@/effects/reanimated/animated-view' or its corresponding type declarations.
apps/web/src/components/chat/LinkPreview.tsx(14,36): error TS2307: Cannot find module '@/effects/reanimated/animated-view' or its corresponding type declarations.
apps/web/src/components/chat/LinkPreview.tsx(15,26): error TS2307: Cannot find module '@/lib/url-safety' or its corresponding type declarations.
apps/web/src/components/chat/LinkPreview.tsx(16,28): error TS2307: Cannot find module '@/components/media/SmartImage' or its corresponding type declarations.
apps/web/src/components/chat/LiquidDots.tsx(17,60): error TS2307: Cannot find module '@/effects/chat/core/reduced-motion' or its corresponding type declarations.
apps/web/src/components/chat/LiquidDots.tsx(18,33): error TS2307: Cannot find module '@/effects/chat/core/seeded-rng' or its corresponding type declarations.
apps/web/src/components/chat/LiquidDots.tsx(23,6): error TS2749: 'Animated.SharedValue' refers to a value, but is being used as a type here. Did you mean 'typeof Animated.SharedValue'?
apps/web/src/components/chat/LiquidDots.tsx(25,6): error TS2749: 'Animated.SharedValue' refers to a value, but is being used as a type here. Did you mean 'typeof Animated.SharedValue'?
apps/web/src/components/chat/LiquidDots.tsx(114,13): error TS2322: Type '(CSSProperties | { transform: { translateY: any; }[]; opacity: any; })[]' is not assignable to type 'Record<string, unknown>'.
  Index signature for type 'string' is missing in type '(CSSProperties | { transform: { translateY: any; }[]; opacity: any; })[]'.
apps/web/src/components/chat/MessageAttachments.tsx(5,24): error TS2307: Cannot find module '@/components/ui/button' or its corresponding type declarations.
apps/web/src/components/chat/MessageAttachments.tsx(6,30): error TS2307: Cannot find module '@/effects/reanimated/animated-view' or its corresponding type declarations.
apps/web/src/components/chat/MessageAttachments.tsx(7,30): error TS2307: Cannot find module '@/effects/reanimated/use-hover-lift' or its corresponding type declarations.
apps/web/src/components/chat/MessageAttachments.tsx(8,28): error TS2307: Cannot find module '@/components/media/SmartImage' or its corresponding type declarations.
apps/web/src/components/chat/MessageAttachments.tsx(9,40): error TS2307: Cannot find module '@/lib/chat-types' or its corresponding type declarations.
apps/web/src/components/chat/MessageBubble.tsx(8,24): error TS2307: Cannot find module '@/contexts/AppContext' or its corresponding type declarations.
apps/web/src/components/chat/MessageBubble.tsx(9,50): error TS2307: Cannot find module '@/effects/reanimated/animated-view' or its corresponding type declarations.
apps/web/src/components/chat/MessageBubble.tsx(10,46): error TS2307: Cannot find module '@/effects/reanimated/transitions' or its corresponding type declarations.
apps/web/src/components/chat/MessageBubble.tsx(11,35): error TS2307: Cannot find module '@/hooks/use-ai-typing-reveal' or its corresponding type declarations.
apps/web/src/components/chat/MessageBubble.tsx(12,36): error TS2307: Cannot find module '@/hooks/use-bubble-hover-tilt' or its corresponding type declarations.
apps/web/src/components/chat/MessageBubble.tsx(13,34): error TS2307: Cannot find module '@/hooks/use-bubble-variant' or its corresponding type declarations.
apps/web/src/components/chat/MessageBubble.tsx(17,8): error TS2307: Cannot find module '@/hooks/use-delete-bubble-animation' or its corresponding type declarations.
apps/web/src/components/chat/MessageBubble.tsx(18,43): error TS2307: Cannot find module '@/hooks/use-message-bubble-animation' or its corresponding type declarations.
apps/web/src/components/chat/MessageBubble.tsx(19,46): error TS2307: Cannot find module '@/hooks/use-message-delivery-transition' or its corresponding type declarations.
apps/web/src/components/chat/MessageBubble.tsx(20,35): error TS2307: Cannot find module '@/hooks/use-new-message-drop' or its corresponding type declarations.
apps/web/src/components/chat/MessageBubble.tsx(21,44): error TS2307: Cannot find module '@/hooks/use-particle-explosion-delete' or its corresponding type declarations.
apps/web/src/components/chat/MessageBubble.tsx(22,35): error TS2307: Cannot find module '@/hooks/use-smart-highlight' or its corresponding type declarations.
apps/web/src/components/chat/MessageBubble.tsx(23,38): error TS2307: Cannot find module '@/hooks/use-undo-send-animation' or its corresponding type declarations.
apps/web/src/components/chat/MessageBubble.tsx(24,34): error TS2307: Cannot find module '@/hooks/use-voice-waveform' or its corresponding type declarations.
apps/web/src/components/chat/MessageBubble.tsx(25,44): error TS2307: Cannot find module '@/lib/chat-types' or its corresponding type declarations.
apps/web/src/components/chat/MessageBubble.tsx(26,20): error TS2307: Cannot find module '@/lib/utils' or its corresponding type declarations.
apps/web/src/components/chat/MessageBubble.tsx(56,28): error TS2307: Cannot find module '@/components/media/SmartImage' or its corresponding type declarations.
apps/web/src/components/chat/MessageBubble.tsx(357,20): error TS7006: Parameter 'color' implicitly has an 'any' type.
apps/web/src/components/chat/MessageBubble.tsx(695,52): error TS7006: Parameter 'style' implicitly has an 'any' type.
apps/web/src/components/chat/MessageBubble.tsx(695,59): error TS7006: Parameter 'index' implicitly has an 'any' type.
apps/web/src/components/chat/MessageBubble.tsx(763,20): error TS7006: Parameter 'acc' implicitly has an 'any' type.
apps/web/src/components/chat/MessageBubble.tsx(763,25): error TS7006: Parameter 'reaction' implicitly has an 'any' type.
apps/web/src/components/chat/MessageBubble.tsx(789,26): error TS18046: 'reactions' is of type 'unknown'.
apps/web/src/components/chat/MessageBubble.tsx(789,57): error TS18046: 'reactions' is of type 'unknown'.
apps/web/src/components/chat/MessageBubble.tsx(811,26): error TS18046: 'userIds' is of type 'unknown'.
apps/web/src/components/chat/MessageBubble.tsx(811,55): error TS18046: 'userIds' is of type 'unknown'.
apps/web/src/components/chat/MessageBubble.tsx(921,45): error TS7006: Parameter 'particle' implicitly has an 'any' type.
apps/web/src/components/chat/MessagePeek.tsx(5,30): error TS2307: Cannot find module '@/effects/reanimated/animated-view' or its corresponding type declarations.
apps/web/src/components/chat/MessagePeek.tsx(6,46): error TS2307: Cannot find module '@/effects/reanimated/transitions' or its corresponding type declarations.
apps/web/src/components/chat/MessagePeek.tsx(7,41): error TS2307: Cannot find module '@/utils/reduced-motion' or its corresponding type declarations.
apps/web/src/components/chat/MessagePeek.tsx(8,33): error TS2307: Cannot find module '@/config/feature-flags' or its corresponding type declarations.
apps/web/src/components/chat/MessagePeek.tsx(9,36): error TS2307: Cannot find module '@/effects/reanimated/animated-view' or its corresponding type declarations.
apps/web/src/components/chat/MessagePeek.tsx(106,11): error TS18048: 'lastElement' is possibly 'undefined'.
apps/web/src/components/chat/MessagePeek.tsx(106,23): error TS2339: Property 'focus' does not exist on type 'Element'.
apps/web/src/components/chat/MessagePeek.tsx(112,11): error TS18048: 'firstElement' is possibly 'undefined'.
apps/web/src/components/chat/MessagePeek.tsx(112,24): error TS2339: Property 'focus' does not exist on type 'Element'.
apps/web/src/components/chat/MessageReactions.tsx(5,57): error TS2307: Cannot find module '@/components/ui/popover' or its corresponding type declarations.
apps/web/src/components/chat/MessageReactions.tsx(6,53): error TS2307: Cannot find module '@/components/ui/avatar' or its corresponding type declarations.
apps/web/src/components/chat/MessageReactions.tsx(7,38): error TS2307: Cannot find module '@/lib/chat-types' or its corresponding type declarations.
apps/web/src/components/chat/MessageReactions.tsx(8,30): error TS2307: Cannot find module '@/effects/reanimated/animated-view' or its corresponding type declarations.
apps/web/src/components/chat/MessageReactions.tsx(9,32): error TS2307: Cannot find module '@/effects/reanimated/use-bounce-on-tap' or its corresponding type declarations.
apps/web/src/components/chat/MessageReactions.tsx(11,46): error TS2307: Cannot find module '@/effects/reanimated/transitions' or its corresponding type declarations.
apps/web/src/components/chat/MessageReactions.tsx(12,36): error TS2307: Cannot find module '@/effects/reanimated/animated-view' or its corresponding type declarations.
apps/web/src/components/chat/MessageReactions.tsx(13,25): error TS2307: Cannot find module '@/lib/haptics' or its corresponding type declarations.
apps/web/src/components/chat/MessageReactions.tsx(94,44): error TS2345: Argument of type 'unknown' is not assignable to parameter of type 'MessageReaction[]'.
apps/web/src/components/chat/MessageReactions.tsx(100,20): error TS18046: 'reactionList' is of type 'unknown'.
apps/web/src/components/chat/MessageReactions.tsx(102,13): error TS2322: Type 'unknown' is not assignable to type 'MessageReaction[]'.
apps/web/src/components/chat/PresenceAvatar.tsx(11,60): error TS2307: Cannot find module '@/effects/chat/core/reduced-motion' or its corresponding type declarations.
apps/web/src/components/chat/PresenceAvatar.tsx(12,53): error TS2307: Cannot find module '@/components/ui/avatar' or its corresponding type declarations.
apps/web/src/components/chat/PresenceAvatar.tsx(13,30): error TS2307: Cannot find module '@/effects/reanimated/animated-view' or its corresponding type declarations.
apps/web/src/components/chat/PresenceAvatar.tsx(14,36): error TS2307: Cannot find module '@/effects/reanimated/animated-view' or its corresponding type declarations.
apps/web/src/components/chat/ReactionBurstParticles.tsx(20,60): error TS2307: Cannot find module '@/effects/chat/core/reduced-motion' or its corresponding type declarations.
apps/web/src/components/chat/ReactionBurstParticles.tsx(21,33): error TS2307: Cannot find module '@/effects/chat/core/seeded-rng' or its corresponding type declarations.
apps/web/src/components/chat/SmartSuggestionsPanel.tsx(3,39): error TS2307: Cannot find module '@/effects/reanimated/animated-view' or its corresponding type declarations.
apps/web/src/components/chat/SmartSuggestionsPanel.tsx(4,36): error TS2307: Cannot find module '@/effects/reanimated/animated-view' or its corresponding type declarations.
apps/web/src/components/chat/SmartSuggestionsPanel.tsx(6,24): error TS2307: Cannot find module '@/components/ui/button' or its corresponding type declarations.
apps/web/src/components/chat/SmartSuggestionsPanel.tsx(7,30): error TS2307: Cannot find module '@/effects/reanimated/use-hover-lift' or its corresponding type declarations.
apps/web/src/components/chat/SmartSuggestionsPanel.tsx(8,32): error TS2307: Cannot find module '@/effects/reanimated/use-bounce-on-tap' or its corresponding type declarations.
apps/web/src/components/chat/SmartSuggestionsPanel.tsx(9,38): error TS2307: Cannot find module '@/lib/chat-types' or its corresponding type declarations.
apps/web/src/components/chat/StickerMessage.test.tsx(4,30): error TS2307: Cannot find module '@/lib/sticker-library' or its corresponding type declarations.
apps/web/src/components/chat/StickerMessage.tsx(5,30): error TS2307: Cannot find module '@/lib/sticker-library' or its corresponding type declarations.
apps/web/src/components/chat/StickerMessage.tsx(6,20): error TS2307: Cannot find module '@/lib/utils' or its corresponding type declarations.
apps/web/src/components/chat/StickerMessage.tsx(7,30): error TS2307: Cannot find module '@/effects/reanimated/animated-view' or its corresponding type declarations.
apps/web/src/components/chat/StickerMessage.tsx(8,36): error TS2307: Cannot find module '@/effects/reanimated/animated-view' or its corresponding type declarations.
apps/web/src/components/chat/StickerMessage.tsx(9,37): error TS2307: Cannot find module '@/effects/reanimated/use-sticker-animation' or its corresponding type declarations.
apps/web/src/components/chat/StickerMessage.tsx(10,29): error TS2307: Cannot find module '@/effects/reanimated/use-hover-tap' or its corresponding type declarations.
apps/web/src/components/chat/StickerMessage.tsx(11,31): error TS2307: Cannot find module '@/effects/reanimated/transitions' or its corresponding type declarations.
apps/web/src/components/chat/StickerPicker.tsx(12,23): error TS2307: Cannot find module '@/components/ui/input' or its corresponding type declarations.
apps/web/src/components/chat/StickerPicker.tsx(13,24): error TS2307: Cannot find module '@/components/ui/button' or its corresponding type declarations.
apps/web/src/components/chat/StickerPicker.tsx(14,28): error TS2307: Cannot find module '@/components/ui/scroll-area' or its corresponding type declarations.
apps/web/src/components/chat/StickerPicker.tsx(15,23): error TS2307: Cannot find module '@/components/ui/badge' or its corresponding type declarations.
apps/web/src/components/chat/StickerPicker.tsx(16,30): error TS2307: Cannot find module '@/effects/reanimated/animated-view' or its corresponding type declarations.
apps/web/src/components/chat/StickerPicker.tsx(17,28): error TS2307: Cannot find module '@/hooks/use-storage' or its corresponding type declarations.
apps/web/src/components/chat/StickerPicker.tsx(18,32): error TS2307: Cannot find module '@/effects/reanimated' or its corresponding type declarations.
apps/web/src/components/chat/StickerPicker.tsx(19,46): error TS2307: Cannot find module '@/effects/reanimated/transitions' or its corresponding type declarations.
apps/web/src/components/chat/StickerPicker.tsx(28,8): error TS2307: Cannot find module '@/lib/sticker-library' or its corresponding type declarations.
apps/web/src/components/chat/StickerPicker.tsx(29,25): error TS2307: Cannot find module '@/lib/haptics' or its corresponding type declarations.
apps/web/src/components/chat/StickerPicker.tsx(30,20): error TS2307: Cannot find module '@/lib/utils' or its corresponding type declarations.
apps/web/src/components/chat/StickerPicker.tsx(31,36): error TS2307: Cannot find module '@/effects/reanimated/animated-view' or its corresponding type declarations.
apps/web/src/components/chat/StickerPicker.tsx(73,43): error TS7006: Parameter 'id' implicitly has an 'any' type.
apps/web/src/components/chat/StickerPicker.tsx(146,26): error TS7006: Parameter 'e' implicitly has an 'any' type.
apps/web/src/components/chat/StickerPicker.tsx(192,42): error TS7006: Parameter 'category' implicitly has an 'any' type.
apps/web/src/components/chat/StickerPicker.tsx(220,41): error TS7006: Parameter 'sticker' implicitly has an 'any' type.
apps/web/src/components/chat/StickerPicker.tsx(220,50): error TS7006: Parameter 'index' implicitly has an 'any' type.
apps/web/src/components/chat/TypingBubble.tsx(3,20): error TS2307: Cannot find module '@/lib/utils' or its corresponding type declarations.
apps/web/src/components/chat/TypingDots.tsx(13,30): error TS2307: Cannot find module '@/effects/reanimated/animated-view' or its corresponding type declarations.
apps/web/src/components/chat/TypingDots.tsx(14,20): error TS2307: Cannot find module '@/lib/utils' or its corresponding type declarations.
apps/web/src/components/chat/TypingDotsWeb.tsx(12,30): error TS2307: Cannot find module '@/effects/reanimated/animated-view' or its corresponding type declarations.
apps/web/src/components/chat/TypingDotsWeb.tsx(13,36): error TS2307: Cannot find module '@/effects/reanimated/animated-view' or its corresponding type declarations.
apps/web/src/components/chat/TypingDotsWeb.tsx(14,20): error TS2307: Cannot find module '@/lib/utils' or its corresponding type declarations.
apps/web/src/components/chat/TypingIndicator.tsx(12,53): error TS2307: Cannot find module '@/components/ui/avatar' or its corresponding type declarations.
apps/web/src/components/chat/TypingIndicator.tsx(13,33): error TS2307: Cannot find module '@/lib/chat-types' or its corresponding type declarations.
apps/web/src/components/chat/TypingIndicator.tsx(14,30): error TS2307: Cannot find module '@/effects/reanimated/animated-view' or its corresponding type declarations.
apps/web/src/components/chat/TypingIndicator.tsx(15,36): error TS2307: Cannot find module '@/effects/reanimated/animated-view' or its corresponding type declarations.
apps/web/src/components/chat/TypingIndicator.tsx(16,31): error TS2307: Cannot find module '@/effects/reanimated/transitions' or its corresponding type declarations.
apps/web/src/components/chat/TypingPlaceholder.tsx(3,38): error TS2307: Cannot find module '@/hooks/use-typing-placeholder' or its corresponding type declarations.
apps/web/src/components/chat/TypingPlaceholder.tsx(4,50): error TS2307: Cannot find module '@/effects/reanimated/animated-view' or its corresponding type declarations.
apps/web/src/components/chat/TypingPlaceholder.tsx(5,20): error TS2307: Cannot find module '@/lib/utils' or its corresponding type declarations.
apps/web/src/components/chat/TypingPlaceholder.tsx(37,28): error TS7006: Parameter 'style' implicitly has an 'any' type.
apps/web/src/components/chat/TypingPlaceholder.tsx(37,35): error TS7006: Parameter 'index' implicitly has an 'any' type.
apps/web/src/components/chat/UndoDeleteChip.tsx(12,30): error TS2307: Cannot find module '@/effects/reanimated/animated-view' or its corresponding type declarations.
apps/web/src/components/chat/UndoDeleteChip.tsx(13,46): error TS2307: Cannot find module '@/effects/reanimated/transitions' or its corresponding type declarations.
apps/web/src/components/chat/UndoDeleteChip.tsx(14,25): error TS2307: Cannot find module '@/lib/haptics' or its corresponding type declarations.
apps/web/src/components/chat/UndoDeleteChip.tsx(15,20): error TS2307: Cannot find module '@/lib/utils' or its corresponding type declarations.
apps/web/src/components/chat/UndoDeleteChip.tsx(69,24): error TS2339: Property 'duration' does not exist on type 'ComponentType<FadeInProps & Record<string, unknown> & { style?: Record<string, unknown>; children?: unknown; }>'.
  Property 'duration' does not exist on type 'ComponentClass<FadeInProps & Record<string, unknown> & { style?: Record<string, unknown>; children?: unknown; }, any>'.
apps/web/src/components/chat/UndoDeleteChip.tsx(70,24): error TS2339: Property 'duration' does not exist on type 'ComponentType<FadeOutProps & Record<string, unknown> & { style?: Record<string, unknown>; children?: unknown; }>'.
  Property 'duration' does not exist on type 'ComponentClass<FadeOutProps & Record<string, unknown> & { style?: Record<string, unknown>; children?: unknown; }, any>'.
apps/web/src/components/chat/VoiceRecorder.tsx(9,39): error TS2307: Cannot find module '@/effects/reanimated/animated-view' or its corresponding type declarations.
apps/web/src/components/chat/VoiceRecorder.tsx(10,36): error TS2307: Cannot find module '@/effects/reanimated/animated-view' or its corresponding type declarations.
apps/web/src/components/chat/VoiceRecorder.tsx(12,24): error TS2307: Cannot find module '@/components/ui/button' or its corresponding type declarations.
apps/web/src/components/chat/VoiceRecorder.tsx(13,30): error TS2307: Cannot find module '@/effects/reanimated/animated-view' or its corresponding type declarations.
apps/web/src/components/chat/VoiceWaveform.tsx(10,30): error TS2307: Cannot find module '@/effects/reanimated/animated-view' or its corresponding type declarations.
apps/web/src/components/chat/VoiceWaveform.tsx(11,34): error TS2307: Cannot find module '@/effects/chat/media/use-voice-waveform' or its corresponding type declarations.
apps/web/src/components/chat/WebBubbleWrapper.tsx(3,20): error TS2307: Cannot find module '@/lib/utils' or its corresponding type declarations.
apps/web/src/components/chat/WebBubbleWrapper.tsx(6,30): error TS2307: Cannot find module '@/effects/reanimated/animated-view' or its corresponding type declarations.
apps/web/src/components/chat/WebBubbleWrapper.tsx(7,31): error TS2307: Cannot find module '@/effects/reanimated/use-bubble-tilt' or its corresponding type declarations.
apps/web/src/components/chat/WebBubbleWrapper.tsx(8,32): error TS2307: Cannot find module '@/effects/reanimated/use-bubble-entry' or its corresponding type declarations.
apps/web/src/components/chat/WebBubbleWrapper.tsx(9,35): error TS2307: Cannot find module '@/effects/reanimated/use-hover-animation' or its corresponding type declarations.
apps/web/src/components/chat/WebBubbleWrapper.tsx(10,35): error TS2307: Cannot find module '@/effects/reanimated/use-entry-animation' or its corresponding type declarations.
apps/web/src/components/chat/WebBubbleWrapper.tsx(12,36): error TS2307: Cannot find module '@/effects/reanimated/animated-view' or its corresponding type declarations.
apps/web/src/components/chat/__tests__/MessageAttachments.test.tsx(9,40): error TS2307: Cannot find module '@/lib/chat-types' or its corresponding type declarations.
apps/web/src/components/chat/__tests__/MessageReactions.test.tsx(2,26): error TS6133: 'fireEvent' is declared but its value is never read.
apps/web/src/components/chat/__tests__/MessageReactions.test.tsx(5,38): error TS2307: Cannot find module '@/lib/chat-types' or its corresponding type declarations.
apps/web/src/components/chat/__tests__/MessageReactions.test.tsx(211,25): error TS2532: Object is possibly 'undefined'.
apps/web/src/components/chat/__tests__/TypingIndicator.test.tsx(4,33): error TS2307: Cannot find module '@/lib/chat-types' or its corresponding type declarations.
apps/web/src/components/chat/__tests__/chat-fx-deterministic.test.tsx(6,18): error TS2724: '"@testing-library/react"' has no exported member named 'rerender'. Did you mean 'render'?
apps/web/src/components/chat/__tests__/chat-fx-deterministic.test.tsx(6,18): error TS6133: 'rerender' is declared but its value is never read.
apps/web/src/components/chat/__tests__/link-preview.test.tsx(2,18): error TS6133: 'screen' is declared but its value is never read.
apps/web/src/components/chat/__tests__/link-preview.test.tsx(2,26): error TS2724: '"@testing-library/react"' has no exported member named 'rerender'. Did you mean 'render'?
apps/web/src/components/chat/__tests__/link-preview.test.tsx(2,26): error TS6133: 'rerender' is declared but its value is never read.
apps/web/src/components/chat/bubble-wrapper-god-tier/AnimatedAIWrapper.tsx(4,50): error TS2307: Cannot find module '@/effects/reanimated/animated-view' or its corresponding type declarations.
apps/web/src/components/chat/bubble-wrapper-god-tier/AnimatedAIWrapper.tsx(6,20): error TS2307: Cannot find module '@/lib/utils' or its corresponding type declarations.
apps/web/src/components/chat/bubble-wrapper-god-tier/BubbleWrapperGodTier.tsx(5,50): error TS2307: Cannot find module '@/effects/reanimated/animated-view' or its corresponding type declarations.
apps/web/src/components/chat/bubble-wrapper-god-tier/BubbleWrapperGodTier.tsx(13,44): error TS2307: Cannot find module '@/hooks/use-particle-explosion-delete' or its corresponding type declarations.
apps/web/src/components/chat/bubble-wrapper-god-tier/BubbleWrapperGodTier.tsx(15,20): error TS2307: Cannot find module '@/lib/utils' or its corresponding type declarations.
apps/web/src/components/chat/bubble-wrapper-god-tier/BubbleWrapperGodTier.tsx(173,41): error TS7006: Parameter 'particle' implicitly has an 'any' type.
apps/web/src/components/chat/bubble-wrapper-god-tier/TypingDots.tsx(4,50): error TS2307: Cannot find module '@/effects/reanimated/animated-view' or its corresponding type declarations.
apps/web/src/components/chat/bubble-wrapper-god-tier/TypingDots.tsx(5,20): error TS2307: Cannot find module '@/lib/utils' or its corresponding type declarations.
apps/web/src/components/chat/bubble-wrapper-god-tier/effects/useBubbleCompressionOnSpeed.ts(5,31): error TS2307: Cannot find module '@/effects/reanimated/transitions' or its corresponding type declarations.
apps/web/src/components/chat/bubble-wrapper-god-tier/effects/useDeleteBubbleAnimation.ts(13,50): error TS2307: Cannot find module '@/effects/reanimated/transitions' or its corresponding type declarations.
apps/web/src/components/chat/bubble-wrapper-god-tier/effects/useDeleteBubbleAnimation.ts(14,25): error TS2307: Cannot find module '@/lib/haptics' or its corresponding type declarations.
apps/web/src/components/chat/bubble-wrapper-god-tier/effects/useHapticFeedback.ts(4,25): error TS2307: Cannot find module '@/lib/haptics' or its corresponding type declarations.
apps/web/src/components/chat/bubble-wrapper-god-tier/effects/useMessageAgeEffect.ts(11,31): error TS2307: Cannot find module '@/effects/reanimated/transitions' or its corresponding type declarations.
apps/web/src/components/chat/bubble-wrapper-god-tier/effects/useParticleBurstOnEvent.ts(4,53): error TS2307: Cannot find module '@/effects/reanimated/particle-engine' or its corresponding type declarations.
apps/web/src/components/chat/bubble-wrapper-god-tier/effects/usePresenceGlow.tsx(12,31): error TS2307: Cannot find module '@/effects/reanimated/transitions' or its corresponding type declarations.
apps/web/src/components/chat/bubble-wrapper-god-tier/effects/usePresenceGlow.tsx(13,30): error TS2307: Cannot find module '@/effects/reanimated/animated-view' or its corresponding type declarations.
apps/web/src/components/chat/bubble-wrapper-god-tier/effects/useThreadLayoutAnimator.ts(11,31): error TS2307: Cannot find module '@/effects/reanimated/transitions' or its corresponding type declarations.
apps/web/src/components/chat/bubble-wrapper-god-tier/effects/useThreadLayoutAnimator.ts(12,31): error TS2307: Cannot find module '@/effects/reanimated/transitions' or its corresponding type declarations.
apps/web/src/components/chat/components/ChatFooter.tsx(8,24): error TS2307: Cannot find module '@/components/ui/button' or its corresponding type declarations.
apps/web/src/components/chat/components/ChatFooter.tsx(9,23): error TS2307: Cannot find module '@/components/ui/input' or its corresponding type declarations.
apps/web/src/components/chat/components/ChatFooter.tsx(10,57): error TS2307: Cannot find module '@/components/ui/popover' or its corresponding type declarations.
apps/web/src/components/chat/components/ChatFooter.tsx(11,58): error TS2307: Cannot find module '@/components/ui/tabs' or its corresponding type declarations.
apps/web/src/components/chat/components/ChatFooter.tsx(12,30): error TS2307: Cannot find module '@/effects/reanimated/animated-view' or its corresponding type declarations.
apps/web/src/components/chat/components/ChatFooter.tsx(13,35): error TS2307: Cannot find module '@/effects/reanimated/use-entry-animation' or its corresponding type declarations.
apps/web/src/components/chat/components/ChatFooter.tsx(14,33): error TS2307: Cannot find module '@/effects/reanimated/animate-presence' or its corresponding type declarations.
apps/web/src/components/chat/components/ChatFooter.tsx(20,33): error TS2307: Cannot find module '@/lib/chat-types' or its corresponding type declarations.
apps/web/src/components/chat/components/ChatFooter.tsx(21,31): error TS2307: Cannot find module '@/lib/chat-utils' or its corresponding type declarations.
apps/web/src/components/chat/components/ChatFooter.tsx(132,41): error TS7006: Parameter 'emoji' implicitly has an 'any' type.
apps/web/src/components/chat/components/ChatFooter.tsx(147,28): error TS7006: Parameter 'e' implicitly has an 'any' type.
apps/web/src/components/chat/components/ChatHeader.tsx(8,53): error TS2307: Cannot find module '@/components/ui/avatar' or its corresponding type declarations.
apps/web/src/components/chat/components/ChatHeader.tsx(9,24): error TS2307: Cannot find module '@/components/ui/button' or its corresponding type declarations.
apps/web/src/components/chat/components/ChatHeader.tsx(10,57): error TS2307: Cannot find module '@/components/ui/popover' or its corresponding type declarations.
apps/web/src/components/chat/components/ChatHeader.tsx(11,30): error TS2307: Cannot find module '@/effects/reanimated/animated-view' or its corresponding type declarations.
apps/web/src/components/chat/components/ChatHeader.tsx(12,35): error TS2307: Cannot find module '@/effects/reanimated/use-entry-animation' or its corresponding type declarations.
apps/web/src/components/chat/components/ChatHeader.tsx(14,31): error TS2307: Cannot find module '@/lib/chat-types' or its corresponding type declarations.
apps/web/src/components/chat/components/DateGroup.tsx(7,23): error TS2307: Cannot find module '@/components/ui/badge' or its corresponding type declarations.
apps/web/src/components/chat/components/DateGroup.tsx(8,30): error TS2307: Cannot find module '@/effects/reanimated/animated-view' or its corresponding type declarations.
apps/web/src/components/chat/components/DateGroup.tsx(9,35): error TS2307: Cannot find module '@/effects/reanimated/use-entry-animation' or its corresponding type declarations.
apps/web/src/components/chat/components/MessageItem.tsx(8,23): error TS2307: Cannot find module '@/components/ui/badge' or its corresponding type declarations.
apps/web/src/components/chat/components/MessageItem.tsx(9,24): error TS2307: Cannot find module '@/components/ui/button' or its corresponding type declarations.
apps/web/src/components/chat/components/MessageItem.tsx(12,30): error TS2307: Cannot find module '@/effects/reanimated/animated-view' or its corresponding type declarations.
apps/web/src/components/chat/components/MessageItem.tsx(13,35): error TS2307: Cannot find module '@/effects/reanimated/use-entry-animation' or its corresponding type declarations.
apps/web/src/components/chat/components/MessageItem.tsx(14,35): error TS2307: Cannot find module '@/effects/reanimated/use-hover-animation' or its corresponding type declarations.
apps/web/src/components/chat/components/MessageItem.tsx(15,29): error TS2307: Cannot find module '@/effects/chat/bubbles/use-send-warp' or its corresponding type declarations.
apps/web/src/components/chat/components/MessageItem.tsx(16,38): error TS2307: Cannot find module '@/effects/chat/bubbles/use-receive-air-cushion' or its corresponding type declarations.
apps/web/src/components/chat/components/MessageItem.tsx(19,10): error TS2614: Module '"../MessageAttachments"' has no exported member 'MessageAttachments'. Did you mean to use 'import MessageAttachments from "../MessageAttachments"' instead?
apps/web/src/components/chat/components/MessageItem.tsx(20,10): error TS2724: '"../MessageReactions"' has no exported member named 'MessageReactions'. Did you mean 'MessageReactionsProps'?
apps/web/src/components/chat/components/MessageItem.tsx(22,32): error TS2307: Cannot find module '@/lib/chat-utils' or its corresponding type declarations.
apps/web/src/components/chat/components/MessageItem.tsx(23,33): error TS2307: Cannot find module '@/lib/chat-types' or its corresponding type declarations.
apps/web/src/components/chat/components/MessageItem.tsx(24,34): error TS2307: Cannot find module '@/lib/chat-types' or its corresponding type declarations.
apps/web/src/components/chat/components/MessageItem.tsx(184,25): error TS7006: Parameter 'emoji' implicitly has an 'any' type.
apps/web/src/components/chat/components/ReactionButton.tsx(7,30): error TS2307: Cannot find module '@/effects/reanimated/animated-view' or its corresponding type declarations.
apps/web/src/components/chat/components/ReactionButton.tsx(8,35): error TS2307: Cannot find module '@/effects/reanimated/use-hover-animation' or its corresponding type declarations.
apps/web/src/components/chat/components/ScrollToBottomFAB.tsx(8,24): error TS2307: Cannot find module '@/components/ui/button' or its corresponding type declarations.
apps/web/src/components/chat/components/ScrollToBottomFAB.tsx(9,30): error TS2307: Cannot find module '@/effects/reanimated/animated-view' or its corresponding type declarations.
apps/web/src/components/chat/components/ScrollToBottomFAB.tsx(10,36): error TS2307: Cannot find module '@/effects/reanimated/animated-view' or its corresponding type declarations.
apps/web/src/components/chat/components/SendButtonIcon.tsx(10,30): error TS2307: Cannot find module '@/effects/reanimated/animated-view' or its corresponding type declarations.
apps/web/src/components/chat/components/SendButtonIcon.tsx(11,31): error TS2307: Cannot find module '@/effects/reanimated/transitions' or its corresponding type declarations.
apps/web/src/components/chat/components/SendButtonIcon.tsx(12,36): error TS2307: Cannot find module '@/effects/reanimated/animated-view' or its corresponding type declarations.
apps/web/src/components/chat/components/StickerButton.tsx(7,30): error TS2307: Cannot find module '@/effects/reanimated/animated-view' or its corresponding type declarations.
apps/web/src/components/chat/components/StickerButton.tsx(8,35): error TS2307: Cannot find module '@/effects/reanimated/use-hover-animation' or its corresponding type declarations.
apps/web/src/components/chat/components/TemplateButton.tsx(7,24): error TS2307: Cannot find module '@/components/ui/button' or its corresponding type declarations.
apps/web/src/components/chat/components/TemplateButton.tsx(8,35): error TS2307: Cannot find module '@/effects/reanimated/use-hover-animation' or its corresponding type declarations.
apps/web/src/components/chat/components/TemplateButton.tsx(9,30): error TS2307: Cannot find module '@/effects/reanimated/animated-view' or its corresponding type declarations.
apps/web/src/components/chat/components/TemplateButton.tsx(10,38): error TS2307: Cannot find module '@/lib/chat-types' or its corresponding type declarations.
apps/web/src/components/chat/components/TemplatePanel.tsx(8,24): error TS2307: Cannot find module '@/components/ui/button' or its corresponding type declarations.
apps/web/src/components/chat/components/TemplatePanel.tsx(9,30): error TS2307: Cannot find module '@/effects/reanimated/animated-view' or its corresponding type declarations.
apps/web/src/components/chat/components/TemplatePanel.tsx(10,35): error TS2307: Cannot find module '@/effects/reanimated/use-entry-animation' or its corresponding type declarations.
apps/web/src/components/chat/components/TemplatePanel.tsx(11,38): error TS2307: Cannot find module '@/lib/chat-types' or its corresponding type declarations.
apps/web/src/components/chat/components/TemplatePanel.tsx(12,35): error TS2307: Cannot find module '@/lib/chat-types' or its corresponding type declarations.
apps/web/src/components/chat/components/TemplatePanel.tsx(35,33): error TS7006: Parameter 'template' implicitly has an 'any' type.
apps/web/src/components/chat/components/TypingIndicator.tsx(7,40): error TS2307: Cannot find module '@/components/ui/avatar' or its corresponding type declarations.
apps/web/src/components/chat/components/TypingIndicator.tsx(8,30): error TS2307: Cannot find module '@/effects/reanimated/animated-view' or its corresponding type declarations.
apps/web/src/components/chat/components/TypingIndicator.tsx(9,35): error TS2307: Cannot find module '@/effects/reanimated/use-entry-animation' or its corresponding type declarations.
apps/web/src/components/chat/features/input-handling/use-input-handling.ts(4,55): error TS2307: Cannot find module '@/lib/chat-types' or its corresponding type declarations.
apps/web/src/components/chat/features/media/use-media.ts(4,34): error TS2307: Cannot find module '@/lib/chat-types' or its corresponding type declarations.
apps/web/src/components/chat/features/media/use-media.ts(5,35): error TS2307: Cannot find module '@/lib/chat-utils' or its corresponding type declarations.
apps/web/src/components/chat/features/media/use-media.ts(7,30): error TS2307: Cannot find module '@/lib/logger' or its corresponding type declarations.
apps/web/src/components/chat/features/media/use-media.ts(92,49): error TS2307: Cannot find module '@/lib/llm-prompt' or its corresponding type declarations.
apps/web/src/components/chat/features/media/use-media.ts(93,45): error TS2307: Cannot find module '@/lib/llm-service' or its corresponding type declarations.
apps/web/src/components/chat/features/media/use-media.ts(94,15): error TS6133: 'parseLLMError' is declared but its value is never read.
apps/web/src/components/chat/features/media/use-media.ts(94,48): error TS2307: Cannot find module '@/lib/llm-utils' or its corresponding type declarations.
apps/web/src/components/chat/features/media/use-media.ts(110,48): error TS2307: Cannot find module '@/lib/llm-utils' or its corresponding type declarations.
apps/web/src/components/chat/features/message-management/use-message-management.ts(4,28): error TS2307: Cannot find module '@/hooks/use-storage' or its corresponding type declarations.
apps/web/src/components/chat/features/message-management/use-message-management.ts(5,44): error TS2307: Cannot find module '@/lib/chat-types' or its corresponding type declarations.
apps/web/src/components/chat/features/message-management/use-message-management.ts(6,35): error TS2307: Cannot find module '@/lib/chat-utils' or its corresponding type declarations.
apps/web/src/components/chat/features/message-management/use-message-management.ts(7,25): error TS2307: Cannot find module '@/lib/haptics' or its corresponding type declarations.
apps/web/src/components/chat/features/message-management/use-message-management.ts(9,26): error TS2307: Cannot find module '@/effects/sound/SendPing' or its corresponding type declarations.
apps/web/src/components/chat/features/message-management/use-message-management.ts(81,20): error TS7006: Parameter 'current' implicitly has an 'any' type.
apps/web/src/components/chat/features/message-management/use-message-management.ts(93,20): error TS7006: Parameter 'current' implicitly has an 'any' type.
apps/web/src/components/chat/features/message-management/use-message-management.ts(94,30): error TS7006: Parameter 'msg' implicitly has an 'any' type.
apps/web/src/components/chat/features/message-management/use-message-management.ts(102,20): error TS7006: Parameter 'current' implicitly has an 'any' type.
apps/web/src/components/chat/features/message-management/use-message-management.ts(102,56): error TS7006: Parameter 'msg' implicitly has an 'any' type.
apps/web/src/components/chat/features/reactions/use-reactions.ts(4,65): error TS2307: Cannot find module '@/lib/chat-types' or its corresponding type declarations.
apps/web/src/components/chat/features/reactions/use-reactions.ts(5,25): error TS2307: Cannot find module '@/lib/haptics' or its corresponding type declarations.
apps/web/src/components/chat/features/reactions/use-reactions.ts(32,54): error TS7006: Parameter 'r' implicitly has an 'any' type.
apps/web/src/components/chat/features/reactions/use-reactions.ts(37,46): error TS7006: Parameter 'r' implicitly has an 'any' type.
apps/web/src/components/chat/features/reactions/use-reactions.ts(42,43): error TS7006: Parameter 'r' implicitly has an 'any' type.
apps/web/src/components/chat/window/AdvancedChatWindow.tsx(5,25): error TS2307: Cannot find module '@/lib/haptics' or its corresponding type declarations.
apps/web/src/components/chat/window/AdvancedChatWindow.tsx(6,32): error TS2307: Cannot find module '@/lib/llm-prompt' or its corresponding type declarations.
apps/web/src/components/chat/window/AdvancedChatWindow.tsx(7,28): error TS2307: Cannot find module '@/lib/llm-service' or its corresponding type declarations.
apps/web/src/components/chat/window/AdvancedChatWindow.tsx(8,31): error TS2307: Cannot find module '@/lib/llm-utils' or its corresponding type declarations.
apps/web/src/components/chat/window/AdvancedChatWindow.tsx(9,30): error TS2307: Cannot find module '@/lib/logger' or its corresponding type declarations.
apps/web/src/components/chat/window/AdvancedChatWindow.tsx(10,26): error TS2307: Cannot find module '@/lib/realtime' or its corresponding type declarations.
apps/web/src/components/chat/window/AdvancedChatWindow.tsx(18,8): error TS2307: Cannot find module '@/lib/chat-types' or its corresponding type declarations.
apps/web/src/components/chat/window/AdvancedChatWindow.tsx(19,35): error TS2307: Cannot find module '@/lib/chat-utils' or its corresponding type declarations.
apps/web/src/components/chat/window/AdvancedChatWindow.tsx(20,34): error TS2307: Cannot find module '@/hooks/use-typing-manager' or its corresponding type declarations.
apps/web/src/components/chat/window/AdvancedChatWindow.tsx(21,28): error TS2307: Cannot find module '@/hooks/use-storage' or its corresponding type declarations.
apps/web/src/components/chat/window/AdvancedChatWindow.tsx(22,38): error TS2307: Cannot find module '@/effects/chat/ui/use-scroll-fab-magnetic' or its corresponding type declarations.
apps/web/src/components/chat/window/AdvancedChatWindow.tsx(23,24): error TS2307: Cannot find module '@/components/ui/button' or its corresponding type declarations.
apps/web/src/components/chat/window/AdvancedChatWindow.tsx(25,25): error TS2307: Cannot find module '@/api/chat-api' or its corresponding type declarations.
apps/web/src/components/chat/window/AdvancedChatWindow.tsx(36,30): error TS2307: Cannot find module '@/effects/reanimated/animated-view' or its corresponding type declarations.
apps/web/src/components/chat/window/AdvancedChatWindow.tsx(37,35): error TS2307: Cannot find module '@/effects/reanimated/use-entry-animation' or its corresponding type declarations.
apps/web/src/components/chat/window/AdvancedChatWindow.tsx(39,40): error TS2307: Cannot find module '@/components/ui/avatar' or its corresponding type declarations.
apps/web/src/components/chat/window/AdvancedChatWindow.tsx(175,18): error TS7006: Parameter 'cur' implicitly has an 'any' type.
apps/web/src/components/chat/window/AdvancedChatWindow.tsx(202,18): error TS7006: Parameter 'cur' implicitly has an 'any' type.
apps/web/src/components/chat/window/AdvancedChatWindow.tsx(203,24): error TS7006: Parameter 'm' implicitly has an 'any' type.
apps/web/src/components/chat/window/AdvancedChatWindow.tsx(210,42): error TS7006: Parameter 'r' implicitly has an 'any' type.
apps/web/src/components/chat/window/AdvancedChatWindow.tsx(213,55): error TS7006: Parameter 'r' implicitly has an 'any' type.
apps/web/src/components/chat/window/AdvancedChatWindow.tsx(217,39): error TS7006: Parameter 'r' implicitly has an 'any' type.
apps/web/src/components/chat/window/AdvancedChatWindow.tsx(239,38): error TS7006: Parameter 'x' implicitly has an 'any' type.
apps/web/src/components/chat/window/AdvancedChatWindow.tsx(248,20): error TS7006: Parameter 'cur' implicitly has an 'any' type.
apps/web/src/components/chat/window/AdvancedChatWindow.tsx(249,26): error TS7006: Parameter 'x' implicitly has an 'any' type.
apps/web/src/components/chat/window/Buttons.tsx(3,30): error TS2307: Cannot find module '@/effects/reanimated/animated-view' or its corresponding type declarations.
apps/web/src/components/chat/window/Buttons.tsx(4,35): error TS2307: Cannot find module '@/effects/reanimated/use-hover-animation' or its corresponding type declarations.
apps/web/src/components/chat/window/Buttons.tsx(6,31): error TS2307: Cannot find module '@/effects/reanimated/transitions' or its corresponding type declarations.
apps/web/src/components/chat/window/Buttons.tsx(7,36): error TS2307: Cannot find module '@/effects/reanimated/animated-view' or its corresponding type declarations.
apps/web/src/components/chat/window/ChatErrorBoundary.tsx(4,30): error TS2307: Cannot find module '@/lib/logger' or its corresponding type declarations.
apps/web/src/components/chat/window/ChatErrorBoundary.tsx(29,3): error TS4114: This member must have an 'override' modifier because it overrides a member in the base class 'Component<ChatErrorBoundaryProps, State, any>'.
apps/web/src/components/chat/window/ChatErrorBoundary.tsx(36,3): error TS4114: This member must have an 'override' modifier because it overrides a member in the base class 'Component<ChatErrorBoundaryProps, State, any>'.
apps/web/src/components/chat/window/ChatHeader.tsx(3,53): error TS2307: Cannot find module '@/components/ui/avatar' or its corresponding type declarations.
apps/web/src/components/chat/window/ChatHeader.tsx(4,24): error TS2307: Cannot find module '@/components/ui/button' or its corresponding type declarations.
apps/web/src/components/chat/window/ChatHeader.tsx(5,57): error TS2307: Cannot find module '@/components/ui/popover' or its corresponding type declarations.
apps/web/src/components/chat/window/ChatHeader.tsx(6,30): error TS2307: Cannot find module '@/effects/reanimated/animated-view' or its corresponding type declarations.
apps/web/src/components/chat/window/ChatHeader.tsx(7,35): error TS2307: Cannot find module '@/effects/reanimated/use-entry-animation' or its corresponding type declarations.
apps/web/src/components/chat/window/ChatHeader.tsx(9,30): error TS2307: Cannot find module '@/lib/block-service' or its corresponding type declarations.
apps/web/src/components/chat/window/ChatHeader.tsx(10,31): error TS2307: Cannot find module '@/lib/chat-types' or its corresponding type declarations.
apps/web/src/components/chat/window/ChatHeader.tsx(11,30): error TS2307: Cannot find module '@/lib/logger' or its corresponding type declarations.
apps/web/src/components/chat/window/ChatHeader.tsx(81,67): error TS7006: Parameter 'id' implicitly has an 'any' type.
apps/web/src/components/chat/window/ChatInputBar.tsx(3,24): error TS2307: Cannot find module '@/components/ui/button' or its corresponding type declarations.
apps/web/src/components/chat/window/ChatInputBar.tsx(4,23): error TS2307: Cannot find module '@/components/ui/input' or its corresponding type declarations.
apps/web/src/components/chat/window/ChatInputBar.tsx(5,57): error TS2307: Cannot find module '@/components/ui/popover' or its corresponding type declarations.
apps/web/src/components/chat/window/ChatInputBar.tsx(6,58): error TS2307: Cannot find module '@/components/ui/tabs' or its corresponding type declarations.
apps/web/src/components/chat/window/ChatInputBar.tsx(8,33): error TS2307: Cannot find module '@/effects/reanimated/animate-presence' or its corresponding type declarations.
apps/web/src/components/chat/window/ChatInputBar.tsx(11,68): error TS2307: Cannot find module '@/lib/chat-types' or its corresponding type declarations.
apps/web/src/components/chat/window/ChatInputBar.tsx(12,50): error TS2307: Cannot find module '@/lib/chat-utils' or its corresponding type declarations.
apps/web/src/components/chat/window/ChatInputBar.tsx(13,33): error TS2307: Cannot find module '@/lib/chat-types' or its corresponding type declarations.
apps/web/src/components/chat/window/ChatInputBar.tsx(112,39): error TS7006: Parameter 'sticker' implicitly has an 'any' type.
apps/web/src/components/chat/window/ChatInputBar.tsx(125,41): error TS7006: Parameter 'emoji' implicitly has an 'any' type.
apps/web/src/components/chat/window/ChatInputBar.tsx(148,28): error TS7006: Parameter 'e' implicitly has an 'any' type.
apps/web/src/components/chat/window/ChatInputBar.tsx(151,29): error TS7006: Parameter 'e' implicitly has an 'any' type.
apps/web/src/components/chat/window/LiveRegions.tsx(147,25): error TS2339: Property 'click' does not exist on type 'Element'.
apps/web/src/components/chat/window/LiveRegions.tsx(155,38): error TS2352: Conversion of type '{ currentTarget: HTMLElement; target: HTMLElement; altKey: boolean; charCode: number; code: string; ctrlKey: boolean; isComposing: boolean; key: string; keyCode: number; ... 33 more ...; BUBBLING_PHASE: 3; }' to type 'KeyboardEvent<HTMLElement>' may be a mistake because neither type sufficiently overlaps with the other. If this was intentional, convert the expression to 'unknown' first.
  Type '{ currentTarget: HTMLElement; target: HTMLElement; altKey: boolean; charCode: number; code: string; ctrlKey: boolean; isComposing: boolean; key: string; keyCode: number; ... 33 more ...; BUBBLING_PHASE: 3; }' is missing the following properties from type 'KeyboardEvent<HTMLElement>': locale, nativeEvent, isDefaultPrevented, isPropagationStopped, persist
apps/web/src/components/chat/window/LiveRegions.tsx(160,40): error TS2345: Argument of type 'KeyboardEvent<HTMLElement>' is not assignable to parameter of type 'KeyboardEvent'.
  Type 'KeyboardEvent<HTMLElement>' is missing the following properties from type 'KeyboardEvent': isComposing, initKeyboardEvent, DOM_KEY_LOCATION_STANDARD, DOM_KEY_LOCATION_LEFT, and 14 more.
apps/web/src/components/chat/window/LiveRegions.tsx(167,5): error TS2722: Cannot invoke an object which is possibly 'undefined'.
apps/web/src/components/chat/window/LiveRegions.tsx(169,7): error TS2722: Cannot invoke an object which is possibly 'undefined'.
apps/web/src/components/chat/window/MessageItem.tsx(3,30): error TS2307: Cannot find module '@/effects/reanimated/animated-view' or its corresponding type declarations.
apps/web/src/components/chat/window/MessageItem.tsx(4,35): error TS2307: Cannot find module '@/effects/reanimated/use-hover-animation' or its corresponding type declarations.
apps/web/src/components/chat/window/MessageItem.tsx(5,35): error TS2307: Cannot find module '@/effects/reanimated/use-entry-animation' or its corresponding type declarations.
apps/web/src/components/chat/window/MessageItem.tsx(6,29): error TS2307: Cannot find module '@/effects/chat/bubbles/use-send-warp' or its corresponding type declarations.
apps/web/src/components/chat/window/MessageItem.tsx(7,38): error TS2307: Cannot find module '@/effects/chat/bubbles/use-receive-air-cushion' or its corresponding type declarations.
apps/web/src/components/chat/window/MessageItem.tsx(15,24): error TS2307: Cannot find module '@/components/ui/button' or its corresponding type declarations.
apps/web/src/components/chat/window/MessageItem.tsx(16,33): error TS2307: Cannot find module '@/lib/chat-types' or its corresponding type declarations.
apps/web/src/components/chat/window/MessageItem.tsx(17,34): error TS2307: Cannot find module '@/lib/chat-types' or its corresponding type declarations.
apps/web/src/components/chat/window/MessageItem.tsx(18,32): error TS2307: Cannot find module '@/lib/chat-utils' or its corresponding type declarations.
apps/web/src/components/chat/window/MessageItem.tsx(19,23): error TS2307: Cannot find module '@/components/ui/badge' or its corresponding type declarations.
apps/web/src/components/chat/window/MessageList.tsx(3,30): error TS2307: Cannot find module '@/effects/reanimated/animated-view' or its corresponding type declarations.
apps/web/src/components/chat/window/MessageList.tsx(4,35): error TS2307: Cannot find module '@/effects/reanimated/use-entry-animation' or its corresponding type declarations.
apps/web/src/components/chat/window/MessageList.tsx(7,28): error TS6196: 'ChatRoom' is declared but never used.
apps/web/src/components/chat/window/MessageList.tsx(7,44): error TS2307: Cannot find module '@/lib/chat-types' or its corresponding type declarations.
apps/web/src/components/chat/window/MessageList.tsx(8,37): error TS2307: Cannot find module '@/lib/chat-utils' or its corresponding type declarations.
apps/web/src/components/chat/window/MessageList.tsx(9,33): error TS2307: Cannot find module '@/effects/reanimated/animate-presence' or its corresponding type declarations.
apps/web/src/components/chat/window/MessageList.tsx(33,20): error TS7006: Parameter 'group' implicitly has an 'any' type.
apps/web/src/components/chat/window/MessageList.tsx(33,27): error TS7006: Parameter 'groupIdx' implicitly has an 'any' type.
apps/web/src/components/chat/window/MessageList.tsx(36,32): error TS7006: Parameter 'm' implicitly has an 'any' type.
apps/web/src/components/chat/window/MessageList.tsx(36,35): error TS7006: Parameter 'idx' implicitly has an 'any' type.
apps/web/src/components/chat/window/TemplatePanel.tsx(3,30): error TS2307: Cannot find module '@/effects/reanimated/animated-view' or its corresponding type declarations.
apps/web/src/components/chat/window/TemplatePanel.tsx(4,35): error TS2307: Cannot find module '@/effects/reanimated/use-entry-animation' or its corresponding type declarations.
apps/web/src/components/chat/window/TemplatePanel.tsx(5,24): error TS2307: Cannot find module '@/components/ui/button' or its corresponding type declarations.
apps/web/src/components/chat/window/TemplatePanel.tsx(6,35): error TS2307: Cannot find module '@/lib/chat-types' or its corresponding type declarations.
apps/web/src/components/chat/window/TemplatePanel.tsx(7,38): error TS2307: Cannot find module '@/lib/chat-types' or its corresponding type declarations.
apps/web/src/components/chat/window/TemplatePanel.tsx(9,35): error TS2307: Cannot find module '@/effects/reanimated/use-hover-animation' or its corresponding type declarations.
apps/web/src/components/chat/window/TemplatePanel.tsx(28,45): error TS7006: Parameter 'template' implicitly has an 'any' type.
apps/web/src/components/chat/window/VirtualMessageList.tsx(5,34): error TS2307: Cannot find module '@/lib/chat-types' or its corresponding type declarations.
apps/web/src/components/chat/window/VirtualMessageList.tsx(6,37): error TS2307: Cannot find module '@/lib/chat-utils' or its corresponding type declarations.
apps/web/src/components/chat/window/VirtualMessageList.tsx(8,35): error TS2307: Cannot find module '@/effects/reanimated/use-entry-animation' or its corresponding type declarations.
apps/web/src/components/chat/window/VirtualMessageList.tsx(9,30): error TS2307: Cannot find module '@/effects/reanimated/animated-view' or its corresponding type declarations.
apps/web/src/components/chat/window/VirtualMessageList.tsx(11,33): error TS2307: Cannot find module '@/effects/reanimated/animate-presence' or its corresponding type declarations.
apps/web/src/components/chat/window/VirtualMessageList.tsx(12,32): error TS2307: Cannot find module '@/lib/feature-flags' or its corresponding type declarations.
apps/web/src/components/chat/window/VirtualMessageList.tsx(113,5): error TS2412: Type '((element: Element) => void) | undefined' is not assignable to type '((element: Element, entry: ResizeObserverEntry | undefined, instance: Virtualizer<HTMLDivElement, Element>) => number) | undefined' with 'exactOptionalPropertyTypes: true'. Consider adding 'undefined' to the type of the target.
apps/web/src/components/chat/window/VirtualMessageList.tsx(138,22): error TS7006: Parameter 'g' implicitly has an 'any' type.
apps/web/src/components/chat/window/VirtualMessageList.tsx(145,30): error TS7006: Parameter 'm' implicitly has an 'any' type.
apps/web/src/components/chrome/HoloBackground.tsx(4,41): error TS2307: Cannot find module '@/utils/reduced-motion' or its corresponding type declarations.
apps/web/src/components/chrome/HoloBackground.tsx(5,33): error TS2307: Cannot find module '@/config/feature-flags' or its corresponding type declarations.
apps/web/src/components/community/AppealDialog.tsx(15,8): error TS2307: Cannot find module '@/components/ui/dialog' or its corresponding type declarations.
apps/web/src/components/community/AppealDialog.tsx(16,24): error TS2307: Cannot find module '@/components/ui/button' or its corresponding type declarations.
apps/web/src/components/community/AppealDialog.tsx(17,26): error TS2307: Cannot find module '@/components/ui/textarea' or its corresponding type declarations.
apps/web/src/components/community/AppealDialog.tsx(18,23): error TS2307: Cannot find module '@/components/ui/label' or its corresponding type declarations.
apps/web/src/components/community/AppealDialog.tsx(19,41): error TS2307: Cannot find module '@/components/ui/alert' or its corresponding type declarations.
apps/web/src/components/community/AppealDialog.tsx(20,30): error TS2307: Cannot find module '@/api/community-api' or its corresponding type declarations.
apps/web/src/components/community/AppealDialog.tsx(21,25): error TS2307: Cannot find module '@/lib/haptics' or its corresponding type declarations.
apps/web/src/components/community/AppealDialog.tsx(124,26): error TS7006: Parameter 'e' implicitly has an 'any' type.
apps/web/src/components/community/CommentsSheet.tsx(1,24): error TS2307: Cannot find module '@/components/ui/avatar' or its corresponding type declarations.
apps/web/src/components/community/CommentsSheet.tsx(2,24): error TS2307: Cannot find module '@/components/ui/button' or its corresponding type declarations.
apps/web/src/components/community/CommentsSheet.tsx(3,28): error TS2307: Cannot find module '@/components/ui/scroll-area' or its corresponding type declarations.
apps/web/src/components/community/CommentsSheet.tsx(10,8): error TS2307: Cannot find module '@/components/ui/sheet' or its corresponding type declarations.
apps/web/src/components/community/CommentsSheet.tsx(11,26): error TS2307: Cannot find module '@/components/ui/skeleton' or its corresponding type declarations.
apps/web/src/components/community/CommentsSheet.tsx(12,26): error TS2307: Cannot find module '@/components/ui/textarea' or its corresponding type declarations.
apps/web/src/components/community/CommentsSheet.tsx(13,24): error TS2307: Cannot find module '@/contexts/AppContext' or its corresponding type declarations.
apps/web/src/components/community/CommentsSheet.tsx(14,34): error TS2307: Cannot find module '@/lib/community-service' or its corresponding type declarations.
apps/web/src/components/community/CommentsSheet.tsx(15,30): error TS2307: Cannot find module '@/lib/community-types' or its corresponding type declarations.
apps/web/src/components/community/CommentsSheet.tsx(16,25): error TS2307: Cannot find module '@/lib/haptics' or its corresponding type declarations.
apps/web/src/components/community/CommentsSheet.tsx(17,30): error TS2307: Cannot find module '@/lib/logger' or its corresponding type declarations.
apps/web/src/components/community/CommentsSheet.tsx(20,20): error TS6133: 'motion' is declared but its value is never read.
apps/web/src/components/community/CommentsSheet.tsx(174,16): error TS2304: Cannot find name 'MotionView'.
apps/web/src/components/community/CommentsSheet.tsx(179,18): error TS2304: Cannot find name 'MotionView'.
apps/web/src/components/community/CommentsSheet.tsx(191,19): error TS2304: Cannot find name 'MotionView'.
apps/web/src/components/community/CommentsSheet.tsx(198,17): error TS2304: Cannot find name 'MotionView'.
apps/web/src/components/community/CommentsSheet.tsx(200,16): error TS2741: Property 'visible' is missing in type '{ children: (Element | null)[]; }' but required in type 'PresenceProps'.
apps/web/src/components/community/CommentsSheet.tsx(222,12): error TS2741: Property 'visible' is missing in type '{ children: any; }' but required in type 'PresenceProps'.
apps/web/src/components/community/CommentsSheet.tsx(224,16): error TS2304: Cannot find name 'MotionView'.
apps/web/src/components/community/CommentsSheet.tsx(247,17): error TS2304: Cannot find name 'MotionView'.
apps/web/src/components/community/CommentsSheet.tsx(256,28): error TS7006: Parameter 'e' implicitly has an 'any' type.
apps/web/src/components/community/CommentsSheet.tsx(273,20): error TS2304: Cannot find name 'MotionView'.
apps/web/src/components/community/CommentsSheet.tsx(278,21): error TS2304: Cannot find name 'MotionView'.
apps/web/src/components/community/CommentsSheet.tsx(285,16): error TS2304: Cannot find name 'MotionView'.
apps/web/src/components/community/CommentsSheet.tsx(291,17): error TS2304: Cannot find name 'MotionView'.
apps/web/src/components/community/CommentsSheet.tsx(325,6): error TS2304: Cannot find name 'MotionView'.
apps/web/src/components/community/CommentsSheet.tsx(353,7): error TS2304: Cannot find name 'MotionView'.
apps/web/src/components/community/CommentsSheet.tsx(414,14): error TS2304: Cannot find name 'MotionView'.
apps/web/src/components/community/CommentsSheet.tsx(422,15): error TS2304: Cannot find name 'MotionView'.
apps/web/src/components/community/MediaViewer.tsx(13,24): error TS2307: Cannot find module '@/components/ui/button' or its corresponding type declarations.
apps/web/src/components/community/MediaViewer.tsx(14,24): error TS2307: Cannot find module '@/components/ui/slider' or its corresponding type declarations.
apps/web/src/components/community/MediaViewer.tsx(15,24): error TS2307: Cannot find module '@/contexts/AppContext' or its corresponding type declarations.
apps/web/src/components/community/MediaViewer.tsx(16,43): error TS2307: Cannot find module '@/lib/community-types' or its corresponding type declarations.
apps/web/src/components/community/MediaViewer.tsx(17,25): error TS2307: Cannot find module '@/lib/haptics' or its corresponding type declarations.
apps/web/src/components/community/MediaViewer.tsx(18,30): error TS2307: Cannot find module '@/lib/logger' or its corresponding type declarations.
apps/web/src/components/community/MediaViewer.tsx(33,30): error TS2307: Cannot find module '@/effects/reanimated/animated-view' or its corresponding type declarations.
apps/web/src/components/community/MediaViewer.tsx(34,29): error TS2307: Cannot find module '@/effects/reanimated' or its corresponding type declarations.
apps/web/src/components/community/MediaViewer.tsx(35,46): error TS2307: Cannot find module '@/effects/reanimated/transitions' or its corresponding type declarations.
apps/web/src/components/community/MediaViewer.tsx(36,36): error TS2307: Cannot find module '@/effects/reanimated/animated-view' or its corresponding type declarations.
apps/web/src/components/community/MediaViewer.tsx(267,34): error TS2448: Block-scoped variable 'currentMedia' used before its declaration.
apps/web/src/components/community/PostCard.tsx(11,30): error TS2307: Cannot find module '@/api/community-api' or its corresponding type declarations.
apps/web/src/components/community/PostCard.tsx(12,24): error TS2307: Cannot find module '@/components/ui/avatar' or its corresponding type declarations.
apps/web/src/components/community/PostCard.tsx(13,23): error TS2307: Cannot find module '@/components/ui/badge' or its corresponding type declarations.
apps/web/src/components/community/PostCard.tsx(14,24): error TS2307: Cannot find module '@/components/ui/button' or its corresponding type declarations.
apps/web/src/components/community/PostCard.tsx(15,22): error TS2307: Cannot find module '@/components/ui/card' or its corresponding type declarations.
apps/web/src/components/community/PostCard.tsx(21,8): error TS2307: Cannot find module '@/components/ui/dropdown-menu' or its corresponding type declarations.
apps/web/src/components/community/PostCard.tsx(22,24): error TS2307: Cannot find module '@/contexts/AppContext' or its corresponding type declarations.
apps/web/src/components/community/PostCard.tsx(23,34): error TS2307: Cannot find module '@/lib/community-service' or its corresponding type declarations.
apps/web/src/components/community/PostCard.tsx(24,27): error TS2307: Cannot find module '@/lib/community-types' or its corresponding type declarations.
apps/web/src/components/community/PostCard.tsx(25,31): error TS2307: Cannot find module '@/lib/haptics' or its corresponding type declarations.
apps/web/src/components/community/PostCard.tsx(26,30): error TS2307: Cannot find module '@/lib/logger' or its corresponding type declarations.
apps/web/src/components/community/PostCard.tsx(39,30): error TS2307: Cannot find module '@/effects/reanimated/animated-view' or its corresponding type declarations.
apps/web/src/components/community/PostCard.tsx(40,29): error TS2307: Cannot find module '@/effects/reanimated' or its corresponding type declarations.
apps/web/src/components/community/PostCard.tsx(41,46): error TS2307: Cannot find module '@/effects/reanimated/transitions' or its corresponding type declarations.
apps/web/src/components/community/PostCard.tsx(42,36): error TS2307: Cannot find module '@/effects/reanimated/animated-view' or its corresponding type declarations.
apps/web/src/components/community/PostCard.tsx(177,17): error TS2430: Interface 'WindowWithSpark' incorrectly extends interface 'Window'.
  Types of property 'spark' are incompatible.
    Type '{ user: () => Promise<{ id: string; name: string; avatar?: string; }>; }' is missing the following properties from type 'Spark': llmPrompt, llm, kv
apps/web/src/components/community/PostCard.tsx(182,31): error TS2352: Conversion of type 'Window & typeof globalThis' to type 'WindowWithSpark' may be a mistake because neither type sufficiently overlaps with the other. If this was intentional, convert the expression to 'unknown' first.
  The types returned by 'spark.user()' are incompatible between these types.
    Type 'Promise<UserInfo>' is not comparable to type 'Promise<{ id: string; name: string; avatar?: string; }>'.
      Property 'name' is missing in type 'UserInfo' but required in type '{ id: string; name: string; avatar?: string; }'.
apps/web/src/components/community/PostCard.tsx(194,15): error TS2339: Property 'login' does not exist on type '{ id: string; name: string; avatar?: string; }'.
apps/web/src/components/community/PostCard.tsx(196,14): error TS2551: Property 'avatarUrl' does not exist on type '{ id: string; name: string; avatar?: string; }'. Did you mean 'avatar'?
apps/web/src/components/community/PostCard.tsx(295,44): error TS7006: Parameter 'item' implicitly has an 'any' type.
apps/web/src/components/community/PostCard.tsx(295,50): error TS7006: Parameter 'index' implicitly has an 'any' type.
apps/web/src/components/community/PostCard.tsx(431,36): error TS7006: Parameter '_' implicitly has an 'any' type.
apps/web/src/components/community/PostCard.tsx(431,39): error TS7006: Parameter 'index' implicitly has an 'any' type.
apps/web/src/components/community/PostCard.tsx(535,44): error TS7006: Parameter 'tag' implicitly has an 'any' type.
apps/web/src/components/community/PostComposer.tsx(1,30): error TS2307: Cannot find module '@/api/community-api' or its corresponding type declarations.
apps/web/src/components/community/PostComposer.tsx(2,23): error TS2307: Cannot find module '@/components/ui/badge' or its corresponding type declarations.
apps/web/src/components/community/PostComposer.tsx(3,24): error TS2307: Cannot find module '@/components/ui/button' or its corresponding type declarations.
apps/web/src/components/community/PostComposer.tsx(4,66): error TS2307: Cannot find module '@/components/ui/dialog' or its corresponding type declarations.
apps/web/src/components/community/PostComposer.tsx(5,23): error TS2307: Cannot find module '@/components/ui/label' or its corresponding type declarations.
apps/web/src/components/community/PostComposer.tsx(6,26): error TS2307: Cannot find module '@/components/ui/progress' or its corresponding type declarations.
apps/web/src/components/community/PostComposer.tsx(7,58): error TS2307: Cannot find module '@/components/ui/tabs' or its corresponding type declarations.
apps/web/src/components/community/PostComposer.tsx(8,26): error TS2307: Cannot find module '@/components/ui/textarea' or its corresponding type declarations.
apps/web/src/components/community/PostComposer.tsx(9,24): error TS2307: Cannot find module '@/contexts/AppContext' or its corresponding type declarations.
apps/web/src/components/community/PostComposer.tsx(10,28): error TS2307: Cannot find module '@/hooks/use-storage' or its corresponding type declarations.
apps/web/src/components/community/PostComposer.tsx(11,47): error TS2307: Cannot find module '@/lib/community-types' or its corresponding type declarations.
apps/web/src/components/community/PostComposer.tsx(12,25): error TS2307: Cannot find module '@/lib/haptics' or its corresponding type declarations.
apps/web/src/components/community/PostComposer.tsx(13,29): error TS2307: Cannot find module '@/lib/image-upload' or its corresponding type declarations.
apps/web/src/components/community/PostComposer.tsx(14,30): error TS2307: Cannot find module '@/lib/logger' or its corresponding type declarations.
apps/web/src/components/community/PostComposer.tsx(15,26): error TS2307: Cannot find module '@/lib/types' or its corresponding type declarations.
apps/web/src/components/community/PostComposer.tsx(20,8): error TS2307: Cannot find module '@/lib/video-compression' or its corresponding type declarations.
apps/web/src/components/community/PostComposer.tsx(37,20): error TS6133: 'motion' is declared but its value is never read.
apps/web/src/components/community/PostComposer.tsx(207,10): error TS7006: Parameter 'progress' implicitly has an 'any' type.
apps/web/src/components/community/PostComposer.tsx(397,26): error TS7006: Parameter 'e' implicitly has an 'any' type.
apps/web/src/components/community/PostComposer.tsx(411,12): error TS2741: Property 'visible' is missing in type '{ children: false | Element; }' but required in type 'PresenceProps'.
apps/web/src/components/community/PostComposer.tsx(413,16): error TS2304: Cannot find name 'MotionView'.
apps/web/src/components/community/PostComposer.tsx(429,22): error TS2304: Cannot find name 'MotionView'.
apps/web/src/components/community/PostComposer.tsx(447,23): error TS2304: Cannot find name 'MotionView'.
apps/web/src/components/community/PostComposer.tsx(450,17): error TS2304: Cannot find name 'MotionView'.
apps/web/src/components/community/PostComposer.tsx(455,12): error TS2741: Property 'visible' is missing in type '{ children: "" | Element | null; }' but required in type 'PresenceProps'.
apps/web/src/components/community/PostComposer.tsx(457,16): error TS2304: Cannot find name 'MotionView'.
apps/web/src/components/community/PostComposer.tsx(488,20): error TS2304: Cannot find name 'MotionView'.
apps/web/src/components/community/PostComposer.tsx(505,21): error TS2304: Cannot find name 'MotionView'.
apps/web/src/components/community/PostComposer.tsx(509,20): error TS2304: Cannot find name 'MotionView'.
apps/web/src/components/community/PostComposer.tsx(520,21): error TS2304: Cannot find name 'MotionView'.
apps/web/src/components/community/PostComposer.tsx(539,22): error TS2304: Cannot find name 'MotionView'.
apps/web/src/components/community/PostComposer.tsx(549,23): error TS2304: Cannot find name 'MotionView'.
apps/web/src/components/community/PostComposer.tsx(569,17): error TS2304: Cannot find name 'MotionView'.
apps/web/src/components/community/PostComposer.tsx(574,12): error TS2741: Property 'visible' is missing in type '{ children: false | Element; }' but required in type 'PresenceProps'.
apps/web/src/components/community/PostComposer.tsx(576,16): error TS2304: Cannot find name 'MotionView'.
apps/web/src/components/community/PostComposer.tsx(594,57): error TS7006: Parameter 'v' implicitly has an 'any' type.
apps/web/src/components/community/PostComposer.tsx(616,28): error TS2304: Cannot find name 'MotionView'.
apps/web/src/components/community/PostComposer.tsx(631,29): error TS2304: Cannot find name 'MotionView'.
apps/web/src/components/community/PostComposer.tsx(683,17): error TS2304: Cannot find name 'MotionView'.
apps/web/src/components/community/PostComposer.tsx(694,32): error TS7006: Parameter 'pet' implicitly has an 'any' type.
apps/web/src/components/community/PostDetailView.tsx(3,30): error TS2307: Cannot find module '@/api/community-api' or its corresponding type declarations.
apps/web/src/components/community/PostDetailView.tsx(4,53): error TS2307: Cannot find module '@/components/ui/avatar' or its corresponding type declarations.
apps/web/src/components/community/PostDetailView.tsx(5,23): error TS2307: Cannot find module '@/components/ui/badge' or its corresponding type declarations.
apps/web/src/components/community/PostDetailView.tsx(6,24): error TS2307: Cannot find module '@/components/ui/button' or its corresponding type declarations.
apps/web/src/components/community/PostDetailView.tsx(7,39): error TS2307: Cannot find module '@/components/ui/dialog' or its corresponding type declarations.
apps/web/src/components/community/PostDetailView.tsx(8,28): error TS2307: Cannot find module '@/components/ui/scroll-area' or its corresponding type declarations.
apps/web/src/components/community/PostDetailView.tsx(9,26): error TS2307: Cannot find module '@/components/ui/skeleton' or its corresponding type declarations.
apps/web/src/components/community/PostDetailView.tsx(10,26): error TS2307: Cannot find module '@/components/ui/textarea' or its corresponding type declarations.
apps/web/src/components/community/PostDetailView.tsx(11,24): error TS2307: Cannot find module '@/contexts/AppContext' or its corresponding type declarations.
apps/web/src/components/community/PostDetailView.tsx(12,34): error TS2307: Cannot find module '@/lib/community-service' or its corresponding type declarations.
apps/web/src/components/community/PostDetailView.tsx(13,36): error TS2307: Cannot find module '@/lib/community-types' or its corresponding type declarations.
apps/web/src/components/community/PostDetailView.tsx(14,25): error TS2307: Cannot find module '@/lib/haptics' or its corresponding type declarations.
apps/web/src/components/community/PostDetailView.tsx(15,30): error TS2307: Cannot find module '@/lib/logger' or its corresponding type declarations.
apps/web/src/components/community/PostDetailView.tsx(16,29): error TS2307: Cannot find module '@/lib/user-service' or its corresponding type declarations.
apps/web/src/components/community/PostDetailView.tsx(79,18): error TS7006: Parameter 'user' implicitly has an 'any' type.
apps/web/src/components/community/PostDetailView.tsx(85,24): error TS7006: Parameter 'saved' implicitly has an 'any' type.
apps/web/src/components/community/PostDetailView.tsx(259,45): error TS7006: Parameter 'media' implicitly has an 'any' type.
apps/web/src/components/community/PostDetailView.tsx(259,52): error TS7006: Parameter 'index' implicitly has an 'any' type.
apps/web/src/components/community/PostDetailView.tsx(328,38): error TS7006: Parameter 'media' implicitly has an 'any' type.
apps/web/src/components/community/PostDetailView.tsx(328,45): error TS7006: Parameter 'index' implicitly has an 'any' type.
apps/web/src/components/community/PostDetailView.tsx(353,40): error TS7006: Parameter 'tag' implicitly has an 'any' type.
apps/web/src/components/community/PostDetailView.tsx(491,32): error TS7006: Parameter 'e' implicitly has an 'any' type.
apps/web/src/components/community/PostDetailView.tsx(495,33): error TS7006: Parameter 'e' implicitly has an 'any' type.
apps/web/src/components/community/RankingSkeleton.tsx(8,26): error TS2307: Cannot find module '@/components/ui/skeleton' or its corresponding type declarations.
apps/web/src/components/community/RankingSkeleton.tsx(9,22): error TS2307: Cannot find module '@/components/ui/card' or its corresponding type declarations.
apps/web/src/components/community/ReportDialog.tsx(6,30): error TS2307: Cannot find module '@/api/community-api' or its corresponding type declarations.
apps/web/src/components/community/ReportDialog.tsx(7,24): error TS2307: Cannot find module '@/components/ui/button' or its corresponding type declarations.
apps/web/src/components/community/ReportDialog.tsx(15,8): error TS2307: Cannot find module '@/components/ui/dialog' or its corresponding type declarations.
apps/web/src/components/community/ReportDialog.tsx(16,23): error TS2307: Cannot find module '@/components/ui/label' or its corresponding type declarations.
apps/web/src/components/community/ReportDialog.tsx(17,44): error TS2307: Cannot find module '@/components/ui/radio-group' or its corresponding type declarations.
apps/web/src/components/community/ReportDialog.tsx(18,26): error TS2307: Cannot find module '@/components/ui/textarea' or its corresponding type declarations.
apps/web/src/components/community/ReportDialog.tsx(19,35): error TS2307: Cannot find module '@/lib/community-types' or its corresponding type declarations.
apps/web/src/components/community/ReportDialog.tsx(20,25): error TS2307: Cannot find module '@/lib/haptics' or its corresponding type declarations.
apps/web/src/components/community/ReportDialog.tsx(21,41): error TS2307: Cannot find module '@/utils/reduced-motion' or its corresponding type declarations.
apps/web/src/components/community/ReportDialog.tsx(23,1): error TS6133: 'motion' is declared but its value is never read.
apps/web/src/components/community/ReportDialog.tsx(152,31): error TS7006: Parameter 'value' implicitly has an 'any' type.
apps/web/src/components/community/ReportDialog.tsx(157,18): error TS2304: Cannot find name 'MotionView'.
apps/web/src/components/community/ReportDialog.tsx(168,19): error TS2304: Cannot find name 'MotionView'.
apps/web/src/components/community/ReportDialog.tsx(174,14): error TS2304: Cannot find name 'MotionView'.
apps/web/src/components/community/ReportDialog.tsx(187,28): error TS7006: Parameter 'e' implicitly has an 'any' type.
apps/web/src/components/community/ReportDialog.tsx(193,15): error TS2304: Cannot find name 'MotionView'.
apps/web/src/components/community/__tests__/AppealDialog.test.tsx(7,30): error TS2307: Cannot find module '@/components/community/AppealDialog' or its corresponding type declarations.
apps/web/src/components/community/__tests__/AppealDialog.test.tsx(117,43): error TS2307: Cannot find module '@/api/community-api' or its corresponding type declarations.
apps/web/src/components/community/__tests__/AppealDialog.test.tsx(155,43): error TS2307: Cannot find module '@/api/community-api' or its corresponding type declarations.
apps/web/src/components/community/__tests__/CommentsSheet.test.tsx(7,31): error TS2307: Cannot find module '@/components/community/CommentsSheet' or its corresponding type declarations.
apps/web/src/components/community/__tests__/CommentsSheet.test.tsx(94,47): error TS2307: Cannot find module '@/lib/community-service' or its corresponding type declarations.
apps/web/src/components/community/__tests__/CommentsSheet.test.tsx(120,47): error TS2307: Cannot find module '@/lib/community-service' or its corresponding type declarations.
apps/web/src/components/community/__tests__/CommentsSheet.test.tsx(148,47): error TS2307: Cannot find module '@/lib/community-service' or its corresponding type declarations.
apps/web/src/components/community/__tests__/MediaViewer.test.tsx(6,29): error TS2307: Cannot find module '@/components/community/MediaViewer' or its corresponding type declarations.
apps/web/src/components/community/__tests__/MediaViewer.test.tsx(7,32): error TS2307: Cannot find module '@/components/community/MediaViewer' or its corresponding type declarations.
apps/web/src/components/community/__tests__/PostCard.test.tsx(6,26): error TS2307: Cannot find module '@/components/community/PostCard' or its corresponding type declarations.
apps/web/src/components/community/__tests__/PostCard.test.tsx(7,27): error TS2307: Cannot find module '@/lib/community-types' or its corresponding type declarations.
apps/web/src/components/community/__tests__/PostComposer.test.tsx(7,30): error TS2307: Cannot find module '@/components/community/PostComposer' or its corresponding type declarations.
apps/web/src/components/community/__tests__/PostComposer.test.tsx(120,43): error TS2307: Cannot find module '@/api/community-api' or its corresponding type declarations.
apps/web/src/components/community/__tests__/PostDetailView.test.tsx(6,32): error TS2307: Cannot find module '@/components/community/PostDetailView' or its corresponding type declarations.
apps/web/src/components/community/__tests__/PostDetailView.test.tsx(110,43): error TS2307: Cannot find module '@/api/community-api' or its corresponding type declarations.
apps/web/src/components/community/__tests__/RankingSkeleton.test.tsx(6,33): error TS2307: Cannot find module '@/components/community/RankingSkeleton' or its corresponding type declarations.
apps/web/src/components/community/__tests__/ReportDialog.test.tsx(7,30): error TS2307: Cannot find module '@/components/community/ReportDialog' or its corresponding type declarations.
apps/web/src/components/community/__tests__/ReportDialog.test.tsx(116,43): error TS2307: Cannot find module '@/api/community-api' or its corresponding type declarations.
apps/web/src/components/community/__tests__/ReportDialog.test.tsx(149,43): error TS2307: Cannot find module '@/api/community-api' or its corresponding type declarations.
apps/web/src/components/community/features/feed/use-feed-management.ts(4,30): error TS2307: Cannot find module '@/api/community-api' or its corresponding type declarations.
apps/web/src/components/community/features/feed/use-feed-management.ts(5,38): error TS2307: Cannot find module '@/core/services/follow-graph' or its corresponding type declarations.
apps/web/src/components/community/features/feed/use-feed-management.ts(6,40): error TS2307: Cannot find module '@/lib/community-types' or its corresponding type declarations.
apps/web/src/components/community/features/feed/use-feed-management.ts(7,30): error TS2307: Cannot find module '@/lib/logger' or its corresponding type declarations.
apps/web/src/components/community/features/feed/use-feed-management.ts(43,46): error TS2307: Cannot find module '@/lib/user-service' or its corresponding type declarations.
apps/web/src/components/community/features/post-actions/use-post-actions.ts(4,30): error TS2307: Cannot find module '@/lib/logger' or its corresponding type declarations.
apps/web/src/components/community/features/post-actions/use-post-actions.ts(5,25): error TS2307: Cannot find module '@/lib/haptics' or its corresponding type declarations.
apps/web/src/components/community/features/pull-to-refresh/use-pull-to-refresh.ts(11,31): error TS2307: Cannot find module '@/effects/reanimated/transitions' or its corresponding type declarations.
apps/web/src/components/community/features/pull-to-refresh/use-pull-to-refresh.ts(12,36): error TS2307: Cannot find module '@/effects/reanimated/animated-view' or its corresponding type declarations.
apps/web/src/components/community/features/pull-to-refresh/use-pull-to-refresh.ts(13,25): error TS2307: Cannot find module '@/lib/haptics' or its corresponding type declarations.
apps/web/src/components/community/features/pull-to-refresh/use-pull-to-refresh.ts(15,30): error TS2307: Cannot find module '@/lib/logger' or its corresponding type declarations.
apps/web/src/components/community/features/trending-tags/use-trending-tags.ts(4,30): error TS2307: Cannot find module '@/api/community-api' or its corresponding type declarations.
apps/web/src/components/community/features/trending-tags/use-trending-tags.ts(5,27): error TS2307: Cannot find module '@/lib/community-types' or its corresponding type declarations.
apps/web/src/components/community/features/trending-tags/use-trending-tags.ts(6,30): error TS2307: Cannot find module '@/lib/logger' or its corresponding type declarations.
apps/web/src/components/community/features/trending-tags/use-trending-tags.ts(20,44): error TS2307: Cannot find module '@/lib/user-service' or its corresponding type declarations.
apps/web/src/components/demo/PetsDemoPage.tsx(12,24): error TS2307: Cannot find module '@/contexts/AppContext' or its corresponding type declarations.
apps/web/src/components/demo/UltraAnimationShowcase.tsx(6,24): error TS2307: Cannot find module '@/components/ui/button' or its corresponding type declarations.
apps/web/src/components/demo/UltraAnimationShowcase.tsx(18,8): error TS2307: Cannot find module '@/effects/reanimated' or its corresponding type declarations.
apps/web/src/components/demo/UltraAnimationShowcase.tsx(19,30): error TS2307: Cannot find module '@/effects/reanimated/animated-view' or its corresponding type declarations.
apps/web/src/components/demo/UltraAnimationShowcase.tsx(122,34): error TS7006: Parameter 'r' implicitly has an 'any' type.
apps/web/src/components/demo/UltraAnimationShowcase.tsx(215,23): error TS7006: Parameter 'e' implicitly has an 'any' type.
apps/web/src/components/demo/UltraAnimationShowcase.tsx(220,36): error TS7006: Parameter 'particle' implicitly has an 'any' type.
apps/web/src/components/discovery/SavedSearchesManager.tsx(4,28): error TS2307: Cannot find module '@/hooks/use-storage' or its corresponding type declarations.
apps/web/src/components/discovery/SavedSearchesManager.tsx(15,75): error TS2307: Cannot find module '@/components/ui/card' or its corresponding type declarations.
apps/web/src/components/discovery/SavedSearchesManager.tsx(16,24): error TS2307: Cannot find module '@/components/ui/button' or its corresponding type declarations.
apps/web/src/components/discovery/SavedSearchesManager.tsx(17,23): error TS2307: Cannot find module '@/components/ui/input' or its corresponding type declarations.
apps/web/src/components/discovery/SavedSearchesManager.tsx(18,23): error TS2307: Cannot find module '@/components/ui/label' or its corresponding type declarations.
apps/web/src/components/discovery/SavedSearchesManager.tsx(19,28): error TS2307: Cannot find module '@/components/ui/scroll-area' or its corresponding type declarations.
apps/web/src/components/discovery/SavedSearchesManager.tsx(20,34): error TS2307: Cannot find module '@/lib/saved-search-types' or its corresponding type declarations.
apps/web/src/components/discovery/SavedSearchesManager.tsx(21,43): error TS2307: Cannot find module '@/components/DiscoveryFilters' or its corresponding type declarations.
apps/web/src/components/discovery/SavedSearchesManager.tsx(23,31): error TS2307: Cannot find module '@/lib/haptics' or its corresponding type declarations.
apps/web/src/components/discovery/SavedSearchesManager.tsx(24,30): error TS2307: Cannot find module '@/lib/logger' or its corresponding type declarations.
apps/web/src/components/discovery/SavedSearchesManager.tsx(25,30): error TS2307: Cannot find module '@/effects/reanimated/animated-view' or its corresponding type declarations.
apps/web/src/components/discovery/SavedSearchesManager.tsx(26,35): error TS2307: Cannot find module '@/effects/reanimated/use-modal-animation' or its corresponding type declarations.
apps/web/src/components/discovery/SavedSearchesManager.tsx(27,35): error TS2307: Cannot find module '@/effects/reanimated/use-expand-collapse' or its corresponding type declarations.
apps/web/src/components/discovery/SavedSearchesManager.tsx(28,34): error TS2307: Cannot find module '@/effects/reanimated/use-staggered-item' or its corresponding type declarations.
apps/web/src/components/discovery/SavedSearchesManager.tsx(29,32): error TS2307: Cannot find module '@/effects/reanimated/use-bounce-on-tap' or its corresponding type declarations.
apps/web/src/components/discovery/SavedSearchesManager.tsx(30,30): error TS2307: Cannot find module '@/effects/reanimated/use-hover-lift' or its corresponding type declarations.
apps/web/src/components/discovery/SavedSearchesManager.tsx(90,24): error TS7006: Parameter 'e' implicitly has an 'any' type.
apps/web/src/components/discovery/SavedSearchesManager.tsx(232,25): error TS7006: Parameter 'current' implicitly has an 'any' type.
apps/web/src/components/discovery/SavedSearchesManager.tsx(254,27): error TS7006: Parameter 'current' implicitly has an 'any' type.
apps/web/src/components/discovery/SavedSearchesManager.tsx(255,32): error TS7006: Parameter 's' implicitly has an 'any' type.
apps/web/src/components/discovery/SavedSearchesManager.tsx(284,27): error TS7006: Parameter 'current' implicitly has an 'any' type.
apps/web/src/components/discovery/SavedSearchesManager.tsx(285,32): error TS7006: Parameter 's' implicitly has an 'any' type.
apps/web/src/components/discovery/SavedSearchesManager.tsx(312,27): error TS7006: Parameter 'current' implicitly has an 'any' type.
apps/web/src/components/discovery/SavedSearchesManager.tsx(313,32): error TS7006: Parameter 's' implicitly has an 'any' type.
apps/web/src/components/discovery/SavedSearchesManager.tsx(329,27): error TS7006: Parameter 'current' implicitly has an 'any' type.
apps/web/src/components/discovery/SavedSearchesManager.tsx(329,63): error TS7006: Parameter 's' implicitly has an 'any' type.
apps/web/src/components/discovery/SavedSearchesManager.tsx(419,34): error TS7006: Parameter 'e' implicitly has an 'any' type.
apps/web/src/components/discovery/SavedSearchesManager.tsx(420,35): error TS7006: Parameter 'e' implicitly has an 'any' type.
apps/web/src/components/enhanced-ui/AnimatedButton.tsx(10,24): error TS2307: Cannot find module '@/components/ui/button' or its corresponding type declarations.
apps/web/src/components/enhanced-ui/AnimatedButton.tsx(11,20): error TS2307: Cannot find module '@/lib/utils' or its corresponding type declarations.
apps/web/src/components/enhanced-ui/AnimatedButton.tsx(12,25): error TS2307: Cannot find module '@/lib/haptics' or its corresponding type declarations.
apps/web/src/components/enhanced-ui/AnimatedCard.tsx(4,22): error TS2307: Cannot find module '@/components/ui/card' or its corresponding type declarations.
apps/web/src/components/enhanced-ui/AnimatedCard.tsx(5,20): error TS2307: Cannot find module '@/lib/utils' or its corresponding type declarations.
apps/web/src/components/enhanced/AchievementBadge.tsx(3,30): error TS2307: Cannot find module '@/effects/reanimated/animated-view' or its corresponding type declarations.
apps/web/src/components/enhanced/AchievementBadge.tsx(37,18): error TS2304: Cannot find name 'cn'.
apps/web/src/components/enhanced/AdvancedFilterPanel.tsx(5,24): error TS2307: Cannot find module '@/components/ui/button' or its corresponding type declarations.
apps/web/src/components/enhanced/AdvancedFilterPanel.tsx(6,23): error TS2307: Cannot find module '@/components/ui/badge' or its corresponding type declarations.
apps/web/src/components/enhanced/AdvancedFilterPanel.tsx(7,24): error TS2307: Cannot find module '@/components/ui/slider' or its corresponding type declarations.
apps/web/src/components/enhanced/AdvancedFilterPanel.tsx(8,23): error TS2307: Cannot find module '@/components/ui/label' or its corresponding type declarations.
apps/web/src/components/enhanced/AdvancedFilterPanel.tsx(9,22): error TS2307: Cannot find module '@/components/ui/card' or its corresponding type declarations.
apps/web/src/components/enhanced/AdvancedFilterPanel.tsx(10,20): error TS2307: Cannot find module '@/lib/utils' or its corresponding type declarations.
apps/web/src/components/enhanced/AdvancedFilterPanel.tsx(11,28): error TS2307: Cannot find module '@/hooks/use-filters' or its corresponding type declarations.
apps/web/src/components/enhanced/AdvancedFilterPanel.tsx(12,30): error TS2307: Cannot find module '@/effects/reanimated/animated-view' or its corresponding type declarations.
apps/web/src/components/enhanced/AdvancedFilterPanel.tsx(13,32): error TS2307: Cannot find module '@/effects/reanimated/use-bounce-on-tap' or its corresponding type declarations.
apps/web/src/components/enhanced/AdvancedFilterPanel.tsx(15,36): error TS2307: Cannot find module '@/effects/reanimated/animated-view' or its corresponding type declarations.
apps/web/src/components/enhanced/AdvancedFilterPanel.tsx(61,15): error TS7006: Parameter 'vals' implicitly has an 'any' type.
apps/web/src/components/enhanced/AdvancedFilterPanel.tsx(152,35): error TS7006: Parameter 'value' implicitly has an 'any' type.
apps/web/src/components/enhanced/AnimatedBadge.tsx(5,30): error TS2307: Cannot find module '@/effects/reanimated/animated-view' or its corresponding type declarations.
apps/web/src/components/enhanced/AnimatedBadge.tsx(7,31): error TS2307: Cannot find module '@/effects/reanimated/transitions' or its corresponding type declarations.
apps/web/src/components/enhanced/AnimatedBadge.tsx(8,36): error TS2307: Cannot find module '@/effects/reanimated/animated-view' or its corresponding type declarations.
apps/web/src/components/enhanced/DetailedPetAnalytics.tsx(5,58): error TS2307: Cannot find module '@/components/ui/card' or its corresponding type declarations.
apps/web/src/components/enhanced/DetailedPetAnalytics.tsx(6,26): error TS2307: Cannot find module '@/components/ui/progress' or its corresponding type declarations.
apps/web/src/components/enhanced/DetailedPetAnalytics.tsx(7,23): error TS2307: Cannot find module '@/components/ui/badge' or its corresponding type declarations.
apps/web/src/components/enhanced/DetailedPetAnalytics.tsx(8,43): error TS2307: Cannot find module '@/lib/types' or its corresponding type declarations.
apps/web/src/components/enhanced/DetailedPetAnalytics.tsx(195,43): error TS7006: Parameter 'trait' implicitly has an 'any' type.
apps/web/src/components/enhanced/DetailedPetAnalytics.tsx(195,50): error TS7006: Parameter 'idx' implicitly has an 'any' type.
apps/web/src/components/enhanced/DetailedPetAnalytics.tsx(210,35): error TS7006: Parameter 'interest' implicitly has an 'any' type.
apps/web/src/components/enhanced/DetailedPetAnalytics.tsx(210,45): error TS7006: Parameter 'idx' implicitly has an 'any' type.
apps/web/src/components/enhanced/EnhancedButton.tsx(5,37): error TS2307: Cannot find module '@/components/ui/button' or its corresponding type declarations.
apps/web/src/components/enhanced/EnhancedButton.tsx(6,24): error TS2307: Cannot find module '@/components/ui/button' or its corresponding type declarations.
apps/web/src/components/enhanced/EnhancedButton.tsx(8,20): error TS2307: Cannot find module '@/lib/utils' or its corresponding type declarations.
apps/web/src/components/enhanced/EnhancedButton.tsx(9,30): error TS2307: Cannot find module '@/lib/logger' or its corresponding type declarations.
apps/web/src/components/enhanced/EnhancedButton.tsx(20,36): error TS2307: Cannot find module '@/effects/reanimated/animated-view' or its corresponding type declarations.
apps/web/src/components/enhanced/EnhancedButton.tsx(21,31): error TS2307: Cannot find module '@/effects/reanimated/transitions' or its corresponding type declarations.
apps/web/src/components/enhanced/EnhancedCarousel.tsx(3,39): error TS2307: Cannot find module '@/effects/reanimated/animated-view' or its corresponding type declarations.
apps/web/src/components/enhanced/EnhancedCarousel.tsx(4,46): error TS2307: Cannot find module '@/effects/reanimated/transitions' or its corresponding type declarations.
apps/web/src/components/enhanced/EnhancedCarousel.tsx(7,24): error TS2307: Cannot find module '@/components/ui/button' or its corresponding type declarations.
apps/web/src/components/enhanced/EnhancedCarousel.tsx(8,20): error TS2307: Cannot find module '@/lib/utils' or its corresponding type declarations.
apps/web/src/components/enhanced/EnhancedCarousel.tsx(9,25): error TS2307: Cannot find module '@/lib/haptics' or its corresponding type declarations.
apps/web/src/components/enhanced/EnhancedCarousel.tsx(10,36): error TS2307: Cannot find module '@/effects/reanimated/animated-view' or its corresponding type declarations.
apps/web/src/components/enhanced/EnhancedPetDetailView.tsx(17,23): error TS2307: Cannot find module '@/components/ui/badge' or its corresponding type declarations.
apps/web/src/components/enhanced/EnhancedPetDetailView.tsx(18,24): error TS2307: Cannot find module '@/components/ui/button' or its corresponding type declarations.
apps/web/src/components/enhanced/EnhancedPetDetailView.tsx(19,35): error TS2307: Cannot find module '@/components/ui/card' or its corresponding type declarations.
apps/web/src/components/enhanced/EnhancedPetDetailView.tsx(20,26): error TS2307: Cannot find module '@/components/ui/progress' or its corresponding type declarations.
apps/web/src/components/enhanced/EnhancedPetDetailView.tsx(21,28): error TS2307: Cannot find module '@/components/ui/scroll-area' or its corresponding type declarations.
apps/web/src/components/enhanced/EnhancedPetDetailView.tsx(22,58): error TS2307: Cannot find module '@/components/ui/tabs' or its corresponding type declarations.
apps/web/src/components/enhanced/EnhancedPetDetailView.tsx(23,33): error TS2307: Cannot find module '@/hooks/use-swipe-gesture' or its corresponding type declarations.
apps/web/src/components/enhanced/EnhancedPetDetailView.tsx(24,30): error TS2307: Cannot find module '@/effects/reanimated/animated-view' or its corresponding type declarations.
apps/web/src/components/enhanced/EnhancedPetDetailView.tsx(25,32): error TS2307: Cannot find module '@/effects/reanimated/use-bounce-on-tap' or its corresponding type declarations.
apps/web/src/components/enhanced/EnhancedPetDetailView.tsx(27,36): error TS2307: Cannot find module '@/effects/reanimated/animated-view' or its corresponding type declarations.
apps/web/src/components/enhanced/EnhancedPetDetailView.tsx(28,25): error TS2307: Cannot find module '@/lib/haptics' or its corresponding type declarations.
apps/web/src/components/enhanced/EnhancedPetDetailView.tsx(29,26): error TS2307: Cannot find module '@/lib/types' or its corresponding type declarations.
apps/web/src/components/enhanced/EnhancedPetDetailView.tsx(161,19): error TS7006: Parameter 'e' implicitly has an 'any' type.
apps/web/src/components/enhanced/EnhancedPetDetailView.tsx(195,34): error TS7006: Parameter '_' implicitly has an 'any' type.
apps/web/src/components/enhanced/EnhancedPetDetailView.tsx(195,37): error TS7006: Parameter 'idx' implicitly has an 'any' type.
apps/web/src/components/enhanced/EnhancedPetDetailView.tsx(462,35): error TS7006: Parameter 'interest' implicitly has an 'any' type.
apps/web/src/components/enhanced/EnhancedPetDetailView.tsx(462,45): error TS7006: Parameter 'idx' implicitly has an 'any' type.
apps/web/src/components/enhanced/EnhancedPetDetailView.tsx(475,36): error TS7006: Parameter 'item' implicitly has an 'any' type.
apps/web/src/components/enhanced/EnhancedPetDetailView.tsx(475,42): error TS7006: Parameter 'idx' implicitly has an 'any' type.
apps/web/src/components/enhanced/EnhancedPetDetailView.tsx(490,37): error TS7006: Parameter 'trait' implicitly has an 'any' type.
apps/web/src/components/enhanced/EnhancedPetDetailView.tsx(490,44): error TS7006: Parameter 'idx' implicitly has an 'any' type.
apps/web/src/components/enhanced/EnhancedPetDetailView.tsx(541,32): error TS7006: Parameter 'badge' implicitly has an 'any' type.
apps/web/src/components/enhanced/EnhancedPetDetailView.tsx(541,39): error TS7006: Parameter 'idx' implicitly has an 'any' type.
apps/web/src/components/enhanced/FloatingActionButton.tsx(15,20): error TS2307: Cannot find module '@/lib/utils' or its corresponding type declarations.
apps/web/src/components/enhanced/FloatingActionButton.tsx(16,25): error TS2307: Cannot find module '@/lib/haptics' or its corresponding type declarations.
apps/web/src/components/enhanced/FloatingActionButton.tsx(17,53): error TS2307: Cannot find module '@/effects/reanimated/animated-view' or its corresponding type declarations.
apps/web/src/components/enhanced/FloatingActionButton.tsx(18,36): error TS2307: Cannot find module '@/effects/reanimated/animated-view' or its corresponding type declarations.
apps/web/src/components/enhanced/FloatingActionButton.tsx(19,34): error TS2307: Cannot find module '@/hooks/useReducedMotion' or its corresponding type declarations.
apps/web/src/components/enhanced/GlowingBadge.tsx(13,30): error TS2307: Cannot find module '@/effects/reanimated/animated-view' or its corresponding type declarations.
apps/web/src/components/enhanced/GlowingBadge.tsx(14,30): error TS2307: Cannot find module '@/effects/reanimated' or its corresponding type declarations.
apps/web/src/components/enhanced/GlowingBadge.tsx(15,30): error TS2307: Cannot find module '@/lib/logger' or its corresponding type declarations.
apps/web/src/components/enhanced/GlowingBadge.tsx(16,20): error TS2307: Cannot find module '@/lib/utils' or its corresponding type declarations.
apps/web/src/components/enhanced/GlowingBadge.tsx(17,36): error TS2307: Cannot find module '@/effects/reanimated/animated-view' or its corresponding type declarations.
apps/web/src/components/enhanced/NotificationCenter.tsx(2,28): error TS2307: Cannot find module '@/hooks/use-storage' or its corresponding type declarations.
apps/web/src/components/enhanced/NotificationCenter.tsx(3,34): error TS2307: Cannot find module '@/effects/reanimated/use-staggered-item' or its corresponding type declarations.
apps/web/src/components/enhanced/NotificationCenter.tsx(6,24): error TS2307: Cannot find module '@/components/ui/button' or its corresponding type declarations.
apps/web/src/components/enhanced/NotificationCenter.tsx(7,28): error TS2307: Cannot find module '@/components/ui/scroll-area' or its corresponding type declarations.
apps/web/src/components/enhanced/NotificationCenter.tsx(8,57): error TS2307: Cannot find module '@/components/ui/popover' or its corresponding type declarations.
apps/web/src/components/enhanced/NotificationCenter.tsx(9,58): error TS2307: Cannot find module '@/components/ui/tabs' or its corresponding type declarations.
apps/web/src/components/enhanced/NotificationCenter.tsx(10,23): error TS2307: Cannot find module '@/components/ui/badge' or its corresponding type declarations.
apps/web/src/components/enhanced/NotificationCenter.tsx(11,20): error TS2307: Cannot find module '@/lib/utils' or its corresponding type declarations.
apps/web/src/components/enhanced/NotificationCenter.tsx(31,53): error TS7006: Parameter 'n' implicitly has an 'any' type.
apps/web/src/components/enhanced/NotificationCenter.tsx(34,57): error TS7006: Parameter 'n' implicitly has an 'any' type.
apps/web/src/components/enhanced/NotificationCenter.tsx(38,8): error TS7006: Parameter 'n' implicitly has an 'any' type.
apps/web/src/components/enhanced/NotificationCenter.tsx(41,8): error TS7006: Parameter 'n' implicitly has an 'any' type.
apps/web/src/components/enhanced/NotificationCenter.tsx(46,23): error TS7006: Parameter 'current' implicitly has an 'any' type.
apps/web/src/components/enhanced/NotificationCenter.tsx(47,28): error TS7006: Parameter 'n' implicitly has an 'any' type.
apps/web/src/components/enhanced/NotificationCenter.tsx(52,23): error TS7006: Parameter 'current' implicitly has an 'any' type.
apps/web/src/components/enhanced/NotificationCenter.tsx(52,56): error TS7006: Parameter 'n' implicitly has an 'any' type.
apps/web/src/components/enhanced/NotificationCenter.tsx(56,23): error TS7006: Parameter 'current' implicitly has an 'any' type.
apps/web/src/components/enhanced/NotificationCenter.tsx(56,59): error TS7006: Parameter 'n' implicitly has an 'any' type.
apps/web/src/components/enhanced/NotificationCenter.tsx(92,27): error TS7006: Parameter 'v' implicitly has an 'any' type.
apps/web/src/components/enhanced/NotificationCenter.tsx(118,56): error TS7006: Parameter 'notification' implicitly has an 'any' type.
apps/web/src/components/enhanced/NotificationCenter.tsx(118,70): error TS7006: Parameter 'index' implicitly has an 'any' type.
apps/web/src/components/enhanced/NotificationCenter.tsx(135,58): error TS7006: Parameter 'notification' implicitly has an 'any' type.
apps/web/src/components/enhanced/NotificationCenter.tsx(135,72): error TS7006: Parameter 'index' implicitly has an 'any' type.
apps/web/src/components/enhanced/ParticleEffect.tsx(9,39): error TS2307: Cannot find module '@/effects/reanimated/animated-view' or its corresponding type declarations.
apps/web/src/components/enhanced/ParticleEffect.tsx(10,36): error TS2307: Cannot find module '@/effects/reanimated/animated-view' or its corresponding type declarations.
apps/web/src/components/enhanced/PetAnalyticsSkeleton.tsx(1,47): error TS2307: Cannot find module '@/components/ui/card' or its corresponding type declarations.
apps/web/src/components/enhanced/PetAnalyticsSkeleton.tsx(2,26): error TS2307: Cannot find module '@/components/ui/skeleton' or its corresponding type declarations.
apps/web/src/components/enhanced/PetDetailSkeleton.tsx(1,47): error TS2307: Cannot find module '@/components/ui/card' or its corresponding type declarations.
apps/web/src/components/enhanced/PetDetailSkeleton.tsx(2,26): error TS2307: Cannot find module '@/components/ui/skeleton' or its corresponding type declarations.
apps/web/src/components/enhanced/PremiumButton.tsx(1,30): error TS2307: Cannot find module '@/effects/reanimated/use-hover-lift' or its corresponding type declarations.
apps/web/src/components/enhanced/PremiumButton.tsx(2,32): error TS2307: Cannot find module '@/effects/reanimated/use-bounce-on-tap' or its corresponding type declarations.
apps/web/src/components/enhanced/PremiumButton.tsx(3,10): error TS6133: 'AnimatedView' is declared but its value is never read.
apps/web/src/components/enhanced/PremiumButton.tsx(3,53): error TS2307: Cannot find module '@/effects/reanimated/animated-view' or its corresponding type declarations.
apps/web/src/components/enhanced/PremiumButton.tsx(6,20): error TS2307: Cannot find module '@/lib/utils' or its corresponding type declarations.
apps/web/src/components/enhanced/PremiumButton.tsx(7,25): error TS2307: Cannot find module '@/lib/haptics' or its corresponding type declarations.
apps/web/src/components/enhanced/PremiumButton.tsx(8,36): error TS2307: Cannot find module '@/effects/reanimated/animated-view' or its corresponding type declarations.
apps/web/src/components/enhanced/PremiumCard.tsx(5,20): error TS2307: Cannot find module '@/lib/utils' or its corresponding type declarations.
apps/web/src/components/enhanced/ProgressiveImage.tsx(3,30): error TS2307: Cannot find module '@/effects/reanimated/animated-view' or its corresponding type declarations.
apps/web/src/components/enhanced/ProgressiveImage.tsx(4,33): error TS2307: Cannot find module '@/effects/reanimated/animate-presence' or its corresponding type declarations.
apps/web/src/components/enhanced/ProgressiveImage.tsx(5,20): error TS2307: Cannot find module '@/lib/utils' or its corresponding type declarations.
apps/web/src/components/enhanced/ProgressiveImage.tsx(6,44): error TS2307: Cannot find module '@/lib/image-loader' or its corresponding type declarations.
apps/web/src/components/enhanced/ProgressiveImage.tsx(52,28): error TS7006: Parameter 'avifSupported' implicitly has an 'any' type.
apps/web/src/components/enhanced/SmartSearch.tsx(2,30): error TS2307: Cannot find module '@/effects/reanimated/animated-view' or its corresponding type declarations.
apps/web/src/components/enhanced/SmartSearch.tsx(5,23): error TS2307: Cannot find module '@/components/ui/input' or its corresponding type declarations.
apps/web/src/components/enhanced/SmartSearch.tsx(6,23): error TS2307: Cannot find module '@/components/ui/badge' or its corresponding type declarations.
apps/web/src/components/enhanced/SmartSearch.tsx(7,24): error TS2307: Cannot find module '@/components/ui/button' or its corresponding type declarations.
apps/web/src/components/enhanced/SmartSearch.tsx(8,22): error TS2307: Cannot find module '@/components/ui/card' or its corresponding type declarations.
apps/web/src/components/enhanced/SmartSearch.tsx(9,28): error TS2307: Cannot find module '@/hooks/use-storage' or its corresponding type declarations.
apps/web/src/components/enhanced/SmartSearch.tsx(10,20): error TS2307: Cannot find module '@/lib/utils' or its corresponding type declarations.
apps/web/src/components/enhanced/SmartSearch.tsx(11,25): error TS2307: Cannot find module '@/lib/haptics' or its corresponding type declarations.
apps/web/src/components/enhanced/SmartSearch.tsx(96,25): error TS7006: Parameter 'prev' implicitly has an 'any' type.
apps/web/src/components/enhanced/SmartSearch.tsx(97,61): error TS7006: Parameter 'q' implicitly has an 'any' type.
apps/web/src/components/enhanced/SmartSearch.tsx(150,22): error TS7006: Parameter 'e' implicitly has an 'any' type.
apps/web/src/components/enhanced/SmartSearch.tsx(226,61): error TS7006: Parameter 'historyQuery' implicitly has an 'any' type.
apps/web/src/components/enhanced/SmartSearch.tsx(226,75): error TS7006: Parameter 'index' implicitly has an 'any' type.
apps/web/src/components/enhanced/SmartSearch.tsx(246,54): error TS7006: Parameter 'trending' implicitly has an 'any' type.
apps/web/src/components/enhanced/SmartSearch.tsx(246,64): error TS7006: Parameter 'index' implicitly has an 'any' type.
apps/web/src/components/enhanced/SmartSkeleton.tsx(4,20): error TS2307: Cannot find module '@/lib/utils' or its corresponding type declarations.
apps/web/src/components/enhanced/SmartSkeleton.tsx(5,30): error TS2307: Cannot find module '@/effects/reanimated/animated-view' or its corresponding type declarations.
apps/web/src/components/enhanced/SmartSkeleton.tsx(6,36): error TS2307: Cannot find module '@/effects/reanimated/animated-view' or its corresponding type declarations.
apps/web/src/components/enhanced/SmartSkeleton.tsx(7,28): error TS2307: Cannot find module '@/effects/reanimated/use-shimmer' or its corresponding type declarations.
apps/web/src/components/enhanced/SmartToast.tsx(3,30): error TS2307: Cannot find module '@/effects/reanimated/animated-view' or its corresponding type declarations.
apps/web/src/components/enhanced/SmartToast.tsx(6,24): error TS2307: Cannot find module '@/components/ui/button' or its corresponding type declarations.
apps/web/src/components/enhanced/SmartToast.tsx(7,20): error TS2307: Cannot find module '@/lib/utils' or its corresponding type declarations.
apps/web/src/components/enhanced/SmartToast.tsx(8,31): error TS2307: Cannot find module '@/effects/reanimated/transitions' or its corresponding type declarations.
apps/web/src/components/enhanced/SmartToast.tsx(9,36): error TS2307: Cannot find module '@/effects/reanimated/animated-view' or its corresponding type declarations.
apps/web/src/components/enhanced/TrustBadges.tsx(4,34): error TS2307: Cannot find module '@/effects/reanimated/use-staggered-item' or its corresponding type declarations.
apps/web/src/components/enhanced/TrustBadges.tsx(5,74): error TS2307: Cannot find module '@/components/ui/tooltip' or its corresponding type declarations.
apps/web/src/components/enhanced/UltraButton.tsx(9,24): error TS2307: Cannot find module '@/components/ui/button' or its corresponding type declarations.
apps/web/src/components/enhanced/UltraButton.tsx(10,20): error TS2307: Cannot find module '@/lib/utils' or its corresponding type declarations.
apps/web/src/components/enhanced/UltraButton.tsx(50,48): error TS2339: Property 'onPointerMove' does not exist on type 'UseMagneticReturn'.
apps/web/src/components/enhanced/UltraButton.tsx(51,49): error TS2339: Property 'onPointerLeave' does not exist on type 'UseMagneticReturn'.
apps/web/src/components/enhanced/UltraCard.tsx(12,8): error TS2307: Cannot find module '@/effects/reanimated' or its corresponding type declarations.
apps/web/src/components/enhanced/UltraCard.tsx(13,30): error TS2307: Cannot find module '@/effects/reanimated/animated-view' or its corresponding type declarations.
apps/web/src/components/enhanced/UltraCard.tsx(14,20): error TS2307: Cannot find module '@/lib/utils' or its corresponding type declarations.
apps/web/src/components/enhanced/UltraEnhancedView.tsx(7,30): error TS2307: Cannot find module '@/effects/reanimated/animated-view' or its corresponding type declarations.
apps/web/src/components/enhanced/UltraEnhancedView.tsx(8,77): error TS2307: Cannot find module '@/effects/reanimated' or its corresponding type declarations.
apps/web/src/components/enhanced/__tests__/DetailedPetAnalytics.test.tsx(1,43): error TS2307: Cannot find module '@/lib/types' or its corresponding type declarations.
apps/web/src/components/enhanced/__tests__/EnhancedPetDetailView.test.tsx(1,26): error TS2307: Cannot find module '@/lib/types' or its corresponding type declarations.
apps/web/src/components/enhanced/__tests__/FloatingActionButton.test.tsx(50,21): error TS6133: 'delay' is declared but its value is never read.
apps/web/src/components/enhanced/__tests__/SmartToast.test.tsx(5,1): error TS6133: 'ToastType' is declared but its value is never read.
apps/web/src/components/enhanced/buttons/IconButton.tsx(11,30): error TS2307: Cannot find module '@/effects/reanimated/animated-view' or its corresponding type declarations.
apps/web/src/components/enhanced/buttons/IconButton.tsx(12,30): error TS2307: Cannot find module '@/effects/reanimated/use-hover-lift' or its corresponding type declarations.
apps/web/src/components/enhanced/buttons/IconButton.tsx(13,33): error TS2307: Cannot find module '@/effects/reanimated/use-ripple-effect' or its corresponding type declarations.
apps/web/src/components/enhanced/buttons/IconButton.tsx(14,34): error TS2307: Cannot find module '@/effects/reanimated/use-magnetic-hover' or its corresponding type declarations.
apps/web/src/components/enhanced/buttons/IconButton.tsx(15,31): error TS2307: Cannot find module '@/effects/reanimated/transitions' or its corresponding type declarations.
apps/web/src/components/enhanced/buttons/IconButton.tsx(16,25): error TS2307: Cannot find module '@/lib/haptics' or its corresponding type declarations.
apps/web/src/components/enhanced/buttons/IconButton.tsx(17,20): error TS2307: Cannot find module '@/lib/utils' or its corresponding type declarations.
apps/web/src/components/enhanced/buttons/IconButton.tsx(18,36): error TS2307: Cannot find module '@/effects/reanimated/animated-view' or its corresponding type declarations.
apps/web/src/components/enhanced/buttons/IconButton.tsx(19,24): error TS2307: Cannot find module '@/core/tokens/dimens' or its corresponding type declarations.
apps/web/src/components/enhanced/buttons/IconButton.tsx(200,37): error TS7006: Parameter 'r' implicitly has an 'any' type.
apps/web/src/components/enhanced/buttons/SegmentedControl.tsx(4,56): error TS6133: 'withTiming' is declared but its value is never read.
apps/web/src/components/enhanced/buttons/SegmentedControl.tsx(5,30): error TS2307: Cannot find module '@/effects/reanimated/animated-view' or its corresponding type declarations.
apps/web/src/components/enhanced/buttons/SegmentedControl.tsx(6,31): error TS2307: Cannot find module '@/effects/reanimated/transitions' or its corresponding type declarations.
apps/web/src/components/enhanced/buttons/SegmentedControl.tsx(7,25): error TS2307: Cannot find module '@/lib/haptics' or its corresponding type declarations.
apps/web/src/components/enhanced/buttons/SegmentedControl.tsx(8,20): error TS2307: Cannot find module '@/lib/utils' or its corresponding type declarations.
apps/web/src/components/enhanced/buttons/SegmentedControl.tsx(9,36): error TS2307: Cannot find module '@/effects/reanimated/animated-view' or its corresponding type declarations.
apps/web/src/components/enhanced/buttons/SplitButton.tsx(5,30): error TS2307: Cannot find module '@/effects/reanimated/animated-view' or its corresponding type declarations.
apps/web/src/components/enhanced/buttons/SplitButton.tsx(6,30): error TS2307: Cannot find module '@/effects/reanimated/use-hover-lift' or its corresponding type declarations.
apps/web/src/components/enhanced/buttons/SplitButton.tsx(7,31): error TS2307: Cannot find module '@/effects/reanimated/transitions' or its corresponding type declarations.
apps/web/src/components/enhanced/buttons/SplitButton.tsx(8,25): error TS2307: Cannot find module '@/lib/haptics' or its corresponding type declarations.
apps/web/src/components/enhanced/buttons/SplitButton.tsx(9,20): error TS2307: Cannot find module '@/lib/utils' or its corresponding type declarations.
apps/web/src/components/enhanced/buttons/SplitButton.tsx(16,8): error TS2307: Cannot find module '@/components/ui/dropdown-menu' or its corresponding type declarations.
apps/web/src/components/enhanced/buttons/SplitButton.tsx(18,36): error TS2307: Cannot find module '@/effects/reanimated/animated-view' or its corresponding type declarations.
apps/web/src/components/enhanced/buttons/ToggleButton.tsx(4,56): error TS6133: 'withTiming' is declared but its value is never read.
apps/web/src/components/enhanced/buttons/ToggleButton.tsx(5,30): error TS2307: Cannot find module '@/effects/reanimated/animated-view' or its corresponding type declarations.
apps/web/src/components/enhanced/buttons/ToggleButton.tsx(6,31): error TS2307: Cannot find module '@/effects/reanimated/transitions' or its corresponding type declarations.
apps/web/src/components/enhanced/buttons/ToggleButton.tsx(7,25): error TS2307: Cannot find module '@/lib/haptics' or its corresponding type declarations.
apps/web/src/components/enhanced/buttons/ToggleButton.tsx(8,20): error TS2307: Cannot find module '@/lib/utils' or its corresponding type declarations.
apps/web/src/components/enhanced/buttons/ToggleButton.tsx(9,36): error TS2307: Cannot find module '@/effects/reanimated/animated-view' or its corresponding type declarations.
apps/web/src/components/enhanced/display/PremiumAvatar.tsx(5,30): error TS2307: Cannot find module '@/effects/reanimated/animated-view' or its corresponding type declarations.
apps/web/src/components/enhanced/display/PremiumAvatar.tsx(6,31): error TS2307: Cannot find module '@/effects/reanimated/transitions' or its corresponding type declarations.
apps/web/src/components/enhanced/display/PremiumAvatar.tsx(7,25): error TS2307: Cannot find module '@/lib/haptics' or its corresponding type declarations.
apps/web/src/components/enhanced/display/PremiumAvatar.tsx(8,20): error TS2307: Cannot find module '@/lib/utils' or its corresponding type declarations.
apps/web/src/components/enhanced/display/PremiumAvatar.tsx(9,53): error TS2307: Cannot find module '@/components/ui/avatar' or its corresponding type declarations.
apps/web/src/components/enhanced/display/PremiumAvatar.tsx(10,36): error TS2307: Cannot find module '@/effects/reanimated/animated-view' or its corresponding type declarations.
apps/web/src/components/enhanced/display/PremiumChip.tsx(5,30): error TS2307: Cannot find module '@/effects/reanimated/animated-view' or its corresponding type declarations.
apps/web/src/components/enhanced/display/PremiumChip.tsx(6,31): error TS2307: Cannot find module '@/effects/reanimated/transitions' or its corresponding type declarations.
apps/web/src/components/enhanced/display/PremiumChip.tsx(7,25): error TS2307: Cannot find module '@/lib/haptics' or its corresponding type declarations.
apps/web/src/components/enhanced/display/PremiumChip.tsx(8,20): error TS2307: Cannot find module '@/lib/utils' or its corresponding type declarations.
apps/web/src/components/enhanced/display/PremiumChip.tsx(10,36): error TS2307: Cannot find module '@/effects/reanimated/animated-view' or its corresponding type declarations.
apps/web/src/components/enhanced/effects/RippleEffect.tsx(4,33): error TS2307: Cannot find module '@/effects/reanimated/use-ripple-effect' or its corresponding type declarations.
apps/web/src/components/enhanced/effects/RippleEffect.tsx(5,30): error TS2307: Cannot find module '@/effects/reanimated/animated-view' or its corresponding type declarations.
apps/web/src/components/enhanced/effects/RippleEffect.tsx(6,20): error TS2307: Cannot find module '@/lib/utils' or its corresponding type declarations.
apps/web/src/components/enhanced/effects/RippleEffect.tsx(42,28): error TS7006: Parameter 'rippleState' implicitly has an 'any' type.
apps/web/src/components/enhanced/effects/ShimmerEffect.tsx(4,30): error TS2307: Cannot find module '@/effects/reanimated/animated-view' or its corresponding type declarations.
apps/web/src/components/enhanced/effects/ShimmerEffect.tsx(5,1): error TS6133: 'timingConfigs' is declared but its value is never read.
apps/web/src/components/enhanced/effects/ShimmerEffect.tsx(5,31): error TS2307: Cannot find module '@/effects/reanimated/transitions' or its corresponding type declarations.
apps/web/src/components/enhanced/effects/ShimmerEffect.tsx(6,20): error TS2307: Cannot find module '@/lib/utils' or its corresponding type declarations.
apps/web/src/components/enhanced/effects/ShimmerEffect.tsx(7,36): error TS2307: Cannot find module '@/effects/reanimated/animated-view' or its corresponding type declarations.
apps/web/src/components/enhanced/effects/ShimmerEffect.tsx(8,1): error TS6133: 'ReactNode' is declared but its value is never read.
apps/web/src/components/enhanced/forms/PremiumInput.tsx(5,30): error TS2307: Cannot find module '@/effects/reanimated/animated-view' or its corresponding type declarations.
apps/web/src/components/enhanced/forms/PremiumInput.tsx(6,30): error TS2307: Cannot find module '@/effects/reanimated/use-hover-lift' or its corresponding type declarations.
apps/web/src/components/enhanced/forms/PremiumInput.tsx(7,46): error TS2307: Cannot find module '@/effects/reanimated/transitions' or its corresponding type declarations.
apps/web/src/components/enhanced/forms/PremiumInput.tsx(8,25): error TS2307: Cannot find module '@/lib/haptics' or its corresponding type declarations.
apps/web/src/components/enhanced/forms/PremiumInput.tsx(9,20): error TS2307: Cannot find module '@/lib/utils' or its corresponding type declarations.
apps/web/src/components/enhanced/forms/PremiumInput.tsx(10,41): error TS2305: Module '"@phosphor-icons/react"' has no exported member 'AlertCircle'.
apps/web/src/components/enhanced/forms/PremiumInput.tsx(11,36): error TS2307: Cannot find module '@/effects/reanimated/animated-view' or its corresponding type declarations.
apps/web/src/components/enhanced/forms/PremiumSelect.tsx(3,33): error TS6133: 'useRef' is declared but its value is never read.
apps/web/src/components/enhanced/forms/PremiumSelect.tsx(5,30): error TS2307: Cannot find module '@/effects/reanimated/animated-view' or its corresponding type declarations.
apps/web/src/components/enhanced/forms/PremiumSelect.tsx(6,31): error TS2307: Cannot find module '@/effects/reanimated/transitions' or its corresponding type declarations.
apps/web/src/components/enhanced/forms/PremiumSelect.tsx(7,25): error TS2307: Cannot find module '@/lib/haptics' or its corresponding type declarations.
apps/web/src/components/enhanced/forms/PremiumSelect.tsx(8,20): error TS2307: Cannot find module '@/lib/utils' or its corresponding type declarations.
apps/web/src/components/enhanced/forms/PremiumSelect.tsx(15,8): error TS2307: Cannot find module '@/components/ui/select' or its corresponding type declarations.
apps/web/src/components/enhanced/forms/PremiumSelect.tsx(17,36): error TS2307: Cannot find module '@/effects/reanimated/animated-view' or its corresponding type declarations.
apps/web/src/components/enhanced/forms/PremiumSlider.tsx(5,30): error TS2307: Cannot find module '@/effects/reanimated/animated-view' or its corresponding type declarations.
apps/web/src/components/enhanced/forms/PremiumSlider.tsx(6,31): error TS2307: Cannot find module '@/effects/reanimated/transitions' or its corresponding type declarations.
apps/web/src/components/enhanced/forms/PremiumSlider.tsx(7,25): error TS2307: Cannot find module '@/lib/haptics' or its corresponding type declarations.
apps/web/src/components/enhanced/forms/PremiumSlider.tsx(8,20): error TS2307: Cannot find module '@/lib/utils' or its corresponding type declarations.
apps/web/src/components/enhanced/forms/PremiumSlider.tsx(10,36): error TS2307: Cannot find module '@/effects/reanimated/animated-view' or its corresponding type declarations.
apps/web/src/components/enhanced/forms/PremiumToggle.tsx(4,56): error TS6133: 'withTiming' is declared but its value is never read.
apps/web/src/components/enhanced/forms/PremiumToggle.tsx(5,30): error TS2307: Cannot find module '@/effects/reanimated/animated-view' or its corresponding type declarations.
apps/web/src/components/enhanced/forms/PremiumToggle.tsx(6,31): error TS2307: Cannot find module '@/effects/reanimated/transitions' or its corresponding type declarations.
apps/web/src/components/enhanced/forms/PremiumToggle.tsx(7,25): error TS2307: Cannot find module '@/lib/haptics' or its corresponding type declarations.
apps/web/src/components/enhanced/forms/PremiumToggle.tsx(8,20): error TS2307: Cannot find module '@/lib/utils' or its corresponding type declarations.
apps/web/src/components/enhanced/forms/PremiumToggle.tsx(9,36): error TS2307: Cannot find module '@/effects/reanimated/animated-view' or its corresponding type declarations.
apps/web/src/components/enhanced/forms/PremiumToggle.tsx(97,11): error TS17001: JSX elements cannot have multiple attributes with the same name.
apps/web/src/components/enhanced/index.ts(3,32): error TS2307: Cannot find module '@/effects/visual' or its corresponding type declarations.
apps/web/src/components/enhanced/navigation/PremiumProgress.tsx(5,30): error TS2307: Cannot find module '@/effects/reanimated/animated-view' or its corresponding type declarations.
apps/web/src/components/enhanced/navigation/PremiumProgress.tsx(6,31): error TS2307: Cannot find module '@/effects/reanimated/transitions' or its corresponding type declarations.
apps/web/src/components/enhanced/navigation/PremiumProgress.tsx(7,20): error TS2307: Cannot find module '@/lib/utils' or its corresponding type declarations.
apps/web/src/components/enhanced/navigation/PremiumProgress.tsx(9,36): error TS2307: Cannot find module '@/effects/reanimated/animated-view' or its corresponding type declarations.
apps/web/src/components/enhanced/navigation/PremiumTabs.tsx(5,30): error TS2307: Cannot find module '@/effects/reanimated/animated-view' or its corresponding type declarations.
apps/web/src/components/enhanced/navigation/PremiumTabs.tsx(6,31): error TS2307: Cannot find module '@/effects/reanimated/transitions' or its corresponding type declarations.
apps/web/src/components/enhanced/navigation/PremiumTabs.tsx(7,25): error TS2307: Cannot find module '@/lib/haptics' or its corresponding type declarations.
apps/web/src/components/enhanced/navigation/PremiumTabs.tsx(8,20): error TS2307: Cannot find module '@/lib/utils' or its corresponding type declarations.
apps/web/src/components/enhanced/navigation/PremiumTabs.tsx(10,36): error TS2307: Cannot find module '@/effects/reanimated/animated-view' or its corresponding type declarations.
apps/web/src/components/enhanced/navigation/PremiumToast.tsx(5,30): error TS2307: Cannot find module '@/effects/reanimated/animated-view' or its corresponding type declarations.
apps/web/src/components/enhanced/navigation/PremiumToast.tsx(6,31): error TS2307: Cannot find module '@/effects/reanimated/transitions' or its corresponding type declarations.
apps/web/src/components/enhanced/navigation/PremiumToast.tsx(7,1): error TS6133: 'haptics' is declared but its value is never read.
apps/web/src/components/enhanced/navigation/PremiumToast.tsx(7,25): error TS2307: Cannot find module '@/lib/haptics' or its corresponding type declarations.
apps/web/src/components/enhanced/navigation/PremiumToast.tsx(8,20): error TS2307: Cannot find module '@/lib/utils' or its corresponding type declarations.
apps/web/src/components/enhanced/navigation/PremiumToast.tsx(9,26): error TS2305: Module '"lucide-react"' has no exported member 'Warning'.
apps/web/src/components/enhanced/navigation/PremiumToast.tsx(10,24): error TS2307: Cannot find module '@/components/ui/button' or its corresponding type declarations.
apps/web/src/components/enhanced/navigation/PremiumToast.tsx(11,36): error TS2307: Cannot find module '@/effects/reanimated/animated-view' or its corresponding type declarations.
apps/web/src/components/enhanced/navigation/Stepper.tsx(4,56): error TS6133: 'withTiming' is declared but its value is never read.
apps/web/src/components/enhanced/navigation/Stepper.tsx(5,30): error TS2307: Cannot find module '@/effects/reanimated/animated-view' or its corresponding type declarations.
apps/web/src/components/enhanced/navigation/Stepper.tsx(6,31): error TS2307: Cannot find module '@/effects/reanimated/transitions' or its corresponding type declarations.
apps/web/src/components/enhanced/navigation/Stepper.tsx(7,25): error TS2307: Cannot find module '@/lib/haptics' or its corresponding type declarations.
apps/web/src/components/enhanced/navigation/Stepper.tsx(8,20): error TS2307: Cannot find module '@/lib/utils' or its corresponding type declarations.
apps/web/src/components/enhanced/navigation/Stepper.tsx(9,17): error TS6133: 'Circle' is declared but its value is never read.
apps/web/src/components/enhanced/navigation/Stepper.tsx(10,36): error TS2307: Cannot find module '@/effects/reanimated/animated-view' or its corresponding type declarations.
apps/web/src/components/enhanced/overlays/PremiumDrawer.tsx(5,30): error TS2307: Cannot find module '@/effects/reanimated/animated-view' or its corresponding type declarations.
apps/web/src/components/enhanced/overlays/PremiumDrawer.tsx(6,31): error TS2307: Cannot find module '@/effects/reanimated/transitions' or its corresponding type declarations.
apps/web/src/components/enhanced/overlays/PremiumDrawer.tsx(7,25): error TS2307: Cannot find module '@/lib/haptics' or its corresponding type declarations.
apps/web/src/components/enhanced/overlays/PremiumDrawer.tsx(8,20): error TS2307: Cannot find module '@/lib/utils' or its corresponding type declarations.
apps/web/src/components/enhanced/overlays/PremiumDrawer.tsx(16,8): error TS2307: Cannot find module '@/components/ui/sheet' or its corresponding type declarations.
apps/web/src/components/enhanced/overlays/PremiumDrawer.tsx(18,36): error TS2307: Cannot find module '@/effects/reanimated/animated-view' or its corresponding type declarations.
apps/web/src/components/enhanced/overlays/PremiumModal.tsx(5,30): error TS2307: Cannot find module '@/effects/reanimated/animated-view' or its corresponding type declarations.
apps/web/src/components/enhanced/overlays/PremiumModal.tsx(6,31): error TS2307: Cannot find module '@/effects/reanimated/transitions' or its corresponding type declarations.
apps/web/src/components/enhanced/overlays/PremiumModal.tsx(7,25): error TS2307: Cannot find module '@/lib/haptics' or its corresponding type declarations.
apps/web/src/components/enhanced/overlays/PremiumModal.tsx(8,20): error TS2307: Cannot find module '@/lib/utils' or its corresponding type declarations.
apps/web/src/components/enhanced/overlays/PremiumModal.tsx(17,8): error TS2307: Cannot find module '@/components/ui/dialog' or its corresponding type declarations.
apps/web/src/components/enhanced/overlays/PremiumModal.tsx(19,36): error TS2307: Cannot find module '@/effects/reanimated/animated-view' or its corresponding type declarations.
apps/web/src/components/enhanced/states/PremiumEmptyState.tsx(5,30): error TS2307: Cannot find module '@/effects/reanimated/animated-view' or its corresponding type declarations.
apps/web/src/components/enhanced/states/PremiumEmptyState.tsx(6,31): error TS2307: Cannot find module '@/effects/reanimated/transitions' or its corresponding type declarations.
apps/web/src/components/enhanced/states/PremiumEmptyState.tsx(7,25): error TS2307: Cannot find module '@/lib/haptics' or its corresponding type declarations.
apps/web/src/components/enhanced/states/PremiumEmptyState.tsx(8,20): error TS2307: Cannot find module '@/lib/utils' or its corresponding type declarations.
apps/web/src/components/enhanced/states/PremiumEmptyState.tsx(10,36): error TS2307: Cannot find module '@/effects/reanimated/animated-view' or its corresponding type declarations.
apps/web/src/components/enhanced/states/PremiumErrorState.tsx(5,30): error TS2307: Cannot find module '@/effects/reanimated/animated-view' or its corresponding type declarations.
apps/web/src/components/enhanced/states/PremiumErrorState.tsx(6,31): error TS2307: Cannot find module '@/effects/reanimated/transitions' or its corresponding type declarations.
apps/web/src/components/enhanced/states/PremiumErrorState.tsx(7,25): error TS2307: Cannot find module '@/lib/haptics' or its corresponding type declarations.
apps/web/src/components/enhanced/states/PremiumErrorState.tsx(8,20): error TS2307: Cannot find module '@/lib/utils' or its corresponding type declarations.
apps/web/src/components/enhanced/states/PremiumErrorState.tsx(11,36): error TS2307: Cannot find module '@/effects/reanimated/animated-view' or its corresponding type declarations.
apps/web/src/components/error/ErrorBoundary.tsx(1,24): error TS2307: Cannot find module '@/components/ui/button' or its corresponding type declarations.
apps/web/src/components/error/ErrorBoundary.tsx(2,30): error TS2307: Cannot find module '@/lib/logger' or its corresponding type declarations.
apps/web/src/components/examples/StrictAPIExample.tsx(9,24): error TS2307: Cannot find module '@/components/ui/button' or its corresponding type declarations.
apps/web/src/components/examples/StrictAPIExample.tsx(10,23): error TS2307: Cannot find module '@/components/ui/input' or its corresponding type declarations.
apps/web/src/components/examples/StrictAPIExample.tsx(11,23): error TS2307: Cannot find module '@/components/ui/label' or its corresponding type declarations.
apps/web/src/components/examples/StrictAPIExample.tsx(12,48): error TS2307: Cannot find module '@/api/types' or its corresponding type declarations.
apps/web/src/components/examples/StrictAPIExample.tsx(13,35): error TS2307: Cannot find module '@/api/adoption-api-strict' or its corresponding type declarations.
apps/web/src/components/examples/StrictAPIExample.tsx(14,35): error TS2307: Cannot find module '@/api/matching-api-strict' or its corresponding type declarations.
apps/web/src/components/examples/StrictAPIExample.tsx(63,60): error TS7006: Parameter 'e' implicitly has an 'any' type.
apps/web/src/components/examples/StrictAPIExample.tsx(67,56): error TS7006: Parameter 'e' implicitly has an 'any' type.
apps/web/src/components/examples/StrictAPIExample.tsx(105,22): error TS7006: Parameter 'e' implicitly has an 'any' type.
apps/web/src/components/health/PetHealthDashboard.tsx(5,30): error TS2307: Cannot find module '@/effects/reanimated/animated-view' or its corresponding type declarations.
apps/web/src/components/health/PetHealthDashboard.tsx(6,35): error TS2307: Cannot find module '@/effects/reanimated/use-modal-animation' or its corresponding type declarations.
apps/web/src/components/health/PetHealthDashboard.tsx(7,34): error TS2307: Cannot find module '@/effects/reanimated/use-staggered-item' or its corresponding type declarations.
apps/web/src/components/health/PetHealthDashboard.tsx(8,32): error TS2307: Cannot find module '@/effects/reanimated/use-bounce-on-tap' or its corresponding type declarations.
apps/web/src/components/health/PetHealthDashboard.tsx(9,10): error TS6133: 'springConfigs' is declared but its value is never read.
apps/web/src/components/health/PetHealthDashboard.tsx(9,46): error TS2307: Cannot find module '@/effects/reanimated/transitions' or its corresponding type declarations.
apps/web/src/components/health/PetHealthDashboard.tsx(10,36): error TS2307: Cannot find module '@/effects/reanimated/animated-view' or its corresponding type declarations.
apps/web/src/components/health/PetHealthDashboard.tsx(11,28): error TS2307: Cannot find module '@/hooks/use-storage' or its corresponding type declarations.
apps/web/src/components/health/PetHealthDashboard.tsx(12,30): error TS2307: Cannot find module '@/lib/logger' or its corresponding type declarations.
apps/web/src/components/health/PetHealthDashboard.tsx(13,23): error TS2307: Cannot find module '@/components/ui/badge' or its corresponding type declarations.
apps/web/src/components/health/PetHealthDashboard.tsx(14,24): error TS2307: Cannot find module '@/components/ui/button' or its corresponding type declarations.
apps/web/src/components/health/PetHealthDashboard.tsx(15,75): error TS2307: Cannot find module '@/components/ui/card' or its corresponding type declarations.
apps/web/src/components/health/PetHealthDashboard.tsx(16,28): error TS2307: Cannot find module '@/components/ui/scroll-area' or its corresponding type declarations.
apps/web/src/components/health/PetHealthDashboard.tsx(17,58): error TS2307: Cannot find module '@/components/ui/tabs' or its corresponding type declarations.
apps/web/src/components/health/PetHealthDashboard.tsx(23,8): error TS2307: Cannot find module '@/lib/health-types' or its corresponding type declarations.
apps/web/src/components/health/PetHealthDashboard.tsx(24,26): error TS2307: Cannot find module '@/lib/types' or its corresponding type declarations.
apps/web/src/components/health/PetHealthDashboard.tsx(217,65): error TS7006: Parameter 'v' implicitly has an 'any' type.
apps/web/src/components/health/PetHealthDashboard.tsx(227,57): error TS7006: Parameter 'r' implicitly has an 'any' type.
apps/web/src/components/health/PetHealthDashboard.tsx(229,16): error TS7006: Parameter 'a' implicitly has an 'any' type.
apps/web/src/components/health/PetHealthDashboard.tsx(229,19): error TS7006: Parameter 'b' implicitly has an 'any' type.
apps/web/src/components/health/PetHealthDashboard.tsx(232,54): error TS7006: Parameter 'r' implicitly has an 'any' type.
apps/web/src/components/health/PetHealthDashboard.tsx(236,64): error TS7006: Parameter 'v' implicitly has an 'any' type.
apps/web/src/components/health/PetHealthDashboard.tsx(239,64): error TS7006: Parameter 'v' implicitly has an 'any' type.
apps/web/src/components/health/PetHealthDashboard.tsx(276,87): error TS2366: Function lacks ending return statement and return type does not include 'undefined'.
apps/web/src/components/health/PetHealthDashboard.tsx(288,54): error TS2366: Function lacks ending return statement and return type does not include 'undefined'.
apps/web/src/components/health/PetHealthDashboard.tsx(301,86): error TS2366: Function lacks ending return statement and return type does not include 'undefined'.
apps/web/src/components/health/PetHealthDashboard.tsx(324,24): error TS7006: Parameter 'current' implicitly has an 'any' type.
apps/web/src/components/health/PetHealthDashboard.tsx(348,25): error TS7006: Parameter 'current' implicitly has an 'any' type.
apps/web/src/components/health/PetHealthDashboard.tsx(372,21): error TS7006: Parameter 'current' implicitly has an 'any' type.
apps/web/src/components/health/PetHealthDashboard.tsx(385,23): error TS7006: Parameter 'current' implicitly has an 'any' type.
apps/web/src/components/health/PetHealthDashboard.tsx(387,14): error TS7006: Parameter 'r' implicitly has an 'any' type.
apps/web/src/components/health/PetHealthDashboard.tsx(406,8): error TS7006: Parameter 'a' implicitly has an 'any' type.
apps/web/src/components/health/PetHealthDashboard.tsx(406,11): error TS7006: Parameter 'b' implicitly has an 'any' type.
apps/web/src/components/health/PetHealthDashboard.tsx(412,8): error TS7006: Parameter 'a' implicitly has an 'any' type.
apps/web/src/components/health/PetHealthDashboard.tsx(412,11): error TS7006: Parameter 'b' implicitly has an 'any' type.
apps/web/src/components/health/PetHealthDashboard.tsx(418,8): error TS7006: Parameter 'a' implicitly has an 'any' type.
apps/web/src/components/health/PetHealthDashboard.tsx(418,11): error TS7006: Parameter 'b' implicitly has an 'any' type.
apps/web/src/components/health/__tests__/PetHealthDashboard.test.tsx(1,26): error TS2307: Cannot find module '@/lib/types' or its corresponding type declarations.
apps/web/src/components/health/__tests__/PetHealthDashboard.test.tsx(4,3): error TS6196: 'PetHealthSummary' is declared but never used.
apps/web/src/components/health/__tests__/PetHealthDashboard.test.tsx(7,8): error TS2307: Cannot find module '@/lib/health-types' or its corresponding type declarations.
apps/web/src/components/health/__tests__/PetHealthDashboard.test.tsx(12,18): error TS6133: 'differenceInDays' is declared but its value is never read.
apps/web/src/components/health/__tests__/PetHealthDashboard.test.tsx(12,36): error TS6133: 'isPast' is declared but its value is never read.
apps/web/src/components/health/__tests__/PetHealthDashboard.test.tsx(59,7): error TS2322: Type 'Mock<(newValue: T | ((prev: T) => T)) => void>' is not assignable to type '(value: unknown) => void'.
  Types of parameters 'newValue' and 'value' are incompatible.
    Type 'unknown' is not assignable to type 'T | ((prev: T) => T)'.
apps/web/src/components/loading/Skeleton.tsx(1,20): error TS2307: Cannot find module '@/lib/utils' or its corresponding type declarations.
apps/web/src/components/lost-found/CreateLostAlertDialog.tsx(5,30): error TS2307: Cannot find module '@/effects/reanimated/animated-view' or its corresponding type declarations.
apps/web/src/components/lost-found/CreateLostAlertDialog.tsx(6,34): error TS2307: Cannot find module '@/effects/reanimated/use-staggered-item' or its corresponding type declarations.
apps/web/src/components/lost-found/CreateLostAlertDialog.tsx(7,32): error TS2307: Cannot find module '@/effects/reanimated/use-bounce-on-tap' or its corresponding type declarations.
apps/web/src/components/lost-found/CreateLostAlertDialog.tsx(8,31): error TS2307: Cannot find module '@/effects/reanimated/transitions' or its corresponding type declarations.
apps/web/src/components/lost-found/CreateLostAlertDialog.tsx(9,30): error TS2307: Cannot find module '@/api/lost-found-api' or its corresponding type declarations.
apps/web/src/components/lost-found/CreateLostAlertDialog.tsx(10,23): error TS2307: Cannot find module '@/components/ui/badge' or its corresponding type declarations.
apps/web/src/components/lost-found/CreateLostAlertDialog.tsx(11,24): error TS2307: Cannot find module '@/components/ui/button' or its corresponding type declarations.
apps/web/src/components/lost-found/CreateLostAlertDialog.tsx(18,8): error TS2307: Cannot find module '@/components/ui/dialog' or its corresponding type declarations.
apps/web/src/components/lost-found/CreateLostAlertDialog.tsx(19,23): error TS2307: Cannot find module '@/components/ui/input' or its corresponding type declarations.
apps/web/src/components/lost-found/CreateLostAlertDialog.tsx(20,23): error TS2307: Cannot find module '@/components/ui/label' or its corresponding type declarations.
apps/web/src/components/lost-found/CreateLostAlertDialog.tsx(27,8): error TS2307: Cannot find module '@/components/ui/select' or its corresponding type declarations.
apps/web/src/components/lost-found/CreateLostAlertDialog.tsx(28,26): error TS2307: Cannot find module '@/components/ui/textarea' or its corresponding type declarations.
apps/web/src/components/lost-found/CreateLostAlertDialog.tsx(29,30): error TS2307: Cannot find module '@/lib/logger' or its corresponding type declarations.
apps/web/src/components/lost-found/CreateLostAlertDialog.tsx(30,51): error TS2307: Cannot find module '@/lib/lost-found-types' or its corresponding type declarations.
apps/web/src/components/lost-found/CreateLostAlertDialog.tsx(168,44): error TS2307: Cannot find module '@/lib/user-service' or its corresponding type declarations.
apps/web/src/components/lost-found/CreateLostAlertDialog.tsx(268,32): error TS7006: Parameter 'e' implicitly has an 'any' type.
apps/web/src/components/lost-found/CreateLostAlertDialog.tsx(276,37): error TS7006: Parameter 'v' implicitly has an 'any' type.
apps/web/src/components/lost-found/CreateLostAlertDialog.tsx(296,32): error TS7006: Parameter 'e' implicitly has an 'any' type.
apps/web/src/components/lost-found/CreateLostAlertDialog.tsx(305,32): error TS7006: Parameter 'e' implicitly has an 'any' type.
apps/web/src/components/lost-found/CreateLostAlertDialog.tsx(313,54): error TS7006: Parameter 'v' implicitly has an 'any' type.
apps/web/src/components/lost-found/CreateLostAlertDialog.tsx(332,32): error TS7006: Parameter 'e' implicitly has an 'any' type.
apps/web/src/components/lost-found/CreateLostAlertDialog.tsx(333,34): error TS7006: Parameter 'e' implicitly has an 'any' type.
apps/web/src/components/lost-found/CreateLostAlertDialog.tsx(370,30): error TS7006: Parameter 'e' implicitly has an 'any' type.
apps/web/src/components/lost-found/CreateLostAlertDialog.tsx(386,32): error TS7006: Parameter 'e' implicitly has an 'any' type.
apps/web/src/components/lost-found/CreateLostAlertDialog.tsx(396,32): error TS7006: Parameter 'e' implicitly has an 'any' type.
apps/web/src/components/lost-found/CreateLostAlertDialog.tsx(426,35): error TS7006: Parameter 'v' implicitly has an 'any' type.
apps/web/src/components/lost-found/CreateLostAlertDialog.tsx(446,30): error TS7006: Parameter 'e' implicitly has an 'any' type.
apps/web/src/components/lost-found/CreateLostAlertDialog.tsx(457,30): error TS7006: Parameter 'e' implicitly has an 'any' type.
apps/web/src/components/lost-found/CreateLostAlertDialog.tsx(471,30): error TS7006: Parameter 'e' implicitly has an 'any' type.
apps/web/src/components/lost-found/CreateLostAlertDialog.tsx(490,32): error TS7006: Parameter 'e' implicitly has an 'any' type.
apps/web/src/components/lost-found/LostAlertCard.tsx(2,22): error TS2307: Cannot find module '@/components/ui/card' or its corresponding type declarations.
apps/web/src/components/lost-found/LostAlertCard.tsx(3,23): error TS2307: Cannot find module '@/components/ui/badge' or its corresponding type declarations.
apps/web/src/components/lost-found/LostAlertCard.tsx(4,24): error TS2307: Cannot find module '@/components/ui/button' or its corresponding type declarations.
apps/web/src/components/lost-found/LostAlertCard.tsx(6,32): error TS2307: Cannot find module '@/lib/lost-found-types' or its corresponding type declarations.
apps/web/src/components/lost-found/LostAlertCard.tsx(63,27): error TS7006: Parameter 'e' implicitly has an 'any' type.
apps/web/src/components/lost-found/LostAlertCard.tsx(143,72): error TS7006: Parameter 'feature' implicitly has an 'any' type.
apps/web/src/components/lost-found/LostAlertCard.tsx(143,81): error TS7006: Parameter 'index' implicitly has an 'any' type.
apps/web/src/components/lost-found/LostAlertCard.tsx(160,25): error TS7006: Parameter 'e' implicitly has an 'any' type.
apps/web/src/components/lost-found/LostAlertCard.tsx(171,27): error TS7006: Parameter 'e' implicitly has an 'any' type.
apps/web/src/components/lost-found/MapLocationPicker.tsx(11,30): error TS2307: Cannot find module '@/effects/reanimated/animated-view' or its corresponding type declarations.
apps/web/src/components/lost-found/MapLocationPicker.tsx(12,35): error TS2307: Cannot find module '@/effects/reanimated/use-modal-animation' or its corresponding type declarations.
apps/web/src/components/lost-found/MapLocationPicker.tsx(13,32): error TS2307: Cannot find module '@/effects/reanimated/use-bounce-on-tap' or its corresponding type declarations.
apps/web/src/components/lost-found/MapLocationPicker.tsx(14,31): error TS2307: Cannot find module '@/effects/reanimated/transitions' or its corresponding type declarations.
apps/web/src/components/lost-found/MapLocationPicker.tsx(15,36): error TS2307: Cannot find module '@/effects/reanimated/animated-view' or its corresponding type declarations.
apps/web/src/components/lost-found/MapLocationPicker.tsx(16,24): error TS2307: Cannot find module '@/components/ui/button' or its corresponding type declarations.
apps/web/src/components/lost-found/MapLocationPicker.tsx(17,22): error TS2307: Cannot find module '@/components/ui/card' or its corresponding type declarations.
apps/web/src/components/lost-found/MapLocationPicker.tsx(19,30): error TS2307: Cannot find module '@/lib/logger' or its corresponding type declarations.
apps/web/src/components/lost-found/ReportSightingDialog.tsx(8,8): error TS2307: Cannot find module '@/components/ui/dialog' or its corresponding type declarations.
apps/web/src/components/lost-found/ReportSightingDialog.tsx(9,24): error TS2307: Cannot find module '@/components/ui/button' or its corresponding type declarations.
apps/web/src/components/lost-found/ReportSightingDialog.tsx(10,23): error TS2307: Cannot find module '@/components/ui/input' or its corresponding type declarations.
apps/web/src/components/lost-found/ReportSightingDialog.tsx(11,23): error TS2307: Cannot find module '@/components/ui/label' or its corresponding type declarations.
apps/web/src/components/lost-found/ReportSightingDialog.tsx(12,26): error TS2307: Cannot find module '@/components/ui/textarea' or its corresponding type declarations.
apps/web/src/components/lost-found/ReportSightingDialog.tsx(15,30): error TS2307: Cannot find module '@/api/lost-found-api' or its corresponding type declarations.
apps/web/src/components/lost-found/ReportSightingDialog.tsx(17,32): error TS2307: Cannot find module '@/lib/lost-found-types' or its corresponding type declarations.
apps/web/src/components/lost-found/ReportSightingDialog.tsx(18,30): error TS2307: Cannot find module '@/lib/logger' or its corresponding type declarations.
apps/web/src/components/lost-found/ReportSightingDialog.tsx(160,32): error TS7006: Parameter 'e' implicitly has an 'any' type.
apps/web/src/components/lost-found/ReportSightingDialog.tsx(173,32): error TS7006: Parameter 'e' implicitly has an 'any' type.
apps/web/src/components/lost-found/ReportSightingDialog.tsx(217,30): error TS7006: Parameter 'e' implicitly has an 'any' type.
apps/web/src/components/lost-found/ReportSightingDialog.tsx(228,30): error TS7006: Parameter 'e' implicitly has an 'any' type.
apps/web/src/components/lost-found/__tests__/CreateLostAlertDialog.test.tsx(262,45): error TS2307: Cannot find module '@/api/lost-found-api' or its corresponding type declarations.
apps/web/src/components/lost-found/__tests__/CreateLostAlertDialog.test.tsx(263,44): error TS2307: Cannot find module '@/lib/user-service' or its corresponding type declarations.
apps/web/src/components/lost-found/__tests__/CreateLostAlertDialog.test.tsx(294,45): error TS2307: Cannot find module '@/api/lost-found-api' or its corresponding type declarations.
apps/web/src/components/lost-found/__tests__/CreateLostAlertDialog.test.tsx(295,44): error TS2307: Cannot find module '@/lib/user-service' or its corresponding type declarations.
apps/web/src/components/lost-found/__tests__/CreateLostAlertDialog.test.tsx(322,44): error TS2307: Cannot find module '@/lib/user-service' or its corresponding type declarations.
apps/web/src/components/maps/InteractiveMap.test.tsx(4,31): error TS2307: Cannot find module '@/lib/maps/types' or its corresponding type declarations.
apps/web/src/components/maps/InteractiveMap.tsx(1,31): error TS2307: Cannot find module '@/lib/maps/types' or its corresponding type declarations.
apps/web/src/components/maps/InteractiveMap.tsx(2,15): error TS7016: Could not find a declaration file for module 'leaflet'. '/home/ben/Public/PETSPARK/node_modules/.pnpm/leaflet@1.9.4/node_modules/leaflet/dist/leaflet-src.js' implicitly has an 'any' type.
  Try `npm i --save-dev @types/leaflet` if it exists or add a new declaration (.d.ts) file containing `declare module 'leaflet';`
apps/web/src/components/maps/InteractiveMap.tsx(5,78): error TS2307: Cannot find module 'react-leaflet' or its corresponding type declarations.
apps/web/src/components/maps/InteractiveMap.tsx(51,13): error TS7006: Parameter 'e' implicitly has an 'any' type.
apps/web/src/components/maps/LocationSharing.test.tsx(4,31): error TS2307: Cannot find module '@/lib/maps/types' or its corresponding type declarations.
apps/web/src/components/maps/LocationSharing.tsx(2,1): error TS6133: 'motion' is declared but its value is never read.
apps/web/src/components/maps/LocationSharing.tsx(4,24): error TS2307: Cannot find module '@/components/ui/button' or its corresponding type declarations.
apps/web/src/components/maps/LocationSharing.tsx(5,23): error TS2307: Cannot find module '@/components/ui/badge' or its corresponding type declarations.
apps/web/src/components/maps/LocationSharing.tsx(6,62): error TS2307: Cannot find module '@/components/ui/sheet' or its corresponding type declarations.
apps/web/src/components/maps/LocationSharing.tsx(7,24): error TS2307: Cannot find module '@/contexts/AppContext' or its corresponding type declarations.
apps/web/src/components/maps/LocationSharing.tsx(8,25): error TS2307: Cannot find module '@/lib/haptics' or its corresponding type declarations.
apps/web/src/components/maps/LocationSharing.tsx(9,31): error TS2307: Cannot find module '@/lib/maps/types' or its corresponding type declarations.
apps/web/src/components/maps/LocationSharing.tsx(10,48): error TS2307: Cannot find module '@/lib/maps/utils' or its corresponding type declarations.
apps/web/src/components/maps/LocationSharing.tsx(11,25): error TS2307: Cannot find module '@/components/maps/MapLibreMap' or its corresponding type declarations.
apps/web/src/components/maps/LocationSharing.tsx(12,28): error TS2307: Cannot find module '@/lib/maps/deep-links' or its corresponding type declarations.
apps/web/src/components/maps/LocationSharing.tsx(13,30): error TS2307: Cannot find module '@/lib/maps/useMapConfig' or its corresponding type declarations.
apps/web/src/components/maps/LocationSharing.tsx(15,20): error TS2307: Cannot find module '@/lib/utils' or its corresponding type declarations.
apps/web/src/components/maps/LocationSharing.tsx(52,8): error TS2304: Cannot find name 'MotionView'.
apps/web/src/components/maps/LocationSharing.tsx(81,9): error TS2304: Cannot find name 'MotionView'.
apps/web/src/components/maps/LocationSharing.tsx(150,14): error TS7006: Parameter 'location' implicitly has an 'any' type.
apps/web/src/components/maps/LostFoundMap.tsx(2,1): error TS6133: 'motion' is declared but its value is never read.
apps/web/src/components/maps/LostFoundMap.tsx(4,24): error TS2307: Cannot find module '@/components/ui/button' or its corresponding type declarations.
apps/web/src/components/maps/LostFoundMap.tsx(5,23): error TS2307: Cannot find module '@/components/ui/badge' or its corresponding type declarations.
apps/web/src/components/maps/LostFoundMap.tsx(6,24): error TS2307: Cannot find module '@/contexts/AppContext' or its corresponding type declarations.
apps/web/src/components/maps/LostFoundMap.tsx(7,25): error TS2307: Cannot find module '@/lib/haptics' or its corresponding type declarations.
apps/web/src/components/maps/LostFoundMap.tsx(8,45): error TS2307: Cannot find module '@/lib/maps/types' or its corresponding type declarations.
apps/web/src/components/maps/LostFoundMap.tsx(14,8): error TS2307: Cannot find module '@/lib/maps/utils' or its corresponding type declarations.
apps/web/src/components/maps/LostFoundMap.tsx(15,25): error TS2307: Cannot find module '@/components/maps/MapLibreMap' or its corresponding type declarations.
apps/web/src/components/maps/LostFoundMap.tsx(16,32): error TS2307: Cannot find module '@/lib/maps/useMapLibreMap' or its corresponding type declarations.
apps/web/src/components/maps/LostFoundMap.tsx(17,30): error TS2307: Cannot find module '@/lib/maps/useMapConfig' or its corresponding type declarations.
apps/web/src/components/maps/LostFoundMap.tsx(40,14): error TS7006: Parameter 'location' implicitly has an 'any' type.
apps/web/src/components/maps/LostFoundMap.tsx(165,10): error TS2304: Cannot find name 'MotionView'.
apps/web/src/components/maps/LostFoundMap.tsx(206,11): error TS2304: Cannot find name 'MotionView'.
apps/web/src/components/maps/MapLibreMap.tsx(2,48): error TS2307: Cannot find module '@/lib/maps/useMapLibreMap' or its corresponding type declarations.
apps/web/src/components/maps/MapLibreMap.tsx(3,31): error TS2307: Cannot find module '@/lib/maps/types' or its corresponding type declarations.
apps/web/src/components/maps/MapLibreMap.tsx(4,24): error TS2307: Cannot find module '@/contexts/AppContext' or its corresponding type declarations.
apps/web/src/components/maps/VenuePicker.tsx(2,1): error TS6133: 'motion' is declared but its value is never read.
apps/web/src/components/maps/VenuePicker.tsx(4,24): error TS2307: Cannot find module '@/components/ui/button' or its corresponding type declarations.
apps/web/src/components/maps/VenuePicker.tsx(5,23): error TS2307: Cannot find module '@/components/ui/input' or its corresponding type declarations.
apps/web/src/components/maps/VenuePicker.tsx(6,23): error TS2307: Cannot find module '@/components/ui/badge' or its corresponding type declarations.
apps/web/src/components/maps/VenuePicker.tsx(7,62): error TS2307: Cannot find module '@/components/ui/sheet' or its corresponding type declarations.
apps/web/src/components/maps/VenuePicker.tsx(8,24): error TS2307: Cannot find module '@/contexts/AppContext' or its corresponding type declarations.
apps/web/src/components/maps/VenuePicker.tsx(9,25): error TS2307: Cannot find module '@/lib/haptics' or its corresponding type declarations.
apps/web/src/components/maps/VenuePicker.tsx(10,38): error TS2307: Cannot find module '@/lib/maps/types' or its corresponding type declarations.
apps/web/src/components/maps/VenuePicker.tsx(16,8): error TS2307: Cannot find module '@/lib/maps/utils' or its corresponding type declarations.
apps/web/src/components/maps/VenuePicker.tsx(17,25): error TS2307: Cannot find module '@/components/maps/MapLibreMap' or its corresponding type declarations.
apps/web/src/components/maps/VenuePicker.tsx(18,32): error TS2307: Cannot find module '@/lib/maps/useMapLibreMap' or its corresponding type declarations.
apps/web/src/components/maps/VenuePicker.tsx(19,32): error TS2307: Cannot find module '@/lib/maps/geocoding' or its corresponding type declarations.
apps/web/src/components/maps/VenuePicker.tsx(20,30): error TS2307: Cannot find module '@/lib/maps/useMapConfig' or its corresponding type declarations.
apps/web/src/components/maps/VenuePicker.tsx(55,16): error TS7006: Parameter 'location' implicitly has an 'any' type.
apps/web/src/components/maps/VenuePicker.tsx(78,44): error TS7006: Parameter 'result' implicitly has an 'any' type.
apps/web/src/components/maps/VenuePicker.tsx(138,39): error TS7006: Parameter 'isOpen' implicitly has an 'any' type.
apps/web/src/components/maps/VenuePicker.tsx(152,28): error TS7006: Parameter 'e' implicitly has an 'any' type.
apps/web/src/components/maps/VenuePicker.tsx(153,29): error TS7006: Parameter 'e' implicitly has an 'any' type.
apps/web/src/components/maps/VenuePicker.tsx(196,14): error TS2304: Cannot find name 'MotionView'.
apps/web/src/components/maps/VenuePicker.tsx(238,15): error TS2304: Cannot find name 'MotionView'.
apps/web/src/components/media-editor/MediaEditor.tsx(3,27): error TS2307: Cannot find module '@/core/services/media/edit-media' or its corresponding type declarations.
apps/web/src/components/media-editor/MediaEditor.tsx(4,61): error TS2307: Cannot find module '@/core/types/media-types' or its corresponding type declarations.
apps/web/src/components/media-editor/MediaEditor.tsx(5,30): error TS2307: Cannot find module '@/effects/reanimated/animated-view' or its corresponding type declarations.
apps/web/src/components/media-editor/MediaEditor.tsx(6,30): error TS2307: Cannot find module '@/lib/logger' or its corresponding type declarations.
apps/web/src/components/media-editor/MediaEditor.tsx(33,23): error TS2339: Property 'changeX' does not exist on type 'GestureUpdateEvent'.
apps/web/src/components/media-editor/MediaEditor.tsx(34,23): error TS2339: Property 'changeY' does not exist on type 'GestureUpdateEvent'.
apps/web/src/components/media-editor/MediaEditor.tsx(37,26): error TS2339: Property 'scaleChange' does not exist on type 'GestureUpdateEvent'.
apps/web/src/components/media-editor/__tests__/use-upload-picker.test.ts(1,33): error TS2307: Cannot find module '@/core/services/media/picker' or its corresponding type declarations.
apps/web/src/components/media-editor/drop-zone-web.tsx(3,30): error TS2307: Cannot find module '@/effects/reanimated/animated-view' or its corresponding type declarations.
apps/web/src/components/media-editor/upload-and-edit-screen.tsx(3,27): error TS2307: Cannot find module '@/core/services/media/edit-media' or its corresponding type declarations.
apps/web/src/components/media-editor/upload-and-edit-screen.tsx(4,33): error TS2307: Cannot find module '@/core/services/media/picker' or its corresponding type declarations.
apps/web/src/components/media-editor/upload-and-edit-screen.tsx(5,65): error TS2307: Cannot find module '@/core/types/media-types' or its corresponding type declarations.
apps/web/src/components/media-editor/upload-and-edit-screen.tsx(6,30): error TS2307: Cannot find module '@/effects/reanimated/animated-view' or its corresponding type declarations.
apps/web/src/components/media-editor/upload-and-edit-screen.tsx(7,30): error TS2307: Cannot find module '@/lib/logger' or its corresponding type declarations.
apps/web/src/components/media-editor/video-trimmer.tsx(3,36): error TS2307: Cannot find module '@/core/services/media/video/thumbnails' or its corresponding type declarations.
apps/web/src/components/media-editor/video-trimmer.tsx(29,38): error TS7006: Parameter 'thumbnails' implicitly has an 'any' type.
apps/web/src/components/media-editor/video-trimmer.tsx(66,61): error TS2339: Property 'changeX' does not exist on type 'GestureUpdateEvent'.
apps/web/src/components/media-editor/video-trimmer.tsx(75,63): error TS2339: Property 'changeX' does not exist on type 'GestureUpdateEvent'.
apps/web/src/components/media-editor/video-trimmer.tsx(112,24): error TS2322: Type '({ left: number; width: number; } | { position: string; top: number; bottom: number; backgroundColor: string; pointerEvents: string; })[]' is not assignable to type 'Record<string, unknown>'.
  Index signature for type 'string' is missing in type '({ left: number; width: number; } | { position: string; top: number; bottom: number; backgroundColor: string; pointerEvents: string; })[]'.
apps/web/src/components/media-editor/video-trimmer.tsx(115,26): error TS2322: Type '({ transform: { translateX: number; }[]; } | { position: string; top: number; width: number; height: string; backgroundColor: string; borderRightWidth: number; borderLeftWidth: number; borderColor: string; zIndex: number; })[]' is not assignable to type 'Record<string, unknown>'.
  Index signature for type 'string' is missing in type '({ transform: { translateX: number; }[]; } | { position: string; top: number; width: number; height: string; backgroundColor: string; borderRightWidth: number; borderLeftWidth: number; borderColor: string; zIndex: number; })[]'.
apps/web/src/components/media-editor/video-trimmer.tsx(118,26): error TS2322: Type '({ transform: { translateX: number; }[]; } | { position: string; top: number; width: number; height: string; backgroundColor: string; borderRightWidth: number; borderLeftWidth: number; borderColor: string; zIndex: number; })[]' is not assignable to type 'Record<string, unknown>'.
  Index signature for type 'string' is missing in type '({ transform: { translateX: number; }[]; } | { position: string; top: number; width: number; height: string; backgroundColor: string; borderRightWidth: number; borderLeftWidth: number; borderColor: string; zIndex: number; })[]'.
apps/web/src/components/media/SmartImage.tsx(5,30): error TS2307: Cannot find module '@/effects/reanimated/animated-view' or its corresponding type declarations.
apps/web/src/components/media/SmartImage.tsx(6,31): error TS2307: Cannot find module '@/effects/reanimated/transitions' or its corresponding type declarations.
apps/web/src/components/media/SmartImage.tsx(7,41): error TS2307: Cannot find module '@/utils/reduced-motion' or its corresponding type declarations.
apps/web/src/components/media/SmartImage.tsx(8,33): error TS2307: Cannot find module '@/config/feature-flags' or its corresponding type declarations.
apps/web/src/components/media/SmartImage.tsx(9,36): error TS2307: Cannot find module '@/effects/reanimated/animated-view' or its corresponding type declarations.
apps/web/src/components/media/SmartImage.tsx(10,20): error TS2307: Cannot find module '@/lib/utils' or its corresponding type declarations.
apps/web/src/components/navigation/BottomNavBar.tsx(12,30): error TS2307: Cannot find module '@/effects/reanimated/animated-view' or its corresponding type declarations.
apps/web/src/components/navigation/BottomNavBar.tsx(13,39): error TS2307: Cannot find module '@/hooks/use-nav-button-animation' or its corresponding type declarations.
apps/web/src/components/navigation/BottomNavBar.tsx(14,32): error TS2307: Cannot find module '@/effects/reanimated' or its corresponding type declarations.
apps/web/src/components/navigation/BottomNavBar.tsx(15,46): error TS2307: Cannot find module '@/effects/reanimated/transitions' or its corresponding type declarations.
apps/web/src/components/navigation/BottomNavBar.tsx(16,25): error TS2307: Cannot find module '@/lib/haptics' or its corresponding type declarations.
apps/web/src/components/navigation/BottomNavBar.tsx(17,20): error TS2307: Cannot find module '@/lib/utils' or its corresponding type declarations.
apps/web/src/components/navigation/BottomNavBar.tsx(18,36): error TS2307: Cannot find module '@/effects/reanimated/animated-view' or its corresponding type declarations.
apps/web/src/components/navigation/NavButton.tsx(4,30): error TS2307: Cannot find module '@/effects/reanimated/animated-view' or its corresponding type declarations.
apps/web/src/components/navigation/NavButton.tsx(5,39): error TS2307: Cannot find module '@/hooks/use-nav-button-animation' or its corresponding type declarations.
apps/web/src/components/navigation/NavButton.tsx(6,32): error TS2307: Cannot find module '@/effects/reanimated/use-bounce-on-tap' or its corresponding type declarations.
apps/web/src/components/navigation/NavButton.tsx(7,36): error TS2307: Cannot find module '@/effects/reanimated/animated-view' or its corresponding type declarations.
apps/web/src/components/network/OfflineIndicator.tsx(1,20): error TS2307: Cannot find module '@/lib/utils' or its corresponding type declarations.
apps/web/src/components/notifications/NotificationBell.tsx(4,28): error TS2307: Cannot find module '@/hooks/use-storage' or its corresponding type declarations.
apps/web/src/components/notifications/NotificationBell.tsx(5,24): error TS2307: Cannot find module '@/components/ui/button' or its corresponding type declarations.
apps/web/src/components/notifications/NotificationBell.tsx(7,23): error TS2307: Cannot find module '@/components/ui/badge' or its corresponding type declarations.
apps/web/src/components/notifications/NotificationBell.tsx(8,25): error TS2307: Cannot find module '@/lib/haptics' or its corresponding type declarations.
apps/web/src/components/notifications/NotificationBell.tsx(10,30): error TS2307: Cannot find module '@/effects/reanimated/animated-view' or its corresponding type declarations.
apps/web/src/components/notifications/NotificationBell.tsx(18,36): error TS2307: Cannot find module '@/effects/reanimated/animated-view' or its corresponding type declarations.
apps/web/src/components/notifications/NotificationBell.tsx(26,42): error TS7006: Parameter 'n' implicitly has an 'any' type.
apps/web/src/components/notifications/NotificationCenter.tsx(2,28): error TS2307: Cannot find module '@/hooks/use-storage' or its corresponding type declarations.
apps/web/src/components/notifications/NotificationCenter.tsx(3,10): error TS6133: 'motion' is declared but its value is never read.
apps/web/src/components/notifications/NotificationCenter.tsx(4,24): error TS2307: Cannot find module '@/components/ui/button' or its corresponding type declarations.
apps/web/src/components/notifications/NotificationCenter.tsx(5,28): error TS2307: Cannot find module '@/components/ui/scroll-area' or its corresponding type declarations.
apps/web/src/components/notifications/NotificationCenter.tsx(6,23): error TS2307: Cannot find module '@/components/ui/badge' or its corresponding type declarations.
apps/web/src/components/notifications/NotificationCenter.tsx(20,20): error TS2307: Cannot find module '@/lib/utils' or its corresponding type declarations.
apps/web/src/components/notifications/NotificationCenter.tsx(21,25): error TS2307: Cannot find module '@/lib/haptics' or its corresponding type declarations.
apps/web/src/components/notifications/NotificationCenter.tsx(28,8): error TS2307: Cannot find module '@/components/ui/dropdown-menu' or its corresponding type declarations.
apps/web/src/components/notifications/NotificationCenter.tsx(29,62): error TS2307: Cannot find module '@/components/ui/sheet' or its corresponding type declarations.
apps/web/src/components/notifications/NotificationCenter.tsx(61,53): error TS7006: Parameter 'n' implicitly has an 'any' type.
apps/web/src/components/notifications/NotificationCenter.tsx(64,14): error TS7006: Parameter 'n' implicitly has an 'any' type.
apps/web/src/components/notifications/NotificationCenter.tsx(65,14): error TS7006: Parameter 'n' implicitly has an 'any' type.
apps/web/src/components/notifications/NotificationCenter.tsx(66,12): error TS7006: Parameter 'a' implicitly has an 'any' type.
apps/web/src/components/notifications/NotificationCenter.tsx(66,15): error TS7006: Parameter 'b' implicitly has an 'any' type.
apps/web/src/components/notifications/NotificationCenter.tsx(70,23): error TS7006: Parameter 'current' implicitly has an 'any' type.
apps/web/src/components/notifications/NotificationCenter.tsx(71,28): error TS7006: Parameter 'n' implicitly has an 'any' type.
apps/web/src/components/notifications/NotificationCenter.tsx(77,23): error TS7006: Parameter 'current' implicitly has an 'any' type.
apps/web/src/components/notifications/NotificationCenter.tsx(77,56): error TS7006: Parameter 'n' implicitly has an 'any' type.
apps/web/src/components/notifications/NotificationCenter.tsx(82,23): error TS7006: Parameter 'current' implicitly has an 'any' type.
apps/web/src/components/notifications/NotificationCenter.tsx(82,59): error TS7006: Parameter 'n' implicitly has an 'any' type.
apps/web/src/components/notifications/NotificationCenter.tsx(87,23): error TS7006: Parameter 'current' implicitly has an 'any' type.
apps/web/src/components/notifications/NotificationCenter.tsx(87,59): error TS7006: Parameter 'n' implicitly has an 'any' type.
apps/web/src/components/notifications/NotificationCenter.tsx(148,18): error TS2304: Cannot find name 'MotionView'.
apps/web/src/components/notifications/NotificationCenter.tsx(159,19): error TS2304: Cannot find name 'MotionView'.
apps/web/src/components/notifications/NotificationCenter.tsx(181,60): error TS7006: Parameter 'n' implicitly has an 'any' type.
apps/web/src/components/notifications/NotificationCenter.tsx(194,20): error TS7006: Parameter 'n' implicitly has an 'any' type.
apps/web/src/components/notifications/NotificationCenter.tsx(259,25): error TS2322: Type '{ children: Element; mode: string; }' is not assignable to type 'IntrinsicAttributes & PresenceProps'.
  Property 'mode' does not exist on type 'IntrinsicAttributes & PresenceProps'.
apps/web/src/components/notifications/NotificationCenter.tsx(261,20): error TS2304: Cannot find name 'MotionView'.
apps/web/src/components/notifications/NotificationCenter.tsx(267,22): error TS2304: Cannot find name 'MotionView'.
apps/web/src/components/notifications/NotificationCenter.tsx(279,23): error TS2304: Cannot find name 'MotionView'.
apps/web/src/components/notifications/NotificationCenter.tsx(286,21): error TS2304: Cannot find name 'MotionView'.
apps/web/src/components/notifications/NotificationCenter.tsx(289,49): error TS7006: Parameter 'notification' implicitly has an 'any' type.
apps/web/src/components/notifications/NotificationCenter.tsx(289,63): error TS7006: Parameter 'index' implicitly has an 'any' type.
apps/web/src/components/notifications/NotificationCenter.tsx(290,24): error TS2304: Cannot find name 'MotionView'.
apps/web/src/components/notifications/NotificationCenter.tsx(308,25): error TS2304: Cannot find name 'MotionView'.
apps/web/src/components/notifications/NotificationCenter.tsx(342,6): error TS2304: Cannot find name 'MotionView'.
apps/web/src/components/notifications/NotificationCenter.tsx(354,12): error TS2304: Cannot find name 'MotionView'.
apps/web/src/components/notifications/NotificationCenter.tsx(371,13): error TS2304: Cannot find name 'MotionView'.
apps/web/src/components/notifications/NotificationCenter.tsx(397,18): error TS2304: Cannot find name 'MotionView'.
apps/web/src/components/notifications/NotificationCenter.tsx(426,18): error TS2741: Property 'visible' is missing in type '{ children: false | Element; }' but required in type 'PresenceProps'.
apps/web/src/components/notifications/NotificationCenter.tsx(430,26): error TS2304: Cannot find name 'MotionView'.
apps/web/src/components/notifications/NotificationCenter.tsx(443,27): error TS2304: Cannot find name 'MotionView'.
apps/web/src/components/notifications/NotificationCenter.tsx(445,24): error TS2304: Cannot find name 'MotionView'.
apps/web/src/components/notifications/NotificationCenter.tsx(459,25): error TS2304: Cannot find name 'MotionView'.
apps/web/src/components/notifications/NotificationCenter.tsx(481,10): error TS2304: Cannot find name 'MotionView'.
apps/web/src/components/notifications/NotificationCenter.tsx(492,7): error TS2304: Cannot find name 'MotionView'.
apps/web/src/components/notifications/PremiumNotificationBell.tsx(4,28): error TS2307: Cannot find module '@/hooks/use-storage' or its corresponding type declarations.
apps/web/src/components/notifications/PremiumNotificationBell.tsx(5,24): error TS2307: Cannot find module '@/components/ui/button' or its corresponding type declarations.
apps/web/src/components/notifications/PremiumNotificationBell.tsx(7,23): error TS2307: Cannot find module '@/components/ui/badge' or its corresponding type declarations.
apps/web/src/components/notifications/PremiumNotificationBell.tsx(8,30): error TS2307: Cannot find module '@/effects/reanimated/animated-view' or its corresponding type declarations.
apps/web/src/components/notifications/PremiumNotificationBell.tsx(18,25): error TS2307: Cannot find module '@/lib/haptics' or its corresponding type declarations.
apps/web/src/components/notifications/PremiumNotificationBell.tsx(19,30): error TS2307: Cannot find module '@/lib/logger' or its corresponding type declarations.
apps/web/src/components/notifications/PremiumNotificationBell.tsx(20,20): error TS2307: Cannot find module '@/lib/utils' or its corresponding type declarations.
apps/web/src/components/notifications/PremiumNotificationBell.tsx(21,42): error TS2724: '"./PremiumNotificationCenter"' has no exported member named 'PremiumNotification'. Did you mean 'PremiumNotificationCenter'?
apps/web/src/components/notifications/PremiumNotificationBell.tsx(22,36): error TS2307: Cannot find module '@/effects/reanimated/animated-view' or its corresponding type declarations.
apps/web/src/components/notifications/PremiumNotificationCenter.tsx(11,33): error TS2307: Cannot find module '@/hooks/use-local-storage' or its corresponding type declarations.
apps/web/src/components/notifications/PremiumNotificationCenter.tsx(19,24): error TS2307: Cannot find module '@/components/ui/button' or its corresponding type declarations.
apps/web/src/components/notifications/PremiumNotificationCenter.tsx(20,28): error TS2307: Cannot find module '@/components/ui/scroll-area' or its corresponding type declarations.
apps/web/src/components/notifications/PremiumNotificationCenter.tsx(21,62): error TS2307: Cannot find module '@/components/ui/sheet' or its corresponding type declarations.
apps/web/src/components/notifications/PremiumNotificationCenter.tsx(22,35): error TS2307: Cannot find module '@/components/ui/tabs' or its corresponding type declarations.
apps/web/src/components/notifications/PremiumNotificationCenter.tsx(30,8): error TS2307: Cannot find module '@/components/ui/dropdown-menu' or its corresponding type declarations.
apps/web/src/components/notifications/PremiumNotificationCenter.tsx(39,30): error TS2307: Cannot find module '@/effects/reanimated/animated-view' or its corresponding type declarations.
apps/web/src/components/notifications/PremiumNotificationCenter.tsx(40,31): error TS2307: Cannot find module '@/effects/reanimated/transitions' or its corresponding type declarations.
apps/web/src/components/notifications/PremiumNotificationCenter.tsx(41,36): error TS2307: Cannot find module '@/effects/reanimated/animated-view' or its corresponding type declarations.
apps/web/src/components/notifications/PremiumNotificationCenter.tsx(42,25): error TS2307: Cannot find module '@/lib/haptics' or its corresponding type declarations.
apps/web/src/components/notifications/PremiumNotificationCenter.tsx(233,27): error TS7006: Parameter 'value' implicitly has an 'any' type.
apps/web/src/components/notifications/__tests__/PremiumNotificationBell.test.tsx(5,15): error TS2724: '"../PremiumNotificationCenter"' has no exported member named 'PremiumNotification'. Did you mean 'PremiumNotificationCenter'?
apps/web/src/components/notifications/__tests__/PremiumNotificationBell.test.tsx(6,28): error TS2307: Cannot find module '@/hooks/use-storage' or its corresponding type declarations.
apps/web/src/components/notifications/__tests__/PremiumNotificationBell.test.tsx(322,38): error TS2307: Cannot find module '@/lib/haptics' or its corresponding type declarations.
apps/web/src/components/notifications/components/EmptyState.tsx(18,30): error TS2307: Cannot find module '@/effects/reanimated/animated-view' or its corresponding type declarations.
apps/web/src/components/notifications/components/EmptyState.tsx(19,46): error TS2307: Cannot find module '@/effects/reanimated/transitions' or its corresponding type declarations.
apps/web/src/components/notifications/components/EmptyState.tsx(20,36): error TS2307: Cannot find module '@/effects/reanimated/animated-view' or its corresponding type declarations.
apps/web/src/components/notifications/components/NotificationFilters.tsx(7,24): error TS2307: Cannot find module '@/components/ui/button' or its corresponding type declarations.
apps/web/src/components/notifications/components/NotificationFilters.tsx(8,45): error TS2307: Cannot find module '@/components/ui/tabs' or its corresponding type declarations.
apps/web/src/components/notifications/components/NotificationFilters.tsx(9,23): error TS2307: Cannot find module '@/components/ui/badge' or its corresponding type declarations.
apps/web/src/components/notifications/components/NotificationFilters.tsx(11,20): error TS2307: Cannot find module '@/lib/utils' or its corresponding type declarations.
apps/web/src/components/notifications/components/NotificationFilters.tsx(40,46): error TS7006: Parameter 'value' implicitly has an 'any' type.
apps/web/src/components/notifications/components/NotificationGroupItem.tsx(9,24): error TS2307: Cannot find module '@/components/ui/button' or its corresponding type declarations.
apps/web/src/components/notifications/components/NotificationGroupItem.tsx(10,23): error TS2307: Cannot find module '@/components/ui/badge' or its corresponding type declarations.
apps/web/src/components/notifications/components/NotificationGroupItem.tsx(12,69): error TS2307: Cannot find module '@/components/ui/collapsible' or its corresponding type declarations.
apps/web/src/components/notifications/components/NotificationGroupItem.tsx(14,30): error TS2307: Cannot find module '@/effects/reanimated/animated-view' or its corresponding type declarations.
apps/web/src/components/notifications/components/NotificationGroupItem.tsx(15,29): error TS2307: Cannot find module '@/effects/reanimated' or its corresponding type declarations.
apps/web/src/components/notifications/components/NotificationGroupItem.tsx(16,46): error TS2307: Cannot find module '@/effects/reanimated/transitions' or its corresponding type declarations.
apps/web/src/components/notifications/components/NotificationGroupItem.tsx(17,36): error TS2307: Cannot find module '@/effects/reanimated/animated-view' or its corresponding type declarations.
apps/web/src/components/notifications/components/NotificationGroupItem.tsx(18,20): error TS2307: Cannot find module '@/lib/utils' or its corresponding type declarations.
apps/web/src/components/notifications/components/NotificationItem.tsx(9,24): error TS2307: Cannot find module '@/components/ui/button' or its corresponding type declarations.
apps/web/src/components/notifications/components/NotificationItem.tsx(12,30): error TS2307: Cannot find module '@/effects/reanimated/animated-view' or its corresponding type declarations.
apps/web/src/components/notifications/components/NotificationItem.tsx(13,29): error TS2307: Cannot find module '@/effects/reanimated' or its corresponding type declarations.
apps/web/src/components/notifications/components/NotificationItem.tsx(14,46): error TS2307: Cannot find module '@/effects/reanimated/transitions' or its corresponding type declarations.
apps/web/src/components/notifications/components/NotificationItem.tsx(15,36): error TS2307: Cannot find module '@/effects/reanimated/animated-view' or its corresponding type declarations.
apps/web/src/components/notifications/components/NotificationItem.tsx(16,20): error TS2307: Cannot find module '@/lib/utils' or its corresponding type declarations.
apps/web/src/components/notifications/components/NotificationSettings.tsx(7,23): error TS2307: Cannot find module '@/components/ui/label' or its corresponding type declarations.
apps/web/src/components/notifications/components/NotificationSettings.tsx(8,24): error TS2307: Cannot find module '@/components/ui/switch' or its corresponding type declarations.
apps/web/src/components/notifications/components/NotificationSettings.tsx(40,29): error TS7006: Parameter 'enabled' implicitly has an 'any' type.
apps/web/src/components/notifications/components/NotificationSettings.tsx(59,29): error TS7006: Parameter 'groupSimilar' implicitly has an 'any' type.
apps/web/src/components/notifications/components/NotificationSettings.tsx(73,29): error TS7006: Parameter 'showPreviews' implicitly has an 'any' type.
apps/web/src/components/notifications/components/NotificationSettings.tsx(87,29): error TS7006: Parameter 'soundEnabled' implicitly has an 'any' type.
apps/web/src/components/notifications/components/NotificationSettings.tsx(101,29): error TS7006: Parameter 'pushEnabled' implicitly has an 'any' type.
apps/web/src/components/notifications/hooks/useNotificationActions.ts(8,25): error TS2307: Cannot find module '@/lib/haptics' or its corresponding type declarations.
apps/web/src/components/notifications/hooks/useNotificationActions.ts(9,30): error TS2307: Cannot find module '@/lib/logger' or its corresponding type declarations.
apps/web/src/components/notifications/hooks/useNotificationFilters.ts(7,29): error TS6133: 'useCallback' is declared but its value is never read.
apps/web/src/components/notifications/hooks/useNotifications.ts(7,10): error TS6133: 'useState' is declared but its value is never read.
apps/web/src/components/notifications/hooks/useNotifications.ts(8,33): error TS2307: Cannot find module '@/hooks/use-local-storage' or its corresponding type declarations.
apps/web/src/components/notifications/hooks/useNotifications.ts(15,30): error TS2307: Cannot find module '@/lib/logger' or its corresponding type declarations.
apps/web/src/components/notifications/hooks/useNotifications.ts(17,7): error TS6133: 'logger' is declared but its value is never read.
apps/web/src/components/notifications/index.ts(7,15): error TS2724: '"./PremiumNotificationCenter"' has no exported member named 'PremiumNotification'. Did you mean 'PremiumNotificationCenter'?
apps/web/src/components/notifications/utils/notification-helpers.tsx(36,15): error TS2322: Type '{ className: string; size: 24; weight: string; }' is not assignable to type 'IconProps'.
  Types of property 'weight' are incompatible.
    Type 'string' is not assignable to type 'IconWeight'.
apps/web/src/components/notifications/utils/notification-helpers.tsx(38,15): error TS2322: Type '{ className: string; size: 24; weight: string; }' is not assignable to type 'IconProps'.
  Types of property 'weight' are incompatible.
    Type 'string' is not assignable to type 'IconWeight'.
apps/web/src/components/notifications/utils/notification-helpers.tsx(40,15): error TS2322: Type '{ className: string; size: 24; weight: string; }' is not assignable to type 'IconProps'.
  Types of property 'weight' are incompatible.
    Type 'string' is not assignable to type 'IconWeight'.
apps/web/src/components/notifications/utils/notification-helpers.tsx(42,15): error TS2322: Type '{ className: string; size: 24; weight: string; }' is not assignable to type 'IconProps'.
  Types of property 'weight' are incompatible.
    Type 'string' is not assignable to type 'IconWeight'.
apps/web/src/components/notifications/utils/notification-helpers.tsx(44,15): error TS2322: Type '{ className: string; size: 24; weight: string; }' is not assignable to type 'IconProps'.
  Types of property 'weight' are incompatible.
    Type 'string' is not assignable to type 'IconWeight'.
apps/web/src/components/notifications/utils/notification-helpers.tsx(46,15): error TS2322: Type '{ className: string; size: 24; weight: string; }' is not assignable to type 'IconProps'.
  Types of property 'weight' are incompatible.
    Type 'string' is not assignable to type 'IconWeight'.
apps/web/src/components/notifications/utils/notification-helpers.tsx(48,15): error TS2322: Type '{ className: string; size: 24; weight: string; }' is not assignable to type 'IconProps'.
  Types of property 'weight' are incompatible.
    Type 'string' is not assignable to type 'IconWeight'.
apps/web/src/components/notifications/utils/notification-helpers.tsx(50,15): error TS2322: Type '{ className: string; size: 24; weight: string; }' is not assignable to type 'IconProps'.
  Types of property 'weight' are incompatible.
    Type 'string' is not assignable to type 'IconWeight'.
apps/web/src/components/notifications/utils/notification-helpers.tsx(52,15): error TS2322: Type '{ className: string; size: 24; weight: string; }' is not assignable to type 'IconProps'.
  Types of property 'weight' are incompatible.
    Type 'string' is not assignable to type 'IconWeight'.
apps/web/src/components/notifications/utils/notification-helpers.tsx(54,15): error TS2322: Type '{ className: string; size: 24; weight: string; }' is not assignable to type 'IconProps'.
  Types of property 'weight' are incompatible.
    Type 'string' is not assignable to type 'IconWeight'.
apps/web/src/components/notifications/utils/notification-helpers.tsx(56,15): error TS2322: Type '{ size: 24; weight: string; }' is not assignable to type 'IconProps'.
  Types of property 'weight' are incompatible.
    Type 'string' is not assignable to type 'IconWeight'.
apps/web/src/components/payments/BillingIssueBanner.tsx(2,53): error TS2307: Cannot find module '@/components/ui/alert' or its corresponding type declarations.
apps/web/src/components/payments/BillingIssueBanner.tsx(3,24): error TS2307: Cannot find module '@/components/ui/button' or its corresponding type declarations.
apps/web/src/components/payments/BillingIssueBanner.tsx(5,33): error TS2307: Cannot find module '@/lib/payments-service' or its corresponding type declarations.
apps/web/src/components/payments/BillingIssueBanner.tsx(6,35): error TS2307: Cannot find module '@/lib/payments-types' or its corresponding type declarations.
apps/web/src/components/payments/BillingIssueBanner.tsx(8,24): error TS2307: Cannot find module '@/lib/logger' or its corresponding type declarations.
apps/web/src/components/payments/PricingModal.tsx(8,8): error TS2307: Cannot find module '@/components/ui/dialog' or its corresponding type declarations.
apps/web/src/components/payments/PricingModal.tsx(9,24): error TS2307: Cannot find module '@/components/ui/button' or its corresponding type declarations.
apps/web/src/components/payments/PricingModal.tsx(10,23): error TS2307: Cannot find module '@/components/ui/badge' or its corresponding type declarations.
apps/web/src/components/payments/PricingModal.tsx(12,37): error TS2307: Cannot find module '@/lib/payments-types' or its corresponding type declarations.
apps/web/src/components/payments/PricingModal.tsx(13,33): error TS2307: Cannot find module '@/lib/payments-catalog' or its corresponding type declarations.
apps/web/src/components/payments/PricingModal.tsx(14,33): error TS2307: Cannot find module '@/lib/payments-service' or its corresponding type declarations.
apps/web/src/components/payments/PricingModal.tsx(16,20): error TS2307: Cannot find module '@/lib/utils' or its corresponding type declarations.
apps/web/src/components/payments/PricingModal.tsx(109,39): error TS7006: Parameter 'plan' implicitly has an 'any' type.
apps/web/src/components/payments/PricingModal.tsx(170,56): error TS7006: Parameter 'entitlement' implicitly has an 'any' type.
apps/web/src/components/payments/SubscriptionAdminPanel.tsx(2,75): error TS2307: Cannot find module '@/components/ui/card' or its corresponding type declarations.
apps/web/src/components/payments/SubscriptionAdminPanel.tsx(3,24): error TS2307: Cannot find module '@/components/ui/button' or its corresponding type declarations.
apps/web/src/components/payments/SubscriptionAdminPanel.tsx(4,23): error TS2307: Cannot find module '@/components/ui/input' or its corresponding type declarations.
apps/web/src/components/payments/SubscriptionAdminPanel.tsx(5,23): error TS2307: Cannot find module '@/components/ui/badge' or its corresponding type declarations.
apps/web/src/components/payments/SubscriptionAdminPanel.tsx(13,8): error TS2307: Cannot find module '@/components/ui/dialog' or its corresponding type declarations.
apps/web/src/components/payments/SubscriptionAdminPanel.tsx(14,23): error TS2307: Cannot find module '@/components/ui/label' or its corresponding type declarations.
apps/web/src/components/payments/SubscriptionAdminPanel.tsx(15,58): error TS2307: Cannot find module '@/components/ui/tabs' or its corresponding type declarations.
apps/web/src/components/payments/SubscriptionAdminPanel.tsx(23,8): error TS2307: Cannot find module '@/components/ui/table' or its corresponding type declarations.
apps/web/src/components/payments/SubscriptionAdminPanel.tsx(24,26): error TS2307: Cannot find module '@/components/ui/textarea' or its corresponding type declarations.
apps/web/src/components/payments/SubscriptionAdminPanel.tsx(31,8): error TS2307: Cannot find module '@/components/ui/select' or its corresponding type declarations.
apps/web/src/components/payments/SubscriptionAdminPanel.tsx(32,33): error TS2307: Cannot find module '@/lib/payments-service' or its corresponding type declarations.
apps/web/src/components/payments/SubscriptionAdminPanel.tsx(33,66): error TS2307: Cannot find module '@/lib/payments-types' or its corresponding type declarations.
apps/web/src/components/payments/SubscriptionAdminPanel.tsx(246,32): error TS7006: Parameter 'e' implicitly has an 'any' type.
apps/web/src/components/payments/SubscriptionAdminPanel.tsx(405,28): error TS7006: Parameter 'e' implicitly has an 'any' type.
apps/web/src/components/payments/SubscriptionStatusCard.tsx(2,75): error TS2307: Cannot find module '@/components/ui/card' or its corresponding type declarations.
apps/web/src/components/payments/SubscriptionStatusCard.tsx(3,24): error TS2307: Cannot find module '@/components/ui/button' or its corresponding type declarations.
apps/web/src/components/payments/SubscriptionStatusCard.tsx(4,23): error TS2307: Cannot find module '@/components/ui/badge' or its corresponding type declarations.
apps/web/src/components/payments/SubscriptionStatusCard.tsx(5,26): error TS2307: Cannot find module '@/components/ui/progress' or its corresponding type declarations.
apps/web/src/components/payments/SubscriptionStatusCard.tsx(7,33): error TS2307: Cannot find module '@/lib/payments-service' or its corresponding type declarations.
apps/web/src/components/payments/SubscriptionStatusCard.tsx(8,53): error TS2307: Cannot find module '@/lib/payments-types' or its corresponding type declarations.
apps/web/src/components/payments/SubscriptionStatusCard.tsx(9,29): error TS2307: Cannot find module '@/lib/payments-catalog' or its corresponding type declarations.
apps/web/src/components/payments/SubscriptionStatusCard.tsx(12,24): error TS2307: Cannot find module '@/lib/logger' or its corresponding type declarations.
apps/web/src/components/payments/SubscriptionStatusCard.tsx(240,62): error TS7006: Parameter 'ent' implicitly has an 'any' type.
apps/web/src/components/playdate/LocationPicker.tsx(2,10): error TS6133: 'motion' is declared but its value is never read.
apps/web/src/components/playdate/LocationPicker.tsx(17,24): error TS2307: Cannot find module '@/components/ui/button' or its corresponding type declarations.
apps/web/src/components/playdate/LocationPicker.tsx(18,23): error TS2307: Cannot find module '@/components/ui/input' or its corresponding type declarations.
apps/web/src/components/playdate/LocationPicker.tsx(19,23): error TS2307: Cannot find module '@/components/ui/badge' or its corresponding type declarations.
apps/web/src/components/playdate/LocationPicker.tsx(20,22): error TS2307: Cannot find module '@/components/ui/card' or its corresponding type declarations.
apps/web/src/components/playdate/LocationPicker.tsx(21,28): error TS2307: Cannot find module '@/components/ui/scroll-area' or its corresponding type declarations.
apps/web/src/components/playdate/LocationPicker.tsx(22,58): error TS2307: Cannot find module '@/components/ui/tabs' or its corresponding type declarations.
apps/web/src/components/playdate/LocationPicker.tsx(23,39): error TS2307: Cannot find module '@/lib/playdate-types' or its corresponding type declarations.
apps/web/src/components/playdate/LocationPicker.tsx(24,31): error TS2307: Cannot find module '@/lib/maps/types' or its corresponding type declarations.
apps/web/src/components/playdate/LocationPicker.tsx(25,71): error TS2307: Cannot find module '@/lib/maps/utils' or its corresponding type declarations.
apps/web/src/components/playdate/LocationPicker.tsx(27,25): error TS2307: Cannot find module '@/lib/haptics' or its corresponding type declarations.
apps/web/src/components/playdate/LocationPicker.tsx(174,6): error TS2304: Cannot find name 'MotionView'.
apps/web/src/components/playdate/LocationPicker.tsx(208,26): error TS7006: Parameter 'e' implicitly has an 'any' type.
apps/web/src/components/playdate/LocationPicker.tsx(214,18): error TS2304: Cannot find name 'MotionView'.
apps/web/src/components/playdate/LocationPicker.tsx(219,19): error TS2304: Cannot find name 'MotionView'.
apps/web/src/components/playdate/LocationPicker.tsx(227,27): error TS7006: Parameter 'v' implicitly has an 'any' type.
apps/web/src/components/playdate/LocationPicker.tsx(248,20): error TS2741: Property 'visible' is missing in type '{ children: Element[]; }' but required in type 'PresenceProps'.
apps/web/src/components/playdate/LocationPicker.tsx(250,24): error TS2304: Cannot find name 'MotionView'.
apps/web/src/components/playdate/LocationPicker.tsx(296,32): error TS2304: Cannot find name 'MotionView'.
apps/web/src/components/playdate/LocationPicker.tsx(302,33): error TS2304: Cannot find name 'MotionView'.
apps/web/src/components/playdate/LocationPicker.tsx(306,25): error TS2304: Cannot find name 'MotionView'.
apps/web/src/components/playdate/LocationPicker.tsx(321,38): error TS7006: Parameter 'e' implicitly has an 'any' type.
apps/web/src/components/playdate/LocationPicker.tsx(330,38): error TS7006: Parameter 'e' implicitly has an 'any' type.
apps/web/src/components/playdate/LocationPicker.tsx(357,24): error TS2304: Cannot find name 'MotionView'.
apps/web/src/components/playdate/LocationPicker.tsx(372,25): error TS2304: Cannot find name 'MotionView'.
apps/web/src/components/playdate/LocationPicker.tsx(382,12): error TS2304: Cannot find name 'MotionView'.
apps/web/src/components/playdate/LocationPicker.tsx(401,13): error TS2304: Cannot find name 'MotionView'.
apps/web/src/components/playdate/LocationPicker.tsx(404,7): error TS2304: Cannot find name 'MotionView'.
apps/web/src/components/playdate/PlaydateMap.tsx(2,1): error TS6133: 'motion' is declared but its value is never read.
apps/web/src/components/playdate/PlaydateMap.tsx(12,22): error TS2307: Cannot find module '@/components/ui/card' or its corresponding type declarations.
apps/web/src/components/playdate/PlaydateMap.tsx(13,24): error TS2307: Cannot find module '@/components/ui/button' or its corresponding type declarations.
apps/web/src/components/playdate/PlaydateMap.tsx(14,23): error TS2307: Cannot find module '@/components/ui/badge' or its corresponding type declarations.
apps/web/src/components/playdate/PlaydateMap.tsx(15,31): error TS2307: Cannot find module '@/lib/playdate-types' or its corresponding type declarations.
apps/web/src/components/playdate/PlaydateMap.tsx(16,31): error TS2307: Cannot find module '@/lib/maps/types' or its corresponding type declarations.
apps/web/src/components/playdate/PlaydateMap.tsx(17,71): error TS2307: Cannot find module '@/lib/maps/utils' or its corresponding type declarations.
apps/web/src/components/playdate/PlaydateMap.tsx(33,14): error TS7006: Parameter 'location' implicitly has an 'any' type.
apps/web/src/components/playdate/PlaydateMap.tsx(74,6): error TS2304: Cannot find name 'MotionView'.
apps/web/src/components/playdate/PlaydateMap.tsx(135,26): error TS2304: Cannot find name 'MotionView'.
apps/web/src/components/playdate/PlaydateMap.tsx(181,27): error TS2304: Cannot find name 'MotionView'.
apps/web/src/components/playdate/PlaydateMap.tsx(189,18): error TS2304: Cannot find name 'MotionView'.
apps/web/src/components/playdate/PlaydateMap.tsx(198,19): error TS2304: Cannot find name 'MotionView'.
apps/web/src/components/playdate/PlaydateMap.tsx(207,18): error TS2304: Cannot find name 'MotionView'.
apps/web/src/components/playdate/PlaydateMap.tsx(259,19): error TS2304: Cannot find name 'MotionView'.
apps/web/src/components/playdate/PlaydateMap.tsx(274,12): error TS2304: Cannot find name 'MotionView'.
apps/web/src/components/playdate/PlaydateMap.tsx(294,13): error TS2304: Cannot find name 'MotionView'.
apps/web/src/components/playdate/PlaydateMap.tsx(297,7): error TS2304: Cannot find name 'MotionView'.
apps/web/src/components/playdate/PlaydateScheduler.tsx(1,23): error TS2307: Cannot find module '@/components/ui/badge' or its corresponding type declarations.
apps/web/src/components/playdate/PlaydateScheduler.tsx(2,24): error TS2307: Cannot find module '@/components/ui/button' or its corresponding type declarations.
apps/web/src/components/playdate/PlaydateScheduler.tsx(3,75): error TS2307: Cannot find module '@/components/ui/card' or its corresponding type declarations.
apps/web/src/components/playdate/PlaydateScheduler.tsx(4,23): error TS2307: Cannot find module '@/components/ui/input' or its corresponding type declarations.
apps/web/src/components/playdate/PlaydateScheduler.tsx(5,23): error TS2307: Cannot find module '@/components/ui/label' or its corresponding type declarations.
apps/web/src/components/playdate/PlaydateScheduler.tsx(6,28): error TS2307: Cannot find module '@/components/ui/scroll-area' or its corresponding type declarations.
apps/web/src/components/playdate/PlaydateScheduler.tsx(13,8): error TS2307: Cannot find module '@/components/ui/select' or its corresponding type declarations.
apps/web/src/components/playdate/PlaydateScheduler.tsx(14,58): error TS2307: Cannot find module '@/components/ui/tabs' or its corresponding type declarations.
apps/web/src/components/playdate/PlaydateScheduler.tsx(15,26): error TS2307: Cannot find module '@/components/ui/textarea' or its corresponding type declarations.
apps/web/src/components/playdate/PlaydateScheduler.tsx(16,25): error TS2307: Cannot find module '@/lib/haptics' or its corresponding type declarations.
apps/web/src/components/playdate/PlaydateScheduler.tsx(22,8): error TS2307: Cannot find module '@/lib/playdate-types' or its corresponding type declarations.
apps/web/src/components/playdate/PlaydateScheduler.tsx(23,33): error TS2307: Cannot find module '@/lib/types' or its corresponding type declarations.
apps/web/src/components/playdate/PlaydateScheduler.tsx(41,20): error TS6133: 'motion' is declared but its value is never read.
apps/web/src/components/playdate/PlaydateScheduler.tsx(44,23): error TS2307: Cannot find module '@/hooks/use-storage' or its corresponding type declarations.
apps/web/src/components/playdate/PlaydateScheduler.tsx(45,31): error TS2307: Cannot find module '@/components/error/ErrorBoundary' or its corresponding type declarations.
apps/web/src/components/playdate/PlaydateScheduler.tsx(106,26): error TS7030: Not all code paths return a value.
apps/web/src/components/playdate/PlaydateScheduler.tsx(238,6): error TS2304: Cannot find name 'MotionView'.
apps/web/src/components/playdate/PlaydateScheduler.tsx(316,20): error TS2741: Property 'visible' is missing in type '{ children: (false | Element)[]; }' but required in type 'PresenceProps'.
apps/web/src/components/playdate/PlaydateScheduler.tsx(318,24): error TS2304: Cannot find name 'MotionView'.
apps/web/src/components/playdate/PlaydateScheduler.tsx(331,42): error TS7006: Parameter 'e' implicitly has an 'any' type.
apps/web/src/components/playdate/PlaydateScheduler.tsx(342,47): error TS7006: Parameter 'value' implicitly has an 'any' type.
apps/web/src/components/playdate/PlaydateScheduler.tsx(367,44): error TS7006: Parameter 'e' implicitly has an 'any' type.
apps/web/src/components/playdate/PlaydateScheduler.tsx(378,44): error TS7006: Parameter 'e' implicitly has an 'any' type.
apps/web/src/components/playdate/PlaydateScheduler.tsx(389,44): error TS7006: Parameter 'e' implicitly has an 'any' type.
apps/web/src/components/playdate/PlaydateScheduler.tsx(440,42): error TS7006: Parameter 'e' implicitly has an 'any' type.
apps/web/src/components/playdate/PlaydateScheduler.tsx(462,25): error TS2304: Cannot find name 'MotionView'.
apps/web/src/components/playdate/PlaydateScheduler.tsx(466,24): error TS7006: Parameter 'p' implicitly has an 'any' type.
apps/web/src/components/playdate/PlaydateScheduler.tsx(478,36): error TS7006: Parameter 'p' implicitly has an 'any' type.
apps/web/src/components/playdate/PlaydateScheduler.tsx(479,34): error TS7006: Parameter 'a' implicitly has an 'any' type.
apps/web/src/components/playdate/PlaydateScheduler.tsx(479,37): error TS7006: Parameter 'b' implicitly has an 'any' type.
apps/web/src/components/playdate/PlaydateScheduler.tsx(480,33): error TS7006: Parameter 'playdate' implicitly has an 'any' type.
apps/web/src/components/playdate/PlaydateScheduler.tsx(480,43): error TS7006: Parameter 'index' implicitly has an 'any' type.
apps/web/src/components/playdate/PlaydateScheduler.tsx(485,32): error TS2304: Cannot find name 'MotionView'.
apps/web/src/components/playdate/PlaydateScheduler.tsx(584,33): error TS2304: Cannot find name 'MotionView'.
apps/web/src/components/playdate/PlaydateScheduler.tsx(604,22): error TS7006: Parameter 'p' implicitly has an 'any' type.
apps/web/src/components/playdate/PlaydateScheduler.tsx(613,34): error TS7006: Parameter 'p' implicitly has an 'any' type.
apps/web/src/components/playdate/PlaydateScheduler.tsx(614,32): error TS7006: Parameter 'a' implicitly has an 'any' type.
apps/web/src/components/playdate/PlaydateScheduler.tsx(614,35): error TS7006: Parameter 'b' implicitly has an 'any' type.
apps/web/src/components/playdate/PlaydateScheduler.tsx(615,31): error TS7006: Parameter 'playdate' implicitly has an 'any' type.
apps/web/src/components/playdate/PlaydateScheduler.tsx(615,41): error TS7006: Parameter 'index' implicitly has an 'any' type.
apps/web/src/components/playdate/PlaydateScheduler.tsx(616,28): error TS2304: Cannot find name 'MotionView'.
apps/web/src/components/playdate/PlaydateScheduler.tsx(644,29): error TS2304: Cannot find name 'MotionView'.
apps/web/src/components/playdate/PlaydateScheduler.tsx(672,20): error TS2304: Cannot find name 'MotionView'.
apps/web/src/components/playdate/PlaydateScheduler.tsx(690,7): error TS2304: Cannot find name 'MotionView'.
apps/web/src/components/settings/UltraThemeSettings.tsx(7,24): error TS2307: Cannot find module '@/contexts/AppContext' or its corresponding type declarations.
apps/web/src/components/settings/UltraThemeSettings.tsx(8,48): error TS2307: Cannot find module '@/lib/theme-presets' or its corresponding type declarations.
apps/web/src/components/settings/UltraThemeSettings.tsx(9,24): error TS2307: Cannot find module '@/components/ui/button' or its corresponding type declarations.
apps/web/src/components/settings/UltraThemeSettings.tsx(10,30): error TS2307: Cannot find module '@/effects/reanimated/animated-view' or its corresponding type declarations.
apps/web/src/components/settings/UltraThemeSettings.tsx(17,8): error TS2307: Cannot find module '@/effects/reanimated' or its corresponding type declarations.
apps/web/src/components/settings/UltraThemeSettings.tsx(25,44): error TS7006: Parameter 'p' implicitly has an 'any' type.
apps/web/src/components/settings/UltraThemeSettings.tsx(28,44): error TS7006: Parameter 'p' implicitly has an 'any' type.
apps/web/src/components/settings/UltraThemeSettings.tsx(29,43): error TS7006: Parameter 'p' implicitly has an 'any' type.
apps/web/src/components/settings/UltraThemeSettings.tsx(151,22): error TS7006: Parameter 'preset' implicitly has an 'any' type.
apps/web/src/components/settings/UltraThemeSettings.tsx(151,30): error TS7006: Parameter 'index' implicitly has an 'any' type.
apps/web/src/components/stories/CreateHighlightDialog.tsx(2,28): error TS2307: Cannot find module '@/hooks/use-storage' or its corresponding type declarations.
apps/web/src/components/stories/CreateHighlightDialog.tsx(3,1): error TS6133: 'motion' is declared but its value is never read.
apps/web/src/components/stories/CreateHighlightDialog.tsx(12,8): error TS2307: Cannot find module '@/components/ui/dialog' or its corresponding type declarations.
apps/web/src/components/stories/CreateHighlightDialog.tsx(13,24): error TS2307: Cannot find module '@/components/ui/button' or its corresponding type declarations.
apps/web/src/components/stories/CreateHighlightDialog.tsx(14,23): error TS2307: Cannot find module '@/components/ui/input' or its corresponding type declarations.
apps/web/src/components/stories/CreateHighlightDialog.tsx(15,23): error TS2307: Cannot find module '@/components/ui/label' or its corresponding type declarations.
apps/web/src/components/stories/CreateHighlightDialog.tsx(16,44): error TS2307: Cannot find module '@/lib/stories-types' or its corresponding type declarations.
apps/web/src/components/stories/CreateHighlightDialog.tsx(17,26): error TS2307: Cannot find module '@/lib/types' or its corresponding type declarations.
apps/web/src/components/stories/CreateHighlightDialog.tsx(18,38): error TS2307: Cannot find module '@/lib/stories-utils' or its corresponding type declarations.
apps/web/src/components/stories/CreateHighlightDialog.tsx(19,37): error TS2307: Cannot find module '@/lib/stories-utils' or its corresponding type declarations.
apps/web/src/components/stories/CreateHighlightDialog.tsx(20,25): error TS2307: Cannot find module '@/lib/haptics' or its corresponding type declarations.
apps/web/src/components/stories/CreateHighlightDialog.tsx(44,45): error TS7006: Parameter 's' implicitly has an 'any' type.
apps/web/src/components/stories/CreateHighlightDialog.tsx(48,45): error TS7006: Parameter 's' implicitly has an 'any' type.
apps/web/src/components/stories/CreateHighlightDialog.tsx(54,47): error TS7006: Parameter 's' implicitly has an 'any' type.
apps/web/src/components/stories/CreateHighlightDialog.tsx(93,54): error TS7006: Parameter 's' implicitly has an 'any' type.
apps/web/src/components/stories/CreateHighlightDialog.tsx(97,22): error TS7006: Parameter 'current' implicitly has an 'any' type.
apps/web/src/components/stories/CreateHighlightDialog.tsx(98,30): error TS7006: Parameter 'h' implicitly has an 'any' type.
apps/web/src/components/stories/CreateHighlightDialog.tsx(120,22): error TS7006: Parameter 'current' implicitly has an 'any' type.
apps/web/src/components/stories/CreateHighlightDialog.tsx(150,26): error TS7006: Parameter 'e' implicitly has an 'any' type.
apps/web/src/components/stories/CreateHighlightDialog.tsx(169,37): error TS7006: Parameter 'story' implicitly has an 'any' type.
apps/web/src/components/stories/CreateHighlightDialog.tsx(169,44): error TS7006: Parameter 'index' implicitly has an 'any' type.
apps/web/src/components/stories/CreateHighlightDialog.tsx(174,24): error TS2304: Cannot find name 'MotionView'.
apps/web/src/components/stories/CreateHighlightDialog.tsx(198,30): error TS2304: Cannot find name 'MotionView'.
apps/web/src/components/stories/CreateHighlightDialog.tsx(204,31): error TS2304: Cannot find name 'MotionView'.
apps/web/src/components/stories/CreateHighlightDialog.tsx(228,25): error TS2304: Cannot find name 'MotionView'.
apps/web/src/components/stories/CreateStoryDialog.tsx(2,1): error TS6133: 'motion' is declared but its value is never read.
apps/web/src/components/stories/CreateStoryDialog.tsx(4,66): error TS2307: Cannot find module '@/components/ui/dialog' or its corresponding type declarations.
apps/web/src/components/stories/CreateStoryDialog.tsx(5,24): error TS2307: Cannot find module '@/components/ui/button' or its corresponding type declarations.
apps/web/src/components/stories/CreateStoryDialog.tsx(6,26): error TS2307: Cannot find module '@/components/ui/textarea' or its corresponding type declarations.
apps/web/src/components/stories/CreateStoryDialog.tsx(7,58): error TS2307: Cannot find module '@/components/ui/tabs' or its corresponding type declarations.
apps/web/src/components/stories/CreateStoryDialog.tsx(8,23): error TS2307: Cannot find module '@/components/ui/label' or its corresponding type declarations.
apps/web/src/components/stories/CreateStoryDialog.tsx(9,44): error TS2307: Cannot find module '@/components/ui/radio-group' or its corresponding type declarations.
apps/web/src/components/stories/CreateStoryDialog.tsx(10,45): error TS2307: Cannot find module '@/lib/stories-types' or its corresponding type declarations.
apps/web/src/components/stories/CreateStoryDialog.tsx(11,36): error TS2307: Cannot find module '@/lib/stories-types' or its corresponding type declarations.
apps/web/src/components/stories/CreateStoryDialog.tsx(12,57): error TS2307: Cannot find module '@/lib/story-templates' or its corresponding type declarations.
apps/web/src/components/stories/CreateStoryDialog.tsx(13,52): error TS2307: Cannot find module '@/lib/story-templates' or its corresponding type declarations.
apps/web/src/components/stories/CreateStoryDialog.tsx(14,29): error TS2307: Cannot find module '@/lib/stories-utils' or its corresponding type declarations.
apps/web/src/components/stories/CreateStoryDialog.tsx(16,25): error TS2307: Cannot find module '@/lib/haptics' or its corresponding type declarations.
apps/web/src/components/stories/CreateStoryDialog.tsx(43,10): error TS6133: 'mediaFile' is declared but its value is never read.
apps/web/src/components/stories/CreateStoryDialog.tsx(63,25): error TS6133: 'setSelectedMusic' is declared but its value is never read.
apps/web/src/components/stories/CreateStoryDialog.tsx(204,22): error TS2304: Cannot find name 'MotionView'.
apps/web/src/components/stories/CreateStoryDialog.tsx(218,23): error TS2304: Cannot find name 'MotionView'.
apps/web/src/components/stories/CreateStoryDialog.tsx(220,22): error TS2304: Cannot find name 'MotionView'.
apps/web/src/components/stories/CreateStoryDialog.tsx(234,23): error TS2304: Cannot find name 'MotionView'.
apps/web/src/components/stories/CreateStoryDialog.tsx(264,34): error TS7006: Parameter 'e' implicitly has an 'any' type.
apps/web/src/components/stories/CreateStoryDialog.tsx(298,35): error TS7006: Parameter 'v' implicitly has an 'any' type.
apps/web/src/components/stories/HighlightViewer.tsx(1,24): error TS2307: Cannot find module '@/components/ui/button' or its corresponding type declarations.
apps/web/src/components/stories/HighlightViewer.tsx(2,28): error TS2307: Cannot find module '@/hooks/use-storage' or its corresponding type declarations.
apps/web/src/components/stories/HighlightViewer.tsx(3,25): error TS2307: Cannot find module '@/lib/haptics' or its corresponding type declarations.
apps/web/src/components/stories/HighlightViewer.tsx(4,37): error TS2307: Cannot find module '@/lib/stories-types' or its corresponding type declarations.
apps/web/src/components/stories/HighlightViewer.tsx(6,1): error TS6133: 'motion' is declared but its value is never read.
apps/web/src/components/stories/HighlightViewer.tsx(40,20): error TS7006: Parameter 'current' implicitly has an 'any' type.
apps/web/src/components/stories/HighlightViewer.tsx(41,28): error TS7006: Parameter 'h' implicitly has an 'any' type.
apps/web/src/components/stories/HighlightViewer.tsx(50,20): error TS7006: Parameter 'current' implicitly has an 'any' type.
apps/web/src/components/stories/HighlightViewer.tsx(50,56): error TS7006: Parameter 'h' implicitly has an 'any' type.
apps/web/src/components/stories/HighlightViewer.tsx(71,6): error TS2304: Cannot find name 'MotionView'.
apps/web/src/components/stories/HighlightViewer.tsx(78,8): error TS2304: Cannot find name 'MotionView'.
apps/web/src/components/stories/HighlightViewer.tsx(84,19): error TS7006: Parameter 'e' implicitly has an 'any' type.
apps/web/src/components/stories/HighlightViewer.tsx(124,37): error TS7006: Parameter 'story' implicitly has an 'any' type.
apps/web/src/components/stories/HighlightViewer.tsx(124,44): error TS7006: Parameter 'index' implicitly has an 'any' type.
apps/web/src/components/stories/HighlightViewer.tsx(125,16): error TS2304: Cannot find name 'MotionView'.
apps/web/src/components/stories/HighlightViewer.tsx(157,17): error TS2304: Cannot find name 'MotionView'.
apps/web/src/components/stories/HighlightViewer.tsx(161,9): error TS2304: Cannot find name 'MotionView'.
apps/web/src/components/stories/HighlightViewer.tsx(162,7): error TS2304: Cannot find name 'MotionView'.
apps/web/src/components/stories/HighlightsBar.tsx(2,1): error TS6133: 'motion' is declared but its value is never read.
apps/web/src/components/stories/HighlightsBar.tsx(4,28): error TS2307: Cannot find module '@/hooks/use-storage' or its corresponding type declarations.
apps/web/src/components/stories/HighlightsBar.tsx(5,53): error TS2307: Cannot find module '@/components/ui/avatar' or its corresponding type declarations.
apps/web/src/components/stories/HighlightsBar.tsx(6,37): error TS2307: Cannot find module '@/lib/stories-types' or its corresponding type declarations.
apps/web/src/components/stories/HighlightsBar.tsx(9,25): error TS2307: Cannot find module '@/lib/haptics' or its corresponding type declarations.
apps/web/src/components/stories/HighlightsBar.tsx(26,57): error TS7006: Parameter 'h' implicitly has an 'any' type.
apps/web/src/components/stories/HighlightsBar.tsx(47,14): error TS2304: Cannot find name 'MotionView'.
apps/web/src/components/stories/HighlightsBar.tsx(69,15): error TS2304: Cannot find name 'MotionView'.
apps/web/src/components/stories/HighlightsBar.tsx(73,14): error TS2304: Cannot find name 'MotionView'.
apps/web/src/components/stories/HighlightsBar.tsx(104,20): error TS2304: Cannot find name 'MotionView'.
apps/web/src/components/stories/HighlightsBar.tsx(110,21): error TS2304: Cannot find name 'MotionView'.
apps/web/src/components/stories/HighlightsBar.tsx(121,15): error TS2304: Cannot find name 'MotionView'.
apps/web/src/components/stories/SaveToHighlightDialog.tsx(2,28): error TS2307: Cannot find module '@/hooks/use-storage' or its corresponding type declarations.
apps/web/src/components/stories/SaveToHighlightDialog.tsx(3,1): error TS6133: 'motion' is declared but its value is never read.
apps/web/src/components/stories/SaveToHighlightDialog.tsx(12,8): error TS2307: Cannot find module '@/components/ui/dialog' or its corresponding type declarations.
apps/web/src/components/stories/SaveToHighlightDialog.tsx(13,24): error TS2307: Cannot find module '@/components/ui/button' or its corresponding type declarations.
apps/web/src/components/stories/SaveToHighlightDialog.tsx(14,23): error TS2307: Cannot find module '@/components/ui/input' or its corresponding type declarations.
apps/web/src/components/stories/SaveToHighlightDialog.tsx(15,23): error TS2307: Cannot find module '@/components/ui/label' or its corresponding type declarations.
apps/web/src/components/stories/SaveToHighlightDialog.tsx(16,28): error TS2307: Cannot find module '@/components/ui/scroll-area' or its corresponding type declarations.
apps/web/src/components/stories/SaveToHighlightDialog.tsx(17,53): error TS2307: Cannot find module '@/components/ui/avatar' or its corresponding type declarations.
apps/web/src/components/stories/SaveToHighlightDialog.tsx(18,44): error TS2307: Cannot find module '@/lib/stories-types' or its corresponding type declarations.
apps/web/src/components/stories/SaveToHighlightDialog.tsx(19,26): error TS2307: Cannot find module '@/lib/types' or its corresponding type declarations.
apps/web/src/components/stories/SaveToHighlightDialog.tsx(20,38): error TS2307: Cannot find module '@/lib/stories-utils' or its corresponding type declarations.
apps/web/src/components/stories/SaveToHighlightDialog.tsx(21,25): error TS2307: Cannot find module '@/lib/haptics' or its corresponding type declarations.
apps/web/src/components/stories/SaveToHighlightDialog.tsx(44,53): error TS7006: Parameter 'h' implicitly has an 'any' type.
apps/web/src/components/stories/SaveToHighlightDialog.tsx(46,44): error TS7006: Parameter 'h' implicitly has an 'any' type.
apps/web/src/components/stories/SaveToHighlightDialog.tsx(47,37): error TS7006: Parameter 's' implicitly has an 'any' type.
apps/web/src/components/stories/SaveToHighlightDialog.tsx(64,20): error TS7006: Parameter 'current' implicitly has an 'any' type.
apps/web/src/components/stories/SaveToHighlightDialog.tsx(65,28): error TS7006: Parameter 'h' implicitly has an 'any' type.
apps/web/src/components/stories/SaveToHighlightDialog.tsx(103,20): error TS7006: Parameter 'current' implicitly has an 'any' type.
apps/web/src/components/stories/SaveToHighlightDialog.tsx(141,14): error TS2304: Cannot find name 'MotionView'.
apps/web/src/components/stories/SaveToHighlightDialog.tsx(151,30): error TS7006: Parameter 'e' implicitly has an 'any' type.
apps/web/src/components/stories/SaveToHighlightDialog.tsx(168,15): error TS2304: Cannot find name 'MotionView'.
apps/web/src/components/stories/SaveToHighlightDialog.tsx(181,39): error TS7006: Parameter 'highlight' implicitly has an 'any' type.
apps/web/src/components/stories/SaveToHighlightDialog.tsx(186,24): error TS2304: Cannot find name 'MotionView'.
apps/web/src/components/stories/SaveToHighlightDialog.tsx(230,25): error TS2304: Cannot find name 'MotionView'.
apps/web/src/components/stories/StoriesBar.tsx(2,1): error TS6133: 'motion' is declared but its value is never read.
apps/web/src/components/stories/StoriesBar.tsx(3,28): error TS2307: Cannot find module '@/components/ui/scroll-area' or its corresponding type declarations.
apps/web/src/components/stories/StoriesBar.tsx(60,10): error TS2304: Cannot find name 'MotionView'.
apps/web/src/components/stories/StoriesBar.tsx(77,11): error TS2304: Cannot find name 'MotionView'.
apps/web/src/components/stories/StoriesBar.tsx(79,10): error TS2375: Type '{ open: boolean; onOpenChange: Dispatch<SetStateAction<boolean>>; userId: string; userName: string; petId: string; petName: string; petPhoto: string; userAvatar: string | undefined; onStoryCreated: (story: Story) => void; }' is not assignable to type 'CreateStoryDialogProps' with 'exactOptionalPropertyTypes: true'. Consider adding 'undefined' to the types of the target's properties.
  Types of property 'userAvatar' are incompatible.
    Type 'string | undefined' is not assignable to type 'string'.
      Type 'undefined' is not assignable to type 'string'.
apps/web/src/components/stories/StoriesBar.tsx(98,8): error TS2304: Cannot find name 'MotionView'.
apps/web/src/components/stories/StoriesBar.tsx(124,28): error TS18048: 'firstStory' is possibly 'undefined'.
apps/web/src/components/stories/StoriesBar.tsx(125,29): error TS18048: 'firstStory' is possibly 'undefined'.
apps/web/src/components/stories/StoriesBar.tsx(138,9): error TS2304: Cannot find name 'MotionView'.
apps/web/src/components/stories/StoriesBar.tsx(141,10): error TS2375: Type '{ stories: Story[]; currentUserId: string; currentUserName: string; currentUserAvatar: string | undefined; onClose: () => void; onStoryUpdate: (story: Story) => void; }' is not assignable to type 'StoryViewerProps' with 'exactOptionalPropertyTypes: true'. Consider adding 'undefined' to the types of the target's properties.
  Types of property 'currentUserAvatar' are incompatible.
    Type 'string | undefined' is not assignable to type 'string'.
      Type 'undefined' is not assignable to type 'string'.
apps/web/src/components/stories/StoriesBar.tsx(151,8): error TS2375: Type '{ open: boolean; onOpenChange: Dispatch<SetStateAction<boolean>>; userId: string; userName: string; petId: string; petName: string; petPhoto: string; userAvatar: string | undefined; onStoryCreated: (story: Story) => void; }' is not assignable to type 'CreateStoryDialogProps' with 'exactOptionalPropertyTypes: true'. Consider adding 'undefined' to the types of the target's properties.
  Types of property 'userAvatar' are incompatible.
    Type 'string | undefined' is not assignable to type 'string'.
      Type 'undefined' is not assignable to type 'string'.
apps/web/src/components/stories/StoryFilterSelector.tsx(6,28): error TS2307: Cannot find module '@/components/ui/scroll-area' or its corresponding type declarations.
apps/web/src/components/stories/StoryFilterSelector.tsx(7,23): error TS2307: Cannot find module '@/components/ui/input' or its corresponding type declarations.
apps/web/src/components/stories/StoryFilterSelector.tsx(8,24): error TS2307: Cannot find module '@/components/ui/button' or its corresponding type declarations.
apps/web/src/components/stories/StoryFilterSelector.tsx(9,24): error TS2307: Cannot find module '@/components/ui/slider' or its corresponding type declarations.
apps/web/src/components/stories/StoryFilterSelector.tsx(10,23): error TS2307: Cannot find module '@/components/ui/label' or its corresponding type declarations.
apps/web/src/components/stories/StoryFilterSelector.tsx(16,8): error TS2307: Cannot find module '@/lib/story-templates' or its corresponding type declarations.
apps/web/src/components/stories/StoryFilterSelector.tsx(17,20): error TS2307: Cannot find module '@/lib/utils' or its corresponding type declarations.
apps/web/src/components/stories/StoryFilterSelector.tsx(47,36): error TS7006: Parameter 'filter' implicitly has an 'any' type.
apps/web/src/components/stories/StoryFilterSelector.tsx(52,42): error TS7006: Parameter 'f' implicitly has an 'any' type.
apps/web/src/components/stories/StoryFilterSelector.tsx(116,37): error TS7006: Parameter 'category' implicitly has an 'any' type.
apps/web/src/components/stories/StoryFilterSelector.tsx(164,35): error TS7006: Parameter 'filter' implicitly has an 'any' type.
apps/web/src/components/stories/StoryFilterSelector.tsx(164,43): error TS7006: Parameter 'index' implicitly has an 'any' type.
apps/web/src/components/stories/StoryRing.tsx(1,1): error TS6133: 'motion' is declared but its value is never read.
apps/web/src/components/stories/StoryRing.tsx(3,53): error TS2307: Cannot find module '@/components/ui/avatar' or its corresponding type declarations.
apps/web/src/components/stories/StoryRing.tsx(28,6): error TS2304: Cannot find name 'MotionView'.
apps/web/src/components/stories/StoryRing.tsx(67,7): error TS2304: Cannot find name 'MotionView'.
apps/web/src/components/stories/StoryTemplateSelector.tsx(2,10): error TS6133: 'motion' is declared but its value is never read.
apps/web/src/components/stories/StoryTemplateSelector.tsx(4,28): error TS2307: Cannot find module '@/components/ui/scroll-area' or its corresponding type declarations.
apps/web/src/components/stories/StoryTemplateSelector.tsx(5,23): error TS2307: Cannot find module '@/components/ui/input' or its corresponding type declarations.
apps/web/src/components/stories/StoryTemplateSelector.tsx(6,23): error TS2307: Cannot find module '@/components/ui/badge' or its corresponding type declarations.
apps/web/src/components/stories/StoryTemplateSelector.tsx(7,24): error TS2307: Cannot find module '@/components/ui/button' or its corresponding type declarations.
apps/web/src/components/stories/StoryTemplateSelector.tsx(12,8): error TS2307: Cannot find module '@/lib/story-templates' or its corresponding type declarations.
apps/web/src/components/stories/StoryTemplateSelector.tsx(13,20): error TS2307: Cannot find module '@/lib/utils' or its corresponding type declarations.
apps/web/src/components/stories/StoryTemplateSelector.tsx(28,6): error TS7006: Parameter 'template' implicitly has an 'any' type.
apps/web/src/components/stories/StoryTemplateSelector.tsx(44,24): error TS7006: Parameter 'e' implicitly has an 'any' type.
apps/web/src/components/stories/StoryTemplateSelector.tsx(51,39): error TS7006: Parameter 'category' implicitly has an 'any' type.
apps/web/src/components/stories/StoryTemplateSelector.tsx(72,21): error TS2322: Type '{ children: any; mode: string; }' is not assignable to type 'IntrinsicAttributes & PresenceProps'.
  Property 'mode' does not exist on type 'IntrinsicAttributes & PresenceProps'.
apps/web/src/components/stories/StoryTemplateSelector.tsx(73,37): error TS7006: Parameter 'template' implicitly has an 'any' type.
apps/web/src/components/stories/StoryTemplateSelector.tsx(73,47): error TS7006: Parameter 'index' implicitly has an 'any' type.
apps/web/src/components/stories/StoryTemplateSelector.tsx(74,16): error TS2304: Cannot find name 'MotionView'.
apps/web/src/components/stories/StoryTemplateSelector.tsx(120,20): error TS2304: Cannot find name 'MotionView'.
apps/web/src/components/stories/StoryTemplateSelector.tsx(126,21): error TS2304: Cannot find name 'MotionView'.
apps/web/src/components/stories/StoryTemplateSelector.tsx(139,17): error TS2304: Cannot find name 'MotionView'.
apps/web/src/components/stories/StoryViewer.tsx(1,53): error TS2307: Cannot find module '@/components/ui/avatar' or its corresponding type declarations.
apps/web/src/components/stories/StoryViewer.tsx(2,24): error TS2307: Cannot find module '@/components/ui/button' or its corresponding type declarations.
apps/web/src/components/stories/StoryViewer.tsx(8,8): error TS2307: Cannot find module '@/components/ui/dropdown-menu' or its corresponding type declarations.
apps/web/src/components/stories/StoryViewer.tsx(9,23): error TS2307: Cannot find module '@/components/ui/input' or its corresponding type declarations.
apps/web/src/components/stories/StoryViewer.tsx(10,31): error TS2307: Cannot find module '@/hooks/use-fullscreen' or its corresponding type declarations.
apps/web/src/components/stories/StoryViewer.tsx(11,35): error TS2307: Cannot find module '@/hooks/use-story-analytics' or its corresponding type declarations.
apps/web/src/components/stories/StoryViewer.tsx(12,34): error TS2307: Cannot find module '@/hooks/use-story-gestures' or its corresponding type declarations.
apps/web/src/components/stories/StoryViewer.tsx(13,25): error TS2307: Cannot find module '@/lib/haptics' or its corresponding type declarations.
apps/web/src/components/stories/StoryViewer.tsx(14,28): error TS2307: Cannot find module '@/lib/stories-types' or its corresponding type declarations.
apps/web/src/components/stories/StoryViewer.tsx(15,39): error TS2307: Cannot find module '@/lib/stories-types' or its corresponding type declarations.
apps/web/src/components/stories/StoryViewer.tsx(16,47): error TS2307: Cannot find module '@/lib/stories-utils' or its corresponding type declarations.
apps/web/src/components/stories/StoryViewer.tsx(17,41): error TS2307: Cannot find module '@/utils/reduced-motion' or its corresponding type declarations.
apps/web/src/components/stories/StoryViewer.tsx(31,33): error TS2307: Cannot find module '@/effects/reanimated/animate-presence' or its corresponding type declarations.
apps/web/src/components/stories/StoryViewer.tsx(32,30): error TS2307: Cannot find module '@/effects/reanimated/animated-view' or its corresponding type declarations.
apps/web/src/components/stories/StoryViewer.tsx(33,65): error TS2307: Cannot find module '@/effects/reanimated' or its corresponding type declarations.
apps/web/src/components/stories/StoryViewer.tsx(597,49): error TS7006: Parameter 'emoji' implicitly has an 'any' type.
apps/web/src/components/stories/StoryViewer.tsx(623,30): error TS7006: Parameter 'e' implicitly has an 'any' type.
apps/web/src/components/stories/StoryViewer.tsx(624,31): error TS7006: Parameter 'e' implicitly has an 'any' type.
apps/web/src/components/stories/__tests__/StoryFilterSelector.test.tsx(5,50): error TS2307: Cannot find module '@/lib/story-templates' or its corresponding type declarations.
apps/web/src/components/stories/__tests__/StoryFilterSelector.test.tsx(6,34): error TS2307: Cannot find module '@/lib/story-templates' or its corresponding type declarations.
apps/web/src/components/stories/__tests__/StoryFilterSelector.test.tsx(37,34): error TS7006: Parameter 'category' implicitly has an 'any' type.
apps/web/src/components/stories/__tests__/StoryFilterSelector.test.tsx(46,30): error TS7006: Parameter 'filter' implicitly has an 'any' type.
apps/web/src/components/stories/__tests__/StoryFilterSelector.test.tsx(78,48): error TS7006: Parameter 'f' implicitly has an 'any' type.
apps/web/src/components/stories/__tests__/StoryFilterSelector.test.tsx(111,32): error TS7006: Parameter 'filter' implicitly has an 'any' type.
apps/web/src/components/stories/__tests__/StoryFilterSelector.test.tsx(123,55): error TS7006: Parameter 'c' implicitly has an 'any' type.
apps/web/src/components/stories/__tests__/StoryFilterSelector.test.tsx(156,46): error TS7006: Parameter 'f' implicitly has an 'any' type.
apps/web/src/components/stories/__tests__/StoryFilterSelector.test.tsx(184,46): error TS7006: Parameter 'f' implicitly has an 'any' type.
apps/web/src/components/stories/__tests__/StoryFilterSelector.test.tsx(193,46): error TS7006: Parameter 'f' implicitly has an 'any' type.
apps/web/src/components/stories/__tests__/StoryFilterSelector.test.tsx(231,46): error TS7006: Parameter 'f' implicitly has an 'any' type.
apps/web/src/components/stories/__tests__/StoryFilterSelector.test.tsx(285,34): error TS7006: Parameter 'category' implicitly has an 'any' type.
apps/web/src/components/stories/__tests__/StoryFilterSelector.test.tsx(289,30): error TS7006: Parameter 'filter' implicitly has an 'any' type.
apps/web/src/components/stories/__tests__/StoryFilterSelector.test.tsx(335,46): error TS7006: Parameter 'f' implicitly has an 'any' type.
apps/web/src/components/stories/__tests__/StoryFilterSelector.test.tsx(351,46): error TS7006: Parameter 'f' implicitly has an 'any' type.
apps/web/src/components/streaming/GoLiveDialog.tsx(1,34): error TS2307: Cannot find module '@/api/live-streaming-api' or its corresponding type declarations.
apps/web/src/components/streaming/GoLiveDialog.tsx(2,23): error TS2307: Cannot find module '@/components/ui/badge' or its corresponding type declarations.
apps/web/src/components/streaming/GoLiveDialog.tsx(3,24): error TS2307: Cannot find module '@/components/ui/button' or its corresponding type declarations.
apps/web/src/components/streaming/GoLiveDialog.tsx(4,26): error TS2307: Cannot find module '@/components/ui/checkbox' or its corresponding type declarations.
apps/web/src/components/streaming/GoLiveDialog.tsx(11,8): error TS2307: Cannot find module '@/components/ui/dialog' or its corresponding type declarations.
apps/web/src/components/streaming/GoLiveDialog.tsx(12,23): error TS2307: Cannot find module '@/components/ui/input' or its corresponding type declarations.
apps/web/src/components/streaming/GoLiveDialog.tsx(13,23): error TS2307: Cannot find module '@/components/ui/label' or its corresponding type declarations.
apps/web/src/components/streaming/GoLiveDialog.tsx(20,8): error TS2307: Cannot find module '@/components/ui/select' or its corresponding type declarations.
apps/web/src/components/streaming/GoLiveDialog.tsx(21,26): error TS2307: Cannot find module '@/components/ui/textarea' or its corresponding type declarations.
apps/web/src/components/streaming/GoLiveDialog.tsx(22,41): error TS2307: Cannot find module '@/lib/live-streaming-types' or its corresponding type declarations.
apps/web/src/components/streaming/GoLiveDialog.tsx(23,30): error TS2307: Cannot find module '@/lib/logger' or its corresponding type declarations.
apps/web/src/components/streaming/GoLiveDialog.tsx(131,26): error TS7006: Parameter 'e' implicitly has an 'any' type.
apps/web/src/components/streaming/GoLiveDialog.tsx(143,26): error TS7006: Parameter 'e' implicitly has an 'any' type.
apps/web/src/components/streaming/GoLiveDialog.tsx(154,56): error TS7006: Parameter 'v' implicitly has an 'any' type.
apps/web/src/components/streaming/GoLiveDialog.tsx(172,33): error TS7006: Parameter 'v' implicitly has an 'any' type.
apps/web/src/components/streaming/GoLiveDialog.tsx(193,28): error TS7006: Parameter 'e' implicitly has an 'any' type.
apps/web/src/components/streaming/GoLiveDialog.tsx(194,30): error TS7006: Parameter 'e' implicitly has an 'any' type.
apps/web/src/components/streaming/GoLiveDialog.tsx(221,33): error TS7006: Parameter 'checked' implicitly has an 'any' type.
apps/web/src/components/streaming/LiveStreamRoom.tsx(2,24): error TS2307: Cannot find module '@/components/ui/button' or its corresponding type declarations.
apps/web/src/components/streaming/LiveStreamRoom.tsx(3,23): error TS2307: Cannot find module '@/components/ui/input' or its corresponding type declarations.
apps/web/src/components/streaming/LiveStreamRoom.tsx(4,23): error TS2307: Cannot find module '@/components/ui/badge' or its corresponding type declarations.
apps/web/src/components/streaming/LiveStreamRoom.tsx(5,28): error TS2307: Cannot find module '@/components/ui/scroll-area' or its corresponding type declarations.
apps/web/src/components/streaming/LiveStreamRoom.tsx(6,53): error TS2307: Cannot find module '@/components/ui/avatar' or its corresponding type declarations.
apps/web/src/components/streaming/LiveStreamRoom.tsx(18,10): error TS6133: 'motion' is declared but its value is never read.
apps/web/src/components/streaming/LiveStreamRoom.tsx(20,34): error TS2307: Cannot find module '@/api/live-streaming-api' or its corresponding type declarations.
apps/web/src/components/streaming/LiveStreamRoom.tsx(21,56): error TS2307: Cannot find module '@/lib/live-streaming-types' or its corresponding type declarations.
apps/web/src/components/streaming/LiveStreamRoom.tsx(22,25): error TS2307: Cannot find module '@/lib/haptics' or its corresponding type declarations.
apps/web/src/components/streaming/LiveStreamRoom.tsx(23,24): error TS2307: Cannot find module '@/lib/logger' or its corresponding type declarations.
apps/web/src/components/streaming/LiveStreamRoom.tsx(250,12): error TS2741: Property 'visible' is missing in type '{ children: Element[]; }' but required in type 'PresenceProps'.
apps/web/src/components/streaming/LiveStreamRoom.tsx(252,16): error TS2304: Cannot find name 'MotionView'.
apps/web/src/components/streaming/LiveStreamRoom.tsx(262,17): error TS2304: Cannot find name 'MotionView'.
apps/web/src/components/streaming/LiveStreamRoom.tsx(299,8): error TS2741: Property 'visible' is missing in type '{ children: any; }' but required in type 'PresenceProps'.
apps/web/src/components/streaming/LiveStreamRoom.tsx(301,12): error TS2304: Cannot find name 'MotionView'.
apps/web/src/components/streaming/LiveStreamRoom.tsx(353,30): error TS7006: Parameter 'e' implicitly has an 'any' type.
apps/web/src/components/streaming/LiveStreamRoom.tsx(354,32): error TS7006: Parameter 'e' implicitly has an 'any' type.
apps/web/src/components/streaming/LiveStreamRoom.tsx(368,13): error TS2304: Cannot find name 'MotionView'.
apps/web/src/components/streaming/LiveStreamRoom.tsx(385,12): error TS2304: Cannot find name 'MotionView'.
apps/web/src/components/streaming/LiveStreamRoom.tsx(393,13): error TS2304: Cannot find name 'MotionView'.
apps/web/src/components/streaming/lazy-exports.ts(23,3): error TS2322: Type 'Promise<{ default: never; } | { LiveStreamRoom: ({ streamId, isHost, onClose }: LiveStreamRoomProps) => Element; }>' is not assignable to type 'Promise<{ default: ComponentType<any>; }>'.
  Type '{ default: never; } | { LiveStreamRoom: ({ streamId, isHost, onClose }: LiveStreamRoomProps) => Element; }' is not assignable to type '{ default: ComponentType<any>; }'.
    Property 'default' is missing in type '{ LiveStreamRoom: ({ streamId, isHost, onClose }: LiveStreamRoomProps) => JSX.Element; }' but required in type '{ default: ComponentType<any>; }'.
apps/web/src/components/swipe/CardStack.tsx(5,31): error TS2307: Cannot find module '@/effects/reanimated/transitions' or its corresponding type declarations.
apps/web/src/components/swipe/CardStack.tsx(6,33): error TS2307: Cannot find module '@/lib/image-prefetcher' or its corresponding type declarations.
apps/web/src/components/swipe/CardStack.tsx(7,32): error TS2307: Cannot find module '@/hooks/use-native-swipe' or its corresponding type declarations.
apps/web/src/components/swipe/CardStack.tsx(8,30): error TS2307: Cannot find module '@/effects/reanimated/animated-view' or its corresponding type declarations.
apps/web/src/components/swipe/CardStack.tsx(9,36): error TS2307: Cannot find module '@/effects/reanimated/animated-view' or its corresponding type declarations.
apps/web/src/components/swipe/CardStack.tsx(10,30): error TS2307: Cannot find module '@/lib/logger' or its corresponding type declarations.
apps/web/src/components/swipe/CardStack.tsx(282,13): error TS2722: Cannot invoke an object which is possibly 'undefined'.
apps/web/src/components/swipe/CardStack.tsx(283,13): error TS2722: Cannot invoke an object which is possibly 'undefined'.
apps/web/src/components/swipe/CardStack.tsx(284,13): error TS2722: Cannot invoke an object which is possibly 'undefined'.
apps/web/src/components/swipe/CardStack.tsx(285,13): error TS2722: Cannot invoke an object which is possibly 'undefined'.
apps/web/src/components/swipe/CardStack.tsx(288,11): error TS2722: Cannot invoke an object which is possibly 'undefined'.
apps/web/src/components/swipe/CardStack.tsx(289,11): error TS2722: Cannot invoke an object which is possibly 'undefined'.
apps/web/src/components/swipe/CardStack.tsx(290,11): error TS2722: Cannot invoke an object which is possibly 'undefined'.
apps/web/src/components/swipe/CardStack.tsx(291,11): error TS2722: Cannot invoke an object which is possibly 'undefined'.
apps/web/src/components/swipe/CardStack.tsx(337,13): error TS2722: Cannot invoke an object which is possibly 'undefined'.
apps/web/src/components/swipe/CardStack.tsx(338,13): error TS2722: Cannot invoke an object which is possibly 'undefined'.
apps/web/src/components/swipe/CardStack.tsx(341,11): error TS2722: Cannot invoke an object which is possibly 'undefined'.
apps/web/src/components/swipe/CardStack.tsx(342,11): error TS2722: Cannot invoke an object which is possibly 'undefined'.
apps/web/src/components/ui/PremiumButton.tsx(77,46): error TS2339: Property 'onPointerMove' does not exist on type 'UseMagneticReturn'.
apps/web/src/components/ui/__tests__/dialog.test.tsx(18,39): error TS2307: Cannot find module '@/hooks/useReducedMotion' or its corresponding type declarations.
apps/web/src/components/ui/__tests__/dialog.test.tsx(27,18): error TS2352: Conversion of type 'Promise<ESModuleExports>' to type 'Record<string, unknown>' may be a mistake because neither type sufficiently overlaps with the other. If this was intentional, convert the expression to 'unknown' first.
  Index signature for type 'string' is missing in type 'Promise<ESModuleExports>'.
apps/web/src/components/ui/__tests__/select.test.tsx(2,26): error TS6133: 'waitFor' is declared but its value is never read.
apps/web/src/components/ui/__tests__/select.test.tsx(3,1): error TS6133: 'userEvent' is declared but its value is never read.
apps/web/src/components/ui/__tests__/spinner.test.tsx(9,39): error TS2307: Cannot find module '@/hooks/useReducedMotion' or its corresponding type declarations.
apps/web/src/components/ui/accordion.tsx(5,20): error TS2307: Cannot find module '@/lib/utils' or its corresponding type declarations.
apps/web/src/components/ui/alert-dialog.tsx(6,20): error TS2307: Cannot find module '@/lib/utils' or its corresponding type declarations.
apps/web/src/components/ui/alert-dialog.tsx(7,32): error TS2307: Cannot find module '@/components/ui/button' or its corresponding type declarations.
apps/web/src/components/ui/alert.tsx(4,20): error TS2307: Cannot find module '@/lib/utils' or its corresponding type declarations.
apps/web/src/components/ui/avatar.tsx(6,20): error TS2307: Cannot find module '@/lib/utils' or its corresponding type declarations.
apps/web/src/components/ui/badge.tsx(5,20): error TS2307: Cannot find module '@/lib/utils' or its corresponding type declarations.
apps/web/src/components/ui/breadcrumb.tsx(5,20): error TS2307: Cannot find module '@/lib/utils' or its corresponding type declarations.
apps/web/src/components/ui/breadcrumb.tsx(44,6): error TS2322: Type '{ ref?: LegacyRef<HTMLAnchorElement> | undefined; key?: Key | null | undefined; download?: any; href?: string | undefined; hrefLang?: string | undefined; ... 268 more ...; className: any; }' is not assignable to type 'SlotProps'.
  Types of property 'onBeforeInput' are incompatible.
    Type 'FormEventHandler<HTMLAnchorElement> | undefined' is not assignable to type 'InputEventHandler<HTMLElement> | undefined'.
      Type 'FormEventHandler<HTMLAnchorElement>' is not assignable to type 'InputEventHandler<HTMLElement>'.
        Types of parameters 'event' and 'event' are incompatible.
          Type 'InputEvent<HTMLElement>' is not assignable to type 'FormEvent<HTMLAnchorElement>'.
            Types of property 'currentTarget' are incompatible.
              Type 'EventTarget & HTMLElement' is not assignable to type 'EventTarget & HTMLAnchorElement' with 'exactOptionalPropertyTypes: true'. Consider adding 'undefined' to the types of the target's properties.
                Type 'EventTarget & HTMLElement' is missing the following properties from type 'HTMLAnchorElement': charset, coords, download, hreflang, and 21 more.
apps/web/src/components/ui/button.tsx(5,20): error TS2307: Cannot find module '@/lib/utils' or its corresponding type declarations.
apps/web/src/components/ui/button.tsx(51,6): error TS2322: Type '{ ref?: LegacyRef<HTMLButtonElement> | undefined; key?: Key | null | undefined; disabled?: boolean | undefined; form?: string | undefined; formAction?: string | undefined; ... 270 more ...; className: any; }' is not assignable to type 'SlotProps'.
  Types of property 'onBeforeInput' are incompatible.
    Type 'FormEventHandler<HTMLButtonElement> | undefined' is not assignable to type 'InputEventHandler<HTMLElement> | undefined'.
      Type 'FormEventHandler<HTMLButtonElement>' is not assignable to type 'InputEventHandler<HTMLElement>'.
        Types of parameters 'event' and 'event' are incompatible.
          Type 'InputEvent<HTMLElement>' is not assignable to type 'FormEvent<HTMLButtonElement>'.
            Types of property 'currentTarget' are incompatible.
              Type 'EventTarget & HTMLElement' is not assignable to type 'EventTarget & HTMLButtonElement' with 'exactOptionalPropertyTypes: true'. Consider adding 'undefined' to the types of the target's properties.
                Type 'EventTarget & HTMLElement' is missing the following properties from type 'HTMLButtonElement': disabled, form, formAction, formEnctype, and 15 more.
apps/web/src/components/ui/calendar.tsx(3,27): error TS2307: Cannot find module 'react-day-picker' or its corresponding type declarations.
apps/web/src/components/ui/calendar.tsx(5,20): error TS2307: Cannot find module '@/lib/utils' or its corresponding type declarations.
apps/web/src/components/ui/calendar.tsx(6,32): error TS2307: Cannot find module '@/components/ui/button' or its corresponding type declarations.
apps/web/src/components/ui/calendar.tsx(58,33): error TS7031: Binding element 'className' implicitly has an 'any' type.
apps/web/src/components/ui/calendar.tsx(62,29): error TS7031: Binding element 'className' implicitly has an 'any' type.
apps/web/src/components/ui/card.tsx(3,20): error TS2307: Cannot find module '@/lib/utils' or its corresponding type declarations.
apps/web/src/components/ui/carousel.tsx(5,61): error TS2307: Cannot find module 'embla-carousel-react' or its corresponding type declarations.
apps/web/src/components/ui/carousel.tsx(8,20): error TS2307: Cannot find module '@/lib/utils' or its corresponding type declarations.
apps/web/src/components/ui/carousel.tsx(9,24): error TS2307: Cannot find module '@/components/ui/button' or its corresponding type declarations.
apps/web/src/components/ui/chart.tsx(3,36): error TS2307: Cannot find module 'recharts' or its corresponding type declarations.
apps/web/src/components/ui/chart.tsx(5,20): error TS2307: Cannot find module '@/lib/utils' or its corresponding type declarations.
apps/web/src/components/ui/chart.tsx(162,23): error TS7006: Parameter 'item' implicitly has an 'any' type.
apps/web/src/components/ui/chart.tsx(162,29): error TS7006: Parameter 'index' implicitly has an 'any' type.
apps/web/src/components/ui/chart.tsx(258,21): error TS7006: Parameter 'item' implicitly has an 'any' type.
apps/web/src/components/ui/checkbox.tsx(7,20): error TS2307: Cannot find module '@/lib/utils' or its corresponding type declarations.
apps/web/src/components/ui/command.tsx(7,20): error TS2307: Cannot find module '@/lib/utils' or its corresponding type declarations.
apps/web/src/components/ui/command.tsx(14,8): error TS2307: Cannot find module '@/components/ui/dialog' or its corresponding type declarations.
apps/web/src/components/ui/context-menu.tsx(7,20): error TS2307: Cannot find module '@/lib/utils' or its corresponding type declarations.
apps/web/src/components/ui/dialog.stories.tsx(6,37): error TS2307: Cannot find module '@storybook/react' or its corresponding type declarations.
apps/web/src/components/ui/dialog.tsx(9,20): error TS2307: Cannot find module '@/lib/utils' or its corresponding type declarations.
apps/web/src/components/ui/dialog.tsx(10,30): error TS2307: Cannot find module '@/effects/reanimated/animated-view' or its corresponding type declarations.
apps/web/src/components/ui/dialog.tsx(11,36): error TS2307: Cannot find module '@/effects/reanimated/animated-view' or its corresponding type declarations.
apps/web/src/components/ui/dialog.tsx(12,34): error TS2307: Cannot find module '@/hooks/useReducedMotion' or its corresponding type declarations.
apps/web/src/components/ui/dialog.tsx(13,31): error TS2307: Cannot find module '@/effects/reanimated/transitions' or its corresponding type declarations.
apps/web/src/components/ui/dialog.tsx(14,24): error TS2307: Cannot find module '@/core/tokens/motion' or its corresponding type declarations.
apps/web/src/components/ui/dialog.tsx(15,25): error TS2307: Cannot find module '@/lib/haptics' or its corresponding type declarations.
apps/web/src/components/ui/drawer.tsx(2,43): error TS2307: Cannot find module 'vaul' or its corresponding type declarations.
apps/web/src/components/ui/drawer.tsx(4,20): error TS2307: Cannot find module '@/lib/utils' or its corresponding type declarations.
apps/web/src/components/ui/dropdown-menu.tsx(11,20): error TS2307: Cannot find module '@/lib/utils' or its corresponding type declarations.
apps/web/src/components/ui/form.tsx(13,8): error TS2307: Cannot find module 'react-hook-form' or its corresponding type declarations.
apps/web/src/components/ui/form.tsx(15,20): error TS2307: Cannot find module '@/lib/utils' or its corresponding type declarations.
apps/web/src/components/ui/form.tsx(16,23): error TS2307: Cannot find module '@/components/ui/label' or its corresponding type declarations.
apps/web/src/components/ui/hover-card.tsx(4,20): error TS2307: Cannot find module '@/lib/utils' or its corresponding type declarations.
apps/web/src/components/ui/input-otp.tsx(8,20): error TS2307: Cannot find module '@/lib/utils' or its corresponding type declarations.
apps/web/src/components/ui/input.tsx(3,20): error TS2307: Cannot find module '@/lib/utils' or its corresponding type declarations.
apps/web/src/components/ui/label.tsx(6,20): error TS2307: Cannot find module '@/lib/utils' or its corresponding type declarations.
apps/web/src/components/ui/menubar.tsx(6,20): error TS2307: Cannot find module '@/lib/utils' or its corresponding type declarations.
apps/web/src/components/ui/navigation-menu.tsx(6,20): error TS2307: Cannot find module '@/lib/utils' or its corresponding type declarations.
apps/web/src/components/ui/pagination.tsx(4,20): error TS2307: Cannot find module '@/lib/utils' or its corresponding type declarations.
apps/web/src/components/ui/pagination.tsx(5,29): error TS2307: Cannot find module '@/components/ui/button' or its corresponding type declarations.
apps/web/src/components/ui/pagination.tsx(6,32): error TS2307: Cannot find module '@/components/ui/button' or its corresponding type declarations.
apps/web/src/components/ui/pagination.tsx(61,7): error TS2783: 'size' is specified more than once, so this usage will be overwritten.
apps/web/src/components/ui/pagination.tsx(75,7): error TS2783: 'size' is specified more than once, so this usage will be overwritten.
apps/web/src/components/ui/popover.tsx(6,20): error TS2307: Cannot find module '@/lib/utils' or its corresponding type declarations.
apps/web/src/components/ui/progress.tsx(4,20): error TS2307: Cannot find module '@/lib/utils' or its corresponding type declarations.
apps/web/src/components/ui/radio-group.tsx(7,20): error TS2307: Cannot find module '@/lib/utils' or its corresponding type declarations.
apps/web/src/components/ui/resizable.tsx(3,37): error TS2307: Cannot find module 'react-resizable-panels' or its corresponding type declarations.
apps/web/src/components/ui/resizable.tsx(5,20): error TS2307: Cannot find module '@/lib/utils' or its corresponding type declarations.
apps/web/src/components/ui/scroll-area.tsx(6,20): error TS2307: Cannot find module '@/lib/utils' or its corresponding type declarations.
apps/web/src/components/ui/select.tsx(5,20): error TS2307: Cannot find module '@/lib/utils' or its corresponding type declarations.
apps/web/src/components/ui/separator.tsx(6,20): error TS2307: Cannot find module '@/lib/utils' or its corresponding type declarations.
apps/web/src/components/ui/sheet.tsx(5,20): error TS2307: Cannot find module '@/lib/utils' or its corresponding type declarations.
apps/web/src/components/ui/sidebar.tsx(10,29): error TS2307: Cannot find module '@/hooks/use-mobile' or its corresponding type declarations.
apps/web/src/components/ui/sidebar.tsx(11,20): error TS2307: Cannot find module '@/lib/utils' or its corresponding type declarations.
apps/web/src/components/ui/sidebar.tsx(12,24): error TS2307: Cannot find module '@/components/ui/button' or its corresponding type declarations.
apps/web/src/components/ui/sidebar.tsx(13,23): error TS2307: Cannot find module '@/components/ui/input' or its corresponding type declarations.
apps/web/src/components/ui/sidebar.tsx(14,27): error TS2307: Cannot find module '@/components/ui/separator' or its corresponding type declarations.
apps/web/src/components/ui/sidebar.tsx(21,8): error TS2307: Cannot find module '@/components/ui/sheet' or its corresponding type declarations.
apps/web/src/components/ui/sidebar.tsx(22,26): error TS2307: Cannot find module '@/components/ui/skeleton' or its corresponding type declarations.
apps/web/src/components/ui/sidebar.tsx(23,74): error TS2307: Cannot find module '@/components/ui/tooltip' or its corresponding type declarations.
apps/web/src/components/ui/sidebar.tsx(260,17): error TS7006: Parameter 'event' implicitly has an 'any' type.
apps/web/src/components/ui/sidebar.tsx(388,6): error TS2322: Type '{ ref?: LegacyRef<HTMLDivElement> | undefined; key?: Key | null | undefined; defaultChecked?: boolean | undefined; defaultValue?: string | number | readonly string[] | undefined; ... 262 more ...; className: any; }' is not assignable to type 'SlotProps'.
  Types of property 'onBeforeInput' are incompatible.
    Type 'FormEventHandler<HTMLDivElement> | undefined' is not assignable to type 'InputEventHandler<HTMLElement> | undefined'.
      Type 'FormEventHandler<HTMLDivElement>' is not assignable to type 'InputEventHandler<HTMLElement>'.
        Types of parameters 'event' and 'event' are incompatible.
          Type 'InputEvent<HTMLElement>' is not assignable to type 'FormEvent<HTMLDivElement>'.
            Types of property 'currentTarget' are incompatible.
              Type 'EventTarget & HTMLElement' is not assignable to type 'EventTarget & HTMLDivElement' with 'exactOptionalPropertyTypes: true'. Consider adding 'undefined' to the types of the target's properties.
                Property 'align' is missing in type 'EventTarget & HTMLElement' but required in type 'HTMLDivElement'.
apps/web/src/components/ui/sidebar.tsx(409,6): error TS2322: Type '{ ref?: LegacyRef<HTMLButtonElement> | undefined; key?: Key | null | undefined; disabled?: boolean | undefined; form?: string | undefined; formAction?: string | undefined; ... 271 more ...; className: any; }' is not assignable to type 'SlotProps'.
  Types of property 'onBeforeInput' are incompatible.
    Type 'FormEventHandler<HTMLButtonElement> | undefined' is not assignable to type 'InputEventHandler<HTMLElement> | undefined'.
      Type 'FormEventHandler<HTMLButtonElement>' is not assignable to type 'InputEventHandler<HTMLElement>'.
        Types of parameters 'event' and 'event' are incompatible.
          Type 'InputEvent<HTMLElement>' is not assignable to type 'FormEvent<HTMLButtonElement>'.
            Types of property 'currentTarget' are incompatible.
              Type 'EventTarget & HTMLElement' is not assignable to type 'EventTarget & HTMLButtonElement' with 'exactOptionalPropertyTypes: true'. Consider adding 'undefined' to the types of the target's properties.
                Type 'EventTarget & HTMLElement' is missing the following properties from type 'HTMLButtonElement': disabled, form, formAction, formEnctype, and 15 more.
apps/web/src/components/ui/sidebar.tsx(496,6): error TS2322: Type '{ ref?: LegacyRef<HTMLButtonElement> | undefined; key?: Key | null | undefined; disabled?: boolean | undefined; form?: string | undefined; formAction?: string | undefined; ... 273 more ...; className: any; }' is not assignable to type 'SlotProps'.
  Types of property 'onBeforeInput' are incompatible.
    Type 'FormEventHandler<HTMLButtonElement> | undefined' is not assignable to type 'InputEventHandler<HTMLElement> | undefined'.
      Type 'FormEventHandler<HTMLButtonElement>' is not assignable to type 'InputEventHandler<HTMLElement>'.
        Types of parameters 'event' and 'event' are incompatible.
          Type 'InputEvent<HTMLElement>' is not assignable to type 'FormEvent<HTMLButtonElement>'.
            Types of property 'currentTarget' are incompatible.
              Type 'EventTarget & HTMLElement' is not assignable to type 'EventTarget & HTMLButtonElement' with 'exactOptionalPropertyTypes: true'. Consider adding 'undefined' to the types of the target's properties.
                Type 'EventTarget & HTMLElement' is missing the following properties from type 'HTMLButtonElement': disabled, form, formAction, formEnctype, and 15 more.
apps/web/src/components/ui/sidebar.tsx(541,6): error TS2322: Type '{ ref?: LegacyRef<HTMLButtonElement> | undefined; key?: Key | null | undefined; disabled?: boolean | undefined; form?: string | undefined; formAction?: string | undefined; ... 271 more ...; className: any; }' is not assignable to type 'SlotProps'.
  Types of property 'onBeforeInput' are incompatible.
    Type 'FormEventHandler<HTMLButtonElement> | undefined' is not assignable to type 'InputEventHandler<HTMLElement> | undefined'.
      Type 'FormEventHandler<HTMLButtonElement>' is not assignable to type 'InputEventHandler<HTMLElement>'.
        Types of parameters 'event' and 'event' are incompatible.
          Type 'InputEvent<HTMLElement>' is not assignable to type 'FormEvent<HTMLButtonElement>'.
            Types of property 'currentTarget' are incompatible.
              Type 'EventTarget & HTMLElement' is not assignable to type 'EventTarget & HTMLButtonElement' with 'exactOptionalPropertyTypes: true'. Consider adding 'undefined' to the types of the target's properties.
                Type 'EventTarget & HTMLElement' is missing the following properties from type 'HTMLButtonElement': disabled, form, formAction, formEnctype, and 15 more.
apps/web/src/components/ui/sidebar.tsx(653,6): error TS2322: Type '{ ref?: LegacyRef<HTMLAnchorElement> | undefined; key?: Key | null | undefined; download?: any; href?: string | undefined; hrefLang?: string | undefined; ... 271 more ...; className: any; }' is not assignable to type 'SlotProps'.
  Types of property 'onBeforeInput' are incompatible.
    Type 'FormEventHandler<HTMLAnchorElement> | undefined' is not assignable to type 'InputEventHandler<HTMLElement> | undefined'.
      Type 'FormEventHandler<HTMLAnchorElement>' is not assignable to type 'InputEventHandler<HTMLElement>'.
        Types of parameters 'event' and 'event' are incompatible.
          Type 'InputEvent<HTMLElement>' is not assignable to type 'FormEvent<HTMLAnchorElement>'.
            Types of property 'currentTarget' are incompatible.
              Type 'EventTarget & HTMLElement' is not assignable to type 'EventTarget & HTMLAnchorElement' with 'exactOptionalPropertyTypes: true'. Consider adding 'undefined' to the types of the target's properties.
                Type 'EventTarget & HTMLElement' is missing the following properties from type 'HTMLAnchorElement': charset, coords, download, hreflang, and 21 more.
apps/web/src/components/ui/skeleton.tsx(1,20): error TS2307: Cannot find module '@/lib/utils' or its corresponding type declarations.
apps/web/src/components/ui/slider.tsx(8,20): error TS2307: Cannot find module '@/lib/utils' or its corresponding type declarations.
apps/web/src/components/ui/spinner.tsx(12,20): error TS2307: Cannot find module '@/lib/utils' or its corresponding type declarations.
apps/web/src/components/ui/spinner.tsx(13,30): error TS2307: Cannot find module '@/effects/reanimated/animated-view' or its corresponding type declarations.
apps/web/src/components/ui/spinner.tsx(14,36): error TS2307: Cannot find module '@/effects/reanimated/animated-view' or its corresponding type declarations.
apps/web/src/components/ui/spinner.tsx(15,34): error TS2307: Cannot find module '@/hooks/useReducedMotion' or its corresponding type declarations.
apps/web/src/components/ui/switch.tsx(6,20): error TS2307: Cannot find module '@/lib/utils' or its corresponding type declarations.
apps/web/src/components/ui/table.tsx(3,20): error TS2307: Cannot find module '@/lib/utils' or its corresponding type declarations.
apps/web/src/components/ui/tabs.tsx(6,20): error TS2307: Cannot find module '@/lib/utils' or its corresponding type declarations.
apps/web/src/components/ui/textarea.tsx(3,20): error TS2307: Cannot find module '@/lib/utils' or its corresponding type declarations.
apps/web/src/components/ui/toggle-group.tsx(8,20): error TS2307: Cannot find module '@/lib/utils' or its corresponding type declarations.
apps/web/src/components/ui/toggle-group.tsx(9,32): error TS2307: Cannot find module '@/components/ui/toggle' or its corresponding type declarations.
apps/web/src/components/ui/toggle-group.tsx(53,29): error TS4111: Property 'variant' comes from an index signature, so it must be accessed with ['variant'].
apps/web/src/components/ui/toggle-group.tsx(54,26): error TS4111: Property 'size' comes from an index signature, so it must be accessed with ['size'].
apps/web/src/components/ui/toggle-group.tsx(57,28): error TS4111: Property 'variant' comes from an index signature, so it must be accessed with ['variant'].
apps/web/src/components/ui/toggle-group.tsx(58,25): error TS4111: Property 'size' comes from an index signature, so it must be accessed with ['size'].
apps/web/src/components/ui/toggle.tsx(5,20): error TS2307: Cannot find module '@/lib/utils' or its corresponding type declarations.
apps/web/src/components/ui/tooltip.tsx(4,20): error TS2307: Cannot find module '@/lib/utils' or its corresponding type declarations.
apps/web/src/components/verification/DocumentUploadCard.tsx(2,1): error TS6133: 'motion' is declared but its value is never read.
apps/web/src/components/verification/DocumentUploadCard.tsx(3,24): error TS2307: Cannot find module '@/components/ui/button' or its corresponding type declarations.
apps/web/src/components/verification/DocumentUploadCard.tsx(4,23): error TS2307: Cannot find module '@/components/ui/badge' or its corresponding type declarations.
apps/web/src/components/verification/DocumentUploadCard.tsx(6,57): error TS2307: Cannot find module '@/lib/verification-types' or its corresponding type declarations.
apps/web/src/components/verification/DocumentUploadCard.tsx(7,20): error TS2307: Cannot find module '@/lib/utils' or its corresponding type declarations.
apps/web/src/components/verification/DocumentUploadCard.tsx(83,6): error TS2304: Cannot find name 'MotionView'.
apps/web/src/components/verification/DocumentUploadCard.tsx(126,12): error TS2304: Cannot find name 'MotionView'.
apps/web/src/components/verification/DocumentUploadCard.tsx(143,18): error TS2304: Cannot find name 'MotionView'.
apps/web/src/components/verification/DocumentUploadCard.tsx(149,40): error TS7053: Element implicitly has an 'any' type because expression of type 'any' can't be used to index type '{ pending: { icon: Icon; color: string; }; verified: { icon: Icon; color: string; }; rejected: { icon: Icon; color: string; }; expired: { icon: Icon; color: string; }; unverified: { ...; }; }'.
apps/web/src/components/verification/DocumentUploadCard.tsx(154,36): error TS7053: Element implicitly has an 'any' type because expression of type 'any' can't be used to index type '{ pending: { icon: Icon; color: string; }; verified: { icon: Icon; color: string; }; rejected: { icon: Icon; color: string; }; expired: { icon: Icon; color: string; }; unverified: { ...; }; }'.
apps/web/src/components/verification/DocumentUploadCard.tsx(158,19): error TS2304: Cannot find name 'MotionView'.
apps/web/src/components/verification/DocumentUploadCard.tsx(171,13): error TS2304: Cannot find name 'MotionView'.
apps/web/src/components/verification/DocumentUploadCard.tsx(190,7): error TS2304: Cannot find name 'MotionView'.
apps/web/src/components/verification/VerificationButton.tsx(2,1): error TS6133: 'motion' is declared but its value is never read.
apps/web/src/components/verification/VerificationButton.tsx(3,24): error TS2307: Cannot find module '@/components/ui/button' or its corresponding type declarations.
apps/web/src/components/verification/VerificationButton.tsx(4,23): error TS2307: Cannot find module '@/components/ui/badge' or its corresponding type declarations.
apps/web/src/components/verification/VerificationButton.tsx(6,28): error TS2307: Cannot find module '@/hooks/use-storage' or its corresponding type declarations.
apps/web/src/components/verification/VerificationButton.tsx(7,42): error TS2307: Cannot find module '@/lib/verification-types' or its corresponding type declarations.
apps/web/src/components/verification/VerificationButton.tsx(9,20): error TS2307: Cannot find module '@/lib/utils' or its corresponding type declarations.
apps/web/src/components/verification/VerificationButton.tsx(66,18): error TS7053: Element implicitly has an 'any' type because expression of type 'any' can't be used to index type '{ unverified: { icon: Icon; label: string; color: string; badgeColor: string; }; pending: { icon: Icon; label: string; color: string; badgeColor: string; }; verified: { icon: Icon; label: string; color: string; badgeColor: string; }; rejected: { ...; }; expired: { ...; }; }'.
apps/web/src/components/verification/VerificationButton.tsx(72,10): error TS2304: Cannot find name 'MotionView'.
apps/web/src/components/verification/VerificationButton.tsx(117,11): error TS2304: Cannot find name 'MotionView'.
apps/web/src/components/verification/VerificationDialog.tsx(1,23): error TS2307: Cannot find module '@/components/ui/badge' or its corresponding type declarations.
apps/web/src/components/verification/VerificationDialog.tsx(2,24): error TS2307: Cannot find module '@/components/ui/button' or its corresponding type declarations.
apps/web/src/components/verification/VerificationDialog.tsx(9,8): error TS2307: Cannot find module '@/components/ui/dialog' or its corresponding type declarations.
apps/web/src/components/verification/VerificationDialog.tsx(10,26): error TS2307: Cannot find module '@/components/ui/progress' or its corresponding type declarations.
apps/web/src/components/verification/VerificationDialog.tsx(11,28): error TS2307: Cannot find module '@/components/ui/scroll-area' or its corresponding type declarations.
apps/web/src/components/verification/VerificationDialog.tsx(12,28): error TS2307: Cannot find module '@/hooks/use-storage' or its corresponding type declarations.
apps/web/src/components/verification/VerificationDialog.tsx(13,20): error TS2307: Cannot find module '@/lib/utils' or its corresponding type declarations.
apps/web/src/components/verification/VerificationDialog.tsx(14,37): error TS2307: Cannot find module '@/lib/verification-service' or its corresponding type declarations.
apps/web/src/components/verification/VerificationDialog.tsx(22,8): error TS2307: Cannot find module '@/lib/verification-types' or its corresponding type declarations.
apps/web/src/components/verification/VerificationDialog.tsx(104,32): error TS7006: Parameter 'prev' implicitly has an 'any' type.
apps/web/src/components/verification/VerificationDialog.tsx(122,47): error TS7006: Parameter 'd' implicitly has an 'any' type.
apps/web/src/components/verification/VerificationDialog.tsx(129,50): error TS7006: Parameter 'd' implicitly has an 'any' type.
apps/web/src/components/verification/VerificationDialog.tsx(133,30): error TS7006: Parameter 'prev' implicitly has an 'any' type.
apps/web/src/components/verification/VerificationDialog.tsx(157,32): error TS7006: Parameter 'prev' implicitly has an 'any' type.
apps/web/src/components/verification/VerificationDialog.tsx(183,32): error TS7006: Parameter 'prev' implicitly has an 'any' type.
apps/web/src/components/verification/VerificationDialog.tsx(230,20): error TS7053: Element implicitly has an 'any' type because expression of type 'any' can't be used to index type '{ unverified: { icon: Icon; label: string; color: string; }; pending: { icon: Icon; label: string; color: string; }; verified: { icon: Icon; label: string; color: string; }; rejected: { icon: Icon; label: string; color: string; }; expired: { ...; }; }'.
apps/web/src/components/verification/VerificationDialog.tsx(247,16): error TS2304: Cannot find name 'MotionView'.
apps/web/src/components/verification/VerificationDialog.tsx(254,17): error TS2304: Cannot find name 'MotionView'.
apps/web/src/components/verification/VerificationDialog.tsx(269,16): error TS2304: Cannot find name 'MotionView'.
apps/web/src/components/verification/VerificationDialog.tsx(287,49): error TS7006: Parameter 'benefit' implicitly has an 'any' type.
apps/web/src/components/verification/VerificationDialog.tsx(287,58): error TS7006: Parameter 'index' implicitly has an 'any' type.
apps/web/src/components/verification/VerificationDialog.tsx(288,31): error TS2339: Property 'li' does not exist on type '{ readonly durations: { readonly instant: 120; readonly ultraFast: 160; readonly fast: 200; readonly standard: 260; readonly slow: 360; readonly deliberate: 500; readonly xs: 90; readonly sm: 140; readonly md: 220; readonly lg: 360; readonly xl: 600; }; readonly spring: { ...; }; readonly easing: { ...; }; }'.
apps/web/src/components/verification/VerificationDialog.tsx(301,32): error TS2339: Property 'li' does not exist on type '{ readonly durations: { readonly instant: 120; readonly ultraFast: 160; readonly fast: 200; readonly standard: 260; readonly slow: 360; readonly deliberate: 500; readonly xs: 90; readonly sm: 140; readonly md: 220; readonly lg: 360; readonly xl: 600; }; readonly spring: { ...; }; readonly easing: { ...; }; }'.
apps/web/src/components/verification/VerificationDialog.tsx(310,17): error TS2304: Cannot find name 'MotionView'.
apps/web/src/components/verification/VerificationDialog.tsx(314,16): error TS2304: Cannot find name 'MotionView'.
apps/web/src/components/verification/VerificationDialog.tsx(331,20): error TS2304: Cannot find name 'MotionView'.
apps/web/src/components/verification/VerificationDialog.tsx(352,21): error TS2304: Cannot find name 'MotionView'.
apps/web/src/components/verification/VerificationDialog.tsx(356,20): error TS2304: Cannot find name 'MotionView'.
apps/web/src/components/verification/VerificationDialog.tsx(375,21): error TS2304: Cannot find name 'MotionView'.
apps/web/src/components/verification/VerificationDialog.tsx(380,56): error TS7006: Parameter 'docType' implicitly has an 'any' type.
apps/web/src/components/verification/VerificationDialog.tsx(409,58): error TS7006: Parameter 'docType' implicitly has an 'any' type.
apps/web/src/components/verification/VerificationDialog.tsx(481,17): error TS2304: Cannot find name 'MotionView'.
apps/web/src/components/verification/VerificationLevelSelector.tsx(1,1): error TS6133: 'motion' is declared but its value is never read.
apps/web/src/components/verification/VerificationLevelSelector.tsx(3,67): error TS2307: Cannot find module '@/lib/verification-types' or its corresponding type declarations.
apps/web/src/components/verification/VerificationLevelSelector.tsx(4,20): error TS2307: Cannot find module '@/lib/utils' or its corresponding type declarations.
apps/web/src/components/verification/VerificationLevelSelector.tsx(46,14): error TS2304: Cannot find name 'MotionView'.
apps/web/src/components/verification/VerificationLevelSelector.tsx(60,18): error TS2304: Cannot find name 'MotionView'.
apps/web/src/components/verification/VerificationLevelSelector.tsx(105,15): error TS2304: Cannot find name 'MotionView'.
apps/web/src/components/views/AdoptionMarketplaceView.tsx(1,38): error TS2307: Cannot find module '@/components/adoption/AdoptionFiltersSheet' or its corresponding type declarations.
apps/web/src/components/views/AdoptionMarketplaceView.tsx(2,37): error TS2307: Cannot find module '@/components/adoption/AdoptionListingCard' or its corresponding type declarations.
apps/web/src/components/views/AdoptionMarketplaceView.tsx(3,45): error TS2307: Cannot find module '@/components/adoption/AdoptionListingDetailDialog' or its corresponding type declarations.
apps/web/src/components/views/AdoptionMarketplaceView.tsx(4,45): error TS2307: Cannot find module '@/components/adoption/CreateAdoptionListingDialog' or its corresponding type declarations.
apps/web/src/components/views/AdoptionMarketplaceView.tsx(5,40): error TS2307: Cannot find module '@/components/adoption/MyAdoptionApplications' or its corresponding type declarations.
apps/web/src/components/views/AdoptionMarketplaceView.tsx(6,36): error TS2307: Cannot find module '@/components/adoption/MyAdoptionListings' or its corresponding type declarations.
apps/web/src/components/views/AdoptionMarketplaceView.tsx(7,23): error TS2307: Cannot find module '@/components/ui/badge' or its corresponding type declarations.
apps/web/src/components/views/AdoptionMarketplaceView.tsx(8,24): error TS2307: Cannot find module '@/components/ui/button' or its corresponding type declarations.
apps/web/src/components/views/AdoptionMarketplaceView.tsx(9,23): error TS2307: Cannot find module '@/components/ui/input' or its corresponding type declarations.
apps/web/src/components/views/AdoptionMarketplaceView.tsx(10,58): error TS2307: Cannot find module '@/components/ui/tabs' or its corresponding type declarations.
apps/web/src/components/views/AdoptionMarketplaceView.tsx(11,44): error TS2307: Cannot find module '@/lib/adoption-marketplace-service' or its corresponding type declarations.
apps/web/src/components/views/AdoptionMarketplaceView.tsx(12,62): error TS2307: Cannot find module '@/lib/adoption-marketplace-types' or its corresponding type declarations.
apps/web/src/components/views/AdoptionMarketplaceView.tsx(13,25): error TS2307: Cannot find module '@/lib/haptics' or its corresponding type declarations.
apps/web/src/components/views/AdoptionMarketplaceView.tsx(14,24): error TS2307: Cannot find module '@/lib/logger' or its corresponding type declarations.
apps/web/src/components/views/AdoptionMarketplaceView.tsx(16,20): error TS6133: 'motion' is declared but its value is never read.
apps/web/src/components/views/AdoptionMarketplaceView.tsx(123,47): error TS7006: Parameter 'v' implicitly has an 'any' type.
apps/web/src/components/views/AdoptionMarketplaceView.tsx(148,28): error TS7006: Parameter 'e' implicitly has an 'any' type.
apps/web/src/components/views/AdoptionMarketplaceView.tsx(169,36): error TS7006: Parameter 'breed' implicitly has an 'any' type.
apps/web/src/components/views/AdoptionMarketplaceView.tsx(176,37): error TS7006: Parameter 'prev' implicitly has an 'any' type.
apps/web/src/components/views/AdoptionMarketplaceView.tsx(197,35): error TS7006: Parameter 'prev' implicitly has an 'any' type.
apps/web/src/components/views/AdoptionMarketplaceView.tsx(213,35): error TS7006: Parameter 'prev' implicitly has an 'any' type.
apps/web/src/components/views/AdoptionMarketplaceView.tsx(241,14): error TS2304: Cannot find name 'MotionView'.
apps/web/src/components/views/AdoptionMarketplaceView.tsx(255,15): error TS2304: Cannot find name 'MotionView'.
apps/web/src/components/views/AdoptionMarketplaceView.tsx(258,25): error TS2322: Type '{ children: Element[]; mode: string; }' is not assignable to type 'IntrinsicAttributes & PresenceProps'.
  Property 'mode' does not exist on type 'IntrinsicAttributes & PresenceProps'.
apps/web/src/components/views/AdoptionMarketplaceView.tsx(260,20): error TS2304: Cannot find name 'MotionView'.
apps/web/src/components/views/AdoptionMarketplaceView.tsx(271,21): error TS2304: Cannot find name 'MotionView'.
apps/web/src/components/views/AdoptionMarketplaceView.tsx(308,24): error TS7006: Parameter 'open' implicitly has an 'any' type.
apps/web/src/components/views/AdoptionView.tsx(1,29): error TS2307: Cannot find module '@/api/adoption-api' or its corresponding type declarations.
apps/web/src/components/views/AdoptionView.tsx(2,37): error TS2307: Cannot find module '@/components/adoption/AdoptionListingCard' or its corresponding type declarations.
apps/web/src/components/views/AdoptionView.tsx(3,45): error TS2307: Cannot find module '@/components/adoption/AdoptionListingDetailDialog' or its corresponding type declarations.
apps/web/src/components/views/AdoptionView.tsx(4,45): error TS2307: Cannot find module '@/components/adoption/CreateAdoptionListingDialog' or its corresponding type declarations.
apps/web/src/components/views/AdoptionView.tsx(5,36): error TS2307: Cannot find module '@/components/adoption/MyApplicationsView' or its corresponding type declarations.
apps/web/src/components/views/AdoptionView.tsx(6,23): error TS2307: Cannot find module '@/components/ui/badge' or its corresponding type declarations.
apps/web/src/components/views/AdoptionView.tsx(7,24): error TS2307: Cannot find module '@/components/ui/button' or its corresponding type declarations.
apps/web/src/components/views/AdoptionView.tsx(8,23): error TS2307: Cannot find module '@/components/ui/input' or its corresponding type declarations.
apps/web/src/components/views/AdoptionView.tsx(9,28): error TS2307: Cannot find module '@/components/ui/scroll-area' or its corresponding type declarations.
apps/web/src/components/views/AdoptionView.tsx(10,45): error TS2307: Cannot find module '@/components/ui/tabs' or its corresponding type declarations.
apps/web/src/components/views/AdoptionView.tsx(11,24): error TS2307: Cannot find module '@/contexts/AppContext' or its corresponding type declarations.
apps/web/src/components/views/AdoptionView.tsx(12,28): error TS2307: Cannot find module '@/hooks/use-storage' or its corresponding type declarations.
apps/web/src/components/views/AdoptionView.tsx(13,38): error TS2307: Cannot find module '@/lib/adoption-marketplace-types' or its corresponding type declarations.
apps/web/src/components/views/AdoptionView.tsx(14,30): error TS2307: Cannot find module '@/lib/logger' or its corresponding type declarations.
apps/web/src/components/views/AdoptionView.tsx(16,30): error TS2307: Cannot find module '@/effects/reanimated/animated-view' or its corresponding type declarations.
apps/web/src/components/views/AdoptionView.tsx(17,36): error TS2307: Cannot find module '@/effects/reanimated/use-animate-presence' or its corresponding type declarations.
apps/web/src/components/views/AdoptionView.tsx(18,30): error TS2307: Cannot find module '@/effects/reanimated/use-hover-lift' or its corresponding type declarations.
apps/web/src/components/views/AdoptionView.tsx(19,32): error TS2307: Cannot find module '@/effects/reanimated/use-bounce-on-tap' or its corresponding type declarations.
apps/web/src/components/views/AdoptionView.tsx(20,1): error TS6192: All imports in import declaration are unused.
apps/web/src/components/views/AdoptionView.tsx(21,1): error TS6133: 'AnimatedStyle' is declared but its value is never read.
apps/web/src/components/views/AdoptionView.tsx(21,36): error TS2307: Cannot find module '@/effects/reanimated/animated-view' or its corresponding type declarations.
apps/web/src/components/views/AdoptionView.tsx(61,10): error TS7006: Parameter 'p' implicitly has an 'any' type.
apps/web/src/components/views/AdoptionView.tsx(130,19): error TS7006: Parameter 'currentFavorites' implicitly has an 'any' type.
apps/web/src/components/views/AdoptionView.tsx(227,24): error TS7006: Parameter 'e' implicitly has an 'any' type.
apps/web/src/components/views/AdoptionView.tsx(232,49): error TS7006: Parameter 'v' implicitly has an 'any' type.
apps/web/src/components/views/AdoptionView.tsx(274,51): error TS6133: 'index' is declared but its value is never read.
apps/web/src/components/views/AdoptionView.tsx(308,24): error TS7006: Parameter 'open' implicitly has an 'any' type.
apps/web/src/components/views/ChatView.tsx(11,27): error TS2307: Cannot find module '@/components/ChatRoomsList' or its corresponding type declarations.
apps/web/src/components/views/ChatView.tsx(12,24): error TS2307: Cannot find module '@/components/ChatWindowNew' or its corresponding type declarations.
apps/web/src/components/views/ChatView.tsx(13,24): error TS2307: Cannot find module '@/contexts/AppContext' or its corresponding type declarations.
apps/web/src/components/views/ChatView.tsx(14,29): error TS2307: Cannot find module '@/hooks/use-mobile' or its corresponding type declarations.
apps/web/src/components/views/ChatView.tsx(15,28): error TS2307: Cannot find module '@/hooks/use-storage' or its corresponding type declarations.
apps/web/src/components/views/ChatView.tsx(16,33): error TS2307: Cannot find module '@/lib/chat-service' or its corresponding type declarations.
apps/web/src/components/views/ChatView.tsx(17,31): error TS2307: Cannot find module '@/lib/chat-types' or its corresponding type declarations.
apps/web/src/components/views/ChatView.tsx(18,32): error TS2307: Cannot find module '@/lib/chat-utils' or its corresponding type declarations.
apps/web/src/components/views/ChatView.tsx(19,30): error TS2307: Cannot find module '@/lib/logger' or its corresponding type declarations.
apps/web/src/components/views/ChatView.tsx(20,33): error TS2307: Cannot find module '@/lib/types' or its corresponding type declarations.
apps/web/src/components/views/ChatView.tsx(21,30): error TS2307: Cannot find module '@/effects/reanimated/animated-view' or its corresponding type declarations.
apps/web/src/components/views/ChatView.tsx(22,36): error TS2307: Cannot find module '@/effects/reanimated/animated-view' or its corresponding type declarations.
apps/web/src/components/views/ChatView.tsx(23,35): error TS2307: Cannot find module '@/effects/reanimated/use-page-transition' or its corresponding type declarations.
apps/web/src/components/views/ChatView.tsx(24,31): error TS2307: Cannot find module '@/effects/reanimated/transitions' or its corresponding type declarations.
apps/web/src/components/views/ChatView.tsx(111,21): error TS7006: Parameter 'current' implicitly has an 'any' type.
apps/web/src/components/views/CommunityView.tsx(1,29): error TS2307: Cannot find module '@/api/adoption-api' or its corresponding type declarations.
apps/web/src/components/views/CommunityView.tsx(2,30): error TS2307: Cannot find module '@/api/lost-found-api' or its corresponding type declarations.
apps/web/src/components/views/CommunityView.tsx(3,30): error TS2307: Cannot find module '@/components/adoption/AdoptionCard' or its corresponding type declarations.
apps/web/src/components/views/CommunityView.tsx(4,38): error TS2307: Cannot find module '@/components/adoption/AdoptionDetailDialog' or its corresponding type declarations.
apps/web/src/components/views/CommunityView.tsx(5,26): error TS2307: Cannot find module '@/components/community/PostCard' or its corresponding type declarations.
apps/web/src/components/views/CommunityView.tsx(6,30): error TS2307: Cannot find module '@/components/community/PostComposer' or its corresponding type declarations.
apps/web/src/components/views/CommunityView.tsx(7,33): error TS2307: Cannot find module '@/components/community/RankingSkeleton' or its corresponding type declarations.
apps/web/src/components/views/CommunityView.tsx(8,39): error TS2307: Cannot find module '@/components/lost-found/CreateLostAlertDialog' or its corresponding type declarations.
apps/web/src/components/views/CommunityView.tsx(9,26): error TS2307: Cannot find module '@/components/maps/LostFoundMap' or its corresponding type declarations.
apps/web/src/components/views/CommunityView.tsx(10,23): error TS2307: Cannot find module '@/components/ui/badge' or its corresponding type declarations.
apps/web/src/components/views/CommunityView.tsx(11,24): error TS2307: Cannot find module '@/components/ui/button' or its corresponding type declarations.
apps/web/src/components/views/CommunityView.tsx(12,26): error TS2307: Cannot find module '@/components/ui/skeleton' or its corresponding type declarations.
apps/web/src/components/views/CommunityView.tsx(13,58): error TS2307: Cannot find module '@/components/ui/tabs' or its corresponding type declarations.
apps/web/src/components/views/CommunityView.tsx(14,24): error TS2307: Cannot find module '@/contexts/AppContext' or its corresponding type declarations.
apps/web/src/components/views/CommunityView.tsx(15,28): error TS2307: Cannot find module '@/hooks/use-storage' or its corresponding type declarations.
apps/web/src/components/views/CommunityView.tsx(16,38): error TS2307: Cannot find module '@/lib/adoption-types' or its corresponding type declarations.
apps/web/src/components/views/CommunityView.tsx(17,25): error TS2307: Cannot find module '@/lib/haptics' or its corresponding type declarations.
apps/web/src/components/views/CommunityView.tsx(18,30): error TS2307: Cannot find module '@/lib/logger' or its corresponding type declarations.
apps/web/src/components/views/CommunityView.tsx(19,32): error TS2307: Cannot find module '@/lib/lost-found-types' or its corresponding type declarations.
apps/web/src/components/views/CommunityView.tsx(20,35): error TS2307: Cannot find module '@/lib/maps/types' or its corresponding type declarations.
apps/web/src/components/views/CommunityView.tsx(34,3): error TS6133: 'withSpring' is declared but its value is never read.
apps/web/src/components/views/CommunityView.tsx(36,3): error TS6133: 'interpolate' is declared but its value is never read.
apps/web/src/components/views/CommunityView.tsx(37,3): error TS6133: 'Extrapolation' is declared but its value is never read.
apps/web/src/components/views/CommunityView.tsx(41,30): error TS2307: Cannot find module '@/effects/reanimated/animated-view' or its corresponding type declarations.
apps/web/src/components/views/CommunityView.tsx(42,36): error TS2307: Cannot find module '@/effects/reanimated/animated-view' or its corresponding type declarations.
apps/web/src/components/views/CommunityView.tsx(43,10): error TS6133: 'springConfigs' is declared but its value is never read.
apps/web/src/components/views/CommunityView.tsx(43,46): error TS2307: Cannot find module '@/effects/reanimated/transitions' or its corresponding type declarations.
apps/web/src/components/views/CommunityView.tsx(44,35): error TS2307: Cannot find module '@/effects/reanimated/use-page-transition' or its corresponding type declarations.
apps/web/src/components/views/CommunityView.tsx(45,30): error TS2307: Cannot find module '@/effects/reanimated/use-hover-lift' or its corresponding type declarations.
apps/web/src/components/views/CommunityView.tsx(48,54): error TS2307: Cannot find module '@/components/community/features/feed' or its corresponding type declarations.
apps/web/src/components/views/CommunityView.tsx(49,42): error TS2307: Cannot find module '@/components/virtual' or its corresponding type declarations.
apps/web/src/components/views/CommunityView.tsx(50,34): error TS2307: Cannot find module '@/components/community/features/pull-to-refresh' or its corresponding type declarations.
apps/web/src/components/views/CommunityView.tsx(51,33): error TS2307: Cannot find module '@/components/community/features/trending-tags' or its corresponding type declarations.
apps/web/src/components/views/CommunityView.tsx(52,32): error TS2307: Cannot find module '@/components/community/features/post-actions' or its corresponding type declarations.
apps/web/src/components/views/CommunityView.tsx(142,29): error TS6133: 'setFavoritedProfiles' is declared but its value is never read.
apps/web/src/components/views/CommunityView.tsx(553,51): error TS7006: Parameter 'tag' implicitly has an 'any' type.
apps/web/src/components/views/CommunityView.tsx(612,36): error TS7006: Parameter 'post' implicitly has an 'any' type.
apps/web/src/components/views/CommunityView.tsx(626,38): error TS7006: Parameter 'post' implicitly has an 'any' type.
apps/web/src/components/views/CommunityView.tsx(693,32): error TS7006: Parameter 'profile' implicitly has an 'any' type.
apps/web/src/components/views/CommunityView.tsx(714,34): error TS7006: Parameter 'profile' implicitly has an 'any' type.
apps/web/src/components/views/CommunityView.tsx(738,34): error TS7006: Parameter 'alertId' implicitly has an 'any' type.
apps/web/src/components/views/CommunityView.tsx(738,43): error TS7006: Parameter 'location' implicitly has an 'any' type.
apps/web/src/components/views/CommunityView.tsx(741,58): error TS2307: Cannot find module '@/lib/user-service' or its corresponding type declarations.
apps/web/src/components/views/CommunityView.tsx(787,24): error TS7006: Parameter 'open' implicitly has an 'any' type.
apps/web/src/components/views/DiscoverView.tsx(1,29): error TS2307: Cannot find module '@/api/adoption-api' or its corresponding type declarations.
apps/web/src/components/views/DiscoverView.tsx(2,36): error TS2307: Cannot find module '@/components/CompatibilityBreakdown' or its corresponding type declarations.
apps/web/src/components/views/DiscoverView.tsx(3,29): error TS2307: Cannot find module '@/components/DiscoverMapMode' or its corresponding type declarations.
apps/web/src/components/views/DiscoverView.tsx(4,34): error TS2307: Cannot find module '@/components/discovery/SavedSearchesManager' or its corresponding type declarations.
apps/web/src/components/views/DiscoverView.tsx(5,61): error TS2307: Cannot find module '@/components/DiscoveryFilters' or its corresponding type declarations.
apps/web/src/components/views/DiscoverView.tsx(9,10): error TS2307: Cannot find module '@/components/enhanced/EnhancedPetDetailView' or its corresponding type declarations.
apps/web/src/components/views/DiscoverView.tsx(13,30): error TS2307: Cannot find module '@/components/MatchCelebration' or its corresponding type declarations.
apps/web/src/components/views/DiscoverView.tsx(14,28): error TS2307: Cannot find module '@/components/PetRatings' or its corresponding type declarations.
apps/web/src/components/views/DiscoverView.tsx(15,24): error TS2307: Cannot find module '@/components/stories/StoriesBar' or its corresponding type declarations.
apps/web/src/components/views/DiscoverView.tsx(16,29): error TS2307: Cannot find module '@/components/TrustBadges' or its corresponding type declarations.
apps/web/src/components/views/DiscoverView.tsx(17,23): error TS2307: Cannot find module '@/components/ui/badge' or its corresponding type declarations.
apps/web/src/components/views/DiscoverView.tsx(18,24): error TS2307: Cannot find module '@/components/ui/button' or its corresponding type declarations.
apps/web/src/components/views/DiscoverView.tsx(19,39): error TS2307: Cannot find module '@/components/ui/dialog' or its corresponding type declarations.
apps/web/src/components/views/DiscoverView.tsx(20,35): error TS2307: Cannot find module '@/components/VerificationBadge' or its corresponding type declarations.
apps/web/src/components/views/DiscoverView.tsx(21,24): error TS2307: Cannot find module '@/contexts/AppContext' or its corresponding type declarations.
apps/web/src/components/views/DiscoverView.tsx(22,27): error TS2307: Cannot find module '@/hooks/useDialog' or its corresponding type declarations.
apps/web/src/components/views/DiscoverView.tsx(23,29): error TS2307: Cannot find module '@/hooks/useMatching' or its corresponding type declarations.
apps/web/src/components/views/DiscoverView.tsx(24,33): error TS2307: Cannot find module '@/hooks/usePetDiscovery' or its corresponding type declarations.
apps/web/src/components/views/DiscoverView.tsx(25,28): error TS2307: Cannot find module '@/hooks/use-storage' or its corresponding type declarations.
apps/web/src/components/views/DiscoverView.tsx(26,28): error TS2307: Cannot find module '@/hooks/useStories' or its corresponding type declarations.
apps/web/src/components/views/DiscoverView.tsx(27,26): error TS2307: Cannot find module '@/hooks/useSwipe' or its corresponding type declarations.
apps/web/src/components/views/DiscoverView.tsx(28,29): error TS2307: Cannot find module '@/hooks/useViewMode' or its corresponding type declarations.
apps/web/src/components/views/DiscoverView.tsx(29,38): error TS2307: Cannot find module '@/lib/adoption-types' or its corresponding type declarations.
apps/web/src/components/views/DiscoverView.tsx(30,76): error TS2307: Cannot find module '@/lib/distance' or its corresponding type declarations.
apps/web/src/components/views/DiscoverView.tsx(31,25): error TS2307: Cannot find module '@/lib/haptics' or its corresponding type declarations.
apps/web/src/components/views/DiscoverView.tsx(32,30): error TS2307: Cannot find module '@/lib/logger' or its corresponding type declarations.
apps/web/src/components/views/DiscoverView.tsx(33,40): error TS2307: Cannot find module '@/lib/matching' or its corresponding type declarations.
apps/web/src/components/views/DiscoverView.tsx(35,42): error TS2307: Cannot find module '@/lib/stories-types' or its corresponding type declarations.
apps/web/src/components/views/DiscoverView.tsx(36,46): error TS2307: Cannot find module '@/lib/types' or its corresponding type declarations.
apps/web/src/components/views/DiscoverView.tsx(37,42): error TS2307: Cannot find module '@/lib/verification-types' or its corresponding type declarations.
apps/web/src/components/views/DiscoverView.tsx(60,30): error TS2307: Cannot find module '@/effects/reanimated/animated-view' or its corresponding type declarations.
apps/web/src/components/views/DiscoverView.tsx(61,36): error TS2307: Cannot find module '@/effects/reanimated/animated-view' or its corresponding type declarations.
apps/web/src/components/views/DiscoverView.tsx(62,33): error TS2307: Cannot find module '@/effects/reanimated/animate-presence' or its corresponding type declarations.
apps/web/src/components/views/DiscoverView.tsx(63,46): error TS2307: Cannot find module '@/effects/reanimated/transitions' or its corresponding type declarations.
apps/web/src/components/views/DiscoverView.tsx(64,30): error TS2307: Cannot find module '@/effects/reanimated/use-hover-lift' or its corresponding type declarations.
apps/web/src/components/views/DiscoverView.tsx(127,15): error TS7006: Parameter 'dir' implicitly has an 'any' type.
apps/web/src/components/views/DiscoverView.tsx(233,44): error TS7006: Parameter 'pet' implicitly has an 'any' type.
apps/web/src/components/views/DiscoverView.tsx(287,24): error TS7006: Parameter 'prev' implicitly has an 'any' type.
apps/web/src/components/views/DiscoverView.tsx(290,21): error TS7006: Parameter 'currentMatches' implicitly has an 'any' type.
apps/web/src/components/views/DiscoverView.tsx(293,14): error TS7006: Parameter 'm' implicitly has an 'any' type.
apps/web/src/components/views/DiscoverView.tsx(781,21): error TS7006: Parameter 'pet' implicitly has an 'any' type.
apps/web/src/components/views/DiscoverView.tsx(781,26): error TS7006: Parameter 'action' implicitly has an 'any' type.
apps/web/src/components/views/DiscoverView.tsx(783,57): error TS7006: Parameter 'p' implicitly has an 'any' type.
apps/web/src/components/views/DiscoverView.tsx(999,47): error TS7006: Parameter 'reason' implicitly has an 'any' type.
apps/web/src/components/views/DiscoverView.tsx(999,55): error TS7006: Parameter 'idx' implicitly has an 'any' type.
apps/web/src/components/views/DiscoverView.tsx(1016,62): error TS7006: Parameter 'trait' implicitly has an 'any' type.
apps/web/src/components/views/DiscoverView.tsx(1016,69): error TS7006: Parameter 'idx' implicitly has an 'any' type.
apps/web/src/components/views/DiscoverView.tsx(1101,15): error TS2322: Type '{ key: any; pet: any; onClose: any; onLike: () => void; onPass: () => void; compatibilityScore: any; matchReasons: any; showActions: boolean; }' is not assignable to type 'IntrinsicAttributes'.
  Property 'pet' does not exist on type 'IntrinsicAttributes'.
apps/web/src/components/views/DiscoverView.tsx(1131,31): error TS7006: Parameter 'newPreferences' implicitly has an 'any' type.
apps/web/src/components/views/LostFoundView.tsx(2,28): error TS2307: Cannot find module '@/hooks/use-storage' or its corresponding type declarations.
apps/web/src/components/views/LostFoundView.tsx(3,24): error TS2307: Cannot find module '@/components/ui/button' or its corresponding type declarations.
apps/web/src/components/views/LostFoundView.tsx(4,45): error TS2307: Cannot find module '@/components/ui/tabs' or its corresponding type declarations.
apps/web/src/components/views/LostFoundView.tsx(5,28): error TS2307: Cannot find module '@/components/ui/scroll-area' or its corresponding type declarations.
apps/web/src/components/views/LostFoundView.tsx(6,23): error TS2307: Cannot find module '@/components/ui/input' or its corresponding type declarations.
apps/web/src/components/views/LostFoundView.tsx(8,10): error TS6133: 'motion' is declared but its value is never read.
apps/web/src/components/views/LostFoundView.tsx(9,32): error TS2307: Cannot find module '@/lib/lost-found-types' or its corresponding type declarations.
apps/web/src/components/views/LostFoundView.tsx(10,31): error TS2307: Cannot find module '@/components/lost-found/LostAlertCard' or its corresponding type declarations.
apps/web/src/components/views/LostFoundView.tsx(11,39): error TS2307: Cannot find module '@/components/lost-found/CreateLostAlertDialog' or its corresponding type declarations.
apps/web/src/components/views/LostFoundView.tsx(12,38): error TS2307: Cannot find module '@/components/lost-found/ReportSightingDialog' or its corresponding type declarations.
apps/web/src/components/views/LostFoundView.tsx(13,30): error TS2307: Cannot find module '@/api/lost-found-api' or its corresponding type declarations.
apps/web/src/components/views/LostFoundView.tsx(14,24): error TS2307: Cannot find module '@/contexts/AppContext' or its corresponding type declarations.
apps/web/src/components/views/LostFoundView.tsx(16,30): error TS2307: Cannot find module '@/lib/logger' or its corresponding type declarations.
apps/web/src/components/views/LostFoundView.tsx(17,39): error TS2307: Cannot find module '@/lib/lost-found-types' or its corresponding type declarations.
apps/web/src/components/views/LostFoundView.tsx(108,19): error TS7006: Parameter 'currentFavorites' implicitly has an 'any' type.
apps/web/src/components/views/LostFoundView.tsx(202,28): error TS7006: Parameter 'e' implicitly has an 'any' type.
apps/web/src/components/views/LostFoundView.tsx(207,53): error TS7006: Parameter 'v' implicitly has an 'any' type.
apps/web/src/components/views/LostFoundView.tsx(225,23): error TS2322: Type '{ children: Element; mode: string; }' is not assignable to type 'IntrinsicAttributes & PresenceProps'.
  Property 'mode' does not exist on type 'IntrinsicAttributes & PresenceProps'.
apps/web/src/components/views/LostFoundView.tsx(227,18): error TS2304: Cannot find name 'MotionView'.
apps/web/src/components/views/LostFoundView.tsx(249,19): error TS2304: Cannot find name 'MotionView'.
apps/web/src/components/views/LostFoundView.tsx(251,18): error TS2304: Cannot find name 'MotionView'.
apps/web/src/components/views/LostFoundView.tsx(259,22): error TS2304: Cannot find name 'MotionView'.
apps/web/src/components/views/LostFoundView.tsx(272,23): error TS2304: Cannot find name 'MotionView'.
apps/web/src/components/views/LostFoundView.tsx(274,19): error TS2304: Cannot find name 'MotionView'.
apps/web/src/components/views/LostFoundView.tsx(285,16): error TS2304: Cannot find name 'MotionView'.
apps/web/src/components/views/LostFoundView.tsx(298,17): error TS2304: Cannot find name 'MotionView'.
apps/web/src/components/views/MapView.tsx(2,10): error TS6133: 'motion' is declared but its value is never read.
apps/web/src/components/views/MapView.tsx(14,24): error TS2307: Cannot find module '@/components/ui/button' or its corresponding type declarations.
apps/web/src/components/views/MapView.tsx(15,23): error TS2307: Cannot find module '@/components/ui/input' or its corresponding type declarations.
apps/web/src/components/views/MapView.tsx(16,23): error TS2307: Cannot find module '@/components/ui/badge' or its corresponding type declarations.
apps/web/src/components/views/MapView.tsx(17,22): error TS2307: Cannot find module '@/components/ui/card' or its corresponding type declarations.
apps/web/src/components/views/MapView.tsx(18,24): error TS2307: Cannot find module '@/contexts/AppContext' or its corresponding type declarations.
apps/web/src/components/views/MapView.tsx(19,25): error TS2307: Cannot find module '@/lib/haptics' or its corresponding type declarations.
apps/web/src/components/views/MapView.tsx(20,34): error TS2307: Cannot find module '@/lib/maps/config' or its corresponding type declarations.
apps/web/src/components/views/MapView.tsx(26,8): error TS2307: Cannot find module '@/lib/maps/utils' or its corresponding type declarations.
apps/web/src/components/views/MapView.tsx(27,49): error TS2307: Cannot find module '@/lib/maps/types' or its corresponding type declarations.
apps/web/src/components/views/MapView.tsx(28,28): error TS2307: Cannot find module '@/hooks/use-storage' or its corresponding type declarations.
apps/web/src/components/views/MapView.tsx(30,30): error TS2307: Cannot find module '@/lib/maps/useMapConfig' or its corresponding type declarations.
apps/web/src/components/views/MapView.tsx(31,24): error TS2307: Cannot find module '@/lib/logger' or its corresponding type declarations.
apps/web/src/components/views/MapView.tsx(175,21): error TS7006: Parameter 'current' implicitly has an 'any' type.
apps/web/src/components/views/MapView.tsx(179,38): error TS7006: Parameter 'id' implicitly has an 'any' type.
apps/web/src/components/views/MapView.tsx(241,53): error TS7006: Parameter 'c' implicitly has an 'any' type.
apps/web/src/components/views/MapView.tsx(243,16): error TS2304: Cannot find name 'MotionView'.
apps/web/src/components/views/MapView.tsx(275,17): error TS2304: Cannot find name 'MotionView'.
apps/web/src/components/views/MapView.tsx(283,10): error TS2304: Cannot find name 'MotionView'.
apps/web/src/components/views/MapView.tsx(297,28): error TS7006: Parameter 'e' implicitly has an 'any' type.
apps/web/src/components/views/MapView.tsx(326,36): error TS7006: Parameter 'category' implicitly has an 'any' type.
apps/web/src/components/views/MapView.tsx(341,11): error TS2304: Cannot find name 'MotionView'.
apps/web/src/components/views/MapView.tsx(345,12): error TS2304: Cannot find name 'MotionView'.
apps/web/src/components/views/MapView.tsx(370,13): error TS2304: Cannot find name 'MotionView'.
apps/web/src/components/views/MapView.tsx(374,12): error TS2304: Cannot find name 'MotionView'.
apps/web/src/components/views/MapView.tsx(399,13): error TS2304: Cannot find name 'MotionView'.
apps/web/src/components/views/MapView.tsx(404,8): error TS2741: Property 'visible' is missing in type '{ children: false | Element; }' but required in type 'PresenceProps'.
apps/web/src/components/views/MapView.tsx(406,12): error TS2304: Cannot find name 'MotionView'.
apps/web/src/components/views/MapView.tsx(424,57): error TS7006: Parameter 'c' implicitly has an 'any' type.
apps/web/src/components/views/MapView.tsx(456,39): error TS7006: Parameter 'e' implicitly has an 'any' type.
apps/web/src/components/views/MapView.tsx(490,13): error TS2304: Cannot find name 'MotionView'.
apps/web/src/components/views/MapView.tsx(495,8): error TS2741: Property 'visible' is missing in type '{ children: false | Element; }' but required in type 'PresenceProps'.
apps/web/src/components/views/MapView.tsx(497,12): error TS2304: Cannot find name 'MotionView'.
apps/web/src/components/views/MapView.tsx(506,55): error TS7006: Parameter 'c' implicitly has an 'any' type.
apps/web/src/components/views/MapView.tsx(552,47): error TS7006: Parameter 'amenity' implicitly has an 'any' type.
apps/web/src/components/views/MapView.tsx(588,13): error TS2304: Cannot find name 'MotionView'.
apps/web/src/components/views/MapView.tsx(593,8): error TS2304: Cannot find name 'MotionView'.
apps/web/src/components/views/MapView.tsx(615,9): error TS2304: Cannot find name 'MotionView'.
apps/web/src/components/views/MatchesView.tsx(1,27): error TS2307: Cannot find module '@/components/call/CallInterface' or its corresponding type declarations.
apps/web/src/components/views/MatchesView.tsx(2,36): error TS2307: Cannot find module '@/components/CompatibilityBreakdown' or its corresponding type declarations.
apps/web/src/components/views/MatchesView.tsx(3,38): error TS2307: Cannot find module '@/components/enhanced/DetailedPetAnalytics' or its corresponding type declarations.
apps/web/src/components/views/MatchesView.tsx(4,39): error TS2307: Cannot find module '@/components/enhanced/EnhancedPetDetailView' or its corresponding type declarations.
apps/web/src/components/views/MatchesView.tsx(5,31): error TS2307: Cannot find module '@/components/playdate/PlaydateScheduler' or its corresponding type declarations.
apps/web/src/components/views/MatchesView.tsx(6,24): error TS2307: Cannot find module '@/components/ui/button' or its corresponding type declarations.
apps/web/src/components/views/MatchesView.tsx(7,39): error TS2307: Cannot find module '@/components/ui/dialog' or its corresponding type declarations.
apps/web/src/components/views/MatchesView.tsx(8,58): error TS2307: Cannot find module '@/components/ui/tabs' or its corresponding type declarations.
apps/web/src/components/views/MatchesView.tsx(9,24): error TS2307: Cannot find module '@/contexts/AppContext' or its corresponding type declarations.
apps/web/src/components/views/MatchesView.tsx(10,25): error TS2307: Cannot find module '@/hooks/useCall' or its corresponding type declarations.
apps/web/src/components/views/MatchesView.tsx(11,28): error TS2307: Cannot find module '@/hooks/useMatches' or its corresponding type declarations.
apps/web/src/components/views/MatchesView.tsx(12,25): error TS2307: Cannot find module '@/lib/haptics' or its corresponding type declarations.
apps/web/src/components/views/MatchesView.tsx(13,65): error TS2307: Cannot find module '@/lib/matching' or its corresponding type declarations.
apps/web/src/components/views/MatchesView.tsx(14,33): error TS2307: Cannot find module '@/lib/types' or its corresponding type declarations.
apps/web/src/components/views/MatchesView.tsx(24,30): error TS2307: Cannot find module '@/effects/reanimated/animated-view' or its corresponding type declarations.
apps/web/src/components/views/MatchesView.tsx(25,36): error TS2307: Cannot find module '@/effects/reanimated/use-animate-presence' or its corresponding type declarations.
apps/web/src/components/views/MatchesView.tsx(26,30): error TS2307: Cannot find module '@/effects/reanimated/use-hover-lift' or its corresponding type declarations.
apps/web/src/components/views/MatchesView.tsx(27,32): error TS2307: Cannot find module '@/effects/reanimated/use-bounce-on-tap' or its corresponding type declarations.
apps/web/src/components/views/MatchesView.tsx(36,36): error TS2307: Cannot find module '@/effects/reanimated/animated-view' or its corresponding type declarations.
apps/web/src/components/views/MatchesView.tsx(75,9): error TS6133: 'cardHover' is declared but its value is never read.
apps/web/src/components/views/MatchesView.tsx(76,9): error TS6133: 'cardTap' is declared but its value is never read.
apps/web/src/components/views/MatchesView.tsx(80,9): error TS6133: 'selectedPetPresence' is declared but its value is never read.
apps/web/src/components/views/MatchesView.tsx(194,27): error TS7006: Parameter 'pet' implicitly has an 'any' type.
apps/web/src/components/views/MatchesView.tsx(194,32): error TS6133: 'idx' is declared but its value is never read.
apps/web/src/components/views/MatchesView.tsx(194,32): error TS7006: Parameter 'idx' implicitly has an 'any' type.
apps/web/src/components/views/MatchesView.tsx(195,12): error TS2375: Type '{ key: any; pet: any; onSelect: () => any; onBreakdown: () => void; onPlaydate: () => void; onVideoCall: () => any; onChat: (() => void) | undefined; t: any; }' is not assignable to type 'MatchCardProps' with 'exactOptionalPropertyTypes: true'. Consider adding 'undefined' to the types of the target's properties.
  Types of property 'onChat' are incompatible.
    Type '(() => void) | undefined' is not assignable to type '() => void'.
      Type 'undefined' is not assignable to type '() => void'.
apps/web/src/components/views/MatchesView.tsx(221,52): error TS7006: Parameter 'open' implicitly has an 'any' type.
apps/web/src/components/views/MatchesView.tsx(326,23): error TS7006: Parameter 'e' implicitly has an 'any' type.
apps/web/src/components/views/MatchesView.tsx(346,14): error TS2375: Type '{ onPlaydate: () => void; onVideoCall: () => void; onChat: (() => void) | undefined; }' is not assignable to type 'MatchCardActionsProps' with 'exactOptionalPropertyTypes: true'. Consider adding 'undefined' to the types of the target's properties.
  Types of property 'onChat' are incompatible.
    Type '(() => void) | undefined' is not assignable to type '() => void'.
      Type 'undefined' is not assignable to type '() => void'.
apps/web/src/components/views/MatchesView.tsx(382,19): error TS7006: Parameter 'e' implicitly has an 'any' type.
apps/web/src/components/views/MatchesView.tsx(393,19): error TS7006: Parameter 'e' implicitly has an 'any' type.
apps/web/src/components/views/MatchesView.tsx(405,21): error TS7006: Parameter 'e' implicitly has an 'any' type.
apps/web/src/components/views/NotificationsView.tsx(3,32): error TS2307: Cannot find module '@/components/community/PostDetailView' or its corresponding type declarations.
apps/web/src/components/views/NotificationsView.tsx(4,24): error TS2307: Cannot find module '@/components/ui/avatar' or its corresponding type declarations.
apps/web/src/components/views/NotificationsView.tsx(5,24): error TS2307: Cannot find module '@/components/ui/button' or its corresponding type declarations.
apps/web/src/components/views/NotificationsView.tsx(6,28): error TS2307: Cannot find module '@/components/ui/scroll-area' or its corresponding type declarations.
apps/web/src/components/views/NotificationsView.tsx(7,26): error TS2307: Cannot find module '@/components/ui/skeleton' or its corresponding type declarations.
apps/web/src/components/views/NotificationsView.tsx(8,45): error TS2307: Cannot find module '@/components/ui/tabs' or its corresponding type declarations.
apps/web/src/components/views/NotificationsView.tsx(9,34): error TS2307: Cannot find module '@/lib/community-service' or its corresponding type declarations.
apps/web/src/components/views/NotificationsView.tsx(10,44): error TS2307: Cannot find module '@/lib/community-types' or its corresponding type declarations.
apps/web/src/components/views/NotificationsView.tsx(11,25): error TS2307: Cannot find module '@/lib/haptics' or its corresponding type declarations.
apps/web/src/components/views/NotificationsView.tsx(12,30): error TS2307: Cannot find module '@/lib/logger' or its corresponding type declarations.
apps/web/src/components/views/NotificationsView.tsx(24,1): error TS6133: 'motion' is declared but its value is never read.
apps/web/src/components/views/NotificationsView.tsx(183,25): error TS7006: Parameter 'v' implicitly has an 'any' type.
apps/web/src/components/views/NotificationsView.tsx(212,14): error TS2304: Cannot find name 'MotionView'.
apps/web/src/components/views/NotificationsView.tsx(228,15): error TS2304: Cannot find name 'MotionView'.
apps/web/src/components/views/NotificationsView.tsx(235,18): error TS2304: Cannot find name 'MotionView'.
apps/web/src/components/views/NotificationsView.tsx(271,19): error TS2304: Cannot find name 'MotionView'.
apps/web/src/components/views/NotificationsView.tsx(282,26): error TS7006: Parameter 'open' implicitly has an 'any' type.
apps/web/src/components/views/ProfileView.tsx(2,28): error TS2307: Cannot find module '@/hooks/use-storage' or its corresponding type declarations.
apps/web/src/components/views/ProfileView.tsx(3,30): error TS2307: Cannot find module '@/effects/reanimated/animated-view' or its corresponding type declarations.
apps/web/src/components/views/ProfileView.tsx(11,8): error TS2307: Cannot find module '@/effects/reanimated' or its corresponding type declarations.
apps/web/src/components/views/ProfileView.tsx(13,24): error TS2307: Cannot find module '@/components/ui/button' or its corresponding type declarations.
apps/web/src/components/views/ProfileView.tsx(14,23): error TS2307: Cannot find module '@/components/ui/badge' or its corresponding type declarations.
apps/web/src/components/views/ProfileView.tsx(16,46): error TS2307: Cannot find module '@/lib/types' or its corresponding type declarations.
apps/web/src/components/views/ProfileView.tsx(17,35): error TS2307: Cannot find module '@/lib/call-types' or its corresponding type declarations.
apps/web/src/components/views/ProfileView.tsx(18,34): error TS2307: Cannot find module '@/lib/theme-presets' or its corresponding type declarations.
apps/web/src/components/views/ProfileView.tsx(19,29): error TS2307: Cannot find module '@/components/CreatePetDialog' or its corresponding type declarations.
apps/web/src/components/views/ProfileView.tsx(20,23): error TS2307: Cannot find module '@/components/StatsCard' or its corresponding type declarations.
apps/web/src/components/views/ProfileView.tsx(21,27): error TS2307: Cannot find module '@/components/stories/HighlightsBar' or its corresponding type declarations.
apps/web/src/components/views/ProfileView.tsx(22,34): error TS2307: Cannot find module '@/components/call/VideoQualitySettings' or its corresponding type declarations.
apps/web/src/components/views/ProfileView.tsx(23,33): error TS2307: Cannot find module '@/components/ThemePresetSelector' or its corresponding type declarations.
apps/web/src/components/views/ProfileView.tsx(24,40): error TS2307: Cannot find module '@/components/payments/SubscriptionStatusCard' or its corresponding type declarations.
apps/web/src/components/views/ProfileView.tsx(25,32): error TS2307: Cannot find module '@/components/health/PetHealthDashboard' or its corresponding type declarations.
apps/web/src/components/views/ProfileView.tsx(26,36): error TS2307: Cannot find module '@/components/verification/VerificationButton' or its corresponding type declarations.
apps/web/src/components/views/ProfileView.tsx(27,24): error TS2307: Cannot find module '@/contexts/AppContext' or its corresponding type declarations.
apps/web/src/components/views/ProfileView.tsx(31,10): error TS2307: Cannot find module '@/components/VisualAnalysisDemo' or its corresponding type declarations.
apps/web/src/components/views/ProfileView.tsx(82,9): error TS6133: 'petCardsContainer' is declared but its value is never read.
apps/web/src/components/views/ProfileView.tsx(301,61): error TS7006: Parameter 'trait' implicitly has an 'any' type.
apps/web/src/components/views/ProfileView.tsx(301,68): error TS7006: Parameter 'idx' implicitly has an 'any' type.
apps/web/src/components/views/ProfileView.tsx(316,57): error TS7006: Parameter 'interest' implicitly has an 'any' type.
apps/web/src/components/views/ProfileView.tsx(316,67): error TS7006: Parameter 'idx' implicitly has an 'any' type.
apps/web/src/components/views/SavedPostsView.tsx(3,26): error TS2307: Cannot find module '@/components/community/PostCard' or its corresponding type declarations.
apps/web/src/components/views/SavedPostsView.tsx(4,32): error TS2307: Cannot find module '@/components/community/PostDetailView' or its corresponding type declarations.
apps/web/src/components/views/SavedPostsView.tsx(5,24): error TS2307: Cannot find module '@/components/ui/button' or its corresponding type declarations.
apps/web/src/components/views/SavedPostsView.tsx(6,28): error TS2307: Cannot find module '@/components/ui/scroll-area' or its corresponding type declarations.
apps/web/src/components/views/SavedPostsView.tsx(7,26): error TS2307: Cannot find module '@/components/ui/skeleton' or its corresponding type declarations.
apps/web/src/components/views/SavedPostsView.tsx(8,34): error TS2307: Cannot find module '@/lib/community-service' or its corresponding type declarations.
apps/web/src/components/views/SavedPostsView.tsx(9,27): error TS2307: Cannot find module '@/lib/community-types' or its corresponding type declarations.
apps/web/src/components/views/SavedPostsView.tsx(10,30): error TS2307: Cannot find module '@/lib/logger' or its corresponding type declarations.
apps/web/src/components/views/SavedPostsView.tsx(12,1): error TS6133: 'motion' is declared but its value is never read.
apps/web/src/components/views/SavedPostsView.tsx(87,14): error TS2304: Cannot find name 'MotionView'.
apps/web/src/components/views/SavedPostsView.tsx(99,15): error TS2304: Cannot find name 'MotionView'.
apps/web/src/components/views/SavedPostsView.tsx(102,16): error TS2304: Cannot find name 'MotionView'.
apps/web/src/components/views/SavedPostsView.tsx(111,17): error TS2304: Cannot find name 'MotionView'.
apps/web/src/components/views/SavedPostsView.tsx(122,26): error TS7006: Parameter 'open' implicitly has an 'any' type.
apps/web/src/components/views/UserPostsView.tsx(3,30): error TS2307: Cannot find module '@/api/community-api' or its corresponding type declarations.
apps/web/src/components/views/UserPostsView.tsx(4,26): error TS2307: Cannot find module '@/components/community/PostCard' or its corresponding type declarations.
apps/web/src/components/views/UserPostsView.tsx(5,32): error TS2307: Cannot find module '@/components/community/PostDetailView' or its corresponding type declarations.
apps/web/src/components/views/UserPostsView.tsx(6,24): error TS2307: Cannot find module '@/components/ui/avatar' or its corresponding type declarations.
apps/web/src/components/views/UserPostsView.tsx(7,24): error TS2307: Cannot find module '@/components/ui/button' or its corresponding type declarations.
apps/web/src/components/views/UserPostsView.tsx(8,28): error TS2307: Cannot find module '@/components/ui/scroll-area' or its corresponding type declarations.
apps/web/src/components/views/UserPostsView.tsx(9,26): error TS2307: Cannot find module '@/components/ui/skeleton' or its corresponding type declarations.
apps/web/src/components/views/UserPostsView.tsx(10,27): error TS2307: Cannot find module '@/lib/community-types' or its corresponding type declarations.
apps/web/src/components/views/UserPostsView.tsx(11,30): error TS2307: Cannot find module '@/lib/logger' or its corresponding type declarations.
apps/web/src/components/views/UserPostsView.tsx(13,1): error TS6133: 'motion' is declared but its value is never read.
apps/web/src/components/views/UserPostsView.tsx(154,14): error TS2304: Cannot find name 'MotionView'.
apps/web/src/components/views/UserPostsView.tsx(166,15): error TS2304: Cannot find name 'MotionView'.
apps/web/src/components/views/UserPostsView.tsx(169,16): error TS2304: Cannot find name 'MotionView'.
apps/web/src/components/views/UserPostsView.tsx(178,17): error TS2304: Cannot find name 'MotionView'.
apps/web/src/components/views/UserPostsView.tsx(194,26): error TS7006: Parameter 'open' implicitly has an 'any' type.
apps/web/src/components/views/__tests__/CommunityView.test.tsx(257,45): error TS2307: Cannot find module '@/api/community-api' or its corresponding type declarations.
apps/web/src/components/views/__tests__/CommunityView.test.tsx(269,44): error TS2307: Cannot find module '@/api/adoption-api' or its corresponding type declarations.
apps/web/src/components/views/__tests__/ProfileView.test.tsx(2,26): error TS6133: 'waitFor' is declared but its value is never read.
apps/web/src/components/views/__tests__/ProfileView.test.tsx(5,24): error TS2307: Cannot find module '@/contexts/AppContext' or its corresponding type declarations.
apps/web/src/components/views/__tests__/ProfileView.test.tsx(6,28): error TS2307: Cannot find module '@/hooks/use-storage' or its corresponding type declarations.
apps/web/src/components/views/discover/hooks/useDiscoverData.ts(8,33): error TS2307: Cannot find module '@/hooks/usePetDiscovery' or its corresponding type declarations.
apps/web/src/components/views/discover/hooks/useDiscoverData.ts(9,39): error TS2307: Cannot find module '@/lib/types' or its corresponding type declarations.
apps/web/src/components/views/discover/hooks/useDiscoverData.ts(10,43): error TS2307: Cannot find module '@/components/DiscoveryFilters' or its corresponding type declarations.
apps/web/src/components/views/discover/hooks/useDiscoverSwipe.ts(8,26): error TS2307: Cannot find module '@/hooks/useSwipe' or its corresponding type declarations.
apps/web/src/components/views/discover/hooks/useDiscoverSwipe.ts(9,28): error TS2307: Cannot find module '@/hooks/use-storage' or its corresponding type declarations.
apps/web/src/components/views/discover/hooks/useDiscoverSwipe.ts(10,29): error TS2307: Cannot find module '@/hooks/useMatching' or its corresponding type declarations.
apps/web/src/components/views/discover/hooks/useDiscoverSwipe.ts(11,46): error TS2307: Cannot find module '@/lib/types' or its corresponding type declarations.
apps/web/src/components/views/discover/hooks/useDiscoverSwipe.ts(12,25): error TS2307: Cannot find module '@/lib/haptics' or its corresponding type declarations.
apps/web/src/components/views/discover/hooks/useDiscoverSwipe.ts(13,30): error TS2307: Cannot find module '@/lib/logger' or its corresponding type declarations.
apps/web/src/components/views/discover/hooks/useDiscoverSwipe.ts(40,23): error TS6133: 'currentIndex' is declared but its value is never read.
apps/web/src/components/views/discover/hooks/useDiscoverSwipe.ts(42,10): error TS6133: 'swipeHistory' is declared but its value is never read.
apps/web/src/components/views/discover/hooks/useDiscoverSwipe.ts(71,26): error TS7006: Parameter 'prev' implicitly has an 'any' type.
apps/web/src/components/views/discover/hooks/useDiscoverSwipe.ts(85,25): error TS7006: Parameter 'prev' implicitly has an 'any' type.
apps/web/src/components/views/discover/hooks/useDiscoverSwipe.ts(114,15): error TS7006: Parameter 'dir' implicitly has an 'any' type.
apps/web/src/components/views/discover/types.ts(5,20): error TS6196: 'Match' is declared but never used.
apps/web/src/components/views/discover/types.ts(5,27): error TS6196: 'SwipeAction' is declared but never used.
apps/web/src/components/views/discover/types.ts(5,46): error TS2307: Cannot find module '@/lib/types' or its corresponding type declarations.
apps/web/src/components/views/discover/types.ts(6,43): error TS2307: Cannot find module '@/components/DiscoveryFilters' or its corresponding type declarations.
apps/web/src/components/virtual/VirtualGrid.tsx(37,10): error TS6133: 'isScrolling' is declared but its value is never read.
apps/web/src/components/virtual/VirtualList.tsx(33,10): error TS6133: 'isScrolling' is declared but its value is never read.
apps/web/src/components/virtual/VirtualList.tsx(92,51): error TS2345: Argument of type 'T | undefined' is not assignable to parameter of type 'T'.
  'T' could be instantiated with an arbitrary type which could be unrelated to 'T | undefined'.
apps/web/src/components/virtual/VirtualList.tsx(106,27): error TS2345: Argument of type 'T | undefined' is not assignable to parameter of type 'T'.
  'T' could be instantiated with an arbitrary type which could be unrelated to 'T | undefined'.
apps/web/src/components/web-only/Slider.tsx(6,1): error TS6133: 'motion' is declared but its value is never read.
apps/web/src/components/web-only/Slider.tsx(8,20): error TS2307: Cannot find module '../utils' or its corresponding type declarations.
apps/web/src/components/web-only/Slider.tsx(64,12): error TS2304: Cannot find name 'MotionView'.
apps/web/src/components/web-only/Slider.tsx(96,12): error TS2304: Cannot find name 'MotionView'.
apps/web/src/config/absolute-max-ui-mode.test.ts(2,38): error TS2307: Cannot find module '@/agi_ui_engine/config/ABSOLUTE_MAX_UI_MODE' or its corresponding type declarations.
apps/web/src/config/absolute-max-ui-mode.test.ts(3,46): error TS2307: Cannot find module '@/agi_ui_engine/config/ABSOLUTE_MAX_UI_MODE' or its corresponding type declarations.
apps/web/src/config/env.ts(2,30): error TS2307: Cannot find module '@/lib/logger' or its corresponding type declarations.
apps/web/src/config/feature-flags.ts(38,45): error TS4111: Property 'VITE_ENABLE_HOLO_BG' comes from an index signature, so it must be accessed with ['VITE_ENABLE_HOLO_BG'].
apps/web/src/config/feature-flags.ts(39,40): error TS4111: Property 'VITE_ENABLE_GLOW_TRAIL' comes from an index signature, so it must be accessed with ['VITE_ENABLE_GLOW_TRAIL'].
apps/web/src/config/feature-flags.ts(40,39): error TS4111: Property 'VITE_ENABLE_SEND_PING' comes from an index signature, so it must be accessed with ['VITE_ENABLE_SEND_PING'].
apps/web/src/config/feature-flags.ts(41,42): error TS4111: Property 'VITE_ENABLE_MESSAGE_PEEK' comes from an index signature, so it must be accessed with ['VITE_ENABLE_MESSAGE_PEEK'].
apps/web/src/config/feature-flags.ts(42,41): error TS4111: Property 'VITE_ENABLE_SMART_IMAGE' comes from an index signature, so it must be accessed with ['VITE_ENABLE_SMART_IMAGE'].
apps/web/src/contexts/AppContext.tsx(3,38): error TS2307: Cannot find module '@/hooks/useTheme' or its corresponding type declarations.
apps/web/src/contexts/AppContext.tsx(4,29): error TS2307: Cannot find module '@/hooks/useLanguage' or its corresponding type declarations.
apps/web/src/contexts/AppContext.tsx(5,50): error TS2307: Cannot find module '@/lib/i18n' or its corresponding type declarations.
apps/web/src/contexts/AppContext.tsx(6,34): error TS2307: Cannot find module '@/lib/theme-presets' or its corresponding type declarations.
apps/web/src/contexts/AuthContext.tsx(2,27): error TS2307: Cannot find module '@/lib/api-client' or its corresponding type declarations.
apps/web/src/contexts/AuthContext.tsx(3,30): error TS2307: Cannot find module '@/lib/logger' or its corresponding type declarations.
apps/web/src/contexts/AuthContext.tsx(4,25): error TS2307: Cannot find module '@/api/auth-api' or its corresponding type declarations.
apps/web/src/contexts/AuthContext.tsx(5,27): error TS2307: Cannot find module '@/lib/contracts' or its corresponding type declarations.
apps/web/src/contexts/UIContext.test.tsx(4,46): error TS2307: Cannot find module '@/agi_ui_engine/config/ABSOLUTE_MAX_UI_MODE' or its corresponding type declarations.
apps/web/src/contexts/UIContext.tsx(5,46): error TS2307: Cannot find module '@/config/absolute-max-ui-mode' or its corresponding type declarations.
apps/web/src/contexts/UIContext.tsx(6,38): error TS2307: Cannot find module '@/config/absolute-max-ui-mode' or its corresponding type declarations.
apps/web/src/core/config/performance-budget.config.ts(129,27): error TS4111: Property 'NODE_ENV' comes from an index signature, so it must be accessed with ['NODE_ENV'].
apps/web/src/core/config/performance-budget.config.ts(130,34): error TS4111: Property 'PERFORMANCE_BUDGET_MODE' comes from an index signature, so it must be accessed with ['PERFORMANCE_BUDGET_MODE'].
apps/web/src/core/config/performance-budget.ts(8,3): error TS6196: 'BundleBudget' is declared but never used.
apps/web/src/core/config/performance-budget.ts(9,3): error TS6196: 'LoadTimeBudget' is declared but never used.
apps/web/src/core/config/performance-budget.ts(10,3): error TS6196: 'RuntimeBudget' is declared but never used.
apps/web/src/core/config/performance-budget.ts(13,30): error TS2307: Cannot find module '@/lib/logger' or its corresponding type declarations.
apps/web/src/core/domain/photo-moderation.test.ts(15,8): error TS2307: Cannot find module '@/core/domain/photo-moderation' or its corresponding type declarations.
apps/web/src/core/services/__tests__/admin-integration.test.ts(8,34): error TS2307: Cannot find module '@/core/services/admin-sync-service' or its corresponding type declarations.
apps/web/src/core/services/__tests__/admin-integration.test.ts(9,40): error TS2307: Cannot find module '@/core/services/config-broadcast-service' or its corresponding type declarations.
apps/web/src/core/services/__tests__/admin-integration.test.ts(10,32): error TS2307: Cannot find module '@/lib/realtime' or its corresponding type declarations.
apps/web/src/core/services/__tests__/admin-integration.test.ts(11,56): error TS2307: Cannot find module '@/core/services/admin-sync-service' or its corresponding type declarations.
apps/web/src/core/services/admin-sync-service.ts(8,37): error TS2307: Cannot find module '@/lib/realtime' or its corresponding type declarations.
apps/web/src/core/services/admin-sync-service.ts(9,30): error TS2307: Cannot find module '@/lib/logger' or its corresponding type declarations.
apps/web/src/core/services/admin-sync-service.ts(10,1): error TS6133: 'AdminAction' is declared but its value is never read.
apps/web/src/core/services/admin-sync-service.ts(46,45): error TS7006: Parameter 'data' implicitly has an 'any' type.
apps/web/src/core/services/admin-sync-service.ts(50,53): error TS7006: Parameter 'data' implicitly has an 'any' type.
apps/web/src/core/services/admin-sync-service.ts(54,58): error TS7006: Parameter 'data' implicitly has an 'any' type.
apps/web/src/core/services/admin-sync-service.ts(58,51): error TS7006: Parameter 'data' implicitly has an 'any' type.
apps/web/src/core/services/admin-sync-service.ts(62,53): error TS7006: Parameter 'data' implicitly has an 'any' type.
apps/web/src/core/services/base-service.ts(13,36): error TS2307: Cannot find module '@/lib/api-client' or its corresponding type declarations.
apps/web/src/core/services/base-service.ts(14,27): error TS2307: Cannot find module '@/lib/api-client' or its corresponding type declarations.
apps/web/src/core/services/base-service.ts(15,30): error TS2307: Cannot find module '@/lib/logger' or its corresponding type declarations.
apps/web/src/core/services/config-broadcast-service.ts(8,26): error TS2307: Cannot find module '@/api/admin-api' or its corresponding type declarations.
apps/web/src/core/services/config-broadcast-service.ts(9,30): error TS2307: Cannot find module '@/lib/logger' or its corresponding type declarations.
apps/web/src/core/services/config-broadcast-service.ts(10,37): error TS2307: Cannot find module '@/lib/realtime' or its corresponding type declarations.
apps/web/src/core/services/config-broadcast-service.ts(41,56): error TS7006: Parameter 'data' implicitly has an 'any' type.
apps/web/src/core/services/config-broadcast-service.ts(44,56): error TS7006: Parameter 'data' implicitly has an 'any' type.
apps/web/src/core/services/config-broadcast-service.ts(47,51): error TS7006: Parameter 'data' implicitly has an 'any' type.
apps/web/src/core/services/config-broadcast-service.ts(50,51): error TS7006: Parameter 'data' implicitly has an 'any' type.
apps/web/src/core/services/config-broadcast-service.ts(53,54): error TS7006: Parameter 'data' implicitly has an 'any' type.
apps/web/src/core/services/config-broadcast-service.ts(84,13): error TS6133: 'result' is declared but its value is never read.
apps/web/src/core/services/content-moderation.ts(8,30): error TS2307: Cannot find module '@/lib/logger' or its corresponding type declarations.
apps/web/src/core/services/content-moderation.ts(9,42): error TS2307: Cannot find module '@/lib/api-config' or its corresponding type declarations.
apps/web/src/core/services/content-moderation.ts(137,46): error TS2307: Cannot find module '@/lib/nsfw/loader' or its corresponding type declarations.
apps/web/src/core/services/follow-graph.ts(7,30): error TS2307: Cannot find module '@/lib/logger' or its corresponding type declarations.
apps/web/src/core/services/follow-graph.ts(8,25): error TS2307: Cannot find module '@/lib/storage' or its corresponding type declarations.
apps/web/src/core/services/media/edit-media.ts(7,8): error TS2307: Cannot find module '@/core/types/media-types' or its corresponding type declarations.
apps/web/src/core/services/media/image-engine.ts(7,8): error TS2307: Cannot find module '@/core/types/media-types' or its corresponding type declarations.
apps/web/src/core/services/media/image-engine.ts(8,32): error TS2307: Cannot find module '@/core/types/media-types' or its corresponding type declarations.
apps/web/src/core/services/media/image-engine.ts(9,30): error TS2307: Cannot find module '@/lib/logger' or its corresponding type declarations.
apps/web/src/core/services/media/image-engine.ts(230,29): error TS2348: Value of type 'new () => SkPaint' is not callable. Did you mean to include 'new'?
apps/web/src/core/services/media/image-engine.ts(256,29): error TS2348: Value of type 'new () => SkPaint' is not callable. Did you mean to include 'new'?
apps/web/src/core/services/media/image-engine.ts(281,15): error TS18046: 'canvas.translate' is of type 'unknown'.
apps/web/src/core/services/media/image-engine.ts(281,22): error TS4111: Property 'translate' comes from an index signature, so it must be accessed with ['translate'].
apps/web/src/core/services/media/image-engine.ts(282,15): error TS18046: 'canvas.rotate' is of type 'unknown'.
apps/web/src/core/services/media/image-engine.ts(282,22): error TS4111: Property 'rotate' comes from an index signature, so it must be accessed with ['rotate'].
apps/web/src/core/services/media/image-engine.ts(283,15): error TS18046: 'canvas.translate' is of type 'unknown'.
apps/web/src/core/services/media/image-engine.ts(283,22): error TS4111: Property 'translate' comes from an index signature, so it must be accessed with ['translate'].
apps/web/src/core/services/media/image-engine.ts(284,29): error TS2348: Value of type 'new () => SkPaint' is not callable. Did you mean to include 'new'?
apps/web/src/core/services/media/image-engine.ts(285,15): error TS18046: 'canvas.drawImage' is of type 'unknown'.
apps/web/src/core/services/media/image-engine.ts(285,22): error TS4111: Property 'drawImage' comes from an index signature, so it must be accessed with ['drawImage'].
apps/web/src/core/services/media/image-engine.ts(295,13): error TS18046: 'canvas.save' is of type 'unknown'.
apps/web/src/core/services/media/image-engine.ts(295,20): error TS4111: Property 'save' comes from an index signature, so it must be accessed with ['save'].
apps/web/src/core/services/media/image-engine.ts(298,13): error TS18046: 'canvas.scale' is of type 'unknown'.
apps/web/src/core/services/media/image-engine.ts(298,20): error TS4111: Property 'scale' comes from an index signature, so it must be accessed with ['scale'].
apps/web/src/core/services/media/image-engine.ts(301,13): error TS18046: 'canvas.drawImage' is of type 'unknown'.
apps/web/src/core/services/media/image-engine.ts(301,20): error TS4111: Property 'drawImage' comes from an index signature, so it must be accessed with ['drawImage'].
apps/web/src/core/services/media/image-engine.ts(302,13): error TS18046: 'canvas.restore' is of type 'unknown'.
apps/web/src/core/services/media/image-engine.ts(302,20): error TS4111: Property 'restore' comes from an index signature, so it must be accessed with ['restore'].
apps/web/src/core/services/media/image-engine.ts(345,27): error TS2348: Value of type 'new () => SkPaint' is not callable. Did you mean to include 'new'?
apps/web/src/core/services/media/image-engine.ts(348,13): error TS18046: 'canvas.drawImage' is of type 'unknown'.
apps/web/src/core/services/media/image-engine.ts(348,20): error TS4111: Property 'drawImage' comes from an index signature, so it must be accessed with ['drawImage'].
apps/web/src/core/services/media/image-engine.ts(356,27): error TS2348: Value of type 'new () => SkPaint' is not callable. Did you mean to include 'new'?
apps/web/src/core/services/media/image-engine.ts(357,65): error TS2345: Argument of type 'number' is not assignable to parameter of type 'string'.
apps/web/src/core/services/media/image-engine.ts(359,13): error TS18046: 'canvas.drawImage' is of type 'unknown'.
apps/web/src/core/services/media/image-engine.ts(359,20): error TS4111: Property 'drawImage' comes from an index signature, so it must be accessed with ['drawImage'].
apps/web/src/core/services/media/image-engine.ts(366,21): error TS2532: Object is possibly 'undefined'.
apps/web/src/core/services/media/image-engine.ts(366,21): error TS2722: Cannot invoke an object which is possibly 'undefined'.
apps/web/src/core/services/media/image-engine.ts(368,27): error TS2348: Value of type 'new () => SkPaint' is not callable. Did you mean to include 'new'?
apps/web/src/core/services/media/image-engine.ts(371,13): error TS18046: 'canvas.drawImage' is of type 'unknown'.
apps/web/src/core/services/media/image-engine.ts(371,20): error TS4111: Property 'drawImage' comes from an index signature, so it must be accessed with ['drawImage'].
apps/web/src/core/services/media/image-engine.ts(387,27): error TS2348: Value of type 'new () => SkPaint' is not callable. Did you mean to include 'new'?
apps/web/src/core/services/media/image-engine.ts(402,13): error TS18046: 'canvas.drawImage' is of type 'unknown'.
apps/web/src/core/services/media/image-engine.ts(402,20): error TS4111: Property 'drawImage' comes from an index signature, so it must be accessed with ['drawImage'].
apps/web/src/core/services/media/image-engine.ts(444,31): error TS2638: Type '{}' may represent a primitive value, which is not permitted as the right operand of the 'in' operator.
apps/web/src/core/services/media/image-engine.ts(446,13): error TS18046: 'FileSystem.default.writeAsStringAsync' is of type 'unknown'.
apps/web/src/core/services/media/image-engine.ts(467,25): error TS2638: Type '{}' may represent a primitive value, which is not permitted as the right operand of the 'in' operator.
apps/web/src/core/services/media/image-engine.ts(469,20): error TS18046: 'FileSystem.default.getInfoAsync' is of type 'unknown'.
apps/web/src/core/services/media/picker/use-upload-picker.ts(3,33): error TS2307: Cannot find module '@/core/types/media-types' or its corresponding type declarations.
apps/web/src/core/services/media/video-engine.ts(15,8): error TS2307: Cannot find module '@/core/types/media-types' or its corresponding type declarations.
apps/web/src/core/services/media/video/thumbnails.ts(92,33): error TS2339: Property 'cacheDirectory' does not exist on type 'typeof import("expo-file-system")'.
apps/web/src/core/services/photo-moderation-audit.ts(7,30): error TS2307: Cannot find module '@/lib/logger' or its corresponding type declarations.
apps/web/src/core/services/photo-moderation-audit.ts(12,8): error TS2307: Cannot find module '@/core/domain/photo-moderation' or its corresponding type declarations.
apps/web/src/core/services/photo-moderation-audit.ts(13,25): error TS2307: Cannot find module '@/lib/storage' or its corresponding type declarations.
apps/web/src/core/services/photo-moderation-events.ts(8,30): error TS2307: Cannot find module '@/lib/logger' or its corresponding type declarations.
apps/web/src/core/services/photo-moderation-events.ts(9,34): error TS2307: Cannot find module '@/lib/websocket-manager' or its corresponding type declarations.
apps/web/src/core/services/photo-moderation-events.ts(10,24): error TS2307: Cannot find module '@/lib/config' or its corresponding type declarations.
apps/web/src/core/services/photo-moderation-events.ts(11,67): error TS2307: Cannot find module '@/core/domain/photo-moderation' or its corresponding type declarations.
apps/web/src/core/services/photo-moderation-queue.ts(8,30): error TS2307: Cannot find module '@/lib/logger' or its corresponding type declarations.
apps/web/src/core/services/photo-moderation-queue.ts(9,44): error TS2307: Cannot find module '@/core/domain/photo-moderation' or its corresponding type declarations.
apps/web/src/core/services/photo-moderation-queue.ts(10,41): error TS2307: Cannot find module '@/core/domain/photo-moderation' or its corresponding type declarations.
apps/web/src/core/services/photo-moderation-queue.ts(11,25): error TS2307: Cannot find module '@/lib/storage' or its corresponding type declarations.
apps/web/src/core/services/photo-moderation-queue.ts(80,36): error TS7006: Parameter 'key' implicitly has an 'any' type.
apps/web/src/core/services/photo-moderation-queue.ts(160,41): error TS7006: Parameter 'key' implicitly has an 'any' type.
apps/web/src/core/services/photo-moderation-storage.ts(8,30): error TS2307: Cannot find module '@/lib/logger' or its corresponding type declarations.
apps/web/src/core/services/photo-moderation-storage.ts(14,8): error TS2307: Cannot find module '@/core/domain/photo-moderation' or its corresponding type declarations.
apps/web/src/core/services/photo-moderation-storage.ts(15,25): error TS2307: Cannot find module '@/lib/storage' or its corresponding type declarations.
apps/web/src/core/services/photo-moderation-storage.ts(261,41): error TS7006: Parameter 'id' implicitly has an 'any' type.
apps/web/src/core/services/photo-scanning.ts(8,30): error TS2307: Cannot find module '@/lib/logger' or its corresponding type declarations.
apps/web/src/core/services/photo-scanning.ts(12,8): error TS2307: Cannot find module '@/core/services/content-moderation' or its corresponding type declarations.
apps/web/src/core/services/photo-scanning.ts(13,63): error TS2307: Cannot find module '@/core/domain/photo-moderation' or its corresponding type declarations.
apps/web/src/core/services/photo-scanning.ts(14,50): error TS2307: Cannot find module '@/core/domain/photo-moderation' or its corresponding type declarations.
apps/web/src/core/services/token-signing.ts(18,30): error TS2307: Cannot find module '@/lib/logger' or its corresponding type declarations.
apps/web/src/core/services/token-signing.ts(19,32): error TS2307: Cannot find module '@/components/admin/APIConfigView' or its corresponding type declarations.
apps/web/src/core/tokens/button-tokens-generator.test.ts(3,32): error TS2307: Cannot find module '@/lib/theme-presets' or its corresponding type declarations.
apps/web/src/core/tokens/button-tokens-generator.test.ts(5,34): error TS2307: Cannot find module '@/lib/theme-presets' or its corresponding type declarations.
apps/web/src/core/tokens/button-tokens-generator.ts(7,40): error TS2307: Cannot find module '@/lib/theme-presets' or its corresponding type declarations.
apps/web/src/core/tokens/button-tokens-theme-system.ts(7,34): error TS2307: Cannot find module '@/lib/theme-presets' or its corresponding type declarations.
apps/web/src/core/tokens/button-tokens-theme-system.ts(8,32): error TS2307: Cannot find module '@/lib/theme-presets' or its corresponding type declarations.
apps/web/src/core/types.ts(8,40): error TS2307: Cannot find module '@/types/optional-with-undef' or its corresponding type declarations.
apps/web/src/core/utils.ts(7,40): error TS2307: Cannot find module '@/types/optional-with-undef' or its corresponding type declarations.
apps/web/src/core/utils.ts(37,9): error TS2862: Type 'T' is generic and can only be indexed for reading.
apps/web/src/core/utils/__tests__/type-guards.test.ts(7,3): error TS6133: 'isBoolean' is declared but its value is never read.
apps/web/src/core/utils/__tests__/type-guards.test.ts(8,3): error TS6133: 'isFunction' is declared but its value is never read.
apps/web/src/core/utils/__tests__/type-guards.test.ts(9,3): error TS6133: 'hasKeys' is declared but its value is never read.
apps/web/src/core/utils/__tests__/type-guards.test.ts(12,3): error TS6133: 'isFilters' is declared but its value is never read.
apps/web/src/core/utils/__tests__/type-guards.test.ts(18,8): error TS6133: 'ModerationAction' is declared but its value is never read.
apps/web/src/core/utils/type-guards.ts(78,43): error TS4111: Property 'status' comes from an index signature, so it must be accessed with ['status'].
apps/web/src/core/utils/type-guards.ts(79,44): error TS4111: Property 'species' comes from an index signature, so it must be accessed with ['species'].
apps/web/src/core/utils/type-guards.ts(80,41): error TS4111: Property 'tags' comes from an index signature, so it must be accessed with ['tags'].
apps/web/src/core/utils/type-guards.ts(81,46): error TS4111: Property 'authorId' comes from an index signature, so it must be accessed with ['authorId'].
apps/web/src/core/utils/type-guards.ts(82,47): error TS4111: Property 'dateRange' comes from an index signature, so it must be accessed with ['dateRange'].
apps/web/src/core/utils/type-guards.ts(103,43): error TS4111: Property 'status' comes from an index signature, so it must be accessed with ['status'].
apps/web/src/core/utils/type-guards.ts(104,44): error TS4111: Property 'radius' comes from an index signature, so it must be accessed with ['radius'].
apps/web/src/core/utils/type-guards.ts(105,44): error TS4111: Property 'species' comes from an index signature, so it must be accessed with ['species'].
apps/web/src/core/utils/type-guards.ts(106,46): error TS4111: Property 'location' comes from an index signature, so it must be accessed with ['location'].
apps/web/src/core/utils/type-guards.ts(142,3): error TS6133: 'optionalKeys' is declared but its value is never read.
apps/web/src/core/utils/type-guards.ts(158,66): error TS4111: Property 'message' comes from an index signature, so it must be accessed with ['message'].
apps/web/src/core/utils/type-guards.ts(171,84): error TS4111: Property 'status' comes from an index signature, so it must be accessed with ['status'].
apps/web/src/effects/animations/index.test.ts(15,8): error TS2307: Cannot find module '../animations/variants' or its corresponding type declarations.
apps/web/src/effects/animations/index.ts(2,15): error TS2307: Cannot find module './variants' or its corresponding type declarations.
apps/web/src/effects/animations/transitions.ts(1,15): error TS2305: Module '"@petspark/motion"' has no exported member 'Transition'.
apps/web/src/effects/chat/bubbles/use-receive-air-cushion.ts(24,36): error TS2307: Cannot find module '@/effects/reanimated/animated-view' or its corresponding type declarations.
apps/web/src/effects/chat/bubbles/use-receive-air-cushion.ts(100,18): error TS7006: Parameter 't' implicitly has an 'any' type.
apps/web/src/effects/chat/bubbles/use-receive-air-cushion.ts(111,16): error TS7006: Parameter 't' implicitly has an 'any' type.
apps/web/src/effects/chat/bubbles/use-receive-air-cushion.ts(116,16): error TS7006: Parameter 't' implicitly has an 'any' type.
apps/web/src/effects/chat/bubbles/use-send-warp.ts(20,30): error TS2307: Cannot find module '@/lib/logger' or its corresponding type declarations.
apps/web/src/effects/chat/bubbles/use-send-warp.ts(24,36): error TS2307: Cannot find module '@/effects/reanimated/animated-view' or its corresponding type declarations.
apps/web/src/effects/chat/bubbles/use-send-warp.ts(26,7): error TS6133: 'logger' is declared but its value is never read.
apps/web/src/effects/chat/celebrations/use-confetti-burst.ts(20,30): error TS2307: Cannot find module '@/lib/logger' or its corresponding type declarations.
apps/web/src/effects/chat/celebrations/use-confetti-burst.ts(24,36): error TS2307: Cannot find module '@/effects/reanimated/animated-view' or its corresponding type declarations.
apps/web/src/effects/chat/celebrations/use-confetti-burst.ts(26,7): error TS6133: 'logger' is declared but its value is never read.
apps/web/src/effects/chat/celebrations/use-confetti-burst.ts(99,13): error TS6133: 'xVelocity' is declared but its value is never read.
apps/web/src/effects/chat/celebrations/use-confetti-burst.ts(100,13): error TS6133: 'yVelocity' is declared but its value is never read.
apps/web/src/effects/chat/core/__tests__/reduced-motion.test.ts(4,20): error TS6133: 'media' is declared but its value is never read.
apps/web/src/effects/chat/core/haptic-manager.ts(51,37): error TS2307: Cannot find module '@/lib/haptics' or its corresponding type declarations.
apps/web/src/effects/chat/core/telemetry.ts(10,30): error TS2307: Cannot find module '@/lib/logger' or its corresponding type declarations.
apps/web/src/effects/chat/core/telemetry.ts(11,27): error TS2307: Cannot find module '@/lib/analytics' or its corresponding type declarations.
apps/web/src/effects/chat/media/use-link-preview-fade.ts(22,36): error TS2307: Cannot find module '@/effects/reanimated/animated-view' or its corresponding type declarations.
apps/web/src/effects/chat/media/use-sticker-physics.ts(22,30): error TS2307: Cannot find module '@/lib/logger' or its corresponding type declarations.
apps/web/src/effects/chat/media/use-sticker-physics.ts(26,36): error TS2307: Cannot find module '@/effects/reanimated/animated-view' or its corresponding type declarations.
apps/web/src/effects/chat/media/use-voice-waveform.ts(20,36): error TS2307: Cannot find module '@/effects/reanimated/animated-view' or its corresponding type declarations.
apps/web/src/effects/chat/media/use-voice-waveform.ts(67,5): error TS6133: 'isPlaying' is declared but its value is never read.
apps/web/src/effects/chat/presence/use-aurora-ring.ts(23,36): error TS2307: Cannot find module '@/effects/reanimated/animated-view' or its corresponding type declarations.
apps/web/src/effects/chat/reactions/use-reaction-burst.ts(26,36): error TS2307: Cannot find module '@/effects/reanimated/animated-view' or its corresponding type declarations.
apps/web/src/effects/chat/typing/use-liquid-dots.ts(24,30): error TS2307: Cannot find module '@/lib/logger' or its corresponding type declarations.
apps/web/src/effects/chat/typing/use-liquid-dots.ts(26,36): error TS2307: Cannot find module '@/effects/reanimated/animated-view' or its corresponding type declarations.
apps/web/src/effects/chat/ui/use-scroll-fab-magnetic.ts(24,36): error TS2307: Cannot find module '@/effects/reanimated/animated-view' or its corresponding type declarations.
apps/web/src/effects/core/use-effect-telemetry.ts(9,30): error TS2307: Cannot find module '@/lib/logger' or its corresponding type declarations.
apps/web/src/effects/core/use-effect-telemetry.ts(10,41): error TS2307: Cannot find module '@/utils/reduced-motion' or its corresponding type declarations.
apps/web/src/effects/cursor/GlowTrail.tsx(4,41): error TS2307: Cannot find module '@/utils/reduced-motion' or its corresponding type declarations.
apps/web/src/effects/cursor/GlowTrail.tsx(5,33): error TS2307: Cannot find module '@/config/feature-flags' or its corresponding type declarations.
apps/web/src/effects/cursor/GlowTrail.tsx(23,11): error TS6133: 'el' is declared but its value is never read.
apps/web/src/effects/reanimated/animate-presence.tsx(23,63): error TS6133: 'childKey' is declared but its value is never read.
apps/web/src/effects/reanimated/animate-presence.tsx(78,3): error TS6133: 'mode' is declared but its value is never read.
apps/web/src/effects/reanimated/use-animate-presence.ts(11,46): error TS2307: Cannot find module '@/effects/reanimated/transitions' or its corresponding type declarations.
apps/web/src/effects/reanimated/use-animate-presence.ts(12,36): error TS2307: Cannot find module '@/effects/reanimated/animated-view' or its corresponding type declarations.
apps/web/src/effects/reanimated/use-bounce-on-tap.test.tsx(4,25): error TS2307: Cannot find module '@/lib/haptics' or its corresponding type declarations.
apps/web/src/effects/reanimated/use-bounce-on-tap.ts(3,36): error TS2307: Cannot find module '@/effects/reanimated/animated-view' or its corresponding type declarations.
apps/web/src/effects/reanimated/use-bounce-on-tap.ts(4,25): error TS2307: Cannot find module '@/lib/haptics' or its corresponding type declarations.
apps/web/src/effects/reanimated/use-bubble-entry.ts(11,31): error TS2307: Cannot find module '@/effects/reanimated/transitions' or its corresponding type declarations.
apps/web/src/effects/reanimated/use-bubble-gesture.ts(14,25): error TS2307: Cannot find module '@/lib/haptics' or its corresponding type declarations.
apps/web/src/effects/reanimated/use-bubble-gesture.ts(15,46): error TS2307: Cannot find module '@/effects/reanimated/transitions' or its corresponding type declarations.
apps/web/src/effects/reanimated/use-bubble-theme.ts(12,31): error TS2307: Cannot find module '@/effects/reanimated/transitions' or its corresponding type declarations.
apps/web/src/effects/reanimated/use-drag-gesture.ts(11,46): error TS2307: Cannot find module '@/effects/reanimated/transitions' or its corresponding type declarations.
apps/web/src/effects/reanimated/use-drag-gesture.ts(12,25): error TS2307: Cannot find module '@/lib/haptics' or its corresponding type declarations.
apps/web/src/effects/reanimated/use-drag-gesture.ts(13,36): error TS2307: Cannot find module '@/effects/reanimated/animated-view' or its corresponding type declarations.
apps/web/src/effects/reanimated/use-entry-animation.ts(4,56): error TS6133: 'withTiming' is declared but its value is never read.
apps/web/src/effects/reanimated/use-entry-animation.ts(27,5): error TS6133: 'duration' is declared but its value is never read.
apps/web/src/effects/reanimated/use-floating-particle.ts(11,31): error TS2307: Cannot find module '@/effects/reanimated/transitions' or its corresponding type declarations.
apps/web/src/effects/reanimated/use-floating-particle.ts(12,36): error TS2307: Cannot find module '@/effects/reanimated/animated-view' or its corresponding type declarations.
apps/web/src/effects/reanimated/use-gradient-animation.ts(11,36): error TS2307: Cannot find module '@/effects/reanimated/animated-view' or its corresponding type declarations.
apps/web/src/effects/reanimated/use-header-animation.ts(12,36): error TS2307: Cannot find module '@/effects/reanimated/animated-view' or its corresponding type declarations.
apps/web/src/effects/reanimated/use-header-button-animation.ts(11,31): error TS2307: Cannot find module '@/effects/reanimated/transitions' or its corresponding type declarations.
apps/web/src/effects/reanimated/use-header-button-animation.ts(12,36): error TS2307: Cannot find module '@/effects/reanimated/animated-view' or its corresponding type declarations.
apps/web/src/effects/reanimated/use-hover-animation.ts(48,48): error TS18048: 'duration' is possibly 'undefined'.
apps/web/src/effects/reanimated/use-hover-lift.ts(3,36): error TS2307: Cannot find module '@/effects/reanimated/animated-view' or its corresponding type declarations.
apps/web/src/effects/reanimated/use-hover-tap.ts(3,36): error TS2307: Cannot find module '@/effects/reanimated/animated-view' or its corresponding type declarations.
apps/web/src/effects/reanimated/use-icon-rotation.ts(5,36): error TS2307: Cannot find module '@/effects/reanimated/animated-view' or its corresponding type declarations.
apps/web/src/effects/reanimated/use-layout-animation.ts(10,31): error TS2307: Cannot find module '@/effects/reanimated/transitions' or its corresponding type declarations.
apps/web/src/effects/reanimated/use-layout-animation.ts(11,36): error TS2307: Cannot find module '@/effects/reanimated/animated-view' or its corresponding type declarations.
apps/web/src/effects/reanimated/use-logo-animation.ts(11,36): error TS2307: Cannot find module '@/effects/reanimated/animated-view' or its corresponding type declarations.
apps/web/src/effects/reanimated/use-media-bubble.ts(14,46): error TS2307: Cannot find module '@/effects/reanimated/transitions' or its corresponding type declarations.
apps/web/src/effects/reanimated/use-modal-animation.ts(11,31): error TS2307: Cannot find module '@/effects/reanimated/transitions' or its corresponding type declarations.
apps/web/src/effects/reanimated/use-modal-animation.ts(12,36): error TS2307: Cannot find module '@/effects/reanimated/animated-view' or its corresponding type declarations.
apps/web/src/effects/reanimated/use-motion-migration.ts(13,46): error TS2307: Cannot find module '@/effects/reanimated/transitions' or its corresponding type declarations.
apps/web/src/effects/reanimated/use-motion-migration.ts(14,30): error TS2307: Cannot find module '@/effects/reanimated/use-hover-lift' or its corresponding type declarations.
apps/web/src/effects/reanimated/use-motion-migration.ts(15,32): error TS2307: Cannot find module '@/effects/reanimated/use-bounce-on-tap' or its corresponding type declarations.
apps/web/src/effects/reanimated/use-motion-migration.ts(16,36): error TS2307: Cannot find module '@/effects/reanimated/animated-view' or its corresponding type declarations.
apps/web/src/effects/reanimated/use-motion-migration.ts(40,40): error TS4111: Property 'scale' comes from an index signature, so it must be accessed with ['scale'].
apps/web/src/effects/reanimated/use-motion-migration.ts(40,57): error TS4111: Property 'scale' comes from an index signature, so it must be accessed with ['scale'].
apps/web/src/effects/reanimated/use-motion-migration.ts(41,42): error TS4111: Property 'opacity' comes from an index signature, so it must be accessed with ['opacity'].
apps/web/src/effects/reanimated/use-motion-migration.ts(41,61): error TS4111: Property 'opacity' comes from an index signature, so it must be accessed with ['opacity'].
apps/web/src/effects/reanimated/use-motion-migration.ts(42,36): error TS4111: Property 'x' comes from an index signature, so it must be accessed with ['x'].
apps/web/src/effects/reanimated/use-motion-migration.ts(42,49): error TS4111: Property 'x' comes from an index signature, so it must be accessed with ['x'].
apps/web/src/effects/reanimated/use-motion-migration.ts(43,36): error TS4111: Property 'y' comes from an index signature, so it must be accessed with ['y'].
apps/web/src/effects/reanimated/use-motion-migration.ts(43,49): error TS4111: Property 'y' comes from an index signature, so it must be accessed with ['y'].
apps/web/src/effects/reanimated/use-motion-migration.ts(44,41): error TS4111: Property 'rotate' comes from an index signature, so it must be accessed with ['rotate'].
apps/web/src/effects/reanimated/use-motion-migration.ts(44,59): error TS4111: Property 'rotate' comes from an index signature, so it must be accessed with ['rotate'].
apps/web/src/effects/reanimated/use-motion-migration.ts(59,26): error TS6133: 'key' is declared but its value is never read.
apps/web/src/effects/reanimated/use-motion-migration.ts(70,17): error TS4111: Property 'scale' comes from an index signature, so it must be accessed with ['scale'].
apps/web/src/effects/reanimated/use-motion-migration.ts(70,81): error TS4111: Property 'scale' comes from an index signature, so it must be accessed with ['scale'].
apps/web/src/effects/reanimated/use-motion-migration.ts(71,17): error TS4111: Property 'opacity' comes from an index signature, so it must be accessed with ['opacity'].
apps/web/src/effects/reanimated/use-motion-migration.ts(71,87): error TS4111: Property 'opacity' comes from an index signature, so it must be accessed with ['opacity'].
apps/web/src/effects/reanimated/use-motion-migration.ts(72,17): error TS4111: Property 'x' comes from an index signature, so it must be accessed with ['x'].
apps/web/src/effects/reanimated/use-motion-migration.ts(72,69): error TS4111: Property 'x' comes from an index signature, so it must be accessed with ['x'].
apps/web/src/effects/reanimated/use-motion-migration.ts(73,17): error TS4111: Property 'y' comes from an index signature, so it must be accessed with ['y'].
apps/web/src/effects/reanimated/use-motion-migration.ts(73,69): error TS4111: Property 'y' comes from an index signature, so it must be accessed with ['y'].
apps/web/src/effects/reanimated/use-motion-migration.ts(74,17): error TS4111: Property 'rotate' comes from an index signature, so it must be accessed with ['rotate'].
apps/web/src/effects/reanimated/use-motion-migration.ts(74,84): error TS4111: Property 'rotate' comes from an index signature, so it must be accessed with ['rotate'].
apps/web/src/effects/reanimated/use-motion-migration.ts(107,23): error TS4111: Property 'scale' comes from an index signature, so it must be accessed with ['scale'].
apps/web/src/effects/reanimated/use-motion-migration.ts(111,21): error TS4111: Property 'scale' comes from an index signature, so it must be accessed with ['scale'].
apps/web/src/effects/reanimated/use-motion-migration.ts(149,40): error TS4111: Property 'scale' comes from an index signature, so it must be accessed with ['scale'].
apps/web/src/effects/reanimated/use-motion-migration.ts(150,41): error TS4111: Property 'rotate' comes from an index signature, so it must be accessed with ['rotate'].
apps/web/src/effects/reanimated/use-motion-migration.ts(151,36): error TS4111: Property 'x' comes from an index signature, so it must be accessed with ['x'].
apps/web/src/effects/reanimated/use-motion-migration.ts(152,42): error TS4111: Property 'opacity' comes from an index signature, so it must be accessed with ['opacity'].
apps/web/src/effects/reanimated/use-motion-migration.ts(157,17): error TS4111: Property 'scale' comes from an index signature, so it must be accessed with ['scale'].
apps/web/src/effects/reanimated/use-motion-migration.ts(157,34): error TS4111: Property 'scale' comes from an index signature, so it must be accessed with ['scale'].
apps/web/src/effects/reanimated/use-motion-migration.ts(158,32): error TS4111: Property 'scale' comes from an index signature, so it must be accessed with ['scale'].
apps/web/src/effects/reanimated/use-motion-migration.ts(159,48): error TS18048: 'animate.scale' is possibly 'undefined'.
apps/web/src/effects/reanimated/use-motion-migration.ts(159,56): error TS4111: Property 'scale' comes from an index signature, so it must be accessed with ['scale'].
apps/web/src/effects/reanimated/use-motion-migration.ts(164,17): error TS4111: Property 'rotate' comes from an index signature, so it must be accessed with ['rotate'].
apps/web/src/effects/reanimated/use-motion-migration.ts(164,35): error TS4111: Property 'rotate' comes from an index signature, so it must be accessed with ['rotate'].
apps/web/src/effects/reanimated/use-motion-migration.ts(165,32): error TS4111: Property 'rotate' comes from an index signature, so it must be accessed with ['rotate'].
apps/web/src/effects/reanimated/use-motion-migration.ts(166,48): error TS18048: 'animate.rotate' is possibly 'undefined'.
apps/web/src/effects/reanimated/use-motion-migration.ts(166,56): error TS4111: Property 'rotate' comes from an index signature, so it must be accessed with ['rotate'].
apps/web/src/effects/reanimated/use-motion-migration.ts(171,17): error TS4111: Property 'x' comes from an index signature, so it must be accessed with ['x'].
apps/web/src/effects/reanimated/use-motion-migration.ts(171,30): error TS4111: Property 'x' comes from an index signature, so it must be accessed with ['x'].
apps/web/src/effects/reanimated/use-motion-migration.ts(172,32): error TS4111: Property 'x' comes from an index signature, so it must be accessed with ['x'].
apps/web/src/effects/reanimated/use-motion-migration.ts(173,48): error TS18048: 'animate.x' is possibly 'undefined'.
apps/web/src/effects/reanimated/use-motion-migration.ts(173,56): error TS4111: Property 'x' comes from an index signature, so it must be accessed with ['x'].
apps/web/src/effects/reanimated/use-motion-migration.ts(178,17): error TS4111: Property 'opacity' comes from an index signature, so it must be accessed with ['opacity'].
apps/web/src/effects/reanimated/use-motion-migration.ts(178,36): error TS4111: Property 'opacity' comes from an index signature, so it must be accessed with ['opacity'].
apps/web/src/effects/reanimated/use-motion-migration.ts(179,32): error TS4111: Property 'opacity' comes from an index signature, so it must be accessed with ['opacity'].
apps/web/src/effects/reanimated/use-motion-migration.ts(180,48): error TS18048: 'animate.opacity' is possibly 'undefined'.
apps/web/src/effects/reanimated/use-motion-migration.ts(180,56): error TS4111: Property 'opacity' comes from an index signature, so it must be accessed with ['opacity'].
apps/web/src/effects/reanimated/use-motion-variants.ts(9,3): error TS6133: 'withSequence' is declared but its value is never read.
apps/web/src/effects/reanimated/use-motion-variants.ts(18,8): error TS2307: Cannot find module '@/effects/reanimated/transitions' or its corresponding type declarations.
apps/web/src/effects/reanimated/use-motion-variants.ts(19,36): error TS2307: Cannot find module '@/effects/reanimated/animated-view' or its corresponding type declarations.
apps/web/src/effects/reanimated/use-motion-variants.ts(126,9): error TS6133: 'exitVariant' is declared but its value is never read.
apps/web/src/effects/reanimated/use-motion-variants.ts(254,13): error TS4111: Property 'transform' comes from an index signature, so it must be accessed with ['transform'].
apps/web/src/effects/reanimated/use-motion-variants.ts(258,13): error TS4111: Property 'backgroundColor' comes from an index signature, so it must be accessed with ['backgroundColor'].
apps/web/src/effects/reanimated/use-motion-variants.ts(262,13): error TS4111: Property 'color' comes from an index signature, so it must be accessed with ['color'].
apps/web/src/effects/reanimated/use-nav-bar-animation.ts(13,31): error TS2307: Cannot find module '@/effects/reanimated/transitions' or its corresponding type declarations.
apps/web/src/effects/reanimated/use-nav-bar-animation.ts(14,36): error TS2307: Cannot find module '@/effects/reanimated/animated-view' or its corresponding type declarations.
apps/web/src/effects/reanimated/use-page-transition-wrapper.ts(5,31): error TS2307: Cannot find module '@/effects/reanimated/transitions' or its corresponding type declarations.
apps/web/src/effects/reanimated/use-page-transition-wrapper.ts(6,36): error TS2307: Cannot find module '@/effects/reanimated/animated-view' or its corresponding type declarations.
apps/web/src/effects/reanimated/use-page-transition.ts(5,36): error TS2307: Cannot find module '@/effects/reanimated/animated-view' or its corresponding type declarations.
apps/web/src/effects/reanimated/use-pull-to-refresh.ts(3,23): error TS6133: 'useEffect' is declared but its value is never read.
apps/web/src/effects/reanimated/use-pull-to-refresh.ts(14,34): error TS2307: Cannot find module '@/hooks/useReducedMotion' or its corresponding type declarations.
apps/web/src/effects/reanimated/use-pull-to-refresh.ts(58,26): error TS2532: Object is possibly 'undefined'.
apps/web/src/effects/reanimated/use-pull-to-refresh.ts(69,24): error TS2532: Object is possibly 'undefined'.
apps/web/src/effects/reanimated/use-reaction-sparkles.ts(14,25): error TS2307: Cannot find module '@/lib/haptics' or its corresponding type declarations.
apps/web/src/effects/reanimated/use-reaction-sparkles.ts(15,46): error TS2307: Cannot find module '@/effects/reanimated/transitions' or its corresponding type declarations.
apps/web/src/effects/reanimated/use-reaction-sparkles.ts(142,20): error TS7006: Parameter 't' implicitly has an 'any' type.
apps/web/src/effects/reanimated/use-reaction-sparkles.ts(146,20): error TS7006: Parameter 't' implicitly has an 'any' type.
apps/web/src/effects/reanimated/use-receipt-transition.ts(15,36): error TS2307: Cannot find module '@/lib/chat-types' or its corresponding type declarations.
apps/web/src/effects/reanimated/use-receipt-transition.ts(16,46): error TS2307: Cannot find module '@/effects/reanimated/transitions' or its corresponding type declarations.
apps/web/src/effects/reanimated/use-receipt-transition.ts(103,25): error TS7053: Element implicitly has an 'any' type because expression of type 'MessageStatus' can't be used to index type '{ sending: string; sent: string; delivered: string; read: string; failed: string; }'.
apps/web/src/effects/reanimated/use-shimmer-sweep.ts(11,36): error TS2307: Cannot find module '@/effects/reanimated/animated-view' or its corresponding type declarations.
apps/web/src/effects/reanimated/use-staggered-container.ts(11,31): error TS2307: Cannot find module '@/effects/reanimated/transitions' or its corresponding type declarations.
apps/web/src/effects/reanimated/use-staggered-container.ts(12,36): error TS2307: Cannot find module '@/effects/reanimated/animated-view' or its corresponding type declarations.
apps/web/src/effects/reanimated/use-swipe-reply.ts(13,25): error TS2307: Cannot find module '@/lib/haptics' or its corresponding type declarations.
apps/web/src/effects/reanimated/use-swipe-reply.ts(14,46): error TS2307: Cannot find module '@/effects/reanimated/transitions' or its corresponding type declarations.
apps/web/src/effects/reanimated/use-thread-highlight.ts(13,46): error TS2307: Cannot find module '@/effects/reanimated/transitions' or its corresponding type declarations.
apps/web/src/effects/reanimated/use-timestamp-reveal.ts(11,46): error TS2307: Cannot find module '@/effects/reanimated/transitions' or its corresponding type declarations.
apps/web/src/effects/sound/SendPing.ts(25,36): error TS2307: Cannot find module '@/config/feature-flags' or its corresponding type declarations.
apps/web/src/effects/sound/SendPing.ts(73,41): error TS2379: Argument of type '{ volume: number | undefined; haptic: boolean; hapticType: "light"; }' is not assignable to parameter of type '{ volume?: number; spatial?: SpatialAudioConfig; haptic?: boolean; hapticType?: "medium" | "light" | "heavy"; }' with 'exactOptionalPropertyTypes: true'. Consider adding 'undefined' to the types of the target's properties.
  Types of property 'volume' are incompatible.
    Type 'number | undefined' is not assignable to type 'number'.
      Type 'undefined' is not assignable to type 'number'.
apps/web/src/effects/sound/audio-engine.ts(13,30): error TS2307: Cannot find module '@/lib/logger' or its corresponding type declarations.
apps/web/src/effects/sound/audio-engine.ts(14,25): error TS2307: Cannot find module '@/lib/haptics' or its corresponding type declarations.
apps/web/src/effects/sound/audio-engine.ts(29,11): error TS6133: 'pannerNodes' is declared but its value is never read.
apps/web/src/effects/sound/audio-engine.ts(180,37): error TS2379: Argument of type '{ volume: number; spatial: SpatialAudioConfig | undefined; }' is not assignable to parameter of type '{ volume?: number; spatial?: SpatialAudioConfig; }' with 'exactOptionalPropertyTypes: true'. Consider adding 'undefined' to the types of the target's properties.
  Types of property 'spatial' are incompatible.
    Type 'SpatialAudioConfig | undefined' is not assignable to type 'SpatialAudioConfig'.
      Type 'undefined' is not assignable to type 'SpatialAudioConfig'.
apps/web/src/effects/sound/audio-engine.ts(216,45): error TS2345: Argument of type 'number | undefined' is not assignable to parameter of type 'number'.
  Type 'undefined' is not assignable to type 'number'.
apps/web/src/effects/sound/audio-engine.ts(222,13): error TS2345: Argument of type 'number | undefined' is not assignable to parameter of type 'number'.
  Type 'undefined' is not assignable to type 'number'.
apps/web/src/effects/visual/particle-effect.tsx(2,1): error TS6133: 'motion' is declared but its value is never read.
apps/web/src/effects/visual/particle-effect.tsx(75,10): error TS2304: Cannot find name 'MotionView'.
apps/web/src/hooks/__tests__/use-smart-highlight.test.ts(10,21): error TS6133: 'delay' is declared but its value is never read.
apps/web/src/hooks/__tests__/use-typing-manager.test.ts(4,37): error TS2307: Cannot find module '@/lib/realtime' or its corresponding type declarations.
apps/web/src/hooks/__tests__/use-user-data.test.tsx(4,23): error TS2724: '"../use-user-data"' has no exported member named 'useUserMatches'. Did you mean 'useMatches'?
apps/web/src/hooks/__tests__/use-user-data.test.tsx(4,39): error TS2724: '"../use-user-data"' has no exported member named 'useUserSwipes'. Did you mean 'useUserPets'?
apps/web/src/hooks/__tests__/use-user-data.test.tsx(4,54): error TS2724: '"../use-user-data"' has no exported member named 'useUserPlaydates'. Did you mean 'usePlaydates'?
apps/web/src/hooks/__tests__/use-user-data.test.tsx(5,27): error TS2307: Cannot find module '@/lib/api-client' or its corresponding type declarations.
apps/web/src/hooks/__tests__/use-user-data.test.tsx(54,53): error TS2554: Expected 0 arguments, but got 1.
apps/web/src/hooks/__tests__/use-user-data.test.tsx(69,53): error TS2554: Expected 0 arguments, but got 1.
apps/web/src/hooks/__tests__/useApiCache.test.ts(4,28): error TS2307: Cannot find module '@/lib/cache/query-cache' or its corresponding type declarations.
apps/web/src/hooks/__tests__/useAuth.test.ts(4,30): error TS2307: Cannot find module '@/lib/enhanced-auth' or its corresponding type declarations.
apps/web/src/hooks/__tests__/useChatMessages.test.ts(4,28): error TS2307: Cannot find module '../useStorage' or its corresponding type declarations.
apps/web/src/hooks/__tests__/useChatMessages.test.ts(5,75): error TS2307: Cannot find module '@/lib/chat-utils' or its corresponding type declarations.
apps/web/src/hooks/__tests__/useChatMessages.test.ts(43,49): error TS7006: Parameter 'messages' implicitly has an 'any' type.
apps/web/src/hooks/__tests__/useChatMessages.test.ts(44,47): error TS7006: Parameter 'reactions' implicitly has an 'any' type.
apps/web/src/hooks/__tests__/useChatMessages.test.ts(103,64): error TS2554: Expected 1 arguments, but got 2.
apps/web/src/hooks/__tests__/useChatMessages.test.ts(120,63): error TS2554: Expected 1 arguments, but got 2.
apps/web/src/hooks/__tests__/useChatMessages.test.ts(137,59): error TS2554: Expected 1 arguments, but got 3.
apps/web/src/hooks/__tests__/useChatMessages.test.ts(138,23): error TS2339: Property 'metadata' does not exist on type 'Promise<void>'.
apps/web/src/hooks/__tests__/useChatMessages.test.ts(154,23): error TS2339: Property 'senderAvatar' does not exist on type 'Promise<void>'.
apps/web/src/hooks/__tests__/useChatMessages.test.ts(270,22): error TS2339: Property 'deleteMessage' does not exist on type 'UseChatMessagesReturn'.
apps/web/src/hooks/__tests__/useDialog.test.ts(4,25): error TS2307: Cannot find module '@/lib/haptics' or its corresponding type declarations.
apps/web/src/hooks/__tests__/useDoubleTap.test.ts(31,22): error TS2540: Cannot assign to 'current' because it is a read-only property.
apps/web/src/hooks/__tests__/useDoubleTap.test.ts(52,22): error TS2540: Cannot assign to 'current' because it is a read-only property.
apps/web/src/hooks/__tests__/useDoubleTap.test.ts(70,22): error TS2540: Cannot assign to 'current' because it is a read-only property.
apps/web/src/hooks/__tests__/useDoubleTap.test.ts(97,22): error TS2540: Cannot assign to 'current' because it is a read-only property.
apps/web/src/hooks/__tests__/useDoubleTap.test.ts(127,22): error TS2540: Cannot assign to 'current' because it is a read-only property.
apps/web/src/hooks/__tests__/useDoubleTap.test.ts(150,22): error TS2540: Cannot assign to 'current' because it is a read-only property.
apps/web/src/hooks/__tests__/useDoubleTap.test.ts(170,22): error TS2540: Cannot assign to 'current' because it is a read-only property.
apps/web/src/hooks/__tests__/useDoubleTap.test.ts(188,22): error TS2540: Cannot assign to 'current' because it is a read-only property.
apps/web/src/hooks/__tests__/useDoubleTap.test.ts(202,22): error TS2540: Cannot assign to 'current' because it is a read-only property.
apps/web/src/hooks/__tests__/useEntitlements.test.ts(4,33): error TS2307: Cannot find module '@/lib/payments-service' or its corresponding type declarations.
apps/web/src/hooks/__tests__/useGestureSwipe.test.ts(31,22): error TS2540: Cannot assign to 'current' because it is a read-only property.
apps/web/src/hooks/__tests__/useGestureSwipe.test.ts(48,22): error TS2540: Cannot assign to 'current' because it is a read-only property.
apps/web/src/hooks/__tests__/useGestureSwipe.test.ts(71,22): error TS2540: Cannot assign to 'current' because it is a read-only property.
apps/web/src/hooks/__tests__/useGestureSwipe.test.ts(98,22): error TS2540: Cannot assign to 'current' because it is a read-only property.
apps/web/src/hooks/__tests__/useGestureSwipe.test.ts(125,22): error TS2540: Cannot assign to 'current' because it is a read-only property.
apps/web/src/hooks/__tests__/useGestureSwipe.test.ts(152,22): error TS2540: Cannot assign to 'current' because it is a read-only property.
apps/web/src/hooks/__tests__/useGestureSwipe.test.ts(179,22): error TS2540: Cannot assign to 'current' because it is a read-only property.
apps/web/src/hooks/__tests__/useGestureSwipe.test.ts(204,22): error TS2540: Cannot assign to 'current' because it is a read-only property.
apps/web/src/hooks/__tests__/useGestureSwipe.test.ts(227,22): error TS2540: Cannot assign to 'current' because it is a read-only property.
apps/web/src/hooks/__tests__/useGestureSwipe.test.ts(254,22): error TS2540: Cannot assign to 'current' because it is a read-only property.
apps/web/src/hooks/__tests__/useGestureSwipe.test.ts(270,22): error TS2540: Cannot assign to 'current' because it is a read-only property.
apps/web/src/hooks/__tests__/useGestureSwipe.test.ts(284,22): error TS2540: Cannot assign to 'current' because it is a read-only property.
apps/web/src/hooks/__tests__/useMatches.test.ts(6,29): error TS2307: Cannot find module '@/lib/api-services' or its corresponding type declarations.
apps/web/src/hooks/__tests__/useMatches.test.ts(7,29): error TS2307: Cannot find module '@/hooks/api/use-user' or its corresponding type declarations.
apps/web/src/hooks/__tests__/useOnlineStatus.test.ts(29,19): error TS2540: Cannot assign to 'onLine' because it is a read-only property.
apps/web/src/hooks/__tests__/useOnlineStatus.test.ts(36,19): error TS2540: Cannot assign to 'onLine' because it is a read-only property.
apps/web/src/hooks/__tests__/useOnlineStatus.test.ts(43,19): error TS2540: Cannot assign to 'onLine' because it is a read-only property.
apps/web/src/hooks/__tests__/useOnlineStatus.test.ts(55,19): error TS2540: Cannot assign to 'onLine' because it is a read-only property.
apps/web/src/hooks/__tests__/useOnlineStatus.test.ts(67,19): error TS2540: Cannot assign to 'onLine' because it is a read-only property.
apps/web/src/hooks/__tests__/useOnlineStatus.test.ts(106,19): error TS2540: Cannot assign to 'onLine' because it is a read-only property.
apps/web/src/hooks/__tests__/useOnlineStatus.test.ts(117,19): error TS2540: Cannot assign to 'onLine' because it is a read-only property.
apps/web/src/hooks/__tests__/usePetDiscovery.test.ts(4,28): error TS2307: Cannot find module '@/hooks/use-storage' or its corresponding type declarations.
apps/web/src/hooks/__tests__/usePetDiscovery.test.ts(5,40): error TS2307: Cannot find module '@/lib/matching' or its corresponding type declarations.
apps/web/src/hooks/__tests__/usePetDiscovery.test.ts(6,35): error TS2307: Cannot find module '@/lib/distance' or its corresponding type declarations.
apps/web/src/hooks/__tests__/usePetDiscovery.test.ts(101,11): error TS6133: 'result' is declared but its value is never read.
apps/web/src/hooks/__tests__/usePetDiscovery.test.ts(111,11): error TS6133: 'result' is declared but its value is never read.
apps/web/src/hooks/__tests__/usePetDiscovery.test.ts(171,22): error TS2339: Property 'reset' does not exist on type '{ availablePets: any[]; currentPet: any; currentIndex: number; totalPets: number; nextPet: () => void; prevPet: () => void; goToPet: (index: number) => void; markAsSwiped: (petId: string) => void; resetDiscovery: () => void; hasMore: boolean; hasPrevious: boolean; }'.
apps/web/src/hooks/__tests__/usePinchZoom.test.ts(29,24): error TS2540: Cannot assign to 'current' because it is a read-only property.
apps/web/src/hooks/__tests__/usePinchZoom.test.ts(41,22): error TS2540: Cannot assign to 'current' because it is a read-only property.
apps/web/src/hooks/__tests__/usePinchZoom.test.ts(58,22): error TS2540: Cannot assign to 'current' because it is a read-only property.
apps/web/src/hooks/__tests__/usePinchZoom.test.ts(79,22): error TS2540: Cannot assign to 'current' because it is a read-only property.
apps/web/src/hooks/__tests__/usePinchZoom.test.ts(98,22): error TS2540: Cannot assign to 'current' because it is a read-only property.
apps/web/src/hooks/__tests__/usePinchZoom.test.ts(122,22): error TS2540: Cannot assign to 'current' because it is a read-only property.
apps/web/src/hooks/__tests__/usePinchZoom.test.ts(148,22): error TS2540: Cannot assign to 'current' because it is a read-only property.
apps/web/src/hooks/__tests__/usePinchZoom.test.ts(164,22): error TS2540: Cannot assign to 'current' because it is a read-only property.
apps/web/src/hooks/__tests__/usePinchZoom.test.ts(180,22): error TS2540: Cannot assign to 'current' because it is a read-only property.
apps/web/src/hooks/__tests__/useReducedMotion.test.ts(56,32): error TS6133: 'event' is declared but its value is never read.
apps/web/src/hooks/__tests__/useStories.test.ts(4,28): error TS2307: Cannot find module '@/hooks/use-storage' or its corresponding type declarations.
apps/web/src/hooks/__tests__/useStories.test.ts(133,22): error TS2551: Property 'clearSelectedStory' does not exist on type '{ stories: any[]; userStories: any[]; allStories: any; selectedStory: any; hasStories: boolean; addStory: (story: Story) => void; updateStory: (storyId: string, updates: Story) => void; deleteStory: (storyId: string) => void; selectStory: (story: any) => void; clearSelection: () => void; setStories: any; }'. Did you mean 'selectedStory'?
apps/web/src/hooks/__tests__/useTheme.test.ts(4,28): error TS2307: Cannot find module '../useStorage' or its corresponding type declarations.
apps/web/src/hooks/__tests__/useTheme.test.ts(5,50): error TS2307: Cannot find module '@/lib/theme-presets' or its corresponding type declarations.
apps/web/src/hooks/__tests__/useTheme.test.ts(152,38): error TS7006: Parameter 'current' implicitly has an 'any' type.
apps/web/src/hooks/__tests__/useViewMode.test.ts(4,25): error TS2307: Cannot find module '@/lib/haptics' or its corresponding type declarations.
apps/web/src/hooks/api/__tests__/use-chat.test.ts(6,25): error TS2307: Cannot find module '@/lib/api-services' or its corresponding type declarations.
apps/web/src/hooks/api/__tests__/use-pets.test.ts(6,24): error TS2307: Cannot find module '@/lib/api-services' or its corresponding type declarations.
apps/web/src/hooks/api/__tests__/use-user.test.ts(6,33): error TS2307: Cannot find module '@/lib/api-services' or its corresponding type declarations.
apps/web/src/hooks/api/__tests__/use-user.test.ts(82,11): error TS6133: 'updatedUser' is declared but its value is never read.
apps/web/src/hooks/api/use-adoption.ts(8,27): error TS2307: Cannot find module '@/lib/query-client' or its corresponding type declarations.
apps/web/src/hooks/api/use-adoption.ts(9,29): error TS2307: Cannot find module '@/lib/api-services' or its corresponding type declarations.
apps/web/src/hooks/api/use-adoption.ts(10,38): error TS2307: Cannot find module '@/lib/api-schemas' or its corresponding type declarations.
apps/web/src/hooks/api/use-adoption.ts(28,27): error TS2769: No overload matches this call.
  Overload 1 of 3, '(options: DefinedInitialDataInfiniteOptions<unknown, Error, InfiniteData<AdoptionProfile[], unknown>, any[], unknown>, queryClient?: QueryClient | undefined): DefinedUseInfiniteQueryResult<...>', gave the following error.
    Argument of type '{ queryKey: any[]; queryFn: ({ pageParam }: { client: QueryClient; queryKey: any[]; signal: AbortSignal; pageParam: unknown; direction: FetchDirection; meta: Record<string, unknown> | undefined; }) => Promise<...>; getNextPageParam: (lastPage: unknown, allPages: unknown[]) => undefined; staleTime: number; gcTime: nu...' is not assignable to parameter of type 'DefinedInitialDataInfiniteOptions<unknown, Error, InfiniteData<AdoptionProfile[], unknown>, any[], unknown>'.
      Property 'initialPageParam' is missing in type '{ queryKey: any[]; queryFn: ({ pageParam }: { client: QueryClient; queryKey: any[]; signal: AbortSignal; pageParam: unknown; direction: FetchDirection; meta: Record<string, unknown> | undefined; }) => Promise<...>; getNextPageParam: (lastPage: unknown, allPages: unknown[]) => undefined; staleTime: number; gcTime: nu...' but required in type 'UseInfiniteQueryOptions<unknown, Error, InfiniteData<AdoptionProfile[], unknown>, any[], unknown>'.
  Overload 2 of 3, '(options: UndefinedInitialDataInfiniteOptions<unknown, Error, InfiniteData<AdoptionProfile[], unknown>, any[], unknown>, queryClient?: QueryClient | undefined): UseInfiniteQueryResult<...>', gave the following error.
    Argument of type '{ queryKey: any[]; queryFn: ({ pageParam }: { client: QueryClient; queryKey: any[]; signal: AbortSignal; pageParam: unknown; direction: FetchDirection; meta: Record<string, unknown> | undefined; }) => Promise<...>; getNextPageParam: (lastPage: unknown, allPages: unknown[]) => undefined; staleTime: number; gcTime: nu...' is not assignable to parameter of type 'UndefinedInitialDataInfiniteOptions<unknown, Error, InfiniteData<AdoptionProfile[], unknown>, any[], unknown>'.
      Property 'initialPageParam' is missing in type '{ queryKey: any[]; queryFn: ({ pageParam }: { client: QueryClient; queryKey: any[]; signal: AbortSignal; pageParam: unknown; direction: FetchDirection; meta: Record<string, unknown> | undefined; }) => Promise<...>; getNextPageParam: (lastPage: unknown, allPages: unknown[]) => undefined; staleTime: number; gcTime: nu...' but required in type 'UseInfiniteQueryOptions<unknown, Error, InfiniteData<AdoptionProfile[], unknown>, any[], unknown>'.
  Overload 3 of 3, '(options: UseInfiniteQueryOptions<unknown, Error, InfiniteData<AdoptionProfile[], unknown>, any[], unknown>, queryClient?: QueryClient | undefined): UseInfiniteQueryResult<...>', gave the following error.
    Argument of type '{ queryKey: any[]; queryFn: ({ pageParam }: { client: QueryClient; queryKey: any[]; signal: AbortSignal; pageParam: unknown; direction: FetchDirection; meta: Record<string, unknown> | undefined; }) => Promise<...>; getNextPageParam: (lastPage: unknown, allPages: unknown[]) => undefined; staleTime: number; gcTime: nu...' is not assignable to parameter of type 'UseInfiniteQueryOptions<unknown, Error, InfiniteData<AdoptionProfile[], unknown>, any[], unknown>'.
      Property 'initialPageParam' is missing in type '{ queryKey: any[]; queryFn: ({ pageParam }: { client: QueryClient; queryKey: any[]; signal: AbortSignal; pageParam: unknown; direction: FetchDirection; meta: Record<string, unknown> | undefined; }) => Promise<...>; getNextPageParam: (lastPage: unknown, allPages: unknown[]) => undefined; staleTime: number; gcTime: nu...' but required in type 'UseInfiniteQueryOptions<unknown, Error, InfiniteData<AdoptionProfile[], unknown>, any[], unknown>'.
apps/web/src/hooks/api/use-adoption.ts(30,21): error TS6133: 'pageParam' is declared but its value is never read.
apps/web/src/hooks/api/use-adoption.ts(37,24): error TS6133: 'lastPage' is declared but its value is never read.
apps/web/src/hooks/api/use-adoption.ts(37,34): error TS6133: 'allPages' is declared but its value is never read.
apps/web/src/hooks/api/use-auth.ts(8,27): error TS2307: Cannot find module '@/lib/query-client' or its corresponding type declarations.
apps/web/src/hooks/api/use-auth.ts(9,25): error TS2307: Cannot find module '@/lib/api-services' or its corresponding type declarations.
apps/web/src/hooks/api/use-auth.ts(10,27): error TS2307: Cannot find module '@/hooks/api/use-user' or its corresponding type declarations.
apps/web/src/hooks/api/use-chat.ts(8,27): error TS2307: Cannot find module '@/lib/query-client' or its corresponding type declarations.
apps/web/src/hooks/api/use-chat.ts(9,25): error TS2307: Cannot find module '@/lib/api-services' or its corresponding type declarations.
apps/web/src/hooks/api/use-chat.ts(10,30): error TS2307: Cannot find module '@/lib/api-schemas' or its corresponding type declarations.
apps/web/src/hooks/api/use-chat.ts(18,27): error TS2769: No overload matches this call.
  Overload 1 of 3, '(options: DefinedInitialDataInfiniteOptions<unknown, Error, InfiniteData<Message[], unknown>, any, unknown>, queryClient?: QueryClient | undefined): DefinedUseInfiniteQueryResult<...>', gave the following error.
    Argument of type '{ queryKey: any; queryFn: ({ pageParam }: { client: QueryClient; queryKey: any; signal: AbortSignal; pageParam: unknown; direction: FetchDirection; meta: Record<string, unknown> | undefined; }) => Promise<...>; enabled: boolean; getNextPageParam: (lastPage: unknown, allPages: unknown[]) => undefined; staleTime: numb...' is not assignable to parameter of type 'DefinedInitialDataInfiniteOptions<unknown, Error, InfiniteData<Message[], unknown>, any, unknown>'.
      Property 'initialPageParam' is missing in type '{ queryKey: any; queryFn: ({ pageParam }: { client: QueryClient; queryKey: any; signal: AbortSignal; pageParam: unknown; direction: FetchDirection; meta: Record<string, unknown> | undefined; }) => Promise<...>; enabled: boolean; getNextPageParam: (lastPage: unknown, allPages: unknown[]) => undefined; staleTime: numb...' but required in type 'UseInfiniteQueryOptions<unknown, Error, InfiniteData<Message[], unknown>, any, unknown>'.
  Overload 2 of 3, '(options: UndefinedInitialDataInfiniteOptions<unknown, Error, InfiniteData<Message[], unknown>, any, unknown>, queryClient?: QueryClient | undefined): UseInfiniteQueryResult<...>', gave the following error.
    Argument of type '{ queryKey: any; queryFn: ({ pageParam }: { client: QueryClient; queryKey: any; signal: AbortSignal; pageParam: unknown; direction: FetchDirection; meta: Record<string, unknown> | undefined; }) => Promise<...>; enabled: boolean; getNextPageParam: (lastPage: unknown, allPages: unknown[]) => undefined; staleTime: numb...' is not assignable to parameter of type 'UndefinedInitialDataInfiniteOptions<unknown, Error, InfiniteData<Message[], unknown>, any, unknown>'.
      Property 'initialPageParam' is missing in type '{ queryKey: any; queryFn: ({ pageParam }: { client: QueryClient; queryKey: any; signal: AbortSignal; pageParam: unknown; direction: FetchDirection; meta: Record<string, unknown> | undefined; }) => Promise<...>; enabled: boolean; getNextPageParam: (lastPage: unknown, allPages: unknown[]) => undefined; staleTime: numb...' but required in type 'UseInfiniteQueryOptions<unknown, Error, InfiniteData<Message[], unknown>, any, unknown>'.
  Overload 3 of 3, '(options: UseInfiniteQueryOptions<unknown, Error, InfiniteData<Message[], unknown>, any, unknown>, queryClient?: QueryClient | undefined): UseInfiniteQueryResult<...>', gave the following error.
    Argument of type '{ queryKey: any; queryFn: ({ pageParam }: { client: QueryClient; queryKey: any; signal: AbortSignal; pageParam: unknown; direction: FetchDirection; meta: Record<string, unknown> | undefined; }) => Promise<...>; enabled: boolean; getNextPageParam: (lastPage: unknown, allPages: unknown[]) => undefined; staleTime: numb...' is not assignable to parameter of type 'UseInfiniteQueryOptions<unknown, Error, InfiniteData<Message[], unknown>, any, unknown>'.
      Property 'initialPageParam' is missing in type '{ queryKey: any; queryFn: ({ pageParam }: { client: QueryClient; queryKey: any; signal: AbortSignal; pageParam: unknown; direction: FetchDirection; meta: Record<string, unknown> | undefined; }) => Promise<...>; enabled: boolean; getNextPageParam: (lastPage: unknown, allPages: unknown[]) => undefined; staleTime: numb...' but required in type 'UseInfiniteQueryOptions<unknown, Error, InfiniteData<Message[], unknown>, any, unknown>'.
apps/web/src/hooks/api/use-chat.ts(28,24): error TS6133: 'lastPage' is declared but its value is never read.
apps/web/src/hooks/api/use-chat.ts(28,34): error TS6133: 'allPages' is declared but its value is never read.
apps/web/src/hooks/api/use-chat.ts(52,17): error TS6133: 'data' is declared but its value is never read.
apps/web/src/hooks/api/use-chat.ts(108,43): error TS2307: Cannot find module '@/lib/storage-adapter' or its corresponding type declarations.
apps/web/src/hooks/api/use-chat.ts(120,43): error TS2307: Cannot find module '@/lib/storage-adapter' or its corresponding type declarations.
apps/web/src/hooks/api/use-chat.ts(138,43): error TS2307: Cannot find module '@/lib/storage-adapter' or its corresponding type declarations.
apps/web/src/hooks/api/use-community.ts(8,27): error TS2307: Cannot find module '@/lib/query-client' or its corresponding type declarations.
apps/web/src/hooks/api/use-community.ts(9,30): error TS2307: Cannot find module '@/lib/api-services' or its corresponding type declarations.
apps/web/src/hooks/api/use-community.ts(10,45): error TS2307: Cannot find module '@/lib/api-schemas' or its corresponding type declarations.
apps/web/src/hooks/api/use-community.ts(31,27): error TS2769: No overload matches this call.
  Overload 1 of 3, '(options: DefinedInitialDataInfiniteOptions<unknown, Error, InfiniteData<CommunityPost[], unknown>, any[], unknown>, queryClient?: QueryClient | undefined): DefinedUseInfiniteQueryResult<...>', gave the following error.
    Argument of type '{ queryKey: any[]; queryFn: ({ pageParam }: { client: QueryClient; queryKey: any[]; signal: AbortSignal; pageParam: unknown; direction: FetchDirection; meta: Record<string, unknown> | undefined; }) => Promise<...>; getNextPageParam: (lastPage: unknown, allPages: unknown[]) => undefined; staleTime: number; gcTime: nu...' is not assignable to parameter of type 'DefinedInitialDataInfiniteOptions<unknown, Error, InfiniteData<CommunityPost[], unknown>, any[], unknown>'.
      Property 'initialPageParam' is missing in type '{ queryKey: any[]; queryFn: ({ pageParam }: { client: QueryClient; queryKey: any[]; signal: AbortSignal; pageParam: unknown; direction: FetchDirection; meta: Record<string, unknown> | undefined; }) => Promise<...>; getNextPageParam: (lastPage: unknown, allPages: unknown[]) => undefined; staleTime: number; gcTime: nu...' but required in type 'UseInfiniteQueryOptions<unknown, Error, InfiniteData<CommunityPost[], unknown>, any[], unknown>'.
  Overload 2 of 3, '(options: UndefinedInitialDataInfiniteOptions<unknown, Error, InfiniteData<CommunityPost[], unknown>, any[], unknown>, queryClient?: QueryClient | undefined): UseInfiniteQueryResult<...>', gave the following error.
    Argument of type '{ queryKey: any[]; queryFn: ({ pageParam }: { client: QueryClient; queryKey: any[]; signal: AbortSignal; pageParam: unknown; direction: FetchDirection; meta: Record<string, unknown> | undefined; }) => Promise<...>; getNextPageParam: (lastPage: unknown, allPages: unknown[]) => undefined; staleTime: number; gcTime: nu...' is not assignable to parameter of type 'UndefinedInitialDataInfiniteOptions<unknown, Error, InfiniteData<CommunityPost[], unknown>, any[], unknown>'.
      Property 'initialPageParam' is missing in type '{ queryKey: any[]; queryFn: ({ pageParam }: { client: QueryClient; queryKey: any[]; signal: AbortSignal; pageParam: unknown; direction: FetchDirection; meta: Record<string, unknown> | undefined; }) => Promise<...>; getNextPageParam: (lastPage: unknown, allPages: unknown[]) => undefined; staleTime: number; gcTime: nu...' but required in type 'UseInfiniteQueryOptions<unknown, Error, InfiniteData<CommunityPost[], unknown>, any[], unknown>'.
  Overload 3 of 3, '(options: UseInfiniteQueryOptions<unknown, Error, InfiniteData<CommunityPost[], unknown>, any[], unknown>, queryClient?: QueryClient | undefined): UseInfiniteQueryResult<...>', gave the following error.
    Argument of type '{ queryKey: any[]; queryFn: ({ pageParam }: { client: QueryClient; queryKey: any[]; signal: AbortSignal; pageParam: unknown; direction: FetchDirection; meta: Record<string, unknown> | undefined; }) => Promise<...>; getNextPageParam: (lastPage: unknown, allPages: unknown[]) => undefined; staleTime: number; gcTime: nu...' is not assignable to parameter of type 'UseInfiniteQueryOptions<unknown, Error, InfiniteData<CommunityPost[], unknown>, any[], unknown>'.
      Property 'initialPageParam' is missing in type '{ queryKey: any[]; queryFn: ({ pageParam }: { client: QueryClient; queryKey: any[]; signal: AbortSignal; pageParam: unknown; direction: FetchDirection; meta: Record<string, unknown> | undefined; }) => Promise<...>; getNextPageParam: (lastPage: unknown, allPages: unknown[]) => undefined; staleTime: number; gcTime: nu...' but required in type 'UseInfiniteQueryOptions<unknown, Error, InfiniteData<CommunityPost[], unknown>, any[], unknown>'.
apps/web/src/hooks/api/use-community.ts(33,21): error TS6133: 'pageParam' is declared but its value is never read.
apps/web/src/hooks/api/use-community.ts(40,24): error TS6133: 'lastPage' is declared but its value is never read.
apps/web/src/hooks/api/use-community.ts(40,34): error TS6133: 'allPages' is declared but its value is never read.
apps/web/src/hooks/api/use-matches.ts(8,27): error TS2307: Cannot find module '@/lib/query-client' or its corresponding type declarations.
apps/web/src/hooks/api/use-notifications.ts(8,27): error TS2307: Cannot find module '@/lib/query-client' or its corresponding type declarations.
apps/web/src/hooks/api/use-notifications.ts(9,33): error TS2307: Cannot find module '@/lib/api-services' or its corresponding type declarations.
apps/web/src/hooks/api/use-notifications.ts(10,35): error TS2307: Cannot find module '@/lib/api-schemas' or its corresponding type declarations.
apps/web/src/hooks/api/use-pets.ts(8,27): error TS2307: Cannot find module '@/lib/query-client' or its corresponding type declarations.
apps/web/src/hooks/api/use-pets.ts(9,24): error TS2307: Cannot find module '@/lib/api-services' or its corresponding type declarations.
apps/web/src/hooks/api/use-pets.ts(10,26): error TS2307: Cannot find module '@/lib/api-schemas' or its corresponding type declarations.
apps/web/src/hooks/api/use-user.ts(8,41): error TS2307: Cannot find module '@/lib/query-client' or its corresponding type declarations.
apps/web/src/hooks/api/use-user.ts(9,33): error TS2307: Cannot find module '@/lib/api-services' or its corresponding type declarations.
apps/web/src/hooks/call/useWebRTC.ts(13,39): error TS2307: Cannot find module '@/lib/webrtc/peer-connection-manager' or its corresponding type declarations.
apps/web/src/hooks/call/useWebRTC.ts(14,33): error TS2307: Cannot find module '@/lib/webrtc/signaling-client' or its corresponding type declarations.
apps/web/src/hooks/call/useWebRTC.ts(15,36): error TS2307: Cannot find module '@/lib/webrtc/media-stream-manager' or its corresponding type declarations.
apps/web/src/hooks/call/useWebRTC.ts(16,37): error TS2307: Cannot find module '@/lib/realtime' or its corresponding type declarations.
apps/web/src/hooks/call/useWebRTC.ts(17,30): error TS2307: Cannot find module '@/lib/logger' or its corresponding type declarations.
apps/web/src/hooks/call/useWebRTC.ts(87,37): error TS7006: Parameter 'state' implicitly has an 'any' type.
apps/web/src/hooks/call/useWebRTC.ts(103,40): error TS7006: Parameter 'state' implicitly has an 'any' type.
apps/web/src/hooks/call/useWebRTC.ts(120,28): error TS7006: Parameter 'candidate' implicitly has an 'any' type.
apps/web/src/hooks/call/useWebRTC.ts(125,21): error TS7006: Parameter 'event' implicitly has an 'any' type.
apps/web/src/hooks/call/useWebRTC.ts(136,21): error TS7006: Parameter 'error' implicitly has an 'any' type.
apps/web/src/hooks/call/useWebRTC.ts(149,27): error TS7006: Parameter 'offer' implicitly has an 'any' type.
apps/web/src/hooks/call/useWebRTC.ts(162,28): error TS7006: Parameter 'answer' implicitly has an 'any' type.
apps/web/src/hooks/call/useWebRTC.ts(173,34): error TS7006: Parameter 'candidate' implicitly has an 'any' type.
apps/web/src/hooks/call/useWebRTC.ts(192,21): error TS7006: Parameter 'error' implicitly has an 'any' type.
apps/web/src/hooks/use-ai-typing-reveal.ts(15,31): error TS2307: Cannot find module '@/effects/reanimated/transitions' or its corresponding type declarations.
apps/web/src/hooks/use-bubble-hover-tilt.ts(12,31): error TS2307: Cannot find module '@/effects/reanimated/transitions' or its corresponding type declarations.
apps/web/src/hooks/use-bubble-variant.ts(16,46): error TS2307: Cannot find module '@/effects/reanimated/transitions' or its corresponding type declarations.
apps/web/src/hooks/use-delete-bubble-animation.ts(14,46): error TS2307: Cannot find module '@/effects/reanimated/transitions' or its corresponding type declarations.
apps/web/src/hooks/use-delete-bubble-animation.ts(15,25): error TS2307: Cannot find module '@/lib/haptics' or its corresponding type declarations.
apps/web/src/hooks/use-delete-bubble-animation.ts(78,55): error TS7006: Parameter 'finished' implicitly has an 'any' type.
apps/web/src/hooks/use-delete-bubble-animation.ts(102,55): error TS7006: Parameter 'finished' implicitly has an 'any' type.
apps/web/src/hooks/use-delete-bubble-animation.ts(124,55): error TS7006: Parameter 'finished' implicitly has an 'any' type.
apps/web/src/hooks/use-delete-bubble-animation.ts(139,55): error TS7006: Parameter 'finished' implicitly has an 'any' type.
apps/web/src/hooks/use-delete-bubble-animation.ts(150,55): error TS7006: Parameter 'finished' implicitly has an 'any' type.
apps/web/src/hooks/use-filters.ts(2,25): error TS2307: Cannot find module '@/lib/haptics' or its corresponding type declarations.
apps/web/src/hooks/use-fullscreen.ts(15,5): error TS2722: Cannot invoke an object which is possibly 'undefined'.
apps/web/src/hooks/use-fullscreen.ts(16,5): error TS2722: Cannot invoke an object which is possibly 'undefined'.
apps/web/src/hooks/use-fullscreen.ts(17,5): error TS2722: Cannot invoke an object which is possibly 'undefined'.
apps/web/src/hooks/use-fullscreen.ts(18,5): error TS2722: Cannot invoke an object which is possibly 'undefined'.
apps/web/src/hooks/use-fullscreen.ts(21,7): error TS2722: Cannot invoke an object which is possibly 'undefined'.
apps/web/src/hooks/use-fullscreen.ts(22,7): error TS2722: Cannot invoke an object which is possibly 'undefined'.
apps/web/src/hooks/use-fullscreen.ts(23,7): error TS2722: Cannot invoke an object which is possibly 'undefined'.
apps/web/src/hooks/use-fullscreen.ts(24,7): error TS2722: Cannot invoke an object which is possibly 'undefined'.
apps/web/src/hooks/use-message-bubble-animation.test.tsx(3,43): error TS2307: Cannot find module '@/hooks/use-message-bubble-animation' or its corresponding type declarations.
apps/web/src/hooks/use-message-bubble-animation.ts(15,25): error TS2307: Cannot find module '@/lib/haptics' or its corresponding type declarations.
apps/web/src/hooks/use-message-bubble-animation.ts(16,46): error TS2307: Cannot find module '@/effects/reanimated/transitions' or its corresponding type declarations.
apps/web/src/hooks/use-message-delivery-transition.test.tsx(4,36): error TS2307: Cannot find module '@/lib/chat-types' or its corresponding type declarations.
apps/web/src/hooks/use-message-delivery-transition.ts(13,36): error TS2307: Cannot find module '@/lib/chat-types' or its corresponding type declarations.
apps/web/src/hooks/use-message-delivery-transition.ts(14,46): error TS2307: Cannot find module '@/effects/reanimated/transitions' or its corresponding type declarations.
apps/web/src/hooks/use-mobile.ts(13,5): error TS2722: Cannot invoke an object which is possibly 'undefined'.
apps/web/src/hooks/use-mobile.ts(15,18): error TS2722: Cannot invoke an object which is possibly 'undefined'.
apps/web/src/hooks/use-native-swipe.ts(3,36): error TS2307: Cannot find module '@/effects/reanimated/animated-view' or its corresponding type declarations.
apps/web/src/hooks/use-native-swipe.ts(4,31): error TS2307: Cannot find module '@/effects/reanimated/transitions' or its corresponding type declarations.
apps/web/src/hooks/use-native-swipe.ts(5,55): error TS2307: Cannot find module '@/lib/platform-haptics' or its corresponding type declarations.
apps/web/src/hooks/use-nav-button-animation.ts(15,31): error TS2307: Cannot find module '@/effects/reanimated/transitions' or its corresponding type declarations.
apps/web/src/hooks/use-nav-button-animation.ts(16,36): error TS2307: Cannot find module '@/effects/reanimated/animated-view' or its corresponding type declarations.
apps/web/src/hooks/use-nav-button-animation.ts(83,22): error TS7006: Parameter 't' implicitly has an 'any' type.
apps/web/src/hooks/use-new-message-drop.ts(15,46): error TS2307: Cannot find module '@/effects/reanimated/transitions' or its corresponding type declarations.
apps/web/src/hooks/use-particle-explosion-delete.ts(10,8): error TS2307: Cannot find module '@/effects/reanimated/particle-engine' or its corresponding type declarations.
apps/web/src/hooks/use-particle-explosion-delete.ts(70,29): error TS7006: Parameter 'particle' implicitly has an 'any' type.
apps/web/src/hooks/use-reaction-animation.test.tsx(3,38): error TS2307: Cannot find module '@/hooks/use-reaction-animation' or its corresponding type declarations.
apps/web/src/hooks/use-reaction-animation.ts(13,25): error TS2307: Cannot find module '@/lib/haptics' or its corresponding type declarations.
apps/web/src/hooks/use-reaction-animation.ts(14,46): error TS2307: Cannot find module '@/effects/reanimated/transitions' or its corresponding type declarations.
apps/web/src/hooks/use-scroll-to-new-enhanced.ts(12,46): error TS2307: Cannot find module '@/effects/reanimated/transitions' or its corresponding type declarations.
apps/web/src/hooks/use-scroll-to-new.ts(12,46): error TS2307: Cannot find module '@/effects/reanimated/transitions' or its corresponding type declarations.
apps/web/src/hooks/use-smart-highlight.ts(14,31): error TS2307: Cannot find module '@/effects/reanimated/transitions' or its corresponding type declarations.
apps/web/src/hooks/use-storage.ts(9,25): error TS2307: Cannot find module '@/lib/storage' or its corresponding type declarations.
apps/web/src/hooks/use-storage.ts(10,30): error TS2307: Cannot find module '@/lib/logger' or its corresponding type declarations.
apps/web/src/hooks/use-storage.ts(155,16): error TS7006: Parameter 'stored' implicitly has an 'any' type.
apps/web/src/hooks/use-storage.ts(162,17): error TS7006: Parameter 'error' implicitly has an 'any' type.
apps/web/src/hooks/use-story-analytics.ts(6,26): error TS2307: Cannot find module '@/lib/realtime' or its corresponding type declarations.
apps/web/src/hooks/use-story-analytics.ts(7,46): error TS2307: Cannot find module '@/lib/advanced-analytics' or its corresponding type declarations.
apps/web/src/hooks/use-story-analytics.ts(8,28): error TS2307: Cannot find module '@/lib/stories-types' or its corresponding type declarations.
apps/web/src/hooks/use-story-gestures.ts(7,25): error TS2307: Cannot find module '@/lib/haptics' or its corresponding type declarations.
apps/web/src/hooks/use-swipe-to-reply.test.tsx(3,33): error TS2307: Cannot find module '@/hooks/use-swipe-to-reply' or its corresponding type declarations.
apps/web/src/hooks/use-swipe-to-reply.ts(10,25): error TS2307: Cannot find module '@/lib/haptics' or its corresponding type declarations.
apps/web/src/hooks/use-swipe-to-reply.ts(11,31): error TS2307: Cannot find module '@/effects/reanimated/transitions' or its corresponding type declarations.
apps/web/src/hooks/use-typing-manager.test.tsx(4,37): error TS2307: Cannot find module '@/lib/realtime' or its corresponding type declarations.
apps/web/src/hooks/use-typing-manager.ts(4,33): error TS2307: Cannot find module '@/lib/chat-types' or its corresponding type declarations.
apps/web/src/hooks/use-typing-manager.ts(5,37): error TS2307: Cannot find module '@/lib/realtime' or its corresponding type declarations.
apps/web/src/hooks/use-typing-placeholder.test.tsx(3,38): error TS2307: Cannot find module '@/hooks/use-typing-placeholder' or its corresponding type declarations.
apps/web/src/hooks/use-typing-placeholder.ts(14,31): error TS2307: Cannot find module '@/effects/reanimated/transitions' or its corresponding type declarations.
apps/web/src/hooks/use-undo-send-animation.ts(13,46): error TS2307: Cannot find module '@/effects/reanimated/transitions' or its corresponding type declarations.
apps/web/src/hooks/use-user-data.ts(14,41): error TS2307: Cannot find module '@/lib/query-client' or its corresponding type declarations.
apps/web/src/hooks/use-user-data.ts(15,30): error TS2307: Cannot find module '@/lib/logger' or its corresponding type declarations.
apps/web/src/hooks/use-user-data.ts(16,27): error TS2307: Cannot find module '@/lib/api-client' or its corresponding type declarations.
apps/web/src/hooks/use-voice-waveform.test.tsx(3,34): error TS2307: Cannot find module '@/hooks/use-voice-waveform' or its corresponding type declarations.
apps/web/src/hooks/use-voice-waveform.ts(13,31): error TS2307: Cannot find module '@/effects/reanimated/transitions' or its corresponding type declarations.
apps/web/src/hooks/useAuth.ts(2,48): error TS2307: Cannot find module '@/lib/enhanced-auth' or its corresponding type declarations.
apps/web/src/hooks/useCall.ts(2,28): error TS2307: Cannot find module '@/hooks/use-storage' or its corresponding type declarations.
apps/web/src/hooks/useCall.ts(3,81): error TS2307: Cannot find module '@/lib/call-types' or its corresponding type declarations.
apps/web/src/hooks/useCall.ts(11,8): error TS2307: Cannot find module '@/lib/call-utils' or its corresponding type declarations.
apps/web/src/hooks/useCall.ts(12,33): error TS2307: Cannot find module '@/lib/webrtc-peer' or its corresponding type declarations.
apps/web/src/hooks/useCall.ts(14,30): error TS2307: Cannot find module '@/lib/logger' or its corresponding type declarations.
apps/web/src/hooks/useCall.ts(118,26): error TS7006: Parameter 'prev' implicitly has an 'any' type.
apps/web/src/hooks/useCall.ts(127,26): error TS7006: Parameter 'status' implicitly has an 'any' type.
apps/web/src/hooks/useCall.ts(128,26): error TS7006: Parameter 'prev' implicitly has an 'any' type.
apps/web/src/hooks/useCall.ts(199,26): error TS7006: Parameter 'prev' implicitly has an 'any' type.
apps/web/src/hooks/useCall.ts(208,26): error TS7006: Parameter 'status' implicitly has an 'any' type.
apps/web/src/hooks/useCall.ts(209,26): error TS7006: Parameter 'prev' implicitly has an 'any' type.
apps/web/src/hooks/useCall.ts(281,22): error TS7006: Parameter 'prev' implicitly has an 'any' type.
apps/web/src/hooks/useCall.ts(300,22): error TS7006: Parameter 'prev' implicitly has an 'any' type.
apps/web/src/hooks/useCall.ts(314,21): error TS7006: Parameter 'prev' implicitly has an 'any' type.
apps/web/src/hooks/useChatMessages.ts(6,8): error TS2307: Cannot find module '@/hooks/api/use-chat' or its corresponding type declarations.
apps/web/src/hooks/useChatMessages.ts(7,27): error TS2307: Cannot find module '@/hooks/useOutbox' or its corresponding type declarations.
apps/web/src/hooks/useChatMessages.ts(8,48): error TS2307: Cannot find module '@/lib/chat-types' or its corresponding type declarations.
apps/web/src/hooks/useChatMessages.ts(9,75): error TS2307: Cannot find module '@/lib/chat-utils' or its corresponding type declarations.
apps/web/src/hooks/useChatMessages.ts(10,27): error TS2307: Cannot find module '@/lib/query-client' or its corresponding type declarations.
apps/web/src/hooks/useChatMessages.ts(11,25): error TS2307: Cannot find module '@/lib/api-services' or its corresponding type declarations.
apps/web/src/hooks/useChatMessages.ts(62,44): error TS7006: Parameter 'msg' implicitly has an 'any' type.
apps/web/src/hooks/useChatMessages.ts(169,22): error TS7006: Parameter 'r' implicitly has an 'any' type.
apps/web/src/hooks/useChatMessages.ts(175,29): error TS7006: Parameter 'r' implicitly has an 'any' type.
apps/web/src/hooks/useChatMessages.ts(179,56): error TS7006: Parameter 'id' implicitly has an 'any' type.
apps/web/src/hooks/useChatMessages.ts(185,32): error TS7006: Parameter 'r' implicitly has an 'any' type.
apps/web/src/hooks/useChatMessages.ts(193,74): error TS7006: Parameter 'r' implicitly has an 'any' type.
apps/web/src/hooks/useChatMessages.ts(272,5): error TS2322: Type '(messageId: string, emoji: ReactionType) => void' is not assignable to type '(messageId: string, reaction: ReactionType) => Promise<void>'.
  Type 'void' is not assignable to type 'Promise<void>'.
apps/web/src/hooks/useChatMessages.ts(273,5): error TS2322: Type '() => void' is not assignable to type '(messageId: string) => Promise<void>'.
  Type 'void' is not assignable to type 'Promise<void>'.
apps/web/src/hooks/useDebounce.ts(34,18): error TS2345: Argument of type 'Timeout' is not assignable to parameter of type 'SetStateAction<number | null>'.
apps/web/src/hooks/useDialog.ts(2,25): error TS2307: Cannot find module '@/lib/haptics' or its corresponding type declarations.
apps/web/src/hooks/useDrag.ts(129,5): error TS2722: Cannot invoke an object which is possibly 'undefined'.
apps/web/src/hooks/useDrag.ts(130,5): error TS2722: Cannot invoke an object which is possibly 'undefined'.
apps/web/src/hooks/useDrag.ts(132,5): error TS2722: Cannot invoke an object which is possibly 'undefined'.
apps/web/src/hooks/useDrag.ts(133,5): error TS2722: Cannot invoke an object which is possibly 'undefined'.
apps/web/src/hooks/useDrag.ts(137,7): error TS2722: Cannot invoke an object which is possibly 'undefined'.
apps/web/src/hooks/useDrag.ts(138,7): error TS2722: Cannot invoke an object which is possibly 'undefined'.
apps/web/src/hooks/useDrag.ts(140,7): error TS2722: Cannot invoke an object which is possibly 'undefined'.
apps/web/src/hooks/useDrag.ts(141,7): error TS2722: Cannot invoke an object which is possibly 'undefined'.
apps/web/src/hooks/useEntitlements.ts(2,55): error TS2307: Cannot find module '@/lib/payments-types' or its corresponding type declarations.
apps/web/src/hooks/useEntitlements.ts(3,33): error TS2307: Cannot find module '@/lib/payments-service' or its corresponding type declarations.
apps/web/src/hooks/useGroupCall.ts(2,28): error TS2307: Cannot find module '@/hooks/use-storage' or its corresponding type declarations.
apps/web/src/hooks/useGroupCall.ts(9,8): error TS2307: Cannot find module '@/lib/call-types' or its corresponding type declarations.
apps/web/src/hooks/useGroupCall.ts(15,8): error TS2307: Cannot find module '@/lib/call-utils' or its corresponding type declarations.
apps/web/src/hooks/useGroupCall.ts(17,30): error TS2307: Cannot find module '@/lib/logger' or its corresponding type declarations.
apps/web/src/hooks/useGroupCall.ts(118,29): error TS7006: Parameter 'prev' implicitly has an 'any' type.
apps/web/src/hooks/useGroupCall.ts(159,25): error TS7006: Parameter 'prev' implicitly has an 'any' type.
apps/web/src/hooks/useGroupCall.ts(190,25): error TS7006: Parameter 'prev' implicitly has an 'any' type.
apps/web/src/hooks/useGroupCall.ts(250,27): error TS7006: Parameter 'prev' implicitly has an 'any' type.
apps/web/src/hooks/useGroupCall.ts(269,27): error TS7006: Parameter 'prev' implicitly has an 'any' type.
apps/web/src/hooks/useGroupCall.ts(283,25): error TS7006: Parameter 'prev' implicitly has an 'any' type.
apps/web/src/hooks/useGroupCall.ts(298,25): error TS7006: Parameter 'prev' implicitly has an 'any' type.
apps/web/src/hooks/useGroupCall.ts(309,21): error TS7006: Parameter 'prev' implicitly has an 'any' type.
apps/web/src/hooks/useLanguage.ts(1,28): error TS2307: Cannot find module '@/hooks/use-storage' or its corresponding type declarations.
apps/web/src/hooks/useLanguage.ts(2,31): error TS2307: Cannot find module '@/lib/i18n' or its corresponding type declarations.
apps/web/src/hooks/useLanguage.ts(3,32): error TS2307: Cannot find module '@/lib/i18n' or its corresponding type declarations.
apps/web/src/hooks/useLanguage.ts(15,24): error TS7006: Parameter 'current' implicitly has an 'any' type.
apps/web/src/hooks/useMatches.ts(3,27): error TS2307: Cannot find module '@/lib/query-client' or its corresponding type declarations.
apps/web/src/hooks/useMatches.ts(4,29): error TS2307: Cannot find module '@/lib/api-services' or its corresponding type declarations.
apps/web/src/hooks/useMatches.ts(5,33): error TS2307: Cannot find module '@/lib/types' or its corresponding type declarations.
apps/web/src/hooks/useMatches.ts(6,40): error TS2307: Cannot find module '@/lib/matching' or its corresponding type declarations.
apps/web/src/hooks/useMatches.ts(7,29): error TS2307: Cannot find module '@/hooks/api/use-user' or its corresponding type declarations.
apps/web/src/hooks/useMatching.ts(2,26): error TS2307: Cannot find module '@/lib/types' or its corresponding type declarations.
apps/web/src/hooks/useMatching.ts(7,8): error TS2307: Cannot find module '@/lib/matching' or its corresponding type declarations.
apps/web/src/hooks/useMicroInteractions.ts(2,25): error TS2307: Cannot find module '@/lib/haptics' or its corresponding type declarations.
apps/web/src/hooks/useOptimizedKV.ts(1,28): error TS2307: Cannot find module './useStorage' or its corresponding type declarations.
apps/web/src/hooks/useOutbox.ts(15,1): error TS6133: 'queryKeys' is declared but its value is never read.
apps/web/src/hooks/useOutbox.ts(15,27): error TS2307: Cannot find module '@/lib/query-client' or its corresponding type declarations.
apps/web/src/hooks/useOutbox.ts(16,28): error TS2307: Cannot find module '@/lib/storage-adapter' or its corresponding type declarations.
apps/web/src/hooks/useOutbox.ts(17,30): error TS2307: Cannot find module '@/lib/logger' or its corresponding type declarations.
apps/web/src/hooks/useOutbox.ts(315,13): error TS7030: Not all code paths return a value.
apps/web/src/hooks/usePetDiscovery.ts(2,28): error TS2307: Cannot find module '@/hooks/use-storage' or its corresponding type declarations.
apps/web/src/hooks/usePetDiscovery.ts(3,39): error TS2307: Cannot find module '@/lib/types' or its corresponding type declarations.
apps/web/src/hooks/usePetDiscovery.ts(4,40): error TS2307: Cannot find module '@/lib/matching' or its corresponding type declarations.
apps/web/src/hooks/usePetDiscovery.ts(5,35): error TS2307: Cannot find module '@/lib/distance' or its corresponding type declarations.
apps/web/src/hooks/usePetDiscovery.ts(84,65): error TS7006: Parameter 'trait' implicitly has an 'any' type.
apps/web/src/hooks/usePetDiscovery.ts(92,60): error TS7006: Parameter 'interest' implicitly has an 'any' type.
apps/web/src/hooks/usePetDiscovery.ts(102,57): error TS7006: Parameter 'goal' implicitly has an 'any' type.
apps/web/src/hooks/usePetDiscovery.ts(166,24): error TS7006: Parameter 'prev' implicitly has an 'any' type.
apps/web/src/hooks/usePhotoCarousel.ts(2,25): error TS2307: Cannot find module '@/lib/haptics' or its corresponding type declarations.
apps/web/src/hooks/useReducedMotion.ts(31,20): error TS2722: Cannot invoke an object which is possibly 'undefined'.
apps/web/src/hooks/useStories.ts(2,28): error TS2307: Cannot find module '@/hooks/use-storage' or its corresponding type declarations.
apps/web/src/hooks/useStories.ts(3,28): error TS2307: Cannot find module '@/lib/stories-types' or its corresponding type declarations.
apps/web/src/hooks/useStories.ts(40,22): error TS7006: Parameter 'prev' implicitly has an 'any' type.
apps/web/src/hooks/useStories.ts(47,22): error TS7006: Parameter 'prev' implicitly has an 'any' type.
apps/web/src/hooks/useStories.ts(48,27): error TS7006: Parameter 'story' implicitly has an 'any' type.
apps/web/src/hooks/useStories.ts(56,22): error TS7006: Parameter 'prev' implicitly has an 'any' type.
apps/web/src/hooks/useStories.ts(56,52): error TS7006: Parameter 'story' implicitly has an 'any' type.
apps/web/src/hooks/useSwipe.ts(12,25): error TS2307: Cannot find module '@/lib/haptics' or its corresponding type declarations.
apps/web/src/hooks/useSwipe.ts(13,46): error TS2307: Cannot find module '@/effects/reanimated/transitions' or its corresponding type declarations.
apps/web/src/hooks/useTheme.ts(2,28): error TS2307: Cannot find module '@/hooks/use-storage' or its corresponding type declarations.
apps/web/src/hooks/useTheme.ts(3,68): error TS2307: Cannot find module '@/lib/theme-presets' or its corresponding type declarations.
apps/web/src/hooks/useTheme.ts(39,26): error TS7006: Parameter 'current' implicitly has an 'any' type.
apps/web/src/hooks/useTheme.ts(49,26): error TS7006: Parameter 'current' implicitly has an 'any' type.
apps/web/src/hooks/useTheme.ts(59,32): error TS7006: Parameter 'current' implicitly has an 'any' type.
apps/web/src/hooks/useUIConfig.test.tsx(6,38): error TS2307: Cannot find module '@/agi_ui_engine/config/ABSOLUTE_MAX_UI_MODE' or its corresponding type declarations.
apps/web/src/hooks/useUIConfig.ts(3,30): error TS2307: Cannot find module '@/contexts/UIContext' or its corresponding type declarations.
apps/web/src/hooks/useUIConfig.ts(4,46): error TS2307: Cannot find module '@/config/absolute-max-ui-mode' or its corresponding type declarations.
apps/web/src/hooks/useViewMode.ts(2,25): error TS2307: Cannot find module '@/lib/haptics' or its corresponding type declarations.
apps/web/src/hooks/useViewMode.ts(3,30): error TS2307: Cannot find module '@/lib/logger' or its corresponding type declarations.
apps/web/src/hooks/useVoiceMessages.ts(2,28): error TS2307: Cannot find module '@/hooks/use-storage' or its corresponding type declarations.
apps/web/src/hooks/useVoiceMessages.ts(3,35): error TS2307: Cannot find module '@/lib/chat-utils' or its corresponding type declarations.
apps/web/src/hooks/useVoiceMessages.ts(35,29): error TS7006: Parameter 'current' implicitly has an 'any' type.
apps/web/src/lib/__tests__/logger.test.ts(83,14): error TS18048: 'call' is possibly 'undefined'.
apps/web/src/lib/adoption-marketplace-service.test.ts(3,29): error TS2307: Cannot find module '@/api/adoption-api' or its corresponding type declarations.
apps/web/src/lib/adoption-marketplace-service.test.ts(6,54): error TS2307: Cannot find module '@/api/adoption-api' or its corresponding type declarations.
apps/web/src/lib/adoption-marketplace-service.test.ts(65,69): error TS2345: Argument of type '{ petId: string; petName: string; petBreed: string; petAge: number; petGender: "male"; petSize: "large"; locationCity: string; locationCountry: string; petDescription: string; ownerId: string; ... 9 more ...; petPhotos: string[]; }' is not assignable to parameter of type 'CreateAdoptionListingData & { ownerId: string; ownerName: string; ownerAvatar?: string; }'.
  Type '{ petId: string; petName: string; petBreed: string; petAge: number; petGender: "male"; petSize: "large"; locationCity: string; locationCountry: string; petDescription: string; ownerId: string; ... 9 more ...; petPhotos: string[]; }' is missing the following properties from type 'CreateAdoptionListingData': petSpecies, requirements, vetDocuments, microchipped, reasonForAdoption
apps/web/src/lib/adoption-marketplace-service.test.ts(97,61): error TS2345: Argument of type '{ petId: string; petName: string; petBreed: string; petAge: number; petGender: "male"; petSize: "large"; locationCity: string; locationCountry: string; petDescription: string; ownerId: string; ... 9 more ...; petPhotos: never[]; }' is not assignable to parameter of type 'CreateAdoptionListingData & { ownerId: string; ownerName: string; ownerAvatar?: string; }'.
  Type '{ petId: string; petName: string; petBreed: string; petAge: number; petGender: "male"; petSize: "large"; locationCity: string; locationCountry: string; petDescription: string; ownerId: string; ... 9 more ...; petPhotos: never[]; }' is missing the following properties from type 'CreateAdoptionListingData': petSpecies, requirements, vetDocuments, microchipped, reasonForAdoption
apps/web/src/lib/adoption-marketplace-service.test.ts(219,54): error TS2345: Argument of type '{ petId: string; petName: string; petBreed: string; petAge: number; petGender: "female"; petSize: "tiny"; locationCity: string; locationCountry: string; petDescription: string; ownerId: string; ... 9 more ...; petPhotos: never[]; }' is not assignable to parameter of type 'CreateAdoptionListingData & { ownerId: string; ownerName: string; ownerAvatar?: string; }'.
  Type '{ petId: string; petName: string; petBreed: string; petAge: number; petGender: "female"; petSize: "tiny"; locationCity: string; locationCountry: string; petDescription: string; ownerId: string; ... 9 more ...; petPhotos: never[]; }' is missing the following properties from type 'CreateAdoptionListingData': petSpecies, requirements, vetDocuments, microchipped, reasonForAdoption
apps/web/src/lib/adoption-marketplace-service.ts(9,29): error TS2307: Cannot find module '@/api/adoption-api' or its corresponding type declarations.
apps/web/src/lib/adoption-marketplace-service.ts(10,51): error TS2307: Cannot find module '@/api/adoption-api' or its corresponding type declarations.
apps/web/src/lib/adoption-service.ts(9,29): error TS2307: Cannot find module '@/api/adoption-api' or its corresponding type declarations.
apps/web/src/lib/advanced-analytics.ts(5,30): error TS2307: Cannot find module '@/api/analytics-api' or its corresponding type declarations.
apps/web/src/lib/advanced-features.ts(35,11): error TS6196: 'WindowWithNavigator' is declared but never used.
apps/web/src/lib/advanced-features.ts(75,5): error TS2722: Cannot invoke an object which is possibly 'undefined'.
apps/web/src/lib/advanced-features.ts(76,18): error TS2722: Cannot invoke an object which is possibly 'undefined'.
apps/web/src/lib/advanced-features.ts(132,7): error TS2722: Cannot invoke an object which is possibly 'undefined'.
apps/web/src/lib/advanced-features.ts(139,9): error TS2722: Cannot invoke an object which is possibly 'undefined'.
apps/web/src/lib/advanced-features.ts(163,5): error TS2722: Cannot invoke an object which is possibly 'undefined'.
apps/web/src/lib/advanced-features.ts(165,7): error TS2722: Cannot invoke an object which is possibly 'undefined'.
apps/web/src/lib/advanced-features.ts(381,5): error TS2722: Cannot invoke an object which is possibly 'undefined'.
apps/web/src/lib/advanced-features.ts(382,18): error TS2722: Cannot invoke an object which is possibly 'undefined'.
apps/web/src/lib/advanced-features.ts(399,5): error TS2722: Cannot invoke an object which is possibly 'undefined'.
apps/web/src/lib/advanced-features.ts(400,18): error TS2722: Cannot invoke an object which is possibly 'undefined'.
apps/web/src/lib/advanced-performance.ts(36,5): error TS2722: Cannot invoke an object which is possibly 'undefined'.
apps/web/src/lib/advanced-performance.ts(317,43): error TS2341: Property 'prefetchCache' is private and only accessible within class 'AdvancedPerformance'.
apps/web/src/lib/advanced-performance.ts(324,25): error TS2341: Property 'prefetchCache' is private and only accessible within class 'AdvancedPerformance'.
apps/web/src/lib/animations.ts(1,15): error TS2307: Cannot find module '@/effects/animations' or its corresponding type declarations.
apps/web/src/lib/api-client.ts(1,34): error TS2307: Cannot find module '@/config/env' or its corresponding type declarations.
apps/web/src/lib/api-client.ts(2,21): error TS2307: Cannot find module '@/config/env' or its corresponding type declarations.
apps/web/src/lib/api-client.ts(3,30): error TS2307: Cannot find module '@/lib/logger' or its corresponding type declarations.
apps/web/src/lib/api-client.ts(4,23): error TS2307: Cannot find module '@/lib/retry' or its corresponding type declarations.
apps/web/src/lib/api-client.ts(5,27): error TS2307: Cannot find module '@/lib/endpoints' or its corresponding type declarations.
apps/web/src/lib/api-config.ts(1,32): error TS2307: Cannot find module '@/components/admin/APIConfigView' or its corresponding type declarations.
apps/web/src/lib/api-config.ts(4,30): error TS2307: Cannot find module '@/api/api-config-api' or its corresponding type declarations.
apps/web/src/lib/api/admin.ts(7,21): error TS2307: Cannot find module '@/config/env' or its corresponding type declarations.
apps/web/src/lib/api/admin.ts(8,36): error TS2307: Cannot find module '@/lib/chat-types' or its corresponding type declarations.
apps/web/src/lib/api/admin.ts(9,47): error TS2307: Cannot find module '@/lib/contracts' or its corresponding type declarations.
apps/web/src/lib/api/admin.ts(10,30): error TS2307: Cannot find module '@/lib/logger' or its corresponding type declarations.
apps/web/src/lib/block-service.ts(1,27): error TS2307: Cannot find module '@/lib/api-client' or its corresponding type declarations.
apps/web/src/lib/block-service.ts(2,27): error TS2307: Cannot find module '@/lib/endpoints' or its corresponding type declarations.
apps/web/src/lib/block-service.ts(3,30): error TS2307: Cannot find module '@/lib/logger' or its corresponding type declarations.
apps/web/src/lib/chat-service.ts(9,25): error TS2307: Cannot find module '@/api/chat-api' or its corresponding type declarations.
apps/web/src/lib/chat-service.ts(207,30): error TS7006: Parameter 'msg' implicitly has an 'any' type.
apps/web/src/lib/community-service.ts(21,30): error TS2307: Cannot find module '@/api/community-api-client' or its corresponding type declarations.
apps/web/src/lib/deep-linking.ts(62,7): error TS2722: Cannot invoke an object which is possibly 'undefined'.
apps/web/src/lib/device-score.ts(24,43): error TS2352: Conversion of type 'Navigator' to type 'Record<string, unknown>' may be a mistake because neither type sufficiently overlaps with the other. If this was intentional, convert the expression to 'unknown' first.
  Index signature for type 'string' is missing in type 'Navigator'.
apps/web/src/lib/device-score.ts(24,75): error TS4111: Property 'deviceMemory' comes from an index signature, so it must be accessed with ['deviceMemory'].
apps/web/src/lib/enhanced-notifications.ts(4,38): error TS2307: Cannot find module '@/components/notifications/NotificationCenter' or its corresponding type declarations.
apps/web/src/lib/entitlements-engine.ts(8,55): error TS2307: Cannot find module '@/core/domain/business' or its corresponding type declarations.
apps/web/src/lib/entitlements-engine.ts(13,8): error TS2307: Cannot find module '@/core/domain/business' or its corresponding type declarations.
apps/web/src/lib/entitlements-engine.ts(15,29): error TS2307: Cannot find module '@/api/payments-api' or its corresponding type declarations.
apps/web/src/lib/feature-flags.ts(1,28): error TS2307: Cannot find module '@/hooks/use-storage' or its corresponding type declarations.
apps/web/src/lib/feature-flags.ts(4,33): error TS2307: Cannot find module '@/api/feature-flags-api' or its corresponding type declarations.
apps/web/src/lib/gesture-utils.ts(7,8): error TS2307: Cannot find module '@/types/gesture-types' or its corresponding type declarations.
apps/web/src/lib/haptics.ts(24,7): error TS2722: Cannot invoke an object which is possibly 'undefined'.
apps/web/src/lib/i18n/core/loader.ts(8,30): error TS2307: Cannot find module '@/lib/logger' or its corresponding type declarations.
apps/web/src/lib/i18n/hooks/useTranslation.ts(12,30): error TS2307: Cannot find module '@/lib/logger' or its corresponding type declarations.
apps/web/src/lib/image-prefetcher.test.ts(2,60): error TS2307: Cannot find module '@/lib/image-prefetcher' or its corresponding type declarations.
apps/web/src/lib/kyc-native.ts(109,58): error TS2339: Property 'KycModule' does not exist on type '{ KycModule?: { startKycSession: (config: KycConfig) => Promise<KycResult>; getKycStatus: (userId: string) => Promise<KycStatus>; cancelKycSession: (sessionId: string) => Promise<...>; }; } | undefined'.
apps/web/src/lib/kyc-native.ts(194,52): error TS2345: Argument of type '(progress: KycProgress) => void' is not assignable to parameter of type '(data: unknown) => void'.
  Types of parameters 'progress' and 'data' are incompatible.
    Type 'unknown' is not assignable to type 'KycProgress'.
apps/web/src/lib/kyc-native.ts(211,50): error TS2345: Argument of type '(result: KycResult) => void' is not assignable to parameter of type '(data: unknown) => void'.
  Types of parameters 'result' and 'data' are incompatible.
    Type 'unknown' is not assignable to type 'KycResult'.
apps/web/src/lib/kyc-service.ts(9,24): error TS2307: Cannot find module '@/api/kyc-api' or its corresponding type declarations.
apps/web/src/lib/llm-service.ts(7,24): error TS2307: Cannot find module '@/api/llm-api' or its corresponding type declarations.
apps/web/src/lib/logger.ts(46,31): error TS4111: Property 'VITE_SENTRY_DSN' comes from an index signature, so it must be accessed with ['VITE_SENTRY_DSN'].
apps/web/src/lib/lost-found-service.ts(2,30): error TS2307: Cannot find module '@/api/lost-found-api' or its corresponding type declarations.
apps/web/src/lib/maps/provider-config.ts(1,28): error TS2307: Cannot find module '@/hooks/use-storage' or its corresponding type declarations.
apps/web/src/lib/maps/provider-config.ts(2,30): error TS2307: Cannot find module '@/lib/logger' or its corresponding type declarations.
apps/web/src/lib/maps/quota-monitor.ts(2,28): error TS2307: Cannot find module '@/hooks/use-storage' or its corresponding type declarations.
apps/web/src/lib/maps/quota-monitor.ts(3,36): error TS2307: Cannot find module '@/lib/maps/geocoding' or its corresponding type declarations.
apps/web/src/lib/maps/quota-monitor.ts(4,30): error TS2307: Cannot find module '@/lib/logger' or its corresponding type declarations.
apps/web/src/lib/maps/quota-monitor.ts(139,6): error TS7006: Parameter 'm' implicitly has an 'any' type.
apps/web/src/lib/maps/quota-monitor.ts(139,9): error TS7006: Parameter 'i' implicitly has an 'any' type.
apps/web/src/lib/maps/useMapConfig.ts(1,28): error TS2307: Cannot find module '@/hooks/use-storage' or its corresponding type declarations.
apps/web/src/lib/maps/useMapLibreMap.ts(5,31): error TS2307: Cannot find module '@/lib/maps/types' or its corresponding type declarations.
apps/web/src/lib/micro-interactions.ts(5,8): error TS2307: Cannot find module '@/effects/micro-interactions' or its corresponding type declarations.
apps/web/src/lib/micro-interactions.ts(7,27): error TS2307: Cannot find module '@/effects/hooks' or its corresponding type declarations.
apps/web/src/lib/micro-interactions.ts(8,28): error TS2307: Cannot find module '@/effects/hooks' or its corresponding type declarations.
apps/web/src/lib/micro-interactions.ts(9,35): error TS2307: Cannot find module '@/effects/hooks' or its corresponding type declarations.
apps/web/src/lib/mobile-accessibility.ts(57,5): error TS2722: Cannot invoke an object which is possibly 'undefined'.
apps/web/src/lib/mobile-polish.ts(111,3): error TS2722: Cannot invoke an object which is possibly 'undefined'.
apps/web/src/lib/mobile-polish.ts(113,16): error TS2722: Cannot invoke an object which is possibly 'undefined'.
apps/web/src/lib/monitoring/performance-monitor.ts(1,30): error TS2307: Cannot find module '@/lib/logger' or its corresponding type declarations.
apps/web/src/lib/monitoring/performance-monitor.ts(2,62): error TS2307: Cannot find module '@/lib/types/performance-api' or its corresponding type declarations.
apps/web/src/lib/monitoring/performance.ts(5,39): error TS2307: Cannot find module '@/lib/types/performance-api' or its corresponding type declarations.
apps/web/src/lib/monitoring/sentry-config.ts(1,21): error TS2307: Cannot find module '@/config/env' or its corresponding type declarations.
apps/web/src/lib/monitoring/sentry-config.ts(2,30): error TS2307: Cannot find module '@/lib/logger' or its corresponding type declarations.
apps/web/src/lib/notifications-service.ts(5,30): error TS2307: Cannot find module '@/api/lost-found-api' or its corresponding type declarations.
apps/web/src/lib/notifications-service.ts(6,34): error TS2307: Cannot find module '@/api/notifications-api' or its corresponding type declarations.
apps/web/src/lib/notifications-service.ts(114,52): error TS2307: Cannot find module '@/core/services/follow-graph' or its corresponding type declarations.
apps/web/src/lib/notifications-service.ts(169,54): error TS2307: Cannot find module '@/core/services/follow-graph' or its corresponding type declarations.
apps/web/src/lib/notifications.ts(84,7): error TS2322: Type '{ onClick?: () => void; label: string; }' is not assignable to type 'ReactNode | Action'.
  Type '{ onClick?: () => void; label: string; }' is not assignable to type 'Action'.
    Property 'onClick' is optional in type '{ onClick?: () => void; label: string; }' but required in type 'Action'.
apps/web/src/lib/notifications.ts(90,20): error TS2339: Property 'important' does not exist on type 'ExternalToast'.
apps/web/src/lib/offline-queue.ts(1,28): error TS2307: Cannot find module '@/hooks/use-storage' or its corresponding type declarations.
apps/web/src/lib/offline-swipe-queue.test.ts(6,8): error TS2307: Cannot find module '@/lib/offline-swipe-queue' or its corresponding type declarations.
apps/web/src/lib/offline-swipe-queue.ts(3,30): error TS2307: Cannot find module '@/lib/logger' or its corresponding type declarations.
apps/web/src/lib/offline-sync.ts(215,42): error TS2307: Cannot find module '@/api/chat-api' or its corresponding type declarations.
apps/web/src/lib/offline-sync.ts(222,46): error TS2307: Cannot find module '@/api/matching-api' or its corresponding type declarations.
apps/web/src/lib/offline-sync.ts(233,46): error TS2307: Cannot find module '@/api/matching-api' or its corresponding type declarations.
apps/web/src/lib/offline-sync.ts(250,41): error TS2307: Cannot find module '@/lib/api-services' or its corresponding type declarations.
apps/web/src/lib/offline-sync.ts(256,41): error TS2307: Cannot find module '@/lib/api-services' or its corresponding type declarations.
apps/web/src/lib/offline-sync.ts(263,42): error TS2307: Cannot find module '@/api/chat-api' or its corresponding type declarations.
apps/web/src/lib/offline-sync.ts(276,49): error TS2307: Cannot find module '@/api/image-upload-api' or its corresponding type declarations.
apps/web/src/lib/optimization-core.ts(96,13): error TS2345: Argument of type '() => void | Destructor' is not assignable to parameter of type 'EffectCallback'.
  Type 'void | Destructor' is not assignable to type 'void | Destructor'. Two different types with this name exist, but they are unrelated.
    Type 'Destructor' is not assignable to type 'void | Destructor'.
      Type 'Destructor' is not assignable to type 'Destructor'. Two different types with this name exist, but they are unrelated.
        Type 'void | { [UNDEFINED_VOID_ONLY]: never; }' is not assignable to type 'void | { [UNDEFINED_VOID_ONLY]: never; }'. Two different types with this name exist, but they are unrelated.
          Type '{ [UNDEFINED_VOID_ONLY]: never; }' is not assignable to type 'void | { [UNDEFINED_VOID_ONLY]: never; }'.
apps/web/src/lib/overlay-manager.ts(63,5): error TS2722: Cannot invoke an object which is possibly 'undefined'.
apps/web/src/lib/overlay-manager.ts(64,5): error TS2722: Cannot invoke an object which is possibly 'undefined'.
apps/web/src/lib/overlay-manager.ts(73,7): error TS2722: Cannot invoke an object which is possibly 'undefined'.
apps/web/src/lib/overlay-manager.ts(74,7): error TS2722: Cannot invoke an object which is possibly 'undefined'.
apps/web/src/lib/payments-service.ts(13,29): error TS2307: Cannot find module '@/api/payments-api' or its corresponding type declarations.
apps/web/src/lib/payments-service.ts(82,51): error TS7006: Parameter 's' implicitly has an 'any' type.
apps/web/src/lib/payments/stripe-service.ts(2,27): error TS2307: Cannot find module '@/lib/api-client' or its corresponding type declarations.
apps/web/src/lib/payments/stripe-service.ts(3,27): error TS2307: Cannot find module '@/lib/endpoints' or its corresponding type declarations.
apps/web/src/lib/payments/stripe-service.ts(4,21): error TS2307: Cannot find module '@/config/env' or its corresponding type declarations.
apps/web/src/lib/payments/stripe-service.ts(5,30): error TS2307: Cannot find module '@/lib/logger' or its corresponding type declarations.
apps/web/src/lib/platform-haptics.test.ts(2,56): error TS2307: Cannot find module '@/lib/platform-haptics' or its corresponding type declarations.
apps/web/src/lib/platform-haptics.ts(3,30): error TS2307: Cannot find module '@/lib/logger' or its corresponding type declarations.
apps/web/src/lib/platform-haptics.ts(34,7): error TS2722: Cannot invoke an object which is possibly 'undefined'.
apps/web/src/lib/premium-notifications.ts(1,42): error TS2307: Cannot find module '@/components/notifications/PremiumNotificationCenter' or its corresponding type declarations.
apps/web/src/lib/query-client.ts(10,28): error TS2307: Cannot find module '@/lib/storage-adapter' or its corresponding type declarations.
apps/web/src/lib/rate-limiting.ts(3,33): error TS2307: Cannot find module '@/api/rate-limiting-api' or its corresponding type declarations.
apps/web/src/lib/saved-search-types.ts(1,43): error TS2307: Cannot find module '@/components/DiscoveryFilters' or its corresponding type declarations.
apps/web/src/lib/security/audit-logger.ts(1,27): error TS2307: Cannot find module '@/lib/api-client' or its corresponding type declarations.
apps/web/src/lib/security/audit-logger.ts(2,30): error TS2307: Cannot find module '@/lib/logger' or its corresponding type declarations.
apps/web/src/lib/security/security-config.ts(1,21): error TS2307: Cannot find module '@/config/env' or its corresponding type declarations.
apps/web/src/lib/security/security-config.ts(2,30): error TS2307: Cannot find module '@/lib/logger' or its corresponding type declarations.
apps/web/src/lib/streaming-service.ts(1,34): error TS2307: Cannot find module '@/api/live-streaming-api' or its corresponding type declarations.
apps/web/src/lib/streaming-service.ts(2,27): error TS2307: Cannot find module '@/lib/api-client' or its corresponding type declarations.
apps/web/src/lib/streaming-service.ts(3,27): error TS2307: Cannot find module '@/lib/endpoints' or its corresponding type declarations.
apps/web/src/lib/streaming-service.ts(78,56): error TS7006: Parameter 's' implicitly has an 'any' type.
apps/web/src/lib/streaming-service.ts(149,16): error TS7006: Parameter 'a' implicitly has an 'any' type.
apps/web/src/lib/streaming-service.ts(149,19): error TS7006: Parameter 'b' implicitly has an 'any' type.
apps/web/src/lib/telemetry.ts(9,21): error TS2307: Cannot find module '@/config/env' or its corresponding type declarations.
apps/web/src/lib/telemetry.ts(95,11): error TS2375: Type '{ name: TelemetryEventName; timestamp: number; userId: string | undefined; sessionId: string; properties: Record<string, unknown> | undefined; context: { page: string; userAgent: string; platform: string; environment: string; }; }' is not assignable to type 'TelemetryEvent' with 'exactOptionalPropertyTypes: true'. Consider adding 'undefined' to the types of the target's properties.
  Types of property 'userId' are incompatible.
    Type 'string | undefined' is not assignable to type 'string'.
      Type 'undefined' is not assignable to type 'string'.
apps/web/src/lib/telemetry.ts(210,17): error TS2341: Property 'trackPageView' is private and only accessible within class 'TelemetryService'.
apps/web/src/lib/telemetry.ts(212,14): error TS2345: Argument of type 'Document' is not assignable to parameter of type 'Node'.
  Property 'addEventListener' is optional in type 'Document' but required in type 'Node'.
apps/web/src/lib/theme-presets.ts(695,17): error TS2307: Cannot find module '@/core/tokens/button-tokens-theme-system' or its corresponding type declarations.
apps/web/src/lib/upload-service.ts(1,27): error TS2307: Cannot find module '@/lib/api-client' or its corresponding type declarations.
apps/web/src/lib/upload-service.ts(2,27): error TS2307: Cannot find module '@/lib/endpoints' or its corresponding type declarations.
apps/web/src/lib/upload-service.ts(3,30): error TS2307: Cannot find module '@/lib/logger' or its corresponding type declarations.
apps/web/src/lib/webrtc/media-stream-manager.ts(11,30): error TS2307: Cannot find module '@/lib/logger' or its corresponding type declarations.
apps/web/src/lib/webrtc/peer-connection-manager.ts(12,30): error TS2307: Cannot find module '@/lib/logger' or its corresponding type declarations.
apps/web/src/lib/webrtc/signaling-client.ts(10,30): error TS2307: Cannot find module '@/lib/logger' or its corresponding type declarations.
apps/web/src/lib/webrtc/signaling-client.ts(11,37): error TS2307: Cannot find module '@/lib/realtime' or its corresponding type declarations.
apps/web/src/providers/QueryProvider.tsx(13,67): error TS2307: Cannot find module '@/lib/query-client' or its corresponding type declarations.
apps/web/src/providers/QueryProvider.tsx(14,30): error TS2307: Cannot find module '@/lib/logger' or its corresponding type declarations.
apps/web/src/test/mocks/maps.ts(34,20): error TS6133: 'lnglat' is declared but its value is never read.
apps/web/src/test/mocks/maps.ts(35,22): error TS6133: 'point' is declared but its value is never read.
apps/web/src/test/mocks/storage.ts(82,7): error TS2684: The 'this' context of type 'MockIDBRequest<T>' is not assignable to method's 'this' of type 'IDBRequest<T>'.
  Type 'MockIDBRequest<T>' is missing the following properties from type 'IDBRequest<T>': source, transaction
apps/web/src/test/mocks/storage.ts(131,25): error TS6133: 'stores' is declared but its value is never read.
apps/web/src/test/mocks/storage.ts(136,5): error TS2322: Type '(name: string) => { createIndex: Mock<Procedure>; }' is not assignable to type 'Mock<Procedure | Constructable>'.
  Type '(name: string) => { createIndex: Mock<Procedure>; }' is not assignable to type 'MockInstance<Procedure | Constructable> & { (...args: any[]): any; new (...args: any[]): any; } & {}'.
    Type '(name: string) => { createIndex: Mock<Procedure>; }' is not assignable to type 'MockInstance<Procedure | Constructable>'.
apps/web/src/test/mocks/storage.ts(153,27): error TS6133: 'name' is declared but its value is never read.
apps/web/src/test/setup.ts(323,19): error TS4111: Property 'USE_REAL_API_CLIENT' comes from an index signature, so it must be accessed with ['USE_REAL_API_CLIENT'].
apps/web/src/test/setup.ts(342,9): error TS2412: Type 'string | undefined' is not assignable to type 'string' with 'exactOptionalPropertyTypes: true'. Consider adding 'undefined' to the type of the target.
  Type 'undefined' is not assignable to type 'string'.
apps/web/src/test/setup.ts(343,9): error TS2412: Type 'Record<string, unknown> | undefined' is not assignable to type 'Record<string, unknown>' with 'exactOptionalPropertyTypes: true'. Consider adding 'undefined' to the type of the target.
  Type 'undefined' is not assignable to type 'Record<string, unknown>'.
apps/web/src/test/setup.ts(419,23): error TS2339: Property 'value' does not exist on type '(initial: number) => { value: number; get: () => number; set: Mock<(value: number) => void>; }'.
apps/web/src/test/setup.ts(423,9): error TS6133: 'mockUseAnimatedStyle' is declared but its value is never read.
apps/web/src/test/templates/component-test-template.tsx(11,31): error TS2307: Cannot find module '../ComponentName' or its corresponding type declarations.
apps/web/src/test/templates/hook-test-template.ts(10,29): error TS2307: Cannot find module '../use-hook-name' or its corresponding type declarations.
apps/web/src/test/templates/service-test-template.ts(9,29): error TS2307: Cannot find module '../service-name' or its corresponding type declarations.
apps/web/src/test/templates/service-test-template.ts(36,15): error TS2304: Cannot find name 'APIClient'.
apps/web/src/test/templates/service-test-template.ts(41,12): error TS2304: Cannot find name 'APIClient'.
apps/web/src/test/templates/service-test-template.ts(47,15): error TS2304: Cannot find name 'APIClient'.
apps/web/src/test/utils/test-helpers.tsx(7,18): error TS1484: 'RenderOptions' is a type and must be imported using a type-only import when 'verbatimModuleSyntax' is enabled.
apps/web/src/test/utils/test-helpers.tsx(8,10): error TS1484: 'ReactElement' is a type and must be imported using a type-only import when 'verbatimModuleSyntax' is enabled.
apps/web/src/test/vitest.d.ts(6,13): error TS2428: All declarations of 'Assertion' must have identical type parameters.
apps/web/src/types/expo-document-picker.d.ts(30,10): error TS1040: 'async' modifier cannot be used in an ambient context.
apps/web/src/types/expo-document-picker.d.ts(34,10): error TS1040: 'async' modifier cannot be used in an ambient context.
apps/web/src/types/expo-document-picker.d.ts(35,10): error TS1040: 'async' modifier cannot be used in an ambient context.
apps/web/src/types/expo-image-picker.d.ts(42,10): error TS1040: 'async' modifier cannot be used in an ambient context.
apps/web/src/types/expo-image-picker.d.ts(43,10): error TS1040: 'async' modifier cannot be used in an ambient context.
apps/web/src/types/expo-image-picker.d.ts(44,10): error TS1040: 'async' modifier cannot be used in an ambient context.
apps/web/src/types/expo-image-picker.d.ts(45,10): error TS1040: 'async' modifier cannot be used in an ambient context.
apps/web/src/types/expo-image-picker.d.ts(47,10): error TS1040: 'async' modifier cannot be used in an ambient context.
apps/web/src/types/expo-image-picker.d.ts(51,10): error TS1040: 'async' modifier cannot be used in an ambient context.
apps/web/src/types/nsfwjs-min.d.ts(15,12): error TS2484: Export declaration conflicts with exported declaration of 'NSFWJS'.
apps/web/src/types/react-native-reanimated.d.ts(2,20): error TS2300: Duplicate identifier 'SharedValue'.
apps/web/src/types/react-native-reanimated.d.ts(6,15): error TS2300: Duplicate identifier 'AnimatedStyle'.
apps/web/src/types/react-native-reanimated.d.ts(86,16): error TS2451: Cannot redeclare block-scoped variable 'Extrapolation'.
apps/web/src/types/react-native-reanimated.d.ts(97,16): error TS2451: Cannot redeclare block-scoped variable 'Easing'.
apps/web/src/types/react-native-reanimated.d.ts(124,15): error TS2300: Duplicate identifier 'AnimatedProps'.
apps/web/src/types/react-native-reanimated.d.ts(139,20): error TS2395: Individual declarations in merged declaration 'Animated' must be all exported or all local.
apps/web/src/types/react-native-reanimated.d.ts(145,3): error TS1038: A 'declare' modifier cannot be used in an already ambient context.
apps/web/src/types/react-native-reanimated.d.ts(145,17): error TS2395: Individual declarations in merged declaration 'Animated' must be all exported or all local.
apps/web/src/types/react-native-reanimated.d.ts(146,34): error TS2693: 'SharedValue' only refers to a type, but is being used as a value here.
apps/web/src/types/react-native-reanimated.d.ts(151,18): error TS2300: Duplicate identifier 'Animated'.
apps/web/src/types/video-extensions.d.ts(7,11): error TS2430: Interface 'HTMLVideoElementWithRVFC' incorrectly extends interface 'HTMLVideoElement'.
  Types of property 'requestVideoFrameCallback' are incompatible.
    Type '(callback: () => void) => number' is not assignable to type '(callback: VideoFrameRequestCallback) => number'.
      Types of parameters 'callback' and 'callback' are incompatible.
        Target signature provides too few arguments. Expected 2 or more, but got 0.
apps/web/src/types/video-extensions.d.ts(14,5): error TS2687: All declarations of 'requestVideoFrameCallback' must have identical modifiers.
apps/web/src/types/video-extensions.d.ts(14,5): error TS2717: Subsequent property declarations must have the same type.  Property 'requestVideoFrameCallback' must be of type '((callback: VideoFrameRequestCallback) => number) | undefined', but here has type '((callback: () => void) => number) | undefined'.
apps/web/src/types/video-extensions.d.ts(15,5): error TS2687: All declarations of 'cancelVideoFrameCallback' must have identical modifiers.
apps/web/src/types/window-extensions.d.ts(27,5): error TS2687: All declarations of 'navigator' must have identical modifiers.
apps/web/src/types/window-extensions.d.ts(27,5): error TS2717: Subsequent property declarations must have the same type.  Property 'navigator' must be of type 'Navigator', but here has type 'Navigator & { standalone?: boolean; getBattery?: () => Promise<BatteryManager>; }'.
apps/web/src/utils/reduced-motion.ts(30,5): error TS2722: Cannot invoke an object which is possibly 'undefined'.
apps/web/src/utils/reduced-motion.ts(31,18): error TS2722: Cannot invoke an object which is possibly 'undefined'.
apps/web/src/vite-end.d.ts(30,9): error TS2669: Augmentations for the global scope can only be directly nested in external modules or ambient module declarations.
apps/web/src/vite-env.d.ts(30,5): error TS2717: Subsequent property declarations must have the same type.  Property 'llmPrompt' must be of type '{ (strings: TemplateStringsArray, ...values: unknown[]): string; (strings: readonly string[], ...values: unknown[]): string; }', but here has type '{ (strings: TemplateStringsArray, ...values: unknown[]): string; (strings: string[], ...values: unknown[]): string; }'.
apps/web/src/vite-env.d.ts(41,5): error TS2687: All declarations of 'requestIdleCallback' must have identical modifiers.
apps/web/src/vite-env.d.ts(41,5): error TS2717: Subsequent property declarations must have the same type.  Property 'requestIdleCallback' must be of type '((callback: IdleRequestCallback, options?: IdleRequestOptions | undefined) => number) | undefined', but here has type '((callback: () => void, options?: { timeout: number; } | undefined) => number) | undefined'.
apps/web/src/vite-env.d.ts(42,5): error TS2687: All declarations of 'cancelIdleCallback' must have identical modifiers.
node_modules/.pnpm/@react-native+virtualized-lists@0.74.87_@types+react@18.2.79_react-native@0.74.5_@babel_8f0efdebc8f02f0b8040803033e354d0/node_modules/@react-native/virtualized-lists/Lists/VirtualizedList.d.ts(12,3): error TS2305: Module '"react-native"' has no exported member 'StyleProp'.
node_modules/.pnpm/@react-native+virtualized-lists@0.74.87_@types+react@18.2.79_react-native@0.74.5_@babel_8f0efdebc8f02f0b8040803033e354d0/node_modules/@react-native/virtualized-lists/Lists/VirtualizedList.d.ts(14,3): error TS2724: '"react-native"' has no exported member named 'ScrollViewProps'. Did you mean 'ScrollViewProperties'?
node_modules/.pnpm/@react-native+virtualized-lists@0.74.87_@types+react@18.2.79_react-native@0.74.5_@babel_8f0efdebc8f02f0b8040803033e354d0/node_modules/@react-native/virtualized-lists/Lists/VirtualizedList.d.ts(15,3): error TS2305: Module '"react-native"' has no exported member 'LayoutChangeEvent'.
node_modules/.pnpm/@react-native+virtualized-lists@0.74.87_@types+react@18.2.79_react-native@0.74.5_@babel_8f0efdebc8f02f0b8040803033e354d0/node_modules/@react-native/virtualized-lists/Lists/VirtualizedList.d.ts(17,3): error TS2305: Module '"react-native"' has no exported member 'ScrollResponderMixin'.
node_modules/.pnpm/@react-native+virtualized-lists@0.74.87_@types+react@18.2.79_react-native@0.74.5_@babel_8f0efdebc8f02f0b8040803033e354d0/node_modules/@react-native/virtualized-lists/Lists/VirtualizedList.d.ts(18,3): error TS2305: Module '"react-native"' has no exported member 'ScrollView'.
node_modules/.pnpm/@react-native+virtualized-lists@0.74.87_@types+react@18.3.26_react-native@0.74.5_@babel_d289a42515faf90bd50f4b6cfd1b839b/node_modules/@react-native/virtualized-lists/Lists/VirtualizedList.d.ts(12,3): error TS2305: Module '"react-native"' has no exported member 'StyleProp'.
node_modules/.pnpm/@react-native+virtualized-lists@0.74.87_@types+react@18.3.26_react-native@0.74.5_@babel_d289a42515faf90bd50f4b6cfd1b839b/node_modules/@react-native/virtualized-lists/Lists/VirtualizedList.d.ts(14,3): error TS2724: '"react-native"' has no exported member named 'ScrollViewProps'. Did you mean 'ScrollViewProperties'?
node_modules/.pnpm/@react-native+virtualized-lists@0.74.87_@types+react@18.3.26_react-native@0.74.5_@babel_d289a42515faf90bd50f4b6cfd1b839b/node_modules/@react-native/virtualized-lists/Lists/VirtualizedList.d.ts(15,3): error TS2305: Module '"react-native"' has no exported member 'LayoutChangeEvent'.
node_modules/.pnpm/@react-native+virtualized-lists@0.74.87_@types+react@18.3.26_react-native@0.74.5_@babel_d289a42515faf90bd50f4b6cfd1b839b/node_modules/@react-native/virtualized-lists/Lists/VirtualizedList.d.ts(17,3): error TS2305: Module '"react-native"' has no exported member 'ScrollResponderMixin'.
node_modules/.pnpm/@react-native+virtualized-lists@0.74.87_@types+react@18.3.26_react-native@0.74.5_@babel_d289a42515faf90bd50f4b6cfd1b839b/node_modules/@react-native/virtualized-lists/Lists/VirtualizedList.d.ts(18,3): error TS2305: Module '"react-native"' has no exported member 'ScrollView'.
node_modules/.pnpm/@react-navigation+bottom-tabs@7.8.2_@react-navigation+native@7.1.19_react-native@0.74.5_f6e6e6ed74c68a174e030f4e710e6188/node_modules/@react-navigation/bottom-tabs/lib/typescript/src/types.d.ts(4,15): error TS2305: Module '"react-native"' has no exported member 'Animated'.
node_modules/.pnpm/@react-navigation+bottom-tabs@7.8.2_@react-navigation+native@7.1.19_react-native@0.74.5_f6e6e6ed74c68a174e030f4e710e6188/node_modules/@react-navigation/bottom-tabs/lib/typescript/src/types.d.ts(4,25): error TS2305: Module '"react-native"' has no exported member 'GestureResponderEvent'.
node_modules/.pnpm/@react-navigation+bottom-tabs@7.8.2_@react-navigation+native@7.1.19_react-native@0.74.5_f6e6e6ed74c68a174e030f4e710e6188/node_modules/@react-navigation/bottom-tabs/lib/typescript/src/types.d.ts(4,48): error TS2305: Module '"react-native"' has no exported member 'StyleProp'.
node_modules/.pnpm/@react-navigation+bottom-tabs@7.8.2_@react-navigation+native@7.1.19_react-native@0.74.5_f6e6e6ed74c68a174e030f4e710e6188/node_modules/@react-navigation/bottom-tabs/lib/typescript/src/types.d.ts(231,114): error TS2344: Type 'RouteProp<ParamListBase>' does not satisfy the constraint 'RouteProp<any, any>'.
  Type 'RouteProp<ParamListBase>' is not assignable to type 'Readonly<{ params?: Readonly<any>; }>' with 'exactOptionalPropertyTypes: true'. Consider adding 'undefined' to the types of the target's properties.
    Types of property 'params' are incompatible.
      Type 'Readonly<object | undefined>' is not assignable to type 'Readonly<any>'.
        Type 'undefined' is not assignable to type 'Readonly<any>'.
node_modules/.pnpm/@react-navigation+bottom-tabs@7.8.2_@react-navigation+native@7.1.19_react-native@0.74.5_f6e6e6ed74c68a174e030f4e710e6188/node_modules/@react-navigation/bottom-tabs/lib/typescript/src/views/BottomTabBar.d.ts(2,10): error TS2305: Module '"react-native"' has no exported member 'Animated'.
node_modules/.pnpm/@react-navigation+bottom-tabs@7.8.2_@react-navigation+native@7.1.19_react-native@0.74.5_f6e6e6ed74c68a174e030f4e710e6188/node_modules/@react-navigation/bottom-tabs/lib/typescript/src/views/BottomTabBar.d.ts(2,25): error TS2305: Module '"react-native"' has no exported member 'StyleProp'.
node_modules/.pnpm/@react-navigation+core@7.13.0_react@18.2.0/node_modules/@react-navigation/core/lib/typescript/src/useNavigationBuilder.d.ts(86,136): error TS2344: Type 'Omit<{ dispatch(action: Readonly<{ type: string; payload?: object; source?: string; target?: string; }> | ((state: Readonly<State>) => Readonly<{ type: string; payload?: object; source?: string; target?: string; }>)): void; ... 9 more ...; getState(): State; } & PrivateValueStore<...>, "getParent"> & ... 4 more ... ...' does not satisfy the constraint 'NavigationProp<any, any, any, any, any, any>'.
  Type 'Omit<{ dispatch(action: Readonly<{ type: string; payload?: object; source?: string; target?: string; }> | ((state: Readonly<State>) => Readonly<{ type: string; payload?: object; source?: string; target?: string; }>)): void; ... 9 more ...; getState(): State; } & PrivateValueStore<...>, "getParent"> & ... 4 more ... ...' is not assignable to type 'Omit<NavigationHelpersCommon<any, any>, "getParent">'.
    Types of property 'preload' are incompatible.
      Type '<RouteName extends string>(...args: RouteName extends unknown ? [screen: RouteName, params?: object | undefined] : never) => void' is not assignable to type '<RouteName extends string | number | symbol>(...args: RouteName extends unknown ? [screen: RouteName, params?: any] : never) => void'.
        Types of parameters 'screen' and 'args' are incompatible.
          Type 'RouteName extends unknown ? [screen: RouteName, params?: any] : never' is not assignable to type '[screen: string, params?: object | undefined]'.
            Type '[screen: string, params?: any] | [screen: number, params?: any] | [screen: symbol, params?: any]' is not assignable to type '[screen: string, params?: object | undefined]'.
              Type '[screen: number, params?: any]' is not assignable to type '[screen: string, params?: object | undefined]'.
                Type at position 0 in source is not compatible with type at position 0 in target.
                  Type 'number' is not assignable to type 'string'.
node_modules/.pnpm/@react-navigation+core@7.13.0_react@18.2.0/node_modules/@react-navigation/core/lib/typescript/src/useNavigationBuilder.d.ts(138,77): error TS2344: Type 'Omit<{ dispatch(action: Readonly<{ type: string; payload?: object; source?: string; target?: string; }> | ((state: Readonly<State>) => Readonly<{ type: string; payload?: object; source?: string; target?: string; }>)): void; ... 9 more ...; getState(): State; } & PrivateValueStore<...>, "getParent"> & ... 4 more ... ...' does not satisfy the constraint 'NavigationProp<any, any, any, any, any, any>'.
  Type 'Omit<{ dispatch(action: Readonly<{ type: string; payload?: object; source?: string; target?: string; }> | ((state: Readonly<State>) => Readonly<{ type: string; payload?: object; source?: string; target?: string; }>)): void; ... 9 more ...; getState(): State; } & PrivateValueStore<...>, "getParent"> & ... 4 more ... ...' is not assignable to type 'Omit<NavigationHelpersCommon<any, any>, "getParent">'.
    Types of property 'preload' are incompatible.
      Type '<RouteName extends string>(...args: RouteName extends unknown ? [screen: RouteName, params?: object | undefined] : never) => void' is not assignable to type '<RouteName extends string | number | symbol>(...args: RouteName extends unknown ? [screen: RouteName, params?: any] : never) => void'.
        Types of parameters 'screen' and 'args' are incompatible.
          Type 'RouteName extends unknown ? [screen: RouteName, params?: any] : never' is not assignable to type '[screen: string, params?: object | undefined]'.
            Type '[screen: string, params?: any] | [screen: number, params?: any] | [screen: symbol, params?: any]' is not assignable to type '[screen: string, params?: object | undefined]'.
              Type '[screen: number, params?: any]' is not assignable to type '[screen: string, params?: object | undefined]'.
                Type at position 0 in source is not compatible with type at position 0 in target.
                  Type 'number' is not assignable to type 'string'.
node_modules/.pnpm/@react-navigation+elements@2.8.1_@react-navigation+native@7.1.19_react-native@0.74.5_@b_d90442e0a2860e72291fec93dc38e4fa/node_modules/@react-navigation/elements/lib/typescript/src/Background.d.ts(2,10): error TS2305: Module '"react-native"' has no exported member 'Animated'.
node_modules/.pnpm/@react-navigation+elements@2.8.1_@react-navigation+native@7.1.19_react-native@0.74.5_@b_d90442e0a2860e72291fec93dc38e4fa/node_modules/@react-navigation/elements/lib/typescript/src/Background.d.ts(2,25): error TS2305: Module '"react-native"' has no exported member 'StyleProp'.
node_modules/.pnpm/@react-navigation+elements@2.8.1_@react-navigation+native@7.1.19_react-native@0.74.5_@b_d90442e0a2860e72291fec93dc38e4fa/node_modules/@react-navigation/elements/lib/typescript/src/Badge.d.ts(1,10): error TS2305: Module '"react-native"' has no exported member 'Animated'.
node_modules/.pnpm/@react-navigation+elements@2.8.1_@react-navigation+native@7.1.19_react-native@0.74.5_@b_d90442e0a2860e72291fec93dc38e4fa/node_modules/@react-navigation/elements/lib/typescript/src/Badge.d.ts(1,25): error TS2305: Module '"react-native"' has no exported member 'StyleProp'.
node_modules/.pnpm/@react-navigation+elements@2.8.1_@react-navigation+native@7.1.19_react-native@0.74.5_@b_d90442e0a2860e72291fec93dc38e4fa/node_modules/@react-navigation/elements/lib/typescript/src/Header/HeaderBackground.d.ts(2,10): error TS2305: Module '"react-native"' has no exported member 'Animated'.
node_modules/.pnpm/@react-navigation+elements@2.8.1_@react-navigation+native@7.1.19_react-native@0.74.5_@b_d90442e0a2860e72291fec93dc38e4fa/node_modules/@react-navigation/elements/lib/typescript/src/Header/HeaderBackground.d.ts(2,25): error TS2305: Module '"react-native"' has no exported member 'StyleProp'.
node_modules/.pnpm/@react-navigation+elements@2.8.1_@react-navigation+native@7.1.19_react-native@0.74.5_@b_d90442e0a2860e72291fec93dc38e4fa/node_modules/@react-navigation/elements/lib/typescript/src/Header/HeaderButton.d.ts(3,131): error TS2694: Namespace '"react-native"' has no exported member 'View'.
node_modules/.pnpm/@react-navigation+elements@2.8.1_@react-navigation+native@7.1.19_react-native@0.74.5_@b_d90442e0a2860e72291fec93dc38e4fa/node_modules/@react-navigation/elements/lib/typescript/src/Header/HeaderButton.d.ts(3,161): error TS2694: Namespace '"react-native"' has no exported member 'Animated'.
node_modules/.pnpm/@react-navigation+elements@2.8.1_@react-navigation+native@7.1.19_react-native@0.74.5_@b_d90442e0a2860e72291fec93dc38e4fa/node_modules/@react-navigation/elements/lib/typescript/src/Header/HeaderTitle.d.ts(1,10): error TS2305: Module '"react-native"' has no exported member 'Animated'.
node_modules/.pnpm/@react-navigation+elements@2.8.1_@react-navigation+native@7.1.19_react-native@0.74.5_@b_d90442e0a2860e72291fec93dc38e4fa/node_modules/@react-navigation/elements/lib/typescript/src/Header/HeaderTitle.d.ts(1,25): error TS2305: Module '"react-native"' has no exported member 'StyleProp'.
node_modules/.pnpm/@react-navigation+elements@2.8.1_@react-navigation+native@7.1.19_react-native@0.74.5_@b_d90442e0a2860e72291fec93dc38e4fa/node_modules/@react-navigation/elements/lib/typescript/src/Label/Label.d.ts(1,15): error TS2305: Module '"react-native"' has no exported member 'StyleProp'.
node_modules/.pnpm/@react-navigation+elements@2.8.1_@react-navigation+native@7.1.19_react-native@0.74.5_@b_d90442e0a2860e72291fec93dc38e4fa/node_modules/@react-navigation/elements/lib/typescript/src/MissingIcon.d.ts(1,15): error TS2305: Module '"react-native"' has no exported member 'StyleProp'.
node_modules/.pnpm/@react-navigation+elements@2.8.1_@react-navigation+native@7.1.19_react-native@0.74.5_@b_d90442e0a2860e72291fec93dc38e4fa/node_modules/@react-navigation/elements/lib/typescript/src/PlatformPressable.d.ts(2,10): error TS2305: Module '"react-native"' has no exported member 'Animated'.
node_modules/.pnpm/@react-navigation+elements@2.8.1_@react-navigation+native@7.1.19_react-native@0.74.5_@b_d90442e0a2860e72291fec93dc38e4fa/node_modules/@react-navigation/elements/lib/typescript/src/PlatformPressable.d.ts(2,25): error TS2305: Module '"react-native"' has no exported member 'GestureResponderEvent'.
node_modules/.pnpm/@react-navigation+elements@2.8.1_@react-navigation+native@7.1.19_react-native@0.74.5_@b_d90442e0a2860e72291fec93dc38e4fa/node_modules/@react-navigation/elements/lib/typescript/src/PlatformPressable.d.ts(2,53): error TS2305: Module '"react-native"' has no exported member 'PressableProps'.
node_modules/.pnpm/@react-navigation+elements@2.8.1_@react-navigation+native@7.1.19_react-native@0.74.5_@b_d90442e0a2860e72291fec93dc38e4fa/node_modules/@react-navigation/elements/lib/typescript/src/PlatformPressable.d.ts(2,74): error TS2305: Module '"react-native"' has no exported member 'StyleProp'.
node_modules/.pnpm/@react-navigation+elements@2.8.1_@react-navigation+native@7.1.19_react-native@0.74.5_@b_d90442e0a2860e72291fec93dc38e4fa/node_modules/@react-navigation/elements/lib/typescript/src/PlatformPressable.d.ts(25,48): error TS2694: Namespace '"react-native"' has no exported member 'View'.
node_modules/.pnpm/@react-navigation+elements@2.8.1_@react-navigation+native@7.1.19_react-native@0.74.5_@b_d90442e0a2860e72291fec93dc38e4fa/node_modules/@react-navigation/elements/lib/typescript/src/PlatformPressable.d.ts(25,97): error TS2694: Namespace '"react-native"' has no exported member 'View'.
node_modules/.pnpm/@react-navigation+elements@2.8.1_@react-navigation+native@7.1.19_react-native@0.74.5_@b_d90442e0a2860e72291fec93dc38e4fa/node_modules/@react-navigation/elements/lib/typescript/src/ResourceSavingView.d.ts(2,15): error TS2305: Module '"react-native"' has no exported member 'StyleProp'.
node_modules/.pnpm/@react-navigation+elements@2.8.1_@react-navigation+native@7.1.19_react-native@0.74.5_@b_d90442e0a2860e72291fec93dc38e4fa/node_modules/@react-navigation/elements/lib/typescript/src/SafeAreaProviderCompat.d.ts(2,15): error TS2305: Module '"react-native"' has no exported member 'StyleProp'.
node_modules/.pnpm/@react-navigation+elements@2.8.1_@react-navigation+native@7.1.19_react-native@0.74.5_@b_d90442e0a2860e72291fec93dc38e4fa/node_modules/@react-navigation/elements/lib/typescript/src/Screen.d.ts(3,10): error TS2305: Module '"react-native"' has no exported member 'Animated'.
node_modules/.pnpm/@react-navigation+elements@2.8.1_@react-navigation+native@7.1.19_react-native@0.74.5_@b_d90442e0a2860e72291fec93dc38e4fa/node_modules/@react-navigation/elements/lib/typescript/src/Screen.d.ts(3,25): error TS2305: Module '"react-native"' has no exported member 'StyleProp'.
node_modules/.pnpm/@react-navigation+elements@2.8.1_@react-navigation+native@7.1.19_react-native@0.74.5_@b_d90442e0a2860e72291fec93dc38e4fa/node_modules/@react-navigation/elements/lib/typescript/src/types.d.ts(1,15): error TS2305: Module '"react-native"' has no exported member 'Animated'.
node_modules/.pnpm/@react-navigation+elements@2.8.1_@react-navigation+native@7.1.19_react-native@0.74.5_@b_d90442e0a2860e72291fec93dc38e4fa/node_modules/@react-navigation/elements/lib/typescript/src/types.d.ts(1,25): error TS2305: Module '"react-native"' has no exported member 'LayoutChangeEvent'.
node_modules/.pnpm/@react-navigation+elements@2.8.1_@react-navigation+native@7.1.19_react-native@0.74.5_@b_d90442e0a2860e72291fec93dc38e4fa/node_modules/@react-navigation/elements/lib/typescript/src/types.d.ts(1,44): error TS2305: Module '"react-native"' has no exported member 'StyleProp'.
node_modules/.pnpm/@react-navigation+elements@2.8.1_@react-navigation+native@7.1.19_react-native@0.74.5_@b_d90442e0a2860e72291fec93dc38e4fa/node_modules/@react-navigation/elements/lib/typescript/src/types.d.ts(1,55): error TS2305: Module '"react-native"' has no exported member 'TextInputProps'.
node_modules/.pnpm/@react-navigation+elements@2.8.1_@react-navigation+native@7.1.19_react-native@0.74.5_@b_d90442e0a2860e72291fec93dc38e4fa/node_modules/@react-navigation/elements/lib/typescript/src/useFrameSize.d.ts(2,15): error TS2305: Module '"react-native"' has no exported member 'StyleProp'.
node_modules/.pnpm/@react-navigation+native-stack@7.6.2_@react-navigation+native@7.1.19_react-native@0.74._045cd0e1ad67f510597025fbf6d7bf6b/node_modules/@react-navigation/native-stack/lib/typescript/src/types.d.ts(2,15): error TS2305: Module '"react-native"' has no exported member 'ColorValue'.
node_modules/.pnpm/@react-navigation+native-stack@7.6.2_@react-navigation+native@7.1.19_react-native@0.74._045cd0e1ad67f510597025fbf6d7bf6b/node_modules/@react-navigation/native-stack/lib/typescript/src/types.d.ts(2,27): error TS2305: Module '"react-native"' has no exported member 'ImageSourcePropType'.
node_modules/.pnpm/@react-navigation+native-stack@7.6.2_@react-navigation+native@7.1.19_react-native@0.74._045cd0e1ad67f510597025fbf6d7bf6b/node_modules/@react-navigation/native-stack/lib/typescript/src/types.d.ts(2,48): error TS2305: Module '"react-native"' has no exported member 'StyleProp'.
node_modules/.pnpm/@react-navigation+native-stack@7.6.2_@react-navigation+native@7.1.19_react-native@0.74._045cd0e1ad67f510597025fbf6d7bf6b/node_modules/@react-navigation/native-stack/lib/typescript/src/types.d.ts(3,58): error TS2305: Module '"react-native-screens"' has no exported member 'ScrollEdgeEffect'.
node_modules/.pnpm/@react-navigation+native-stack@7.6.2_@react-navigation+native@7.1.19_react-native@0.74._045cd0e1ad67f510597025fbf6d7bf6b/node_modules/@react-navigation/native-stack/lib/typescript/src/types.d.ts(970,120): error TS2344: Type 'RouteProp<ParamListBase>' does not satisfy the constraint 'RouteProp<any, any>'.
  Type 'RouteProp<ParamListBase>' is not assignable to type 'Readonly<{ params?: Readonly<any>; }>' with 'exactOptionalPropertyTypes: true'. Consider adding 'undefined' to the types of the target's properties.
    Types of property 'params' are incompatible.
      Type 'Readonly<object | undefined>' is not assignable to type 'Readonly<any>'.
        Type 'undefined' is not assignable to type 'Readonly<any>'.
node_modules/.pnpm/@react-navigation+native-stack@7.6.2_@react-navigation+native@7.1.19_react-native@0.74._045cd0e1ad67f510597025fbf6d7bf6b/node_modules/@react-navigation/native-stack/lib/typescript/src/utils/useAnimatedHeaderHeight.d.ts(2,15): error TS2305: Module '"react-native"' has no exported member 'Animated'.
node_modules/.pnpm/@react-navigation+native@7.1.19_react-native@0.74.5_@babel+core@7.28.5_@babel+preset-en_efc9e6f3bb4218ac05f5ffd479d1f38e/node_modules/@react-navigation/native/lib/typescript/src/Link.d.ts(2,15): error TS2305: Module '"react-native"' has no exported member 'GestureResponderEvent'.
node_modules/.pnpm/@react-navigation+native@7.1.19_react-native@0.74.5_@babel+core@7.28.5_@babel+preset-en_efc9e6f3bb4218ac05f5ffd479d1f38e/node_modules/@react-navigation/native/lib/typescript/src/Link.d.ts(20,174): error TS2344: Type 'Text' does not satisfy the constraint 'Component<TextProps, any, any>'.
  Type 'Text' is missing the following properties from type 'Component<TextProps, any, any>': context, setState, forceUpdate, render, and 3 more.
node_modules/.pnpm/@react-navigation+native@7.1.19_react-native@0.74.5_@babel+core@7.28.5_@babel+preset-en_efc9e6f3bb4218ac05f5ffd479d1f38e/node_modules/@react-navigation/native/lib/typescript/src/useLinkBuilder.d.ts(17,61): error TS2694: Namespace '"/home/ben/Public/PETSPARK/node_modules/.pnpm/@react-navigation+routers@6.1.9/node_modules/@react-navigation/routers/lib/typescript/src/index"' has no exported member 'NavigationRoute'.
node_modules/.pnpm/@react-navigation+native@7.1.19_react-native@0.74.5_@babel+core@7.28.5_@babel+preset-en_efc9e6f3bb4218ac05f5ffd479d1f38e/node_modules/@react-navigation/native/lib/typescript/src/useLinkBuilder.d.ts(76,57): error TS2694: Namespace '"/home/ben/Public/PETSPARK/node_modules/.pnpm/@react-navigation+routers@6.1.9/node_modules/@react-navigation/routers/lib/typescript/src/index"' has no exported member 'NavigationRoute'.
node_modules/.pnpm/@react-navigation+native@7.1.19_react-native@0.74.5_@babel+core@7.28.5_@babel+preset-en_efc9e6f3bb4218ac05f5ffd479d1f38e/node_modules/@react-navigation/native/lib/typescript/src/useLinkBuilder.d.ts(84,57): error TS2694: Namespace '"/home/ben/Public/PETSPARK/node_modules/.pnpm/@react-navigation+routers@6.1.9/node_modules/@react-navigation/routers/lib/typescript/src/index"' has no exported member 'NavigationRoute'.
node_modules/.pnpm/@react-navigation+native@7.1.19_react-native@0.74.5_@babel+core@7.28.5_@babel+preset-en_efc9e6f3bb4218ac05f5ffd479d1f38e/node_modules/@react-navigation/native/lib/typescript/src/useLinkBuilder.d.ts(92,57): error TS2694: Namespace '"/home/ben/Public/PETSPARK/node_modules/.pnpm/@react-navigation+routers@6.1.9/node_modules/@react-navigation/routers/lib/typescript/src/index"' has no exported member 'NavigationRoute'.
node_modules/.pnpm/@react-navigation+native@7.1.19_react-native@0.74.5_@babel+core@7.28.5_@babel+preset-en_efc9e6f3bb4218ac05f5ffd479d1f38e/node_modules/@react-navigation/native/lib/typescript/src/useLinkProps.d.ts(3,15): error TS2305: Module '"react-native"' has no exported member 'GestureResponderEvent'.
node_modules/.pnpm/@react-navigation+native@7.1.19_react-native@0.74.5_@babel+core@7.28.5_@babel+preset-en_efc9e6f3bb4218ac05f5ffd479d1f38e/node_modules/@react-navigation/native/lib/typescript/src/useScrollToTop.d.ts(2,15): error TS2305: Module '"react-native"' has no exported member 'ScrollView'.
node_modules/.pnpm/@react-navigation+routers@6.1.9/node_modules/@react-navigation/routers/lib/typescript/src/BaseRouter.d.ts(23,77): error TS2344: Type 'State' does not satisfy the constraint 'Readonly<{ key: string; index: number; routeNames: string[]; history?: unknown[]; routes: NavigationRoute<ParamListBase, string>[]; type: string; stale: false; }>'.
  Type 'Readonly<{ key: string; index: number; routeNames: string[]; history?: unknown[] | undefined; routes: (Readonly<{ key: string; name: string; path?: string | undefined; }> & Readonly<{ params?: Readonly<object | undefined>; }> & { ...; })[]; type: string; stale: false; }>' is not assignable to type 'Readonly<{ key: string; index: number; routeNames: string[]; history?: unknown[]; routes: NavigationRoute<ParamListBase, string>[]; type: string; stale: false; }>' with 'exactOptionalPropertyTypes: true'. Consider adding 'undefined' to the types of the target's properties.
    Types of property 'history' are incompatible.
      Type 'unknown[] | undefined' is not assignable to type 'unknown[]'.
        Type 'undefined' is not assignable to type 'unknown[]'.
node_modules/.pnpm/@react-navigation+routers@6.1.9/node_modules/@react-navigation/routers/lib/typescript/src/DrawerRouter.d.ts(52,133): error TS2344: Type 'Action | DrawerActionType' does not satisfy the constraint 'Readonly<{ type: string; payload?: object; source?: string; target?: string; }>'.
  Type '{ type: "RESET"; payload: ResetState | undefined; source?: string; target?: string; }' is not assignable to type 'Readonly<{ type: string; payload?: object; source?: string; target?: string; }>' with 'exactOptionalPropertyTypes: true'. Consider adding 'undefined' to the types of the target's properties.
    Types of property 'payload' are incompatible.
      Type 'ResetState | undefined' is not assignable to type 'object'.
        Type 'undefined' is not assignable to type 'object'.
node_modules/.pnpm/@react-navigation+routers@6.1.9/node_modules/@react-navigation/routers/lib/typescript/src/StackRouter.d.ts(68,111): error TS2344: Type 'Action | StackActionType' does not satisfy the constraint 'Readonly<{ type: string; payload?: object; source?: string; target?: string; }>'.
  Type '{ type: "RESET"; payload: ResetState | undefined; source?: string; target?: string; }' is not assignable to type 'Readonly<{ type: string; payload?: object; source?: string; target?: string; }>' with 'exactOptionalPropertyTypes: true'. Consider adding 'undefined' to the types of the target's properties.
    Types of property 'payload' are incompatible.
      Type 'ResetState | undefined' is not assignable to type 'object'.
        Type 'undefined' is not assignable to type 'object'.
node_modules/.pnpm/@react-navigation+routers@6.1.9/node_modules/@react-navigation/routers/lib/typescript/src/TabRouter.d.ts(40,133): error TS2344: Type 'Action | TabActionType' does not satisfy the constraint 'Readonly<{ type: string; payload?: object; source?: string; target?: string; }>'.
  Type '{ type: "RESET"; payload: ResetState | undefined; source?: string; target?: string; }' is not assignable to type 'Readonly<{ type: string; payload?: object; source?: string; target?: string; }>' with 'exactOptionalPropertyTypes: true'. Consider adding 'undefined' to the types of the target's properties.
    Types of property 'payload' are incompatible.
      Type 'ResetState | undefined' is not assignable to type 'object'.
        Type 'undefined' is not assignable to type 'object'.
node_modules/.pnpm/@react-navigation+routers@7.5.1/node_modules/@react-navigation/routers/lib/typescript/src/DrawerRouter.d.ts(64,133): error TS2344: Type 'Action | DrawerActionType' does not satisfy the constraint 'Readonly<{ type: string; payload?: object; source?: string; target?: string; }>'.
  Type 'ResetAction' is not assignable to type 'Readonly<{ type: string; payload?: object; source?: string; target?: string; }>' with 'exactOptionalPropertyTypes: true'. Consider adding 'undefined' to the types of the target's properties.
    Types of property 'payload' are incompatible.
      Type 'ResetState | undefined' is not assignable to type 'object'.
        Type 'undefined' is not assignable to type 'object'.
node_modules/.pnpm/@react-navigation+routers@7.5.1/node_modules/@react-navigation/routers/lib/typescript/src/StackRouter.d.ts(130,111): error TS2344: Type 'Action | StackActionType' does not satisfy the constraint 'Readonly<{ type: string; payload?: object; source?: string; target?: string; }>'.
  Type 'ResetAction' is not assignable to type 'Readonly<{ type: string; payload?: object; source?: string; target?: string; }>' with 'exactOptionalPropertyTypes: true'. Consider adding 'undefined' to the types of the target's properties.
    Types of property 'payload' are incompatible.
      Type 'ResetState | undefined' is not assignable to type 'object'.
        Type 'undefined' is not assignable to type 'object'.
node_modules/.pnpm/@react-navigation+routers@7.5.1/node_modules/@react-navigation/routers/lib/typescript/src/TabRouter.d.ts(60,133): error TS2344: Type 'Action | TabActionType' does not satisfy the constraint 'Readonly<{ type: string; payload?: object; source?: string; target?: string; }>'.
  Type 'ResetAction' is not assignable to type 'Readonly<{ type: string; payload?: object; source?: string; target?: string; }>' with 'exactOptionalPropertyTypes: true'. Consider adding 'undefined' to the types of the target's properties.
    Types of property 'payload' are incompatible.
      Type 'ResetState | undefined' is not assignable to type 'object'.
        Type 'undefined' is not assignable to type 'object'.
node_modules/.pnpm/@shopify+flash-list@1.6.4_@babel+runtime@7.28.4_react-native@0.74.5_@babel+core@7.28.5__236533b6b982b1cea3a846702530514a/node_modules/@shopify/flash-list/dist/AnimatedFlashList.d.ts(2,10): error TS2305: Module '"react-native"' has no exported member 'Animated'.
node_modules/.pnpm/@shopify+flash-list@1.6.4_@babel+runtime@7.28.4_react-native@0.74.5_@babel+core@7.28.5__236533b6b982b1cea3a846702530514a/node_modules/@shopify/flash-list/dist/FlashListProps.d.ts(2,10): error TS2305: Module '"react-native"' has no exported member 'StyleProp'.
node_modules/.pnpm/@shopify+flash-list@1.6.4_@babel+runtime@7.28.4_react-native@0.74.5_@babel+core@7.28.5__236533b6b982b1cea3a846702530514a/node_modules/@shopify/flash-list/dist/FlashListProps.d.ts(2,21): error TS2724: '"react-native"' has no exported member named 'ScrollViewProps'. Did you mean 'ScrollViewProperties'?
node_modules/.pnpm/@shopify+flash-list@1.6.4_@babel+runtime@7.28.4_react-native@0.74.5_@babel+core@7.28.5__236533b6b982b1cea3a846702530514a/node_modules/@shopify/flash-list/dist/FlashListProps.d.ts(2,38): error TS2305: Module '"react-native"' has no exported member 'ViewabilityConfig'.
node_modules/.pnpm/@shopify+flash-list@1.6.4_@babel+runtime@7.28.4_react-native@0.74.5_@babel+core@7.28.5__236533b6b982b1cea3a846702530514a/node_modules/@shopify/flash-list/dist/FlashListProps.d.ts(2,57): error TS2305: Module '"react-native"' has no exported member 'ViewabilityConfigCallbackPairs'.
node_modules/.pnpm/@shopify+flash-list@1.6.4_@babel+runtime@7.28.4_react-native@0.74.5_@babel+core@7.28.5__236533b6b982b1cea3a846702530514a/node_modules/@shopify/flash-list/dist/MasonryFlashList.d.ts(2,10): error TS2305: Module '"react-native"' has no exported member 'NativeScrollEvent'.
node_modules/.pnpm/@shopify+flash-list@1.6.4_@babel+runtime@7.28.4_react-native@0.74.5_@babel+core@7.28.5__236533b6b982b1cea3a846702530514a/node_modules/@shopify/flash-list/dist/benchmark/useFlatListBenchmark.d.ts(2,10): error TS2305: Module '"react-native"' has no exported member 'FlatList'.
node_modules/.pnpm/@shopify+flash-list@1.6.4_@babel+runtime@7.28.4_react-native@0.74.5_@babel+core@7.28.5__236533b6b982b1cea3a846702530514a/node_modules/@shopify/flash-list/dist/native/auto-layout/AutoLayoutView.d.ts(2,10): error TS2305: Module '"react-native"' has no exported member 'LayoutChangeEvent'.
node_modules/.pnpm/@shopify+react-native-skia@1.2.3_react-native-reanimated@3.10.1_@babel+core@7.28.5_reac_a0d15af6e324b1386603f4de02fd75d6/node_modules/@shopify/react-native-skia/lib/typescript/src/dom/nodes/drawings/ImageSVG.d.ts(6,5): error TS2416: Property 'deriveProps' in type 'ImageSVGNode' is not assignable to the same property in base type 'JsiDrawingNode<ImageSVGProps, Pick<ImageSVGProps, "x" | "y" | "height" | "width">>'.
  Type '() => SkRect | { x: number | undefined; y: number | undefined; width: number | undefined; height: number | undefined; }' is not assignable to type '() => Pick<ImageSVGProps, "x" | "y" | "height" | "width">'.
    Type 'SkRect | { x: number | undefined; y: number | undefined; width: number | undefined; height: number | undefined; }' is not assignable to type 'Pick<ImageSVGProps, "x" | "y" | "height" | "width">' with 'exactOptionalPropertyTypes: true'. Consider adding 'undefined' to the types of the target's properties.
      Type '{ x: number | undefined; y: number | undefined; width: number | undefined; height: number | undefined; }' is not assignable to type 'Pick<ImageSVGProps, "x" | "y" | "height" | "width">' with 'exactOptionalPropertyTypes: true'. Consider adding 'undefined' to the types of the target's properties.
        Types of property 'x' are incompatible.
          Type 'number | undefined' is not assignable to type 'number'.
            Type 'undefined' is not assignable to type 'number'.
node_modules/.pnpm/@shopify+react-native-skia@1.2.3_react-native-reanimated@3.10.1_@babel+core@7.28.5_reac_a0d15af6e324b1386603f4de02fd75d6/node_modules/@shopify/react-native-skia/lib/typescript/src/external/reanimated/interpolators.d.ts(1,15): error TS2724: '"react-native-reanimated"' has no exported member named 'ExtrapolationType'. Did you mean 'Extrapolation'?
node_modules/.pnpm/@tensorflow+tfjs-core@4.22.0/node_modules/@tensorflow/tfjs-core/dist/hash_util.d.ts(2,49): error TS2304: Cannot find name 'Long'.
node_modules/.pnpm/@tensorflow+tfjs-core@4.22.0/node_modules/@tensorflow/tfjs-core/dist/hash_util.d.ts(3,69): error TS2304: Cannot find name 'Long'.
node_modules/.pnpm/@testing-library+react-native@13.3.3_react-native@0.74.5_@babel+core@7.28.5_@babel+pres_d97a5a37bebcd69c1ad028e934ea2eb6/node_modules/@testing-library/react-native/build/act.d.ts(2,45): error TS7016: Could not find a declaration file for module 'react-test-renderer'. '/home/ben/Public/PETSPARK/node_modules/.pnpm/react-test-renderer@18.2.0_react@18.2.0/node_modules/react-test-renderer/index.js' implicitly has an 'any' type.
  Try `npm i --save-dev @types/react-test-renderer` if it exists or add a new declaration (.d.ts) file containing `declare module 'react-test-renderer';`
node_modules/.pnpm/@testing-library+react-native@13.3.3_react-native@0.74.5_@babel+core@7.28.5_@babel+pres_d97a5a37bebcd69c1ad028e934ea2eb6/node_modules/@testing-library/react-native/build/act.d.ts(3,44): error TS2339: Property 'act' does not exist on type 'typeof React'.
node_modules/.pnpm/@testing-library+react-native@13.3.3_react-native@0.74.5_@babel+core@7.28.5_@babel+pres_d97a5a37bebcd69c1ad028e934ea2eb6/node_modules/@testing-library/react-native/build/act.d.ts(3,93): error TS2339: Property 'act' does not exist on type 'typeof React'.
node_modules/.pnpm/@testing-library+react-native@13.3.3_react-native@0.74.5_@babel+core@7.28.5_@babel+pres_d97a5a37bebcd69c1ad028e934ea2eb6/node_modules/@testing-library/react-native/build/fire-event.d.ts(1,15): error TS2305: Module '"react-native"' has no exported member 'PressableProps'.
node_modules/.pnpm/@testing-library+react-native@13.3.3_react-native@0.74.5_@babel+core@7.28.5_@babel+pres_d97a5a37bebcd69c1ad028e934ea2eb6/node_modules/@testing-library/react-native/build/fire-event.d.ts(1,31): error TS2724: '"react-native"' has no exported member named 'ScrollViewProps'. Did you mean 'ScrollViewProperties'?
node_modules/.pnpm/@testing-library+react-native@13.3.3_react-native@0.74.5_@babel+core@7.28.5_@babel+pres_d97a5a37bebcd69c1ad028e934ea2eb6/node_modules/@testing-library/react-native/build/fire-event.d.ts(1,48): error TS2305: Module '"react-native"' has no exported member 'TextInputProps'.
node_modules/.pnpm/@testing-library+react-native@13.3.3_react-native@0.74.5_@babel+core@7.28.5_@babel+pres_d97a5a37bebcd69c1ad028e934ea2eb6/node_modules/@testing-library/react-native/build/fire-event.d.ts(2,40): error TS7016: Could not find a declaration file for module 'react-test-renderer'. '/home/ben/Public/PETSPARK/node_modules/.pnpm/react-test-renderer@18.2.0_react@18.2.0/node_modules/react-test-renderer/index.js' implicitly has an 'any' type.
  Try `npm i --save-dev @types/react-test-renderer` if it exists or add a new declaration (.d.ts) file containing `declare module 'react-test-renderer';`
node_modules/.pnpm/@testing-library+react-native@13.3.3_react-native@0.74.5_@babel+core@7.28.5_@babel+pres_d97a5a37bebcd69c1ad028e934ea2eb6/node_modules/@testing-library/react-native/build/helpers/accessibility.d.ts(1,15): error TS2305: Module '"react-native"' has no exported member 'AccessibilityRole'.
node_modules/.pnpm/@testing-library+react-native@13.3.3_react-native@0.74.5_@babel+core@7.28.5_@babel+pres_d97a5a37bebcd69c1ad028e934ea2eb6/node_modules/@testing-library/react-native/build/helpers/accessibility.d.ts(1,34): error TS2305: Module '"react-native"' has no exported member 'AccessibilityState'.
node_modules/.pnpm/@testing-library+react-native@13.3.3_react-native@0.74.5_@babel+core@7.28.5_@babel+pres_d97a5a37bebcd69c1ad028e934ea2eb6/node_modules/@testing-library/react-native/build/helpers/accessibility.d.ts(1,54): error TS2305: Module '"react-native"' has no exported member 'AccessibilityValue'.
node_modules/.pnpm/@testing-library+react-native@13.3.3_react-native@0.74.5_@babel+core@7.28.5_@babel+pres_d97a5a37bebcd69c1ad028e934ea2eb6/node_modules/@testing-library/react-native/build/helpers/accessibility.d.ts(1,74): error TS2305: Module '"react-native"' has no exported member 'Role'.
node_modules/.pnpm/@testing-library+react-native@13.3.3_react-native@0.74.5_@babel+core@7.28.5_@babel+pres_d97a5a37bebcd69c1ad028e934ea2eb6/node_modules/@testing-library/react-native/build/helpers/accessibility.d.ts(2,40): error TS7016: Could not find a declaration file for module 'react-test-renderer'. '/home/ben/Public/PETSPARK/node_modules/.pnpm/react-test-renderer@18.2.0_react@18.2.0/node_modules/react-test-renderer/index.js' implicitly has an 'any' type.
  Try `npm i --save-dev @types/react-test-renderer` if it exists or add a new declaration (.d.ts) file containing `declare module 'react-test-renderer';`
node_modules/.pnpm/@testing-library+react-native@13.3.3_react-native@0.74.5_@babel+core@7.28.5_@babel+pres_d97a5a37bebcd69c1ad028e934ea2eb6/node_modules/@testing-library/react-native/build/helpers/debug.d.ts(1,44): error TS7016: Could not find a declaration file for module 'react-test-renderer'. '/home/ben/Public/PETSPARK/node_modules/.pnpm/react-test-renderer@18.2.0_react@18.2.0/node_modules/react-test-renderer/index.js' implicitly has an 'any' type.
  Try `npm i --save-dev @types/react-test-renderer` if it exists or add a new declaration (.d.ts) file containing `declare module 'react-test-renderer';`
node_modules/.pnpm/@testing-library+react-native@13.3.3_react-native@0.74.5_@babel+core@7.28.5_@babel+pres_d97a5a37bebcd69c1ad028e934ea2eb6/node_modules/@testing-library/react-native/build/helpers/format-element.d.ts(1,63): error TS7016: Could not find a declaration file for module 'react-test-renderer'. '/home/ben/Public/PETSPARK/node_modules/.pnpm/react-test-renderer@18.2.0_react@18.2.0/node_modules/react-test-renderer/index.js' implicitly has an 'any' type.
  Try `npm i --save-dev @types/react-test-renderer` if it exists or add a new declaration (.d.ts) file containing `declare module 'react-test-renderer';`
node_modules/.pnpm/@testing-library+react-native@13.3.3_react-native@0.74.5_@babel+core@7.28.5_@babel+pres_d97a5a37bebcd69c1ad028e934ea2eb6/node_modules/@testing-library/react-native/build/helpers/matchers/match-accessibility-state.d.ts(1,40): error TS7016: Could not find a declaration file for module 'react-test-renderer'. '/home/ben/Public/PETSPARK/node_modules/.pnpm/react-test-renderer@18.2.0_react@18.2.0/node_modules/react-test-renderer/index.js' implicitly has an 'any' type.
  Try `npm i --save-dev @types/react-test-renderer` if it exists or add a new declaration (.d.ts) file containing `declare module 'react-test-renderer';`
node_modules/.pnpm/@testing-library+react-native@13.3.3_react-native@0.74.5_@babel+core@7.28.5_@babel+pres_d97a5a37bebcd69c1ad028e934ea2eb6/node_modules/@testing-library/react-native/build/helpers/matchers/match-accessibility-value.d.ts(1,40): error TS7016: Could not find a declaration file for module 'react-test-renderer'. '/home/ben/Public/PETSPARK/node_modules/.pnpm/react-test-renderer@18.2.0_react@18.2.0/node_modules/react-test-renderer/index.js' implicitly has an 'any' type.
  Try `npm i --save-dev @types/react-test-renderer` if it exists or add a new declaration (.d.ts) file containing `declare module 'react-test-renderer';`
node_modules/.pnpm/@testing-library+react-native@13.3.3_react-native@0.74.5_@babel+core@7.28.5_@babel+pres_d97a5a37bebcd69c1ad028e934ea2eb6/node_modules/@testing-library/react-native/build/matchers/to-have-style.d.ts(1,27): error TS2305: Module '"react-native"' has no exported member 'StyleProp'.
node_modules/.pnpm/@testing-library+react-native@13.3.3_react-native@0.74.5_@babel+core@7.28.5_@babel+pres_d97a5a37bebcd69c1ad028e934ea2eb6/node_modules/@testing-library/react-native/build/matchers/to-have-style.d.ts(2,40): error TS7016: Could not find a declaration file for module 'react-test-renderer'. '/home/ben/Public/PETSPARK/node_modules/.pnpm/react-test-renderer@18.2.0_react@18.2.0/node_modules/react-test-renderer/index.js' implicitly has an 'any' type.
  Try `npm i --save-dev @types/react-test-renderer` if it exists or add a new declaration (.d.ts) file containing `declare module 'react-test-renderer';`
node_modules/.pnpm/@testing-library+react-native@13.3.3_react-native@0.74.5_@babel+core@7.28.5_@babel+pres_d97a5a37bebcd69c1ad028e934ea2eb6/node_modules/@testing-library/react-native/build/matchers/to-have-style.d.ts(4,48): error TS2694: Namespace 'global.jest' has no exported member 'MatcherContext'.
node_modules/.pnpm/@testing-library+react-native@13.3.3_react-native@0.74.5_@babel+core@7.28.5_@babel+pres_d97a5a37bebcd69c1ad028e934ea2eb6/node_modules/@testing-library/react-native/build/matchers/types.d.ts(1,15): error TS2305: Module '"react-native"' has no exported member 'StyleProp'.
node_modules/.pnpm/@testing-library+react-native@13.3.3_react-native@0.74.5_@babel+core@7.28.5_@babel+pres_d97a5a37bebcd69c1ad028e934ea2eb6/node_modules/@testing-library/react-native/build/matchers/types.d.ts(2,40): error TS7016: Could not find a declaration file for module 'react-test-renderer'. '/home/ben/Public/PETSPARK/node_modules/.pnpm/react-test-renderer@18.2.0_react@18.2.0/node_modules/react-test-renderer/index.js' implicitly has an 'any' type.
  Try `npm i --save-dev @types/react-test-renderer` if it exists or add a new declaration (.d.ts) file containing `declare module 'react-test-renderer';`
node_modules/.pnpm/@testing-library+react-native@13.3.3_react-native@0.74.5_@babel+core@7.28.5_@babel+pres_d97a5a37bebcd69c1ad028e934ea2eb6/node_modules/@testing-library/react-native/build/queries/make-queries.d.ts(1,40): error TS7016: Could not find a declaration file for module 'react-test-renderer'. '/home/ben/Public/PETSPARK/node_modules/.pnpm/react-test-renderer@18.2.0_react@18.2.0/node_modules/react-test-renderer/index.js' implicitly has an 'any' type.
  Try `npm i --save-dev @types/react-test-renderer` if it exists or add a new declaration (.d.ts) file containing `declare module 'react-test-renderer';`
node_modules/.pnpm/@testing-library+react-native@13.3.3_react-native@0.74.5_@babel+core@7.28.5_@babel+pres_d97a5a37bebcd69c1ad028e934ea2eb6/node_modules/@testing-library/react-native/build/queries/role.d.ts(1,15): error TS2305: Module '"react-native"' has no exported member 'AccessibilityRole'.
node_modules/.pnpm/@testing-library+react-native@13.3.3_react-native@0.74.5_@babel+core@7.28.5_@babel+pres_d97a5a37bebcd69c1ad028e934ea2eb6/node_modules/@testing-library/react-native/build/queries/role.d.ts(1,34): error TS2305: Module '"react-native"' has no exported member 'Role'.
node_modules/.pnpm/@testing-library+react-native@13.3.3_react-native@0.74.5_@babel+core@7.28.5_@babel+pres_d97a5a37bebcd69c1ad028e934ea2eb6/node_modules/@testing-library/react-native/build/queries/role.d.ts(2,40): error TS7016: Could not find a declaration file for module 'react-test-renderer'. '/home/ben/Public/PETSPARK/node_modules/.pnpm/react-test-renderer@18.2.0_react@18.2.0/node_modules/react-test-renderer/index.js' implicitly has an 'any' type.
  Try `npm i --save-dev @types/react-test-renderer` if it exists or add a new declaration (.d.ts) file containing `declare module 'react-test-renderer';`
node_modules/.pnpm/@testing-library+react-native@13.3.3_react-native@0.74.5_@babel+core@7.28.5_@babel+pres_d97a5a37bebcd69c1ad028e934ea2eb6/node_modules/@testing-library/react-native/build/render-async.d.ts(2,40): error TS7016: Could not find a declaration file for module 'react-test-renderer'. '/home/ben/Public/PETSPARK/node_modules/.pnpm/react-test-renderer@18.2.0_react@18.2.0/node_modules/react-test-renderer/index.js' implicitly has an 'any' type.
  Try `npm i --save-dev @types/react-test-renderer` if it exists or add a new declaration (.d.ts) file containing `declare module 'react-test-renderer';`
node_modules/.pnpm/@testing-library+react-native@13.3.3_react-native@0.74.5_@babel+core@7.28.5_@babel+pres_d97a5a37bebcd69c1ad028e934ea2eb6/node_modules/@testing-library/react-native/build/render-async.d.ts(29,33): error TS7016: Could not find a declaration file for module 'react-test-renderer'. '/home/ben/Public/PETSPARK/node_modules/.pnpm/react-test-renderer@18.2.0_react@18.2.0/node_modules/react-test-renderer/index.js' implicitly has an 'any' type.
  Try `npm i --save-dev @types/react-test-renderer` if it exists or add a new declaration (.d.ts) file containing `declare module 'react-test-renderer';`
node_modules/.pnpm/@testing-library+react-native@13.3.3_react-native@0.74.5_@babel+core@7.28.5_@babel+pres_d97a5a37bebcd69c1ad028e934ea2eb6/node_modules/@testing-library/react-native/build/render-async.d.ts(29,87): error TS7016: Could not find a declaration file for module 'react-test-renderer'. '/home/ben/Public/PETSPARK/node_modules/.pnpm/react-test-renderer@18.2.0_react@18.2.0/node_modules/react-test-renderer/index.js' implicitly has an 'any' type.
  Try `npm i --save-dev @types/react-test-renderer` if it exists or add a new declaration (.d.ts) file containing `declare module 'react-test-renderer';`
node_modules/.pnpm/@testing-library+react-native@13.3.3_react-native@0.74.5_@babel+core@7.28.5_@babel+pres_d97a5a37bebcd69c1ad028e934ea2eb6/node_modules/@testing-library/react-native/build/render.d.ts(2,40): error TS7016: Could not find a declaration file for module 'react-test-renderer'. '/home/ben/Public/PETSPARK/node_modules/.pnpm/react-test-renderer@18.2.0_react@18.2.0/node_modules/react-test-renderer/index.js' implicitly has an 'any' type.
  Try `npm i --save-dev @types/react-test-renderer` if it exists or add a new declaration (.d.ts) file containing `declare module 'react-test-renderer';`
node_modules/.pnpm/@testing-library+react-native@13.3.3_react-native@0.74.5_@babel+core@7.28.5_@babel+pres_d97a5a37bebcd69c1ad028e934ea2eb6/node_modules/@testing-library/react-native/build/render.d.ts(30,33): error TS7016: Could not find a declaration file for module 'react-test-renderer'. '/home/ben/Public/PETSPARK/node_modules/.pnpm/react-test-renderer@18.2.0_react@18.2.0/node_modules/react-test-renderer/index.js' implicitly has an 'any' type.
  Try `npm i --save-dev @types/react-test-renderer` if it exists or add a new declaration (.d.ts) file containing `declare module 'react-test-renderer';`
node_modules/.pnpm/@testing-library+react-native@13.3.3_react-native@0.74.5_@babel+core@7.28.5_@babel+pres_d97a5a37bebcd69c1ad028e934ea2eb6/node_modules/@testing-library/react-native/build/render.d.ts(30,87): error TS7016: Could not find a declaration file for module 'react-test-renderer'. '/home/ben/Public/PETSPARK/node_modules/.pnpm/react-test-renderer@18.2.0_react@18.2.0/node_modules/react-test-renderer/index.js' implicitly has an 'any' type.
  Try `npm i --save-dev @types/react-test-renderer` if it exists or add a new declaration (.d.ts) file containing `declare module 'react-test-renderer';`
node_modules/.pnpm/@testing-library+react-native@13.3.3_react-native@0.74.5_@babel+core@7.28.5_@babel+pres_d97a5a37bebcd69c1ad028e934ea2eb6/node_modules/@testing-library/react-native/build/render.d.ts(112,33): error TS7016: Could not find a declaration file for module 'react-test-renderer'. '/home/ben/Public/PETSPARK/node_modules/.pnpm/react-test-renderer@18.2.0_react@18.2.0/node_modules/react-test-renderer/index.js' implicitly has an 'any' type.
  Try `npm i --save-dev @types/react-test-renderer` if it exists or add a new declaration (.d.ts) file containing `declare module 'react-test-renderer';`
node_modules/.pnpm/@testing-library+react-native@13.3.3_react-native@0.74.5_@babel+core@7.28.5_@babel+pres_d97a5a37bebcd69c1ad028e934ea2eb6/node_modules/@testing-library/react-native/build/render.d.ts(112,87): error TS7016: Could not find a declaration file for module 'react-test-renderer'. '/home/ben/Public/PETSPARK/node_modules/.pnpm/react-test-renderer@18.2.0_react@18.2.0/node_modules/react-test-renderer/index.js' implicitly has an 'any' type.
  Try `npm i --save-dev @types/react-test-renderer` if it exists or add a new declaration (.d.ts) file containing `declare module 'react-test-renderer';`
node_modules/.pnpm/@testing-library+react-native@13.3.3_react-native@0.74.5_@babel+core@7.28.5_@babel+pres_d97a5a37bebcd69c1ad028e934ea2eb6/node_modules/@testing-library/react-native/build/user-event/index.d.ts(1,40): error TS7016: Could not find a declaration file for module 'react-test-renderer'. '/home/ben/Public/PETSPARK/node_modules/.pnpm/react-test-renderer@18.2.0_react@18.2.0/node_modules/react-test-renderer/index.js' implicitly has an 'any' type.
  Try `npm i --save-dev @types/react-test-renderer` if it exists or add a new declaration (.d.ts) file containing `declare module 'react-test-renderer';`
node_modules/.pnpm/@testing-library+react-native@13.3.3_react-native@0.74.5_@babel+core@7.28.5_@babel+pres_d97a5a37bebcd69c1ad028e934ea2eb6/node_modules/@testing-library/react-native/build/user-event/press/press.d.ts(1,40): error TS7016: Could not find a declaration file for module 'react-test-renderer'. '/home/ben/Public/PETSPARK/node_modules/.pnpm/react-test-renderer@18.2.0_react@18.2.0/node_modules/react-test-renderer/index.js' implicitly has an 'any' type.
  Try `npm i --save-dev @types/react-test-renderer` if it exists or add a new declaration (.d.ts) file containing `declare module 'react-test-renderer';`
node_modules/.pnpm/@testing-library+react-native@13.3.3_react-native@0.74.5_@babel+core@7.28.5_@babel+pres_d97a5a37bebcd69c1ad028e934ea2eb6/node_modules/@testing-library/react-native/build/user-event/scroll/scroll-to.d.ts(1,40): error TS7016: Could not find a declaration file for module 'react-test-renderer'. '/home/ben/Public/PETSPARK/node_modules/.pnpm/react-test-renderer@18.2.0_react@18.2.0/node_modules/react-test-renderer/index.js' implicitly has an 'any' type.
  Try `npm i --save-dev @types/react-test-renderer` if it exists or add a new declaration (.d.ts) file containing `declare module 'react-test-renderer';`
node_modules/.pnpm/@testing-library+react-native@13.3.3_react-native@0.74.5_@babel+core@7.28.5_@babel+pres_d97a5a37bebcd69c1ad028e934ea2eb6/node_modules/@testing-library/react-native/build/user-event/setup/setup.d.ts(1,40): error TS7016: Could not find a declaration file for module 'react-test-renderer'. '/home/ben/Public/PETSPARK/node_modules/.pnpm/react-test-renderer@18.2.0_react@18.2.0/node_modules/react-test-renderer/index.js' implicitly has an 'any' type.
  Try `npm i --save-dev @types/react-test-renderer` if it exists or add a new declaration (.d.ts) file containing `declare module 'react-test-renderer';`
node_modules/.pnpm/@testing-library+react-native@13.3.3_react-native@0.74.5_@babel+core@7.28.5_@babel+pres_d97a5a37bebcd69c1ad028e934ea2eb6/node_modules/@testing-library/react-native/build/user-event/type/type.d.ts(1,40): error TS7016: Could not find a declaration file for module 'react-test-renderer'. '/home/ben/Public/PETSPARK/node_modules/.pnpm/react-test-renderer@18.2.0_react@18.2.0/node_modules/react-test-renderer/index.js' implicitly has an 'any' type.
  Try `npm i --save-dev @types/react-test-renderer` if it exists or add a new declaration (.d.ts) file containing `declare module 'react-test-renderer';`
node_modules/.pnpm/@testing-library+react-native@13.3.3_react-native@0.74.5_@babel+core@7.28.5_@babel+pres_d97a5a37bebcd69c1ad028e934ea2eb6/node_modules/@testing-library/react-native/build/within.d.ts(1,40): error TS7016: Could not find a declaration file for module 'react-test-renderer'. '/home/ben/Public/PETSPARK/node_modules/.pnpm/react-test-renderer@18.2.0_react@18.2.0/node_modules/react-test-renderer/index.js' implicitly has an 'any' type.
  Try `npm i --save-dev @types/react-test-renderer` if it exists or add a new declaration (.d.ts) file containing `declare module 'react-test-renderer';`
node_modules/.pnpm/@types+chai@5.2.3/node_modules/@types/chai/index.d.ts(6,21): error TS2300: Duplicate identifier 'Message'.
node_modules/.pnpm/@types+chai@5.2.3/node_modules/@types/chai/index.d.ts(7,21): error TS2300: Duplicate identifier 'ObjectProperty'.
node_modules/.pnpm/@types+chai@5.2.3/node_modules/@types/chai/index.d.ts(80,21): error TS2300: Duplicate identifier 'ChaiPlugin'.
node_modules/.pnpm/@types+chai@5.2.3/node_modules/@types/chai/index.d.ts(107,21): error TS2300: Duplicate identifier 'AssertionArgs'.
node_modules/.pnpm/@types+chai@5.2.3/node_modules/@types/chai/index.d.ts(147,21): error TS2300: Duplicate identifier 'Operator'.
node_modules/.pnpm/@types+chai@5.2.3/node_modules/@types/chai/index.d.ts(149,21): error TS2300: Duplicate identifier 'OperatorComparable'.
node_modules/.pnpm/@types+chai@5.2.3/node_modules/@types/chai/index.d.ts(2132,23): error TS2484: Export declaration conflicts with exported declaration of 'AssertionError'.
node_modules/.pnpm/@types+node@22.19.0/node_modules/@types/node/module.d.ts(877,13): error TS2403: Subsequent variable declarations must have the same type.  Variable 'require' must be of type 'NodeRequire', but here has type 'Require'.
node_modules/.pnpm/@types+node@22.19.0/node_modules/@types/node/web-globals/navigator.d.ts(21,9): error TS2451: Cannot redeclare block-scoped variable 'navigator'.
node_modules/.pnpm/@types+react-native-vector-icons@6.4.18/node_modules/@types/react-native-vector-icons/Icon.d.ts(3,5): error TS2305: Module '"react-native"' has no exported member 'ColorValue'.
node_modules/.pnpm/@types+react-native-vector-icons@6.4.18/node_modules/@types/react-native-vector-icons/Icon.d.ts(4,5): error TS2724: '"react-native"' has no exported member named 'TabBarIOSItemProps'. Did you mean 'TabBarIOSItemProperties'?
node_modules/.pnpm/@types+react-native-vector-icons@6.4.18/node_modules/@types/react-native-vector-icons/Icon.d.ts(7,5): error TS2724: '"react-native"' has no exported member named 'TouchableHighlightProps'. Did you mean 'TouchableHighlightProperties'?
node_modules/.pnpm/@types+react-native-vector-icons@6.4.18/node_modules/@types/react-native-vector-icons/Icon.d.ts(8,5): error TS2724: '"react-native"' has no exported member named 'TouchableNativeFeedbackProps'. Did you mean 'TouchableNativeFeedbackProperties'?
node_modules/.pnpm/@types+react-native@0.70.19/node_modules/@types/react-native/BatchedBridge.d.ts(8,15): error TS2300: Duplicate identifier 'MessageQueue'.
node_modules/.pnpm/@types+react-native@0.70.19/node_modules/@types/react-native/BatchedBridge.d.ts(18,20): error TS2300: Duplicate identifier 'BatchedBridge'.
node_modules/.pnpm/@types+react-native@0.70.19/node_modules/@types/react-native/BatchedBridge.d.ts(22,20): error TS2300: Duplicate identifier 'MessageQueue'.
node_modules/.pnpm/@types+react-native@0.70.19/node_modules/@types/react-native/Codegen.d.ts(1,1): error TS6200: Definitions of the following identifiers conflict with those in another file: codegenNativeCommands, NativeComponentType, codegenNativeComponent, BubblingEventHandler, DirectEventHandler, Double, Float, Int32, UnsafeObject, DefaultTypes, WithDefault
node_modules/.pnpm/@types+react-native@0.70.19/node_modules/@types/react-native/Codegen.d.ts(12,19): error TS2305: Module '"react-native"' has no exported member 'HostComponent'.
node_modules/.pnpm/@types+react-native@0.70.19/node_modules/@types/react-native/Codegen.d.ts(32,19): error TS2305: Module '"react-native"' has no exported member 'NativeSyntheticEvent'.
node_modules/.pnpm/@types+react-native@0.70.19/node_modules/@types/react-native/Devtools.d.ts(2,17): error TS2300: Duplicate identifier 'StackFrame'.
node_modules/.pnpm/@types+react-native@0.70.19/node_modules/@types/react-native/LaunchScreen.d.ts(4,18): error TS2451: Cannot redeclare block-scoped variable 'Header'.
node_modules/.pnpm/@types+react-native@0.70.19/node_modules/@types/react-native/LaunchScreen.d.ts(5,18): error TS2451: Cannot redeclare block-scoped variable 'LearnMoreLinks'.
node_modules/.pnpm/@types+react-native@0.70.19/node_modules/@types/react-native/LaunchScreen.d.ts(6,18): error TS2451: Cannot redeclare block-scoped variable 'Colors'.
node_modules/.pnpm/@types+react-native@0.70.19/node_modules/@types/react-native/LaunchScreen.d.ts(7,18): error TS2451: Cannot redeclare block-scoped variable 'DebugInstructions'.
node_modules/.pnpm/@types+react-native@0.70.19/node_modules/@types/react-native/LaunchScreen.d.ts(8,18): error TS2451: Cannot redeclare block-scoped variable 'ReloadInstructions'.
node_modules/.pnpm/@types+react-native@0.70.19/node_modules/@types/react-native/globals.d.ts(10,1): error TS6200: Definitions of the following identifiers conflict with those in another file: FormDataValue, FormDataPart, BodyInit_, HeadersInit_, RequestCredentials_, RequestMode_, ResponseType_, WebsocketMessageEventListener, WebsocketErrorEventListener, WebsocketOpenEventListener, WebsocketCloseEventListener, WebsocketEventListener
node_modules/.pnpm/@types+react-native@0.70.19/node_modules/@types/react-native/globals.d.ts(58,13): error TS2403: Subsequent variable declarations must have the same type.  Variable 'Blob' must be of type '{ new (blobParts?: BlobPart[] | undefined, options?: BlobPropertyBag | undefined): Blob; prototype: Blob; }', but here has type '{ new (blobParts?: (string | Blob)[] | undefined, options?: BlobOptions | undefined): Blob; prototype: Blob; }'.
node_modules/.pnpm/@types+react-native@0.70.19/node_modules/@types/react-native/globals.d.ts(77,15): error TS2300: Duplicate identifier 'FormData'.
node_modules/.pnpm/@types+react-native@0.70.19/node_modules/@types/react-native/globals.d.ts(101,13): error TS2403: Subsequent variable declarations must have the same type.  Variable 'Headers' must be of type '{ new (init?: HeadersInit | undefined): Headers; prototype: Headers; }', but here has type '{ new (init?: HeadersInit_ | undefined): Headers; prototype: Headers; }'.
node_modules/.pnpm/@types+react-native@0.70.19/node_modules/@types/react-native/globals.d.ts(113,5): error TS2374: Duplicate index signature for type 'string'.
node_modules/.pnpm/@types+react-native@0.70.19/node_modules/@types/react-native/globals.d.ts(135,5): error TS2717: Subsequent property declarations must have the same type.  Property 'body' must be of type 'BodyInit | null | undefined', but here has type 'BodyInit_ | undefined'.
node_modules/.pnpm/@types+react-native@0.70.19/node_modules/@types/react-native/globals.d.ts(137,5): error TS2717: Subsequent property declarations must have the same type.  Property 'headers' must be of type 'HeadersInit | undefined', but here has type 'HeadersInit_ | undefined'.
node_modules/.pnpm/@types+react-native@0.70.19/node_modules/@types/react-native/globals.d.ts(143,5): error TS2717: Subsequent property declarations must have the same type.  Property 'window' must be of type 'null | undefined', but here has type 'any'.
node_modules/.pnpm/@types+react-native@0.70.19/node_modules/@types/react-native/globals.d.ts(144,5): error TS2717: Subsequent property declarations must have the same type.  Property 'signal' must be of type 'AbortSignal | null | undefined', but here has type 'AbortSignal | undefined'.
node_modules/.pnpm/@types+react-native@0.70.19/node_modules/@types/react-native/globals.d.ts(157,13): error TS2403: Subsequent variable declarations must have the same type.  Variable 'Request' must be of type '{ new (input: RequestInfo | URL, init?: RequestInit | undefined): Request; prototype: Request; }', but here has type '{ new (input: string | Request, init?: RequestInit | undefined): Request; prototype: Request; }'.
node_modules/.pnpm/@types+react-native@0.70.19/node_modules/@types/react-native/globals.d.ts(162,14): error TS2300: Duplicate identifier 'RequestInfo'.
node_modules/.pnpm/@types+react-native@0.70.19/node_modules/@types/react-native/globals.d.ts(165,5): error TS2717: Subsequent property declarations must have the same type.  Property 'headers' must be of type 'HeadersInit | undefined', but here has type 'HeadersInit_ | undefined'.
node_modules/.pnpm/@types+react-native@0.70.19/node_modules/@types/react-native/globals.d.ts(181,13): error TS2403: Subsequent variable declarations must have the same type.  Variable 'Response' must be of type '{ new (body?: BodyInit | null | undefined, init?: ResponseInit | undefined): Response; prototype: Response; error(): Response; json(data: any, init?: ResponseInit | undefined): Response; redirect(url: string | URL, status?: number | undefined): Response; }', but here has type '{ new (body?: BodyInit_ | undefined, init?: ResponseInit | undefined): Response; prototype: Response; error: () => Response; redirect: (url: string, status?: number | undefined) => Response; }'.
node_modules/.pnpm/@types+react-native@0.70.19/node_modules/@types/react-native/globals.d.ts(258,5): error TS2717: Subsequent property declarations must have the same type.  Property 'abort' must be of type 'ProgressEvent<XMLHttpRequestEventTarget>', but here has type 'ProgressEvent<EventTarget>'.
node_modules/.pnpm/@types+react-native@0.70.19/node_modules/@types/react-native/globals.d.ts(259,5): error TS2717: Subsequent property declarations must have the same type.  Property 'error' must be of type 'ProgressEvent<XMLHttpRequestEventTarget>', but here has type 'ProgressEvent<EventTarget>'.
node_modules/.pnpm/@types+react-native@0.70.19/node_modules/@types/react-native/globals.d.ts(260,5): error TS2717: Subsequent property declarations must have the same type.  Property 'load' must be of type 'ProgressEvent<XMLHttpRequestEventTarget>', but here has type 'ProgressEvent<EventTarget>'.
node_modules/.pnpm/@types+react-native@0.70.19/node_modules/@types/react-native/globals.d.ts(261,5): error TS2717: Subsequent property declarations must have the same type.  Property 'loadend' must be of type 'ProgressEvent<XMLHttpRequestEventTarget>', but here has type 'ProgressEvent<EventTarget>'.
node_modules/.pnpm/@types+react-native@0.70.19/node_modules/@types/react-native/globals.d.ts(262,5): error TS2717: Subsequent property declarations must have the same type.  Property 'loadstart' must be of type 'ProgressEvent<XMLHttpRequestEventTarget>', but here has type 'ProgressEvent<EventTarget>'.
node_modules/.pnpm/@types+react-native@0.70.19/node_modules/@types/react-native/globals.d.ts(263,5): error TS2717: Subsequent property declarations must have the same type.  Property 'progress' must be of type 'ProgressEvent<XMLHttpRequestEventTarget>', but here has type 'ProgressEvent<EventTarget>'.
node_modules/.pnpm/@types+react-native@0.70.19/node_modules/@types/react-native/globals.d.ts(264,5): error TS2717: Subsequent property declarations must have the same type.  Property 'timeout' must be of type 'ProgressEvent<XMLHttpRequestEventTarget>', but here has type 'ProgressEvent<EventTarget>'.
node_modules/.pnpm/@types+react-native@0.70.19/node_modules/@types/react-native/globals.d.ts(305,14): error TS2300: Duplicate identifier 'XMLHttpRequestResponseType'.
node_modules/.pnpm/@types+react-native@0.70.19/node_modules/@types/react-native/globals.d.ts(312,15): error TS2300: Duplicate identifier 'URL'.
node_modules/.pnpm/@types+react-native@0.70.19/node_modules/@types/react-native/globals.d.ts(337,15): error TS2300: Duplicate identifier 'URLSearchParams'.
node_modules/.pnpm/@types+react-native@0.70.19/node_modules/@types/react-native/globals.d.ts(382,5): error TS2717: Subsequent property declarations must have the same type.  Property 'onopen' must be of type '((this: WebSocket, ev: Event) => any) | null', but here has type '(() => void) | null'.
node_modules/.pnpm/@types+react-native@0.70.19/node_modules/@types/react-native/globals.d.ts(383,5): error TS2717: Subsequent property declarations must have the same type.  Property 'onmessage' must be of type '((this: WebSocket, ev: MessageEvent<any>) => any) | null', but here has type '((event: WebSocketMessageEvent) => void) | null'.
node_modules/.pnpm/@types+react-native@0.70.19/node_modules/@types/react-native/globals.d.ts(384,5): error TS2717: Subsequent property declarations must have the same type.  Property 'onerror' must be of type '((this: WebSocket, ev: Event) => any) | null', but here has type '((event: WebSocketErrorEvent) => void) | null'.
node_modules/.pnpm/@types+react-native@0.70.19/node_modules/@types/react-native/globals.d.ts(385,5): error TS2717: Subsequent property declarations must have the same type.  Property 'onclose' must be of type '((this: WebSocket, ev: CloseEvent) => any) | null', but here has type '((event: WebSocketCloseEvent) => void) | null'.
node_modules/.pnpm/@types+react-native@0.70.19/node_modules/@types/react-native/globals.d.ts(386,5): error TS2717: Subsequent property declarations must have the same type.  Property 'addEventListener' must be of type '{ <K extends keyof WebSocketEventMap>(type: K, listener: (this: WebSocket, ev: WebSocketEventMap[K]) => any, options?: boolean | AddEventListenerOptions | undefined): void; (type: string, listener: EventListenerOrEventListenerObject, options?: boolean | ... 1 more ... | undefined): void; }', but here has type 'WebsocketEventListener'.
node_modules/.pnpm/@types+react-native@0.70.19/node_modules/@types/react-native/globals.d.ts(387,5): error TS2717: Subsequent property declarations must have the same type.  Property 'removeEventListener' must be of type '{ <K extends keyof WebSocketEventMap>(type: K, listener: (this: WebSocket, ev: WebSocketEventMap[K]) => any, options?: boolean | EventListenerOptions | undefined): void; (type: string, listener: EventListenerOrEventListenerObject, options?: boolean | ... 1 more ... | undefined): void; }', but here has type 'WebsocketEventListener'.
node_modules/.pnpm/@types+react-native@0.70.19/node_modules/@types/react-native/globals.d.ts(390,13): error TS2403: Subsequent variable declarations must have the same type.  Variable 'WebSocket' must be of type '{ new (url: string | URL, protocols?: string | string[] | undefined): WebSocket; prototype: WebSocket; readonly CONNECTING: 0; readonly OPEN: 1; readonly CLOSING: 2; readonly CLOSED: 3; }', but here has type '{ new (uri: string, protocols?: string | string[] | null | undefined, options?: { [optionName: string]: any; headers: { [headerName: string]: string; }; } | null | undefined): WebSocket; ... 4 more ...; readonly OPEN: number; }'.
node_modules/.pnpm/@types+react-native@0.70.19/node_modules/@types/react-native/globals.d.ts(414,15): error TS2300: Duplicate identifier 'AbortSignal'.
node_modules/.pnpm/@types+react-native@0.70.19/node_modules/@types/react-native/globals.d.ts(414,15): error TS2420: Class 'AbortSignal' incorrectly implements interface 'EventTarget'.
  Property 'dispatchEvent' is missing in type 'AbortSignal' but required in type 'EventTarget'.
node_modules/.pnpm/@types+react-native@0.70.19/node_modules/@types/react-native/globals.d.ts(449,15): error TS2300: Duplicate identifier 'AbortController'.
node_modules/.pnpm/@types+react-native@0.70.19/node_modules/@types/react-native/globals.d.ts(474,14): error TS2717: Subsequent property declarations must have the same type.  Property 'error' must be of type 'DOMException | null', but here has type 'Error | null'.
node_modules/.pnpm/@types+react-native@0.70.19/node_modules/@types/react-native/globals.d.ts(481,14): error TS2717: Subsequent property declarations must have the same type.  Property 'readyState' must be of type '0 | 1 | 2', but here has type 'number'.
node_modules/.pnpm/@types+react-native@0.70.19/node_modules/@types/react-native/globals.d.ts(482,14): error TS2717: Subsequent property declarations must have the same type.  Property 'result' must be of type 'string | ArrayBuffer | null', but here has type 'string | ArrayBuffer'.
node_modules/.pnpm/@types+react-native@0.70.19/node_modules/@types/react-native/index.d.ts(9873,11): error TS2451: Cannot redeclare block-scoped variable 'originalXMLHttpRequest'.
node_modules/.pnpm/@types+react-native@0.70.19/node_modules/@types/react-native/index.d.ts(9875,11): error TS2451: Cannot redeclare block-scoped variable '__BUNDLE_START_TIME__'.
node_modules/.pnpm/@types+react-native@0.70.19/node_modules/@types/react-native/index.d.ts(9876,11): error TS2451: Cannot redeclare block-scoped variable 'ErrorUtils'.
node_modules/.pnpm/@types+react-native@0.70.19/node_modules/@types/react-native/index.d.ts(9883,11): error TS2451: Cannot redeclare block-scoped variable '__DEV__'.
node_modules/.pnpm/@types+react-native@0.70.19/node_modules/@types/react-native/index.d.ts(9885,11): error TS2451: Cannot redeclare block-scoped variable 'HermesInternal'.
node_modules/.pnpm/@types+react-native@0.70.19/node_modules/@types/react-native/legacy-properties.d.ts(2,5): error TS2724: '"react-native"' has no exported member named 'AccessibilityProps'. Did you mean 'AccessibilityProperties'?
node_modules/.pnpm/@types+react-native@0.70.19/node_modules/@types/react-native/legacy-properties.d.ts(3,5): error TS2724: '"react-native"' has no exported member named 'AccessibilityPropsAndroid'. Did you mean 'AccessibilityPropertiesAndroid'?
node_modules/.pnpm/@types+react-native@0.70.19/node_modules/@types/react-native/legacy-properties.d.ts(4,5): error TS2724: '"react-native"' has no exported member named 'AccessibilityPropsIOS'. Did you mean 'AccessibilityPropertiesIOS'?
node_modules/.pnpm/@types+react-native@0.70.19/node_modules/@types/react-native/legacy-properties.d.ts(5,5): error TS2724: '"react-native"' has no exported member named 'ActivityIndicatorIOSProps'. Did you mean 'ActivityIndicatorIOSProperties'?
node_modules/.pnpm/@types+react-native@0.70.19/node_modules/@types/react-native/legacy-properties.d.ts(6,5): error TS2724: '"react-native"' has no exported member named 'ActivityIndicatorProps'. Did you mean 'ActivityIndicatorProperties'?
node_modules/.pnpm/@types+react-native@0.70.19/node_modules/@types/react-native/legacy-properties.d.ts(7,5): error TS2305: Module '"react-native"' has no exported member 'ButtonProps'.
node_modules/.pnpm/@types+react-native@0.70.19/node_modules/@types/react-native/legacy-properties.d.ts(8,5): error TS2724: '"react-native"' has no exported member named 'DatePickerIOSProps'. Did you mean 'DatePickerIOSProperties'?
node_modules/.pnpm/@types+react-native@0.70.19/node_modules/@types/react-native/legacy-properties.d.ts(9,5): error TS2724: '"react-native"' has no exported member named 'DrawerLayoutAndroidProps'. Did you mean 'DrawerLayoutAndroidProperties'?
node_modules/.pnpm/@types+react-native@0.70.19/node_modules/@types/react-native/legacy-properties.d.ts(10,5): error TS2305: Module '"react-native"' has no exported member 'FlatListProps'.
node_modules/.pnpm/@types+react-native@0.70.19/node_modules/@types/react-native/legacy-properties.d.ts(11,5): error TS2724: '"react-native"' has no exported member named 'ImageBackgroundProps'. Did you mean 'ImageBackgroundProperties'?
node_modules/.pnpm/@types+react-native@0.70.19/node_modules/@types/react-native/legacy-properties.d.ts(13,5): error TS2724: '"react-native"' has no exported member named 'ImagePropsAndroid'. Did you mean 'ImagePropertiesAndroid'?
node_modules/.pnpm/@types+react-native@0.70.19/node_modules/@types/react-native/legacy-properties.d.ts(14,5): error TS2724: '"react-native"' has no exported member named 'ImagePropsIOS'. Did you mean 'ImageProps'?
node_modules/.pnpm/@types+react-native@0.70.19/node_modules/@types/react-native/legacy-properties.d.ts(15,5): error TS2305: Module '"react-native"' has no exported member 'ImageSourcePropType'.
node_modules/.pnpm/@types+react-native@0.70.19/node_modules/@types/react-native/legacy-properties.d.ts(16,5): error TS2724: '"react-native"' has no exported member named 'InputAccessoryViewProps'. Did you mean 'InputAccessoryViewProperties'?
node_modules/.pnpm/@types+react-native@0.70.19/node_modules/@types/react-native/legacy-properties.d.ts(17,5): error TS2724: '"react-native"' has no exported member named 'ListViewProps'. Did you mean 'ViewProps'?
node_modules/.pnpm/@types+react-native@0.70.19/node_modules/@types/react-native/legacy-properties.d.ts(18,5): error TS2724: '"react-native"' has no exported member named 'MaskedViewIOSProps'. Did you mean 'MaskedViewIOSProperties'?
node_modules/.pnpm/@types+react-native@0.70.19/node_modules/@types/react-native/legacy-properties.d.ts(19,5): error TS2305: Module '"react-native"' has no exported member 'ModalProps'.
node_modules/.pnpm/@types+react-native@0.70.19/node_modules/@types/react-native/legacy-properties.d.ts(20,5): error TS2724: '"react-native"' has no exported member named 'NavigatorIOSProps'. Did you mean 'NavigatorIOSProperties'?
node_modules/.pnpm/@types+react-native@0.70.19/node_modules/@types/react-native/legacy-properties.d.ts(21,5): error TS2724: '"react-native"' has no exported member named 'ProgressBarAndroidProps'. Did you mean 'ProgressBarAndroidProperties'?
node_modules/.pnpm/@types+react-native@0.70.19/node_modules/@types/react-native/legacy-properties.d.ts(22,5): error TS2724: '"react-native"' has no exported member named 'ProgressViewIOSProps'. Did you mean 'ProgressViewIOSProperties'?
node_modules/.pnpm/@types+react-native@0.70.19/node_modules/@types/react-native/legacy-properties.d.ts(23,5): error TS2724: '"react-native"' has no exported member named 'RecyclerViewBackedScrollViewProps'. Did you mean 'RecyclerViewBackedScrollViewProperties'?
node_modules/.pnpm/@types+react-native@0.70.19/node_modules/@types/react-native/legacy-properties.d.ts(24,5): error TS2724: '"react-native"' has no exported member named 'RefreshControlProps'. Did you mean 'RefreshControlProperties'?
node_modules/.pnpm/@types+react-native@0.70.19/node_modules/@types/react-native/legacy-properties.d.ts(25,5): error TS2724: '"react-native"' has no exported member named 'RefreshControlPropsAndroid'. Did you mean 'RefreshControlPropertiesAndroid'?
node_modules/.pnpm/@types+react-native@0.70.19/node_modules/@types/react-native/legacy-properties.d.ts(26,5): error TS2724: '"react-native"' has no exported member named 'RefreshControlPropsIOS'. Did you mean 'RefreshControlPropertiesIOS'?
node_modules/.pnpm/@types+react-native@0.70.19/node_modules/@types/react-native/legacy-properties.d.ts(27,5): error TS2724: '"react-native"' has no exported member named 'ScrollViewProps'. Did you mean 'ScrollViewProperties'?
node_modules/.pnpm/@types+react-native@0.70.19/node_modules/@types/react-native/legacy-properties.d.ts(28,5): error TS2724: '"react-native"' has no exported member named 'ScrollViewPropsAndroid'. Did you mean 'ScrollViewPropertiesAndroid'?
node_modules/.pnpm/@types+react-native@0.70.19/node_modules/@types/react-native/legacy-properties.d.ts(29,5): error TS2724: '"react-native"' has no exported member named 'ScrollViewPropsIOS'. Did you mean 'ScrollViewPropertiesIOS'?
node_modules/.pnpm/@types+react-native@0.70.19/node_modules/@types/react-native/legacy-properties.d.ts(30,5): error TS2724: '"react-native"' has no exported member named 'SectionListProps'. Did you mean 'SectionListProperties'?
node_modules/.pnpm/@types+react-native@0.70.19/node_modules/@types/react-native/legacy-properties.d.ts(31,5): error TS2305: Module '"react-native"' has no exported member 'SliderProps'.
node_modules/.pnpm/@types+react-native@0.70.19/node_modules/@types/react-native/legacy-properties.d.ts(32,5): error TS2724: '"react-native"' has no exported member named 'SliderPropsAndroid'. Did you mean 'SliderPropertiesAndroid'?
node_modules/.pnpm/@types+react-native@0.70.19/node_modules/@types/react-native/legacy-properties.d.ts(33,5): error TS2305: Module '"react-native"' has no exported member 'SliderPropsIOS'.
node_modules/.pnpm/@types+react-native@0.70.19/node_modules/@types/react-native/legacy-properties.d.ts(34,5): error TS2724: '"react-native"' has no exported member named 'SnapshotViewIOSProps'. Did you mean 'SnapshotViewIOSProperties'?
node_modules/.pnpm/@types+react-native@0.70.19/node_modules/@types/react-native/legacy-properties.d.ts(35,5): error TS2305: Module '"react-native"' has no exported member 'StatusBarProps'.
node_modules/.pnpm/@types+react-native@0.70.19/node_modules/@types/react-native/legacy-properties.d.ts(36,5): error TS2724: '"react-native"' has no exported member named 'StatusBarPropsAndroid'. Did you mean 'StatusBarPropertiesAndroid'?
node_modules/.pnpm/@types+react-native@0.70.19/node_modules/@types/react-native/legacy-properties.d.ts(37,5): error TS2724: '"react-native"' has no exported member named 'StatusBarPropsIOS'. Did you mean 'StatusBarPropertiesIOS'?
node_modules/.pnpm/@types+react-native@0.70.19/node_modules/@types/react-native/legacy-properties.d.ts(38,5): error TS2305: Module '"react-native"' has no exported member 'SwitchIOSProps'.
node_modules/.pnpm/@types+react-native@0.70.19/node_modules/@types/react-native/legacy-properties.d.ts(39,5): error TS2305: Module '"react-native"' has no exported member 'SwitchProps'.
node_modules/.pnpm/@types+react-native@0.70.19/node_modules/@types/react-native/legacy-properties.d.ts(40,5): error TS2305: Module '"react-native"' has no exported member 'SwitchPropsIOS'.
node_modules/.pnpm/@types+react-native@0.70.19/node_modules/@types/react-native/legacy-properties.d.ts(41,5): error TS2724: '"react-native"' has no exported member named 'TabBarIOSItemProps'. Did you mean 'TabBarIOSItemProperties'?
node_modules/.pnpm/@types+react-native@0.70.19/node_modules/@types/react-native/legacy-properties.d.ts(42,5): error TS2305: Module '"react-native"' has no exported member 'TabBarIOSProps'.
node_modules/.pnpm/@types+react-native@0.70.19/node_modules/@types/react-native/legacy-properties.d.ts(43,5): error TS2724: '"react-native"' has no exported member named 'TextInputAndroidProps'. Did you mean 'TextInputAndroidProperties'?
node_modules/.pnpm/@types+react-native@0.70.19/node_modules/@types/react-native/legacy-properties.d.ts(44,5): error TS2724: '"react-native"' has no exported member named 'TextInputIOSProps'. Did you mean 'TextInputIOSProperties'?
node_modules/.pnpm/@types+react-native@0.70.19/node_modules/@types/react-native/legacy-properties.d.ts(45,5): error TS2305: Module '"react-native"' has no exported member 'TextInputProps'.
node_modules/.pnpm/@types+react-native@0.70.19/node_modules/@types/react-native/legacy-properties.d.ts(47,5): error TS2724: '"react-native"' has no exported member named 'TextPropsAndroid'. Did you mean 'TextPropertiesAndroid'?
node_modules/.pnpm/@types+react-native@0.70.19/node_modules/@types/react-native/legacy-properties.d.ts(48,5): error TS2724: '"react-native"' has no exported member named 'TextPropsIOS'. Did you mean 'TextProps'?
node_modules/.pnpm/@types+react-native@0.70.19/node_modules/@types/react-native/legacy-properties.d.ts(49,5): error TS2724: '"react-native"' has no exported member named 'TouchableHighlightProps'. Did you mean 'TouchableHighlightProperties'?
node_modules/.pnpm/@types+react-native@0.70.19/node_modules/@types/react-native/legacy-properties.d.ts(50,5): error TS2724: '"react-native"' has no exported member named 'TouchableNativeFeedbackProps'. Did you mean 'TouchableNativeFeedbackProperties'?
node_modules/.pnpm/@types+react-native@0.70.19/node_modules/@types/react-native/legacy-properties.d.ts(51,5): error TS2724: '"react-native"' has no exported member named 'TouchableOpacityProps'. Did you mean 'TouchableOpacityProperties'?
node_modules/.pnpm/@types+react-native@0.70.19/node_modules/@types/react-native/legacy-properties.d.ts(52,5): error TS2724: '"react-native"' has no exported member named 'TouchableWithoutFeedbackProps'. Did you mean 'TouchableWithoutFeedbackProperties'?
node_modules/.pnpm/@types+react-native@0.70.19/node_modules/@types/react-native/legacy-properties.d.ts(53,5): error TS2724: '"react-native"' has no exported member named 'ViewPagerAndroidProps'. Did you mean 'ViewPagerAndroidProperties'?
node_modules/.pnpm/@types+react-native@0.70.19/node_modules/@types/react-native/legacy-properties.d.ts(55,5): error TS2724: '"react-native"' has no exported member named 'ViewPropsAndroid'. Did you mean 'ViewPropertiesAndroid'?
node_modules/.pnpm/@types+react-native@0.70.19/node_modules/@types/react-native/legacy-properties.d.ts(56,5): error TS2724: '"react-native"' has no exported member named 'ViewPropsIOS'. Did you mean 'ViewProps'?
node_modules/.pnpm/@types+react-native@0.70.19/node_modules/@types/react-native/legacy-properties.d.ts(57,5): error TS2724: '"react-native"' has no exported member named 'VirtualizedListProps'. Did you mean 'VirtualizedListProperties'?
node_modules/.pnpm/@types+react@18.2.79/node_modules/@types/react/global.d.ts(153,11): error TS2300: Duplicate identifier 'FormData'.
node_modules/.pnpm/@types+react@18.2.79/node_modules/@types/react/index.d.ts(4259,14): error TS2300: Duplicate identifier 'ElementType'.
node_modules/.pnpm/@types+react@18.2.79/node_modules/@types/react/index.d.ts(4261,19): error TS2320: Interface 'ElementClass' cannot simultaneously extend types 'Component<any, {}, any>' and 'Component<any, {}, any>'.
  Named property 'refs' of types 'Component<any, {}, any>' and 'Component<any, {}, any>' are not identical.
node_modules/.pnpm/@types+react@18.2.79/node_modules/@types/react/index.d.ts(4273,14): error TS2300: Duplicate identifier 'LibraryManagedAttributes'.
node_modules/.pnpm/@types+react@18.3.26/node_modules/@types/react/global.d.ts(155,11): error TS2300: Duplicate identifier 'FormData'.
node_modules/.pnpm/@types+react@18.3.26/node_modules/@types/react/index.d.ts(4362,14): error TS2300: Duplicate identifier 'ElementType'.
node_modules/.pnpm/@types+react@18.3.26/node_modules/@types/react/index.d.ts(4376,14): error TS2300: Duplicate identifier 'LibraryManagedAttributes'.
node_modules/.pnpm/@types+react@18.3.26/node_modules/@types/react/index.d.ts(4388,13): error TS2717: Subsequent property declarations must have the same type.  Property 'a' must be of type 'DetailedHTMLProps<AnchorHTMLAttributes<HTMLAnchorElement>, HTMLAnchorElement>', but here has type 'DetailedHTMLProps<AnchorHTMLAttributes<HTMLAnchorElement>, HTMLAnchorElement>'.
node_modules/.pnpm/@types+react@18.3.26/node_modules/@types/react/index.d.ts(4389,13): error TS2717: Subsequent property declarations must have the same type.  Property 'abbr' must be of type 'DetailedHTMLProps<HTMLAttributes<HTMLElement>, HTMLElement>', but here has type 'DetailedHTMLProps<HTMLAttributes<HTMLElement>, HTMLElement>'.
node_modules/.pnpm/@types+react@18.3.26/node_modules/@types/react/index.d.ts(4390,13): error TS2717: Subsequent property declarations must have the same type.  Property 'address' must be of type 'DetailedHTMLProps<HTMLAttributes<HTMLElement>, HTMLElement>', but here has type 'DetailedHTMLProps<HTMLAttributes<HTMLElement>, HTMLElement>'.
node_modules/.pnpm/@types+react@18.3.26/node_modules/@types/react/index.d.ts(4391,13): error TS2717: Subsequent property declarations must have the same type.  Property 'area' must be of type 'DetailedHTMLProps<AreaHTMLAttributes<HTMLAreaElement>, HTMLAreaElement>', but here has type 'DetailedHTMLProps<AreaHTMLAttributes<HTMLAreaElement>, HTMLAreaElement>'.
node_modules/.pnpm/@types+react@18.3.26/node_modules/@types/react/index.d.ts(4392,13): error TS2717: Subsequent property declarations must have the same type.  Property 'article' must be of type 'DetailedHTMLProps<HTMLAttributes<HTMLElement>, HTMLElement>', but here has type 'DetailedHTMLProps<HTMLAttributes<HTMLElement>, HTMLElement>'.
node_modules/.pnpm/@types+react@18.3.26/node_modules/@types/react/index.d.ts(4393,13): error TS2717: Subsequent property declarations must have the same type.  Property 'aside' must be of type 'DetailedHTMLProps<HTMLAttributes<HTMLElement>, HTMLElement>', but here has type 'DetailedHTMLProps<HTMLAttributes<HTMLElement>, HTMLElement>'.
node_modules/.pnpm/@types+react@18.3.26/node_modules/@types/react/index.d.ts(4394,13): error TS2717: Subsequent property declarations must have the same type.  Property 'audio' must be of type 'DetailedHTMLProps<AudioHTMLAttributes<HTMLAudioElement>, HTMLAudioElement>', but here has type 'DetailedHTMLProps<AudioHTMLAttributes<HTMLAudioElement>, HTMLAudioElement>'.
node_modules/.pnpm/@types+react@18.3.26/node_modules/@types/react/index.d.ts(4395,13): error TS2717: Subsequent property declarations must have the same type.  Property 'b' must be of type 'DetailedHTMLProps<HTMLAttributes<HTMLElement>, HTMLElement>', but here has type 'DetailedHTMLProps<HTMLAttributes<HTMLElement>, HTMLElement>'.
node_modules/.pnpm/@types+react@18.3.26/node_modules/@types/react/index.d.ts(4396,13): error TS2717: Subsequent property declarations must have the same type.  Property 'base' must be of type 'DetailedHTMLProps<BaseHTMLAttributes<HTMLBaseElement>, HTMLBaseElement>', but here has type 'DetailedHTMLProps<BaseHTMLAttributes<HTMLBaseElement>, HTMLBaseElement>'.
node_modules/.pnpm/@types+react@18.3.26/node_modules/@types/react/index.d.ts(4397,13): error TS2717: Subsequent property declarations must have the same type.  Property 'bdi' must be of type 'DetailedHTMLProps<HTMLAttributes<HTMLElement>, HTMLElement>', but here has type 'DetailedHTMLProps<HTMLAttributes<HTMLElement>, HTMLElement>'.
node_modules/.pnpm/@types+react@18.3.26/node_modules/@types/react/index.d.ts(4398,13): error TS2717: Subsequent property declarations must have the same type.  Property 'bdo' must be of type 'DetailedHTMLProps<HTMLAttributes<HTMLElement>, HTMLElement>', but here has type 'DetailedHTMLProps<HTMLAttributes<HTMLElement>, HTMLElement>'.
node_modules/.pnpm/@types+react@18.3.26/node_modules/@types/react/index.d.ts(4399,13): error TS2717: Subsequent property declarations must have the same type.  Property 'big' must be of type 'DetailedHTMLProps<HTMLAttributes<HTMLElement>, HTMLElement>', but here has type 'DetailedHTMLProps<HTMLAttributes<HTMLElement>, HTMLElement>'.
node_modules/.pnpm/@types+react@18.3.26/node_modules/@types/react/index.d.ts(4400,13): error TS2717: Subsequent property declarations must have the same type.  Property 'blockquote' must be of type 'DetailedHTMLProps<BlockquoteHTMLAttributes<HTMLQuoteElement>, HTMLQuoteElement>', but here has type 'DetailedHTMLProps<BlockquoteHTMLAttributes<HTMLQuoteElement>, HTMLQuoteElement>'.
node_modules/.pnpm/@types+react@18.3.26/node_modules/@types/react/index.d.ts(4401,13): error TS2717: Subsequent property declarations must have the same type.  Property 'body' must be of type 'DetailedHTMLProps<HTMLAttributes<HTMLBodyElement>, HTMLBodyElement>', but here has type 'DetailedHTMLProps<HTMLAttributes<HTMLBodyElement>, HTMLBodyElement>'.
node_modules/.pnpm/@types+react@18.3.26/node_modules/@types/react/index.d.ts(4402,13): error TS2717: Subsequent property declarations must have the same type.  Property 'br' must be of type 'DetailedHTMLProps<HTMLAttributes<HTMLBRElement>, HTMLBRElement>', but here has type 'DetailedHTMLProps<HTMLAttributes<HTMLBRElement>, HTMLBRElement>'.
node_modules/.pnpm/@types+react@18.3.26/node_modules/@types/react/index.d.ts(4403,13): error TS2717: Subsequent property declarations must have the same type.  Property 'button' must be of type 'DetailedHTMLProps<ButtonHTMLAttributes<HTMLButtonElement>, HTMLButtonElement>', but here has type 'DetailedHTMLProps<ButtonHTMLAttributes<HTMLButtonElement>, HTMLButtonElement>'.
node_modules/.pnpm/@types+react@18.3.26/node_modules/@types/react/index.d.ts(4404,13): error TS2717: Subsequent property declarations must have the same type.  Property 'canvas' must be of type 'DetailedHTMLProps<CanvasHTMLAttributes<HTMLCanvasElement>, HTMLCanvasElement>', but here has type 'DetailedHTMLProps<CanvasHTMLAttributes<HTMLCanvasElement>, HTMLCanvasElement>'.
node_modules/.pnpm/@types+react@18.3.26/node_modules/@types/react/index.d.ts(4405,13): error TS2717: Subsequent property declarations must have the same type.  Property 'caption' must be of type 'DetailedHTMLProps<HTMLAttributes<HTMLElement>, HTMLElement>', but here has type 'DetailedHTMLProps<HTMLAttributes<HTMLElement>, HTMLElement>'.
node_modules/.pnpm/@types+react@18.3.26/node_modules/@types/react/index.d.ts(4406,13): error TS2717: Subsequent property declarations must have the same type.  Property 'center' must be of type 'DetailedHTMLProps<HTMLAttributes<HTMLElement>, HTMLElement>', but here has type 'DetailedHTMLProps<HTMLAttributes<HTMLElement>, HTMLElement>'.
node_modules/.pnpm/@types+react@18.3.26/node_modules/@types/react/index.d.ts(4407,13): error TS2717: Subsequent property declarations must have the same type.  Property 'cite' must be of type 'DetailedHTMLProps<HTMLAttributes<HTMLElement>, HTMLElement>', but here has type 'DetailedHTMLProps<HTMLAttributes<HTMLElement>, HTMLElement>'.
node_modules/.pnpm/@types+react@18.3.26/node_modules/@types/react/index.d.ts(4408,13): error TS2717: Subsequent property declarations must have the same type.  Property 'code' must be of type 'DetailedHTMLProps<HTMLAttributes<HTMLElement>, HTMLElement>', but here has type 'DetailedHTMLProps<HTMLAttributes<HTMLElement>, HTMLElement>'.
node_modules/.pnpm/@types+react@18.3.26/node_modules/@types/react/index.d.ts(4409,13): error TS2717: Subsequent property declarations must have the same type.  Property 'col' must be of type 'DetailedHTMLProps<ColHTMLAttributes<HTMLTableColElement>, HTMLTableColElement>', but here has type 'DetailedHTMLProps<ColHTMLAttributes<HTMLTableColElement>, HTMLTableColElement>'.
node_modules/.pnpm/@types+react@18.3.26/node_modules/@types/react/index.d.ts(4410,13): error TS2717: Subsequent property declarations must have the same type.  Property 'colgroup' must be of type 'DetailedHTMLProps<ColgroupHTMLAttributes<HTMLTableColElement>, HTMLTableColElement>', but here has type 'DetailedHTMLProps<ColgroupHTMLAttributes<HTMLTableColElement>, HTMLTableColElement>'.
node_modules/.pnpm/@types+react@18.3.26/node_modules/@types/react/index.d.ts(4411,13): error TS2717: Subsequent property declarations must have the same type.  Property 'data' must be of type 'DetailedHTMLProps<DataHTMLAttributes<HTMLDataElement>, HTMLDataElement>', but here has type 'DetailedHTMLProps<DataHTMLAttributes<HTMLDataElement>, HTMLDataElement>'.
node_modules/.pnpm/@types+react@18.3.26/node_modules/@types/react/index.d.ts(4412,13): error TS2717: Subsequent property declarations must have the same type.  Property 'datalist' must be of type 'DetailedHTMLProps<HTMLAttributes<HTMLDataListElement>, HTMLDataListElement>', but here has type 'DetailedHTMLProps<HTMLAttributes<HTMLDataListElement>, HTMLDataListElement>'.
node_modules/.pnpm/@types+react@18.3.26/node_modules/@types/react/index.d.ts(4413,13): error TS2717: Subsequent property declarations must have the same type.  Property 'dd' must be of type 'DetailedHTMLProps<HTMLAttributes<HTMLElement>, HTMLElement>', but here has type 'DetailedHTMLProps<HTMLAttributes<HTMLElement>, HTMLElement>'.
node_modules/.pnpm/@types+react@18.3.26/node_modules/@types/react/index.d.ts(4414,13): error TS2717: Subsequent property declarations must have the same type.  Property 'del' must be of type 'DetailedHTMLProps<DelHTMLAttributes<HTMLModElement>, HTMLModElement>', but here has type 'DetailedHTMLProps<DelHTMLAttributes<HTMLModElement>, HTMLModElement>'.
node_modules/.pnpm/@types+react@18.3.26/node_modules/@types/react/index.d.ts(4415,13): error TS2717: Subsequent property declarations must have the same type.  Property 'details' must be of type 'DetailedHTMLProps<DetailsHTMLAttributes<HTMLDetailsElement>, HTMLDetailsElement>', but here has type 'DetailedHTMLProps<DetailsHTMLAttributes<HTMLDetailsElement>, HTMLDetailsElement>'.
node_modules/.pnpm/@types+react@18.3.26/node_modules/@types/react/index.d.ts(4416,13): error TS2717: Subsequent property declarations must have the same type.  Property 'dfn' must be of type 'DetailedHTMLProps<HTMLAttributes<HTMLElement>, HTMLElement>', but here has type 'DetailedHTMLProps<HTMLAttributes<HTMLElement>, HTMLElement>'.
node_modules/.pnpm/@types+react@18.3.26/node_modules/@types/react/index.d.ts(4417,13): error TS2717: Subsequent property declarations must have the same type.  Property 'dialog' must be of type 'DetailedHTMLProps<DialogHTMLAttributes<HTMLDialogElement>, HTMLDialogElement>', but here has type 'DetailedHTMLProps<DialogHTMLAttributes<HTMLDialogElement>, HTMLDialogElement>'.
node_modules/.pnpm/@types+react@18.3.26/node_modules/@types/react/index.d.ts(4418,13): error TS2717: Subsequent property declarations must have the same type.  Property 'div' must be of type 'DetailedHTMLProps<HTMLAttributes<HTMLDivElement>, HTMLDivElement>', but here has type 'DetailedHTMLProps<HTMLAttributes<HTMLDivElement>, HTMLDivElement>'.
node_modules/.pnpm/@types+react@18.3.26/node_modules/@types/react/index.d.ts(4419,13): error TS2717: Subsequent property declarations must have the same type.  Property 'dl' must be of type 'DetailedHTMLProps<HTMLAttributes<HTMLDListElement>, HTMLDListElement>', but here has type 'DetailedHTMLProps<HTMLAttributes<HTMLDListElement>, HTMLDListElement>'.
node_modules/.pnpm/@types+react@18.3.26/node_modules/@types/react/index.d.ts(4420,13): error TS2717: Subsequent property declarations must have the same type.  Property 'dt' must be of type 'DetailedHTMLProps<HTMLAttributes<HTMLElement>, HTMLElement>', but here has type 'DetailedHTMLProps<HTMLAttributes<HTMLElement>, HTMLElement>'.
node_modules/.pnpm/@types+react@18.3.26/node_modules/@types/react/index.d.ts(4421,13): error TS2717: Subsequent property declarations must have the same type.  Property 'em' must be of type 'DetailedHTMLProps<HTMLAttributes<HTMLElement>, HTMLElement>', but here has type 'DetailedHTMLProps<HTMLAttributes<HTMLElement>, HTMLElement>'.
node_modules/.pnpm/@types+react@18.3.26/node_modules/@types/react/index.d.ts(4422,13): error TS2717: Subsequent property declarations must have the same type.  Property 'embed' must be of type 'DetailedHTMLProps<EmbedHTMLAttributes<HTMLEmbedElement>, HTMLEmbedElement>', but here has type 'DetailedHTMLProps<EmbedHTMLAttributes<HTMLEmbedElement>, HTMLEmbedElement>'.
node_modules/.pnpm/@types+react@18.3.26/node_modules/@types/react/index.d.ts(4423,13): error TS2717: Subsequent property declarations must have the same type.  Property 'fieldset' must be of type 'DetailedHTMLProps<FieldsetHTMLAttributes<HTMLFieldSetElement>, HTMLFieldSetElement>', but here has type 'DetailedHTMLProps<FieldsetHTMLAttributes<HTMLFieldSetElement>, HTMLFieldSetElement>'.
node_modules/.pnpm/@types+react@18.3.26/node_modules/@types/react/index.d.ts(4424,13): error TS2717: Subsequent property declarations must have the same type.  Property 'figcaption' must be of type 'DetailedHTMLProps<HTMLAttributes<HTMLElement>, HTMLElement>', but here has type 'DetailedHTMLProps<HTMLAttributes<HTMLElement>, HTMLElement>'.
node_modules/.pnpm/@types+react@18.3.26/node_modules/@types/react/index.d.ts(4425,13): error TS2717: Subsequent property declarations must have the same type.  Property 'figure' must be of type 'DetailedHTMLProps<HTMLAttributes<HTMLElement>, HTMLElement>', but here has type 'DetailedHTMLProps<HTMLAttributes<HTMLElement>, HTMLElement>'.
node_modules/.pnpm/@types+react@18.3.26/node_modules/@types/react/index.d.ts(4426,13): error TS2717: Subsequent property declarations must have the same type.  Property 'footer' must be of type 'DetailedHTMLProps<HTMLAttributes<HTMLElement>, HTMLElement>', but here has type 'DetailedHTMLProps<HTMLAttributes<HTMLElement>, HTMLElement>'.
node_modules/.pnpm/@types+react@18.3.26/node_modules/@types/react/index.d.ts(4427,13): error TS2717: Subsequent property declarations must have the same type.  Property 'form' must be of type 'DetailedHTMLProps<FormHTMLAttributes<HTMLFormElement>, HTMLFormElement>', but here has type 'DetailedHTMLProps<FormHTMLAttributes<HTMLFormElement>, HTMLFormElement>'.
node_modules/.pnpm/@types+react@18.3.26/node_modules/@types/react/index.d.ts(4428,13): error TS2717: Subsequent property declarations must have the same type.  Property 'h1' must be of type 'DetailedHTMLProps<HTMLAttributes<HTMLHeadingElement>, HTMLHeadingElement>', but here has type 'DetailedHTMLProps<HTMLAttributes<HTMLHeadingElement>, HTMLHeadingElement>'.
node_modules/.pnpm/@types+react@18.3.26/node_modules/@types/react/index.d.ts(4429,13): error TS2717: Subsequent property declarations must have the same type.  Property 'h2' must be of type 'DetailedHTMLProps<HTMLAttributes<HTMLHeadingElement>, HTMLHeadingElement>', but here has type 'DetailedHTMLProps<HTMLAttributes<HTMLHeadingElement>, HTMLHeadingElement>'.
node_modules/.pnpm/@types+react@18.3.26/node_modules/@types/react/index.d.ts(4430,13): error TS2717: Subsequent property declarations must have the same type.  Property 'h3' must be of type 'DetailedHTMLProps<HTMLAttributes<HTMLHeadingElement>, HTMLHeadingElement>', but here has type 'DetailedHTMLProps<HTMLAttributes<HTMLHeadingElement>, HTMLHeadingElement>'.
node_modules/.pnpm/@types+react@18.3.26/node_modules/@types/react/index.d.ts(4431,13): error TS2717: Subsequent property declarations must have the same type.  Property 'h4' must be of type 'DetailedHTMLProps<HTMLAttributes<HTMLHeadingElement>, HTMLHeadingElement>', but here has type 'DetailedHTMLProps<HTMLAttributes<HTMLHeadingElement>, HTMLHeadingElement>'.
node_modules/.pnpm/@types+react@18.3.26/node_modules/@types/react/index.d.ts(4432,13): error TS2717: Subsequent property declarations must have the same type.  Property 'h5' must be of type 'DetailedHTMLProps<HTMLAttributes<HTMLHeadingElement>, HTMLHeadingElement>', but here has type 'DetailedHTMLProps<HTMLAttributes<HTMLHeadingElement>, HTMLHeadingElement>'.
node_modules/.pnpm/@types+react@18.3.26/node_modules/@types/react/index.d.ts(4433,13): error TS2717: Subsequent property declarations must have the same type.  Property 'h6' must be of type 'DetailedHTMLProps<HTMLAttributes<HTMLHeadingElement>, HTMLHeadingElement>', but here has type 'DetailedHTMLProps<HTMLAttributes<HTMLHeadingElement>, HTMLHeadingElement>'.
node_modules/.pnpm/@types+react@18.3.26/node_modules/@types/react/index.d.ts(4434,13): error TS2717: Subsequent property declarations must have the same type.  Property 'head' must be of type 'DetailedHTMLProps<HTMLAttributes<HTMLHeadElement>, HTMLHeadElement>', but here has type 'DetailedHTMLProps<HTMLAttributes<HTMLHeadElement>, HTMLHeadElement>'.
node_modules/.pnpm/@types+react@18.3.26/node_modules/@types/react/index.d.ts(4435,13): error TS2717: Subsequent property declarations must have the same type.  Property 'header' must be of type 'DetailedHTMLProps<HTMLAttributes<HTMLElement>, HTMLElement>', but here has type 'DetailedHTMLProps<HTMLAttributes<HTMLElement>, HTMLElement>'.
node_modules/.pnpm/@types+react@18.3.26/node_modules/@types/react/index.d.ts(4436,13): error TS2717: Subsequent property declarations must have the same type.  Property 'hgroup' must be of type 'DetailedHTMLProps<HTMLAttributes<HTMLElement>, HTMLElement>', but here has type 'DetailedHTMLProps<HTMLAttributes<HTMLElement>, HTMLElement>'.
node_modules/.pnpm/@types+react@18.3.26/node_modules/@types/react/index.d.ts(4437,13): error TS2717: Subsequent property declarations must have the same type.  Property 'hr' must be of type 'DetailedHTMLProps<HTMLAttributes<HTMLHRElement>, HTMLHRElement>', but here has type 'DetailedHTMLProps<HTMLAttributes<HTMLHRElement>, HTMLHRElement>'.
node_modules/.pnpm/@types+react@18.3.26/node_modules/@types/react/index.d.ts(4438,13): error TS2717: Subsequent property declarations must have the same type.  Property 'html' must be of type 'DetailedHTMLProps<HtmlHTMLAttributes<HTMLHtmlElement>, HTMLHtmlElement>', but here has type 'DetailedHTMLProps<HtmlHTMLAttributes<HTMLHtmlElement>, HTMLHtmlElement>'.
node_modules/.pnpm/@types+react@18.3.26/node_modules/@types/react/index.d.ts(4439,13): error TS2717: Subsequent property declarations must have the same type.  Property 'i' must be of type 'DetailedHTMLProps<HTMLAttributes<HTMLElement>, HTMLElement>', but here has type 'DetailedHTMLProps<HTMLAttributes<HTMLElement>, HTMLElement>'.
node_modules/.pnpm/@types+react@18.3.26/node_modules/@types/react/index.d.ts(4440,13): error TS2717: Subsequent property declarations must have the same type.  Property 'iframe' must be of type 'DetailedHTMLProps<IframeHTMLAttributes<HTMLIFrameElement>, HTMLIFrameElement>', but here has type 'DetailedHTMLProps<IframeHTMLAttributes<HTMLIFrameElement>, HTMLIFrameElement>'.
node_modules/.pnpm/@types+react@18.3.26/node_modules/@types/react/index.d.ts(4441,13): error TS2717: Subsequent property declarations must have the same type.  Property 'img' must be of type 'DetailedHTMLProps<ImgHTMLAttributes<HTMLImageElement>, HTMLImageElement>', but here has type 'DetailedHTMLProps<ImgHTMLAttributes<HTMLImageElement>, HTMLImageElement>'.
node_modules/.pnpm/@types+react@18.3.26/node_modules/@types/react/index.d.ts(4442,13): error TS2717: Subsequent property declarations must have the same type.  Property 'input' must be of type 'DetailedHTMLProps<InputHTMLAttributes<HTMLInputElement>, HTMLInputElement>', but here has type 'DetailedHTMLProps<InputHTMLAttributes<HTMLInputElement>, HTMLInputElement>'.
node_modules/.pnpm/@types+react@18.3.26/node_modules/@types/react/index.d.ts(4443,13): error TS2717: Subsequent property declarations must have the same type.  Property 'ins' must be of type 'DetailedHTMLProps<InsHTMLAttributes<HTMLModElement>, HTMLModElement>', but here has type 'DetailedHTMLProps<InsHTMLAttributes<HTMLModElement>, HTMLModElement>'.
node_modules/.pnpm/@types+react@18.3.26/node_modules/@types/react/index.d.ts(4444,13): error TS2717: Subsequent property declarations must have the same type.  Property 'kbd' must be of type 'DetailedHTMLProps<HTMLAttributes<HTMLElement>, HTMLElement>', but here has type 'DetailedHTMLProps<HTMLAttributes<HTMLElement>, HTMLElement>'.
node_modules/.pnpm/@types+react@18.3.26/node_modules/@types/react/index.d.ts(4445,13): error TS2717: Subsequent property declarations must have the same type.  Property 'keygen' must be of type 'DetailedHTMLProps<KeygenHTMLAttributes<HTMLElement>, HTMLElement>', but here has type 'DetailedHTMLProps<KeygenHTMLAttributes<HTMLElement>, HTMLElement>'.
node_modules/.pnpm/@types+react@18.3.26/node_modules/@types/react/index.d.ts(4446,13): error TS2717: Subsequent property declarations must have the same type.  Property 'label' must be of type 'DetailedHTMLProps<LabelHTMLAttributes<HTMLLabelElement>, HTMLLabelElement>', but here has type 'DetailedHTMLProps<LabelHTMLAttributes<HTMLLabelElement>, HTMLLabelElement>'.
node_modules/.pnpm/@types+react@18.3.26/node_modules/@types/react/index.d.ts(4447,13): error TS2717: Subsequent property declarations must have the same type.  Property 'legend' must be of type 'DetailedHTMLProps<HTMLAttributes<HTMLLegendElement>, HTMLLegendElement>', but here has type 'DetailedHTMLProps<HTMLAttributes<HTMLLegendElement>, HTMLLegendElement>'.
node_modules/.pnpm/@types+react@18.3.26/node_modules/@types/react/index.d.ts(4448,13): error TS2717: Subsequent property declarations must have the same type.  Property 'li' must be of type 'DetailedHTMLProps<LiHTMLAttributes<HTMLLIElement>, HTMLLIElement>', but here has type 'DetailedHTMLProps<LiHTMLAttributes<HTMLLIElement>, HTMLLIElement>'.
node_modules/.pnpm/@types+react@18.3.26/node_modules/@types/react/index.d.ts(4449,13): error TS2717: Subsequent property declarations must have the same type.  Property 'link' must be of type 'DetailedHTMLProps<LinkHTMLAttributes<HTMLLinkElement>, HTMLLinkElement>', but here has type 'DetailedHTMLProps<LinkHTMLAttributes<HTMLLinkElement>, HTMLLinkElement>'.
node_modules/.pnpm/@types+react@18.3.26/node_modules/@types/react/index.d.ts(4450,13): error TS2717: Subsequent property declarations must have the same type.  Property 'main' must be of type 'DetailedHTMLProps<HTMLAttributes<HTMLElement>, HTMLElement>', but here has type 'DetailedHTMLProps<HTMLAttributes<HTMLElement>, HTMLElement>'.
node_modules/.pnpm/@types+react@18.3.26/node_modules/@types/react/index.d.ts(4451,13): error TS2717: Subsequent property declarations must have the same type.  Property 'map' must be of type 'DetailedHTMLProps<MapHTMLAttributes<HTMLMapElement>, HTMLMapElement>', but here has type 'DetailedHTMLProps<MapHTMLAttributes<HTMLMapElement>, HTMLMapElement>'.
node_modules/.pnpm/@types+react@18.3.26/node_modules/@types/react/index.d.ts(4452,13): error TS2717: Subsequent property declarations must have the same type.  Property 'mark' must be of type 'DetailedHTMLProps<HTMLAttributes<HTMLElement>, HTMLElement>', but here has type 'DetailedHTMLProps<HTMLAttributes<HTMLElement>, HTMLElement>'.
node_modules/.pnpm/@types+react@18.3.26/node_modules/@types/react/index.d.ts(4453,13): error TS2717: Subsequent property declarations must have the same type.  Property 'menu' must be of type 'DetailedHTMLProps<MenuHTMLAttributes<HTMLElement>, HTMLElement>', but here has type 'DetailedHTMLProps<MenuHTMLAttributes<HTMLElement>, HTMLElement>'.
node_modules/.pnpm/@types+react@18.3.26/node_modules/@types/react/index.d.ts(4454,13): error TS2717: Subsequent property declarations must have the same type.  Property 'menuitem' must be of type 'DetailedHTMLProps<HTMLAttributes<HTMLElement>, HTMLElement>', but here has type 'DetailedHTMLProps<HTMLAttributes<HTMLElement>, HTMLElement>'.
node_modules/.pnpm/@types+react@18.3.26/node_modules/@types/react/index.d.ts(4455,13): error TS2717: Subsequent property declarations must have the same type.  Property 'meta' must be of type 'DetailedHTMLProps<MetaHTMLAttributes<HTMLMetaElement>, HTMLMetaElement>', but here has type 'DetailedHTMLProps<MetaHTMLAttributes<HTMLMetaElement>, HTMLMetaElement>'.
node_modules/.pnpm/@types+react@18.3.26/node_modules/@types/react/index.d.ts(4456,13): error TS2717: Subsequent property declarations must have the same type.  Property 'meter' must be of type 'DetailedHTMLProps<MeterHTMLAttributes<HTMLMeterElement>, HTMLMeterElement>', but here has type 'DetailedHTMLProps<MeterHTMLAttributes<HTMLMeterElement>, HTMLMeterElement>'.
node_modules/.pnpm/@types+react@18.3.26/node_modules/@types/react/index.d.ts(4457,13): error TS2717: Subsequent property declarations must have the same type.  Property 'nav' must be of type 'DetailedHTMLProps<HTMLAttributes<HTMLElement>, HTMLElement>', but here has type 'DetailedHTMLProps<HTMLAttributes<HTMLElement>, HTMLElement>'.
node_modules/.pnpm/@types+react@18.3.26/node_modules/@types/react/index.d.ts(4458,13): error TS2717: Subsequent property declarations must have the same type.  Property 'noindex' must be of type 'DetailedHTMLProps<HTMLAttributes<HTMLElement>, HTMLElement>', but here has type 'DetailedHTMLProps<HTMLAttributes<HTMLElement>, HTMLElement>'.
node_modules/.pnpm/@types+react@18.3.26/node_modules/@types/react/index.d.ts(4459,13): error TS2717: Subsequent property declarations must have the same type.  Property 'noscript' must be of type 'DetailedHTMLProps<HTMLAttributes<HTMLElement>, HTMLElement>', but here has type 'DetailedHTMLProps<HTMLAttributes<HTMLElement>, HTMLElement>'.
node_modules/.pnpm/@types+react@18.3.26/node_modules/@types/react/index.d.ts(4460,13): error TS2717: Subsequent property declarations must have the same type.  Property 'object' must be of type 'DetailedHTMLProps<ObjectHTMLAttributes<HTMLObjectElement>, HTMLObjectElement>', but here has type 'DetailedHTMLProps<ObjectHTMLAttributes<HTMLObjectElement>, HTMLObjectElement>'.
node_modules/.pnpm/@types+react@18.3.26/node_modules/@types/react/index.d.ts(4461,13): error TS2717: Subsequent property declarations must have the same type.  Property 'ol' must be of type 'DetailedHTMLProps<OlHTMLAttributes<HTMLOListElement>, HTMLOListElement>', but here has type 'DetailedHTMLProps<OlHTMLAttributes<HTMLOListElement>, HTMLOListElement>'.
node_modules/.pnpm/@types+react@18.3.26/node_modules/@types/react/index.d.ts(4462,13): error TS2717: Subsequent property declarations must have the same type.  Property 'optgroup' must be of type 'DetailedHTMLProps<OptgroupHTMLAttributes<HTMLOptGroupElement>, HTMLOptGroupElement>', but here has type 'DetailedHTMLProps<OptgroupHTMLAttributes<HTMLOptGroupElement>, HTMLOptGroupElement>'.
node_modules/.pnpm/@types+react@18.3.26/node_modules/@types/react/index.d.ts(4463,13): error TS2717: Subsequent property declarations must have the same type.  Property 'option' must be of type 'DetailedHTMLProps<OptionHTMLAttributes<HTMLOptionElement>, HTMLOptionElement>', but here has type 'DetailedHTMLProps<OptionHTMLAttributes<HTMLOptionElement>, HTMLOptionElement>'.
node_modules/.pnpm/@types+react@18.3.26/node_modules/@types/react/index.d.ts(4464,13): error TS2717: Subsequent property declarations must have the same type.  Property 'output' must be of type 'DetailedHTMLProps<OutputHTMLAttributes<HTMLOutputElement>, HTMLOutputElement>', but here has type 'DetailedHTMLProps<OutputHTMLAttributes<HTMLOutputElement>, HTMLOutputElement>'.
node_modules/.pnpm/@types+react@18.3.26/node_modules/@types/react/index.d.ts(4465,13): error TS2717: Subsequent property declarations must have the same type.  Property 'p' must be of type 'DetailedHTMLProps<HTMLAttributes<HTMLParagraphElement>, HTMLParagraphElement>', but here has type 'DetailedHTMLProps<HTMLAttributes<HTMLParagraphElement>, HTMLParagraphElement>'.
node_modules/.pnpm/@types+react@18.3.26/node_modules/@types/react/index.d.ts(4466,13): error TS2717: Subsequent property declarations must have the same type.  Property 'param' must be of type 'DetailedHTMLProps<ParamHTMLAttributes<HTMLParamElement>, HTMLParamElement>', but here has type 'DetailedHTMLProps<ParamHTMLAttributes<HTMLParamElement>, HTMLParamElement>'.
node_modules/.pnpm/@types+react@18.3.26/node_modules/@types/react/index.d.ts(4467,13): error TS2717: Subsequent property declarations must have the same type.  Property 'picture' must be of type 'DetailedHTMLProps<HTMLAttributes<HTMLElement>, HTMLElement>', but here has type 'DetailedHTMLProps<HTMLAttributes<HTMLElement>, HTMLElement>'.
node_modules/.pnpm/@types+react@18.3.26/node_modules/@types/react/index.d.ts(4468,13): error TS2717: Subsequent property declarations must have the same type.  Property 'pre' must be of type 'DetailedHTMLProps<HTMLAttributes<HTMLPreElement>, HTMLPreElement>', but here has type 'DetailedHTMLProps<HTMLAttributes<HTMLPreElement>, HTMLPreElement>'.
node_modules/.pnpm/@types+react@18.3.26/node_modules/@types/react/index.d.ts(4469,13): error TS2717: Subsequent property declarations must have the same type.  Property 'progress' must be of type 'DetailedHTMLProps<ProgressHTMLAttributes<HTMLProgressElement>, HTMLProgressElement>', but here has type 'DetailedHTMLProps<ProgressHTMLAttributes<HTMLProgressElement>, HTMLProgressElement>'.
node_modules/.pnpm/@types+react@18.3.26/node_modules/@types/react/index.d.ts(4470,13): error TS2717: Subsequent property declarations must have the same type.  Property 'q' must be of type 'DetailedHTMLProps<QuoteHTMLAttributes<HTMLQuoteElement>, HTMLQuoteElement>', but here has type 'DetailedHTMLProps<QuoteHTMLAttributes<HTMLQuoteElement>, HTMLQuoteElement>'.
node_modules/.pnpm/@types+react@18.3.26/node_modules/@types/react/index.d.ts(4471,13): error TS2717: Subsequent property declarations must have the same type.  Property 'rp' must be of type 'DetailedHTMLProps<HTMLAttributes<HTMLElement>, HTMLElement>', but here has type 'DetailedHTMLProps<HTMLAttributes<HTMLElement>, HTMLElement>'.
node_modules/.pnpm/@types+react@18.3.26/node_modules/@types/react/index.d.ts(4472,13): error TS2717: Subsequent property declarations must have the same type.  Property 'rt' must be of type 'DetailedHTMLProps<HTMLAttributes<HTMLElement>, HTMLElement>', but here has type 'DetailedHTMLProps<HTMLAttributes<HTMLElement>, HTMLElement>'.
node_modules/.pnpm/@types+react@18.3.26/node_modules/@types/react/index.d.ts(4473,13): error TS2717: Subsequent property declarations must have the same type.  Property 'ruby' must be of type 'DetailedHTMLProps<HTMLAttributes<HTMLElement>, HTMLElement>', but here has type 'DetailedHTMLProps<HTMLAttributes<HTMLElement>, HTMLElement>'.
node_modules/.pnpm/@types+react@18.3.26/node_modules/@types/react/index.d.ts(4474,13): error TS2717: Subsequent property declarations must have the same type.  Property 's' must be of type 'DetailedHTMLProps<HTMLAttributes<HTMLElement>, HTMLElement>', but here has type 'DetailedHTMLProps<HTMLAttributes<HTMLElement>, HTMLElement>'.
node_modules/.pnpm/@types+react@18.3.26/node_modules/@types/react/index.d.ts(4475,13): error TS2717: Subsequent property declarations must have the same type.  Property 'samp' must be of type 'DetailedHTMLProps<HTMLAttributes<HTMLElement>, HTMLElement>', but here has type 'DetailedHTMLProps<HTMLAttributes<HTMLElement>, HTMLElement>'.
node_modules/.pnpm/@types+react@18.3.26/node_modules/@types/react/index.d.ts(4476,13): error TS2717: Subsequent property declarations must have the same type.  Property 'search' must be of type 'DetailedHTMLProps<HTMLAttributes<HTMLElement>, HTMLElement>', but here has type 'DetailedHTMLProps<HTMLAttributes<HTMLElement>, HTMLElement>'.
node_modules/.pnpm/@types+react@18.3.26/node_modules/@types/react/index.d.ts(4477,13): error TS2717: Subsequent property declarations must have the same type.  Property 'slot' must be of type 'DetailedHTMLProps<SlotHTMLAttributes<HTMLSlotElement>, HTMLSlotElement>', but here has type 'DetailedHTMLProps<SlotHTMLAttributes<HTMLSlotElement>, HTMLSlotElement>'.
node_modules/.pnpm/@types+react@18.3.26/node_modules/@types/react/index.d.ts(4478,13): error TS2717: Subsequent property declarations must have the same type.  Property 'script' must be of type 'DetailedHTMLProps<ScriptHTMLAttributes<HTMLScriptElement>, HTMLScriptElement>', but here has type 'DetailedHTMLProps<ScriptHTMLAttributes<HTMLScriptElement>, HTMLScriptElement>'.
node_modules/.pnpm/@types+react@18.3.26/node_modules/@types/react/index.d.ts(4479,13): error TS2717: Subsequent property declarations must have the same type.  Property 'section' must be of type 'DetailedHTMLProps<HTMLAttributes<HTMLElement>, HTMLElement>', but here has type 'DetailedHTMLProps<HTMLAttributes<HTMLElement>, HTMLElement>'.
node_modules/.pnpm/@types+react@18.3.26/node_modules/@types/react/index.d.ts(4480,13): error TS2717: Subsequent property declarations must have the same type.  Property 'select' must be of type 'DetailedHTMLProps<SelectHTMLAttributes<HTMLSelectElement>, HTMLSelectElement>', but here has type 'DetailedHTMLProps<SelectHTMLAttributes<HTMLSelectElement>, HTMLSelectElement>'.
node_modules/.pnpm/@types+react@18.3.26/node_modules/@types/react/index.d.ts(4481,13): error TS2717: Subsequent property declarations must have the same type.  Property 'small' must be of type 'DetailedHTMLProps<HTMLAttributes<HTMLElement>, HTMLElement>', but here has type 'DetailedHTMLProps<HTMLAttributes<HTMLElement>, HTMLElement>'.
node_modules/.pnpm/@types+react@18.3.26/node_modules/@types/react/index.d.ts(4482,13): error TS2717: Subsequent property declarations must have the same type.  Property 'source' must be of type 'DetailedHTMLProps<SourceHTMLAttributes<HTMLSourceElement>, HTMLSourceElement>', but here has type 'DetailedHTMLProps<SourceHTMLAttributes<HTMLSourceElement>, HTMLSourceElement>'.
node_modules/.pnpm/@types+react@18.3.26/node_modules/@types/react/index.d.ts(4483,13): error TS2717: Subsequent property declarations must have the same type.  Property 'span' must be of type 'DetailedHTMLProps<HTMLAttributes<HTMLSpanElement>, HTMLSpanElement>', but here has type 'DetailedHTMLProps<HTMLAttributes<HTMLSpanElement>, HTMLSpanElement>'.
node_modules/.pnpm/@types+react@18.3.26/node_modules/@types/react/index.d.ts(4484,13): error TS2717: Subsequent property declarations must have the same type.  Property 'strong' must be of type 'DetailedHTMLProps<HTMLAttributes<HTMLElement>, HTMLElement>', but here has type 'DetailedHTMLProps<HTMLAttributes<HTMLElement>, HTMLElement>'.
node_modules/.pnpm/@types+react@18.3.26/node_modules/@types/react/index.d.ts(4485,13): error TS2717: Subsequent property declarations must have the same type.  Property 'style' must be of type 'DetailedHTMLProps<StyleHTMLAttributes<HTMLStyleElement>, HTMLStyleElement>', but here has type 'DetailedHTMLProps<StyleHTMLAttributes<HTMLStyleElement>, HTMLStyleElement>'.
node_modules/.pnpm/@types+react@18.3.26/node_modules/@types/react/index.d.ts(4486,13): error TS2717: Subsequent property declarations must have the same type.  Property 'sub' must be of type 'DetailedHTMLProps<HTMLAttributes<HTMLElement>, HTMLElement>', but here has type 'DetailedHTMLProps<HTMLAttributes<HTMLElement>, HTMLElement>'.
node_modules/.pnpm/@types+react@18.3.26/node_modules/@types/react/index.d.ts(4487,13): error TS2717: Subsequent property declarations must have the same type.  Property 'summary' must be of type 'DetailedHTMLProps<HTMLAttributes<HTMLElement>, HTMLElement>', but here has type 'DetailedHTMLProps<HTMLAttributes<HTMLElement>, HTMLElement>'.
node_modules/.pnpm/@types+react@18.3.26/node_modules/@types/react/index.d.ts(4488,13): error TS2717: Subsequent property declarations must have the same type.  Property 'sup' must be of type 'DetailedHTMLProps<HTMLAttributes<HTMLElement>, HTMLElement>', but here has type 'DetailedHTMLProps<HTMLAttributes<HTMLElement>, HTMLElement>'.
node_modules/.pnpm/@types+react@18.3.26/node_modules/@types/react/index.d.ts(4489,13): error TS2717: Subsequent property declarations must have the same type.  Property 'table' must be of type 'DetailedHTMLProps<TableHTMLAttributes<HTMLTableElement>, HTMLTableElement>', but here has type 'DetailedHTMLProps<TableHTMLAttributes<HTMLTableElement>, HTMLTableElement>'.
node_modules/.pnpm/@types+react@18.3.26/node_modules/@types/react/index.d.ts(4490,13): error TS2717: Subsequent property declarations must have the same type.  Property 'template' must be of type 'DetailedHTMLProps<HTMLAttributes<HTMLTemplateElement>, HTMLTemplateElement>', but here has type 'DetailedHTMLProps<HTMLAttributes<HTMLTemplateElement>, HTMLTemplateElement>'.
node_modules/.pnpm/@types+react@18.3.26/node_modules/@types/react/index.d.ts(4491,13): error TS2717: Subsequent property declarations must have the same type.  Property 'tbody' must be of type 'DetailedHTMLProps<HTMLAttributes<HTMLTableSectionElement>, HTMLTableSectionElement>', but here has type 'DetailedHTMLProps<HTMLAttributes<HTMLTableSectionElement>, HTMLTableSectionElement>'.
node_modules/.pnpm/@types+react@18.3.26/node_modules/@types/react/index.d.ts(4492,13): error TS2717: Subsequent property declarations must have the same type.  Property 'td' must be of type 'DetailedHTMLProps<TdHTMLAttributes<HTMLTableDataCellElement>, HTMLTableDataCellElement>', but here has type 'DetailedHTMLProps<TdHTMLAttributes<HTMLTableDataCellElement>, HTMLTableDataCellElement>'.
node_modules/.pnpm/@types+react@18.3.26/node_modules/@types/react/index.d.ts(4493,13): error TS2717: Subsequent property declarations must have the same type.  Property 'textarea' must be of type 'DetailedHTMLProps<TextareaHTMLAttributes<HTMLTextAreaElement>, HTMLTextAreaElement>', but here has type 'DetailedHTMLProps<TextareaHTMLAttributes<HTMLTextAreaElement>, HTMLTextAreaElement>'.
node_modules/.pnpm/@types+react@18.3.26/node_modules/@types/react/index.d.ts(4494,13): error TS2717: Subsequent property declarations must have the same type.  Property 'tfoot' must be of type 'DetailedHTMLProps<HTMLAttributes<HTMLTableSectionElement>, HTMLTableSectionElement>', but here has type 'DetailedHTMLProps<HTMLAttributes<HTMLTableSectionElement>, HTMLTableSectionElement>'.
node_modules/.pnpm/@types+react@18.3.26/node_modules/@types/react/index.d.ts(4495,13): error TS2717: Subsequent property declarations must have the same type.  Property 'th' must be of type 'DetailedHTMLProps<ThHTMLAttributes<HTMLTableHeaderCellElement>, HTMLTableHeaderCellElement>', but here has type 'DetailedHTMLProps<ThHTMLAttributes<HTMLTableHeaderCellElement>, HTMLTableHeaderCellElement>'.
node_modules/.pnpm/@types+react@18.3.26/node_modules/@types/react/index.d.ts(4496,13): error TS2717: Subsequent property declarations must have the same type.  Property 'thead' must be of type 'DetailedHTMLProps<HTMLAttributes<HTMLTableSectionElement>, HTMLTableSectionElement>', but here has type 'DetailedHTMLProps<HTMLAttributes<HTMLTableSectionElement>, HTMLTableSectionElement>'.
node_modules/.pnpm/@types+react@18.3.26/node_modules/@types/react/index.d.ts(4497,13): error TS2717: Subsequent property declarations must have the same type.  Property 'time' must be of type 'DetailedHTMLProps<TimeHTMLAttributes<HTMLTimeElement>, HTMLTimeElement>', but here has type 'DetailedHTMLProps<TimeHTMLAttributes<HTMLTimeElement>, HTMLTimeElement>'.
node_modules/.pnpm/@types+react@18.3.26/node_modules/@types/react/index.d.ts(4498,13): error TS2717: Subsequent property declarations must have the same type.  Property 'title' must be of type 'DetailedHTMLProps<HTMLAttributes<HTMLTitleElement>, HTMLTitleElement>', but here has type 'DetailedHTMLProps<HTMLAttributes<HTMLTitleElement>, HTMLTitleElement>'.
node_modules/.pnpm/@types+react@18.3.26/node_modules/@types/react/index.d.ts(4499,13): error TS2717: Subsequent property declarations must have the same type.  Property 'tr' must be of type 'DetailedHTMLProps<HTMLAttributes<HTMLTableRowElement>, HTMLTableRowElement>', but here has type 'DetailedHTMLProps<HTMLAttributes<HTMLTableRowElement>, HTMLTableRowElement>'.
node_modules/.pnpm/@types+react@18.3.26/node_modules/@types/react/index.d.ts(4500,13): error TS2717: Subsequent property declarations must have the same type.  Property 'track' must be of type 'DetailedHTMLProps<TrackHTMLAttributes<HTMLTrackElement>, HTMLTrackElement>', but here has type 'DetailedHTMLProps<TrackHTMLAttributes<HTMLTrackElement>, HTMLTrackElement>'.
node_modules/.pnpm/@types+react@18.3.26/node_modules/@types/react/index.d.ts(4501,13): error TS2717: Subsequent property declarations must have the same type.  Property 'u' must be of type 'DetailedHTMLProps<HTMLAttributes<HTMLElement>, HTMLElement>', but here has type 'DetailedHTMLProps<HTMLAttributes<HTMLElement>, HTMLElement>'.
node_modules/.pnpm/@types+react@18.3.26/node_modules/@types/react/index.d.ts(4502,13): error TS2717: Subsequent property declarations must have the same type.  Property 'ul' must be of type 'DetailedHTMLProps<HTMLAttributes<HTMLUListElement>, HTMLUListElement>', but here has type 'DetailedHTMLProps<HTMLAttributes<HTMLUListElement>, HTMLUListElement>'.
node_modules/.pnpm/@types+react@18.3.26/node_modules/@types/react/index.d.ts(4503,13): error TS2717: Subsequent property declarations must have the same type.  Property '"var"' must be of type 'DetailedHTMLProps<HTMLAttributes<HTMLElement>, HTMLElement>', but here has type 'DetailedHTMLProps<HTMLAttributes<HTMLElement>, HTMLElement>'.
node_modules/.pnpm/@types+react@18.3.26/node_modules/@types/react/index.d.ts(4504,13): error TS2717: Subsequent property declarations must have the same type.  Property 'video' must be of type 'DetailedHTMLProps<VideoHTMLAttributes<HTMLVideoElement>, HTMLVideoElement>', but here has type 'DetailedHTMLProps<VideoHTMLAttributes<HTMLVideoElement>, HTMLVideoElement>'.
node_modules/.pnpm/@types+react@18.3.26/node_modules/@types/react/index.d.ts(4505,13): error TS2717: Subsequent property declarations must have the same type.  Property 'wbr' must be of type 'DetailedHTMLProps<HTMLAttributes<HTMLElement>, HTMLElement>', but here has type 'DetailedHTMLProps<HTMLAttributes<HTMLElement>, HTMLElement>'.
node_modules/.pnpm/@types+react@18.3.26/node_modules/@types/react/index.d.ts(4506,13): error TS2717: Subsequent property declarations must have the same type.  Property 'webview' must be of type 'DetailedHTMLProps<WebViewHTMLAttributes<HTMLWebViewElement>, HTMLWebViewElement>', but here has type 'DetailedHTMLProps<WebViewHTMLAttributes<HTMLWebViewElement>, HTMLWebViewElement>'.
node_modules/.pnpm/@types+react@18.3.26/node_modules/@types/react/index.d.ts(4509,13): error TS2717: Subsequent property declarations must have the same type.  Property 'svg' must be of type 'SVGProps<SVGSVGElement>', but here has type 'SVGProps<SVGSVGElement>'.
node_modules/.pnpm/@types+react@18.3.26/node_modules/@types/react/index.d.ts(4511,13): error TS2717: Subsequent property declarations must have the same type.  Property 'animate' must be of type 'SVGProps<SVGElement>', but here has type 'SVGProps<SVGElement>'.
node_modules/.pnpm/@types+react@18.3.26/node_modules/@types/react/index.d.ts(4512,13): error TS2717: Subsequent property declarations must have the same type.  Property 'animateMotion' must be of type 'SVGProps<SVGElement>', but here has type 'SVGProps<SVGElement>'.
node_modules/.pnpm/@types+react@18.3.26/node_modules/@types/react/index.d.ts(4513,13): error TS2717: Subsequent property declarations must have the same type.  Property 'animateTransform' must be of type 'SVGProps<SVGElement>', but here has type 'SVGProps<SVGElement>'.
node_modules/.pnpm/@types+react@18.3.26/node_modules/@types/react/index.d.ts(4514,13): error TS2717: Subsequent property declarations must have the same type.  Property 'circle' must be of type 'SVGProps<SVGCircleElement>', but here has type 'SVGProps<SVGCircleElement>'.
node_modules/.pnpm/@types+react@18.3.26/node_modules/@types/react/index.d.ts(4515,13): error TS2717: Subsequent property declarations must have the same type.  Property 'clipPath' must be of type 'SVGProps<SVGClipPathElement>', but here has type 'SVGProps<SVGClipPathElement>'.
node_modules/.pnpm/@types+react@18.3.26/node_modules/@types/react/index.d.ts(4516,13): error TS2717: Subsequent property declarations must have the same type.  Property 'defs' must be of type 'SVGProps<SVGDefsElement>', but here has type 'SVGProps<SVGDefsElement>'.
node_modules/.pnpm/@types+react@18.3.26/node_modules/@types/react/index.d.ts(4517,13): error TS2717: Subsequent property declarations must have the same type.  Property 'desc' must be of type 'SVGProps<SVGDescElement>', but here has type 'SVGProps<SVGDescElement>'.
node_modules/.pnpm/@types+react@18.3.26/node_modules/@types/react/index.d.ts(4518,13): error TS2717: Subsequent property declarations must have the same type.  Property 'ellipse' must be of type 'SVGProps<SVGEllipseElement>', but here has type 'SVGProps<SVGEllipseElement>'.
node_modules/.pnpm/@types+react@18.3.26/node_modules/@types/react/index.d.ts(4519,13): error TS2717: Subsequent property declarations must have the same type.  Property 'feBlend' must be of type 'SVGProps<SVGFEBlendElement>', but here has type 'SVGProps<SVGFEBlendElement>'.
node_modules/.pnpm/@types+react@18.3.26/node_modules/@types/react/index.d.ts(4520,13): error TS2717: Subsequent property declarations must have the same type.  Property 'feColorMatrix' must be of type 'SVGProps<SVGFEColorMatrixElement>', but here has type 'SVGProps<SVGFEColorMatrixElement>'.
node_modules/.pnpm/@types+react@18.3.26/node_modules/@types/react/index.d.ts(4521,13): error TS2717: Subsequent property declarations must have the same type.  Property 'feComponentTransfer' must be of type 'SVGProps<SVGFEComponentTransferElement>', but here has type 'SVGProps<SVGFEComponentTransferElement>'.
node_modules/.pnpm/@types+react@18.3.26/node_modules/@types/react/index.d.ts(4522,13): error TS2717: Subsequent property declarations must have the same type.  Property 'feComposite' must be of type 'SVGProps<SVGFECompositeElement>', but here has type 'SVGProps<SVGFECompositeElement>'.
node_modules/.pnpm/@types+react@18.3.26/node_modules/@types/react/index.d.ts(4523,13): error TS2717: Subsequent property declarations must have the same type.  Property 'feConvolveMatrix' must be of type 'SVGProps<SVGFEConvolveMatrixElement>', but here has type 'SVGProps<SVGFEConvolveMatrixElement>'.
node_modules/.pnpm/@types+react@18.3.26/node_modules/@types/react/index.d.ts(4524,13): error TS2717: Subsequent property declarations must have the same type.  Property 'feDiffuseLighting' must be of type 'SVGProps<SVGFEDiffuseLightingElement>', but here has type 'SVGProps<SVGFEDiffuseLightingElement>'.
node_modules/.pnpm/@types+react@18.3.26/node_modules/@types/react/index.d.ts(4525,13): error TS2717: Subsequent property declarations must have the same type.  Property 'feDisplacementMap' must be of type 'SVGProps<SVGFEDisplacementMapElement>', but here has type 'SVGProps<SVGFEDisplacementMapElement>'.
node_modules/.pnpm/@types+react@18.3.26/node_modules/@types/react/index.d.ts(4526,13): error TS2717: Subsequent property declarations must have the same type.  Property 'feDistantLight' must be of type 'SVGProps<SVGFEDistantLightElement>', but here has type 'SVGProps<SVGFEDistantLightElement>'.
node_modules/.pnpm/@types+react@18.3.26/node_modules/@types/react/index.d.ts(4527,13): error TS2717: Subsequent property declarations must have the same type.  Property 'feDropShadow' must be of type 'SVGProps<SVGFEDropShadowElement>', but here has type 'SVGProps<SVGFEDropShadowElement>'.
node_modules/.pnpm/@types+react@18.3.26/node_modules/@types/react/index.d.ts(4528,13): error TS2717: Subsequent property declarations must have the same type.  Property 'feFlood' must be of type 'SVGProps<SVGFEFloodElement>', but here has type 'SVGProps<SVGFEFloodElement>'.
node_modules/.pnpm/@types+react@18.3.26/node_modules/@types/react/index.d.ts(4529,13): error TS2717: Subsequent property declarations must have the same type.  Property 'feFuncA' must be of type 'SVGProps<SVGFEFuncAElement>', but here has type 'SVGProps<SVGFEFuncAElement>'.
node_modules/.pnpm/@types+react@18.3.26/node_modules/@types/react/index.d.ts(4530,13): error TS2717: Subsequent property declarations must have the same type.  Property 'feFuncB' must be of type 'SVGProps<SVGFEFuncBElement>', but here has type 'SVGProps<SVGFEFuncBElement>'.
node_modules/.pnpm/@types+react@18.3.26/node_modules/@types/react/index.d.ts(4531,13): error TS2717: Subsequent property declarations must have the same type.  Property 'feFuncG' must be of type 'SVGProps<SVGFEFuncGElement>', but here has type 'SVGProps<SVGFEFuncGElement>'.
node_modules/.pnpm/@types+react@18.3.26/node_modules/@types/react/index.d.ts(4532,13): error TS2717: Subsequent property declarations must have the same type.  Property 'feFuncR' must be of type 'SVGProps<SVGFEFuncRElement>', but here has type 'SVGProps<SVGFEFuncRElement>'.
node_modules/.pnpm/@types+react@18.3.26/node_modules/@types/react/index.d.ts(4533,13): error TS2717: Subsequent property declarations must have the same type.  Property 'feGaussianBlur' must be of type 'SVGProps<SVGFEGaussianBlurElement>', but here has type 'SVGProps<SVGFEGaussianBlurElement>'.
node_modules/.pnpm/@types+react@18.3.26/node_modules/@types/react/index.d.ts(4534,13): error TS2717: Subsequent property declarations must have the same type.  Property 'feImage' must be of type 'SVGProps<SVGFEImageElement>', but here has type 'SVGProps<SVGFEImageElement>'.
node_modules/.pnpm/@types+react@18.3.26/node_modules/@types/react/index.d.ts(4535,13): error TS2717: Subsequent property declarations must have the same type.  Property 'feMerge' must be of type 'SVGProps<SVGFEMergeElement>', but here has type 'SVGProps<SVGFEMergeElement>'.
node_modules/.pnpm/@types+react@18.3.26/node_modules/@types/react/index.d.ts(4536,13): error TS2717: Subsequent property declarations must have the same type.  Property 'feMergeNode' must be of type 'SVGProps<SVGFEMergeNodeElement>', but here has type 'SVGProps<SVGFEMergeNodeElement>'.
node_modules/.pnpm/@types+react@18.3.26/node_modules/@types/react/index.d.ts(4537,13): error TS2717: Subsequent property declarations must have the same type.  Property 'feMorphology' must be of type 'SVGProps<SVGFEMorphologyElement>', but here has type 'SVGProps<SVGFEMorphologyElement>'.
node_modules/.pnpm/@types+react@18.3.26/node_modules/@types/react/index.d.ts(4538,13): error TS2717: Subsequent property declarations must have the same type.  Property 'feOffset' must be of type 'SVGProps<SVGFEOffsetElement>', but here has type 'SVGProps<SVGFEOffsetElement>'.
node_modules/.pnpm/@types+react@18.3.26/node_modules/@types/react/index.d.ts(4539,13): error TS2717: Subsequent property declarations must have the same type.  Property 'fePointLight' must be of type 'SVGProps<SVGFEPointLightElement>', but here has type 'SVGProps<SVGFEPointLightElement>'.
node_modules/.pnpm/@types+react@18.3.26/node_modules/@types/react/index.d.ts(4540,13): error TS2717: Subsequent property declarations must have the same type.  Property 'feSpecularLighting' must be of type 'SVGProps<SVGFESpecularLightingElement>', but here has type 'SVGProps<SVGFESpecularLightingElement>'.
node_modules/.pnpm/@types+react@18.3.26/node_modules/@types/react/index.d.ts(4541,13): error TS2717: Subsequent property declarations must have the same type.  Property 'feSpotLight' must be of type 'SVGProps<SVGFESpotLightElement>', but here has type 'SVGProps<SVGFESpotLightElement>'.
node_modules/.pnpm/@types+react@18.3.26/node_modules/@types/react/index.d.ts(4542,13): error TS2717: Subsequent property declarations must have the same type.  Property 'feTile' must be of type 'SVGProps<SVGFETileElement>', but here has type 'SVGProps<SVGFETileElement>'.
node_modules/.pnpm/@types+react@18.3.26/node_modules/@types/react/index.d.ts(4543,13): error TS2717: Subsequent property declarations must have the same type.  Property 'feTurbulence' must be of type 'SVGProps<SVGFETurbulenceElement>', but here has type 'SVGProps<SVGFETurbulenceElement>'.
node_modules/.pnpm/@types+react@18.3.26/node_modules/@types/react/index.d.ts(4544,13): error TS2717: Subsequent property declarations must have the same type.  Property 'filter' must be of type 'SVGProps<SVGFilterElement>', but here has type 'SVGProps<SVGFilterElement>'.
node_modules/.pnpm/@types+react@18.3.26/node_modules/@types/react/index.d.ts(4545,13): error TS2717: Subsequent property declarations must have the same type.  Property 'foreignObject' must be of type 'SVGProps<SVGForeignObjectElement>', but here has type 'SVGProps<SVGForeignObjectElement>'.
node_modules/.pnpm/@types+react@18.3.26/node_modules/@types/react/index.d.ts(4546,13): error TS2717: Subsequent property declarations must have the same type.  Property 'g' must be of type 'SVGProps<SVGGElement>', but here has type 'SVGProps<SVGGElement>'.
node_modules/.pnpm/@types+react@18.3.26/node_modules/@types/react/index.d.ts(4547,13): error TS2717: Subsequent property declarations must have the same type.  Property 'image' must be of type 'SVGProps<SVGImageElement>', but here has type 'SVGProps<SVGImageElement>'.
node_modules/.pnpm/@types+react@18.3.26/node_modules/@types/react/index.d.ts(4548,13): error TS2717: Subsequent property declarations must have the same type.  Property 'line' must be of type 'SVGLineElementAttributes<SVGLineElement>', but here has type 'SVGLineElementAttributes<SVGLineElement>'.
node_modules/.pnpm/@types+react@18.3.26/node_modules/@types/react/index.d.ts(4549,13): error TS2717: Subsequent property declarations must have the same type.  Property 'linearGradient' must be of type 'SVGProps<SVGLinearGradientElement>', but here has type 'SVGProps<SVGLinearGradientElement>'.
node_modules/.pnpm/@types+react@18.3.26/node_modules/@types/react/index.d.ts(4550,13): error TS2717: Subsequent property declarations must have the same type.  Property 'marker' must be of type 'SVGProps<SVGMarkerElement>', but here has type 'SVGProps<SVGMarkerElement>'.
node_modules/.pnpm/@types+react@18.3.26/node_modules/@types/react/index.d.ts(4551,13): error TS2717: Subsequent property declarations must have the same type.  Property 'mask' must be of type 'SVGProps<SVGMaskElement>', but here has type 'SVGProps<SVGMaskElement>'.
node_modules/.pnpm/@types+react@18.3.26/node_modules/@types/react/index.d.ts(4552,13): error TS2717: Subsequent property declarations must have the same type.  Property 'metadata' must be of type 'SVGProps<SVGMetadataElement>', but here has type 'SVGProps<SVGMetadataElement>'.
node_modules/.pnpm/@types+react@18.3.26/node_modules/@types/react/index.d.ts(4553,13): error TS2717: Subsequent property declarations must have the same type.  Property 'mpath' must be of type 'SVGProps<SVGElement>', but here has type 'SVGProps<SVGElement>'.
node_modules/.pnpm/@types+react@18.3.26/node_modules/@types/react/index.d.ts(4554,13): error TS2717: Subsequent property declarations must have the same type.  Property 'path' must be of type 'SVGProps<SVGPathElement>', but here has type 'SVGProps<SVGPathElement>'.
node_modules/.pnpm/@types+react@18.3.26/node_modules/@types/react/index.d.ts(4555,13): error TS2717: Subsequent property declarations must have the same type.  Property 'pattern' must be of type 'SVGProps<SVGPatternElement>', but here has type 'SVGProps<SVGPatternElement>'.
node_modules/.pnpm/@types+react@18.3.26/node_modules/@types/react/index.d.ts(4556,13): error TS2717: Subsequent property declarations must have the same type.  Property 'polygon' must be of type 'SVGProps<SVGPolygonElement>', but here has type 'SVGProps<SVGPolygonElement>'.
node_modules/.pnpm/@types+react@18.3.26/node_modules/@types/react/index.d.ts(4557,13): error TS2717: Subsequent property declarations must have the same type.  Property 'polyline' must be of type 'SVGProps<SVGPolylineElement>', but here has type 'SVGProps<SVGPolylineElement>'.
node_modules/.pnpm/@types+react@18.3.26/node_modules/@types/react/index.d.ts(4558,13): error TS2717: Subsequent property declarations must have the same type.  Property 'radialGradient' must be of type 'SVGProps<SVGRadialGradientElement>', but here has type 'SVGProps<SVGRadialGradientElement>'.
node_modules/.pnpm/@types+react@18.3.26/node_modules/@types/react/index.d.ts(4559,13): error TS2717: Subsequent property declarations must have the same type.  Property 'rect' must be of type 'SVGProps<SVGRectElement>', but here has type 'SVGProps<SVGRectElement>'.
node_modules/.pnpm/@types+react@18.3.26/node_modules/@types/react/index.d.ts(4560,13): error TS2717: Subsequent property declarations must have the same type.  Property 'set' must be of type 'SVGProps<SVGSetElement>', but here has type 'SVGProps<SVGSetElement>'.
node_modules/.pnpm/@types+react@18.3.26/node_modules/@types/react/index.d.ts(4561,13): error TS2717: Subsequent property declarations must have the same type.  Property 'stop' must be of type 'SVGProps<SVGStopElement>', but here has type 'SVGProps<SVGStopElement>'.
node_modules/.pnpm/@types+react@18.3.26/node_modules/@types/react/index.d.ts(4562,13): error TS2717: Subsequent property declarations must have the same type.  Property 'switch' must be of type 'SVGProps<SVGSwitchElement>', but here has type 'SVGProps<SVGSwitchElement>'.
node_modules/.pnpm/@types+react@18.3.26/node_modules/@types/react/index.d.ts(4563,13): error TS2717: Subsequent property declarations must have the same type.  Property 'symbol' must be of type 'SVGProps<SVGSymbolElement>', but here has type 'SVGProps<SVGSymbolElement>'.
node_modules/.pnpm/@types+react@18.3.26/node_modules/@types/react/index.d.ts(4564,13): error TS2717: Subsequent property declarations must have the same type.  Property 'text' must be of type 'SVGTextElementAttributes<SVGTextElement>', but here has type 'SVGTextElementAttributes<SVGTextElement>'.
node_modules/.pnpm/@types+react@18.3.26/node_modules/@types/react/index.d.ts(4565,13): error TS2717: Subsequent property declarations must have the same type.  Property 'textPath' must be of type 'SVGProps<SVGTextPathElement>', but here has type 'SVGProps<SVGTextPathElement>'.
node_modules/.pnpm/@types+react@18.3.26/node_modules/@types/react/index.d.ts(4566,13): error TS2717: Subsequent property declarations must have the same type.  Property 'tspan' must be of type 'SVGProps<SVGTSpanElement>', but here has type 'SVGProps<SVGTSpanElement>'.
node_modules/.pnpm/@types+react@18.3.26/node_modules/@types/react/index.d.ts(4567,13): error TS2717: Subsequent property declarations must have the same type.  Property 'use' must be of type 'SVGProps<SVGUseElement>', but here has type 'SVGProps<SVGUseElement>'.
node_modules/.pnpm/@types+react@18.3.26/node_modules/@types/react/index.d.ts(4568,13): error TS2717: Subsequent property declarations must have the same type.  Property 'view' must be of type 'SVGProps<SVGViewElement>', but here has type 'SVGProps<SVGViewElement>'.
node_modules/.pnpm/@vitest+expect@1.6.1/node_modules/@vitest/expect/dist/chai.d.cts(17,10): error TS2300: Duplicate identifier 'Message'.
node_modules/.pnpm/@vitest+expect@1.6.1/node_modules/@vitest/expect/dist/chai.d.cts(18,10): error TS2300: Duplicate identifier 'ObjectProperty'.
node_modules/.pnpm/@vitest+expect@1.6.1/node_modules/@vitest/expect/dist/chai.d.cts(85,10): error TS2300: Duplicate identifier 'ChaiPlugin'.
node_modules/.pnpm/@vitest+expect@1.6.1/node_modules/@vitest/expect/dist/chai.d.cts(112,10): error TS2300: Duplicate identifier 'AssertionArgs'.
node_modules/.pnpm/@vitest+expect@1.6.1/node_modules/@vitest/expect/dist/chai.d.cts(156,17): error TS2300: Duplicate identifier 'Operator'.
node_modules/.pnpm/@vitest+expect@1.6.1/node_modules/@vitest/expect/dist/chai.d.cts(158,17): error TS2300: Duplicate identifier 'OperatorComparable'.
node_modules/.pnpm/@vitest+expect@1.6.1/node_modules/@vitest/expect/dist/chai.d.cts(1960,15): error TS2451: Cannot redeclare block-scoped variable 'chai'.
node_modules/.pnpm/@webgpu+types@0.1.21/node_modules/@webgpu/types/dist/index.d.ts(9,1): error TS6200: Definitions of the following identifiers conflict with those in another file: GPUExtent3DStrict, GPUBindingResource, GPUBufferDynamicOffset, GPUBufferUsageFlags, GPUColor, GPUColorWriteFlags, GPUDepthBias, GPUExtent3D, GPUFlagsConstant, GPUIndex32, GPUIntegerCoordinate, GPUMapModeFlags, GPUOrigin2D, GPUOrigin3D, GPUPipelineConstantValue, GPUSampleMask, GPUShaderStageFlags, GPUSignedOffset32, GPUSize32, GPUSize64, GPUStencilValue, GPUTextureUsageFlags, GPUAddressMode, GPUAutoLayoutMode, GPUBlendFactor, GPUBlendOperation, GPUBufferBindingType, GPUCanvasAlphaMode, GPUCompareFunction, GPUCompilationMessageType, GPUCullMode, GPUDeviceLostReason, GPUErrorFilter, GPUFeatureName, GPUFilterMode, GPUFrontFace, GPUIndexFormat, GPULoadOp, GPUMipmapFilterMode, GPUPowerPreference, GPUPrimitiveTopology, GPUQueryType, GPUSamplerBindingType, GPUStencilOperation, GPUStorageTextureAccess, GPUStoreOp, GPUTextureAspect, GPUTextureDimension, GPUTextureFormat, GPUTextureSampleType, GPUTextureViewDimension, GPUVertexFormat, GPUVertexStepMode, GPUCommandBufferDescriptor, GPUCommandEncoderDescriptor, GPUComputePassTimestampWrites, GPUQueueDescriptor, GPURenderBundleDescriptor, GPURenderPassTimestampWrites, GPUSupportedFeatures
node_modules/.pnpm/@webgpu+types@0.1.38/node_modules/@webgpu/types/dist/index.d.ts(9,1): error TS6200: Definitions of the following identifiers conflict with those in another file: GPUExtent3DStrict, GPUBindingResource, GPUBufferDynamicOffset, GPUBufferUsageFlags, GPUColor, GPUColorWriteFlags, GPUDepthBias, GPUExtent3D, GPUFlagsConstant, GPUIndex32, GPUIntegerCoordinate, GPUMapModeFlags, GPUOrigin2D, GPUOrigin3D, GPUPipelineConstantValue, GPUSampleMask, GPUShaderStageFlags, GPUSignedOffset32, GPUSize32, GPUSize64, GPUStencilValue, GPUTextureUsageFlags, GPUAddressMode, GPUAutoLayoutMode, GPUBlendFactor, GPUBlendOperation, GPUBufferBindingType, GPUCanvasAlphaMode, GPUCompareFunction, GPUCompilationMessageType, GPUCullMode, GPUDeviceLostReason, GPUErrorFilter, GPUFeatureName, GPUFilterMode, GPUFrontFace, GPUIndexFormat, GPULoadOp, GPUMipmapFilterMode, GPUPowerPreference, GPUPrimitiveTopology, GPUQueryType, GPUSamplerBindingType, GPUStencilOperation, GPUStorageTextureAccess, GPUStoreOp, GPUTextureAspect, GPUTextureDimension, GPUTextureFormat, GPUTextureSampleType, GPUTextureViewDimension, GPUVertexFormat, GPUVertexStepMode, GPUCommandBufferDescriptor, GPUCommandEncoderDescriptor, GPUComputePassTimestampWrites, GPUQueueDescriptor, GPURenderBundleDescriptor, GPURenderPassTimestampWrites, GPUSupportedFeatures
node_modules/.pnpm/@webgpu+types@0.1.38/node_modules/@webgpu/types/dist/index.d.ts(809,3): error TS2717: Subsequent property declarations must have the same type.  Property 'source' must be of type 'HTMLVideoElement', but here has type 'HTMLVideoElement | VideoFrame'.
node_modules/.pnpm/@webgpu+types@0.1.38/node_modules/@webgpu/types/dist/index.d.ts(870,3): error TS2717: Subsequent property declarations must have the same type.  Property 'source' must be of type 'HTMLCanvasElement | OffscreenCanvas | ImageBitmap', but here has type 'GPUImageCopyExternalImageSource'.
node_modules/.pnpm/@webgpu+types@0.1.38/node_modules/@webgpu/types/dist/index.d.ts(875,3): error TS2717: Subsequent property declarations must have the same type.  Property 'origin' must be of type 'GPUOrigin2D | undefined', but here has type 'GPUOrigin2DStrict | undefined'.
node_modules/.pnpm/@webgpu+types@0.1.38/node_modules/@webgpu/types/dist/index.d.ts(2523,12): error TS2717: Subsequent property declarations must have the same type.  Property 'reason' must be of type '"destroyed" | undefined', but here has type '"destroyed"'.
node_modules/.pnpm/expo-constants@16.0.2_expo@51.0.39_@babel+core@7.28.5_@babel+preset-env@7.28.5_@babel+c_c4c1683ff906c431c39aa658ae9c78f5/node_modules/expo-constants/build/Constants.types.d.ts(2,326): error TS2307: Cannot find module 'expo-manifests' or its corresponding type declarations.
node_modules/.pnpm/expo-image@1.13.0_expo@51.0.39_@babel+core@7.28.5_@babel+preset-env@7.28.5_@babel+core@_c5af41f3ad8aae41395a0db849a03386/node_modules/expo-image/build/ExpoImage.d.ts(2,10): error TS2305: Module '"react-native"' has no exported member 'NativeSyntheticEvent'.
node_modules/.pnpm/expo-image@1.13.0_expo@51.0.39_@babel+core@7.28.5_@babel+preset-env@7.28.5_@babel+core@_c5af41f3ad8aae41395a0db849a03386/node_modules/expo-image/build/Image.types.d.ts(1,49): error TS2305: Module '"react-native"' has no exported member 'StyleProp'.
node_modules/.pnpm/expo-image@1.13.0_expo@51.0.39_@babel+core@7.28.5_@babel+preset-env@7.28.5_@babel+core@_c5af41f3ad8aae41395a0db849a03386/node_modules/expo-image/build/Image.types.d.ts(313,40): error TS2749: 'View' refers to a value, but is being used as a type here. Did you mean 'typeof View'?
node_modules/.pnpm/expo-modules-core@1.12.26/node_modules/expo-modules-core/build/EventEmitter.d.ts(1,10): error TS2305: Module '"react-native"' has no exported member 'NativeEventEmitter'.
node_modules/.pnpm/expo-modules-core@1.12.26/node_modules/expo-modules-core/build/Platform.d.ts(1,10): error TS2305: Module '"react-native"' has no exported member 'PlatformOSType'.
node_modules/.pnpm/expo-modules-core@1.12.26/node_modules/expo-modules-core/build/index.d.ts(1,10): error TS2305: Module '"react-native"' has no exported member 'DeviceEventEmitter'.
node_modules/.pnpm/expo-modules-core@1.12.26/node_modules/expo-modules-core/build/index.d.ts(22,71): error TS2694: Namespace '"react-native"' has no exported member 'DeviceEventEmitterStatic'.
node_modules/.pnpm/react-native-gesture-handler@2.16.2_react-native@0.74.5_@babel+core@7.28.5_@babel+prese_82134ea7337d699dcebc93f77c4b0ebe/node_modules/react-native-gesture-handler/lib/typescript/components/DrawerLayout.d.ts(3,10): error TS2305: Module '"react-native"' has no exported member 'Animated'.
node_modules/.pnpm/react-native-gesture-handler@2.16.2_react-native@0.74.5_@babel+core@7.28.5_@babel+prese_82134ea7337d699dcebc93f77c4b0ebe/node_modules/react-native-gesture-handler/lib/typescript/components/DrawerLayout.d.ts(3,20): error TS2305: Module '"react-native"' has no exported member 'StatusBarAnimation'.
node_modules/.pnpm/react-native-gesture-handler@2.16.2_react-native@0.74.5_@babel+core@7.28.5_@babel+prese_82134ea7337d699dcebc93f77c4b0ebe/node_modules/react-native-gesture-handler/lib/typescript/components/DrawerLayout.d.ts(3,40): error TS2305: Module '"react-native"' has no exported member 'StyleProp'.
node_modules/.pnpm/react-native-gesture-handler@2.16.2_react-native@0.74.5_@babel+core@7.28.5_@babel+prese_82134ea7337d699dcebc93f77c4b0ebe/node_modules/react-native-gesture-handler/lib/typescript/components/GestureButtons.d.ts(2,10): error TS2305: Module '"react-native"' has no exported member 'StyleProp'.
node_modules/.pnpm/react-native-gesture-handler@2.16.2_react-native@0.74.5_@babel+core@7.28.5_@babel+prese_82134ea7337d699dcebc93f77c4b0ebe/node_modules/react-native-gesture-handler/lib/typescript/components/GestureComponents.d.ts(3,10): error TS2305: Module '"react-native"' has no exported member 'ScrollView'.
node_modules/.pnpm/react-native-gesture-handler@2.16.2_react-native@0.74.5_@babel+core@7.28.5_@babel+prese_82134ea7337d699dcebc93f77c4b0ebe/node_modules/react-native-gesture-handler/lib/typescript/components/GestureComponents.d.ts(3,38): error TS2724: '"react-native"' has no exported member named 'ScrollViewProps'. Did you mean 'ScrollViewProperties'?
node_modules/.pnpm/react-native-gesture-handler@2.16.2_react-native@0.74.5_@babel+core@7.28.5_@babel+prese_82134ea7337d699dcebc93f77c4b0ebe/node_modules/react-native-gesture-handler/lib/typescript/components/GestureComponents.d.ts(3,76): error TS2305: Module '"react-native"' has no exported member 'Switch'.
node_modules/.pnpm/react-native-gesture-handler@2.16.2_react-native@0.74.5_@babel+core@7.28.5_@babel+prese_82134ea7337d699dcebc93f77c4b0ebe/node_modules/react-native-gesture-handler/lib/typescript/components/GestureComponents.d.ts(3,96): error TS2305: Module '"react-native"' has no exported member 'SwitchProps'.
node_modules/.pnpm/react-native-gesture-handler@2.16.2_react-native@0.74.5_@babel+core@7.28.5_@babel+prese_82134ea7337d699dcebc93f77c4b0ebe/node_modules/react-native-gesture-handler/lib/typescript/components/GestureComponents.d.ts(3,126): error TS2305: Module '"react-native"' has no exported member 'TextInput'.
node_modules/.pnpm/react-native-gesture-handler@2.16.2_react-native@0.74.5_@babel+core@7.28.5_@babel+prese_82134ea7337d699dcebc93f77c4b0ebe/node_modules/react-native-gesture-handler/lib/typescript/components/GestureComponents.d.ts(3,152): error TS2305: Module '"react-native"' has no exported member 'TextInputProps'.
node_modules/.pnpm/react-native-gesture-handler@2.16.2_react-native@0.74.5_@babel+core@7.28.5_@babel+prese_82134ea7337d699dcebc93f77c4b0ebe/node_modules/react-native-gesture-handler/lib/typescript/components/GestureComponents.d.ts(3,188): error TS2305: Module '"react-native"' has no exported member 'DrawerLayoutAndroid'.
node_modules/.pnpm/react-native-gesture-handler@2.16.2_react-native@0.74.5_@babel+core@7.28.5_@babel+prese_82134ea7337d699dcebc93f77c4b0ebe/node_modules/react-native-gesture-handler/lib/typescript/components/GestureComponents.d.ts(3,234): error TS2724: '"react-native"' has no exported member named 'DrawerLayoutAndroidProps'. Did you mean 'DrawerLayoutAndroidProperties'?
node_modules/.pnpm/react-native-gesture-handler@2.16.2_react-native@0.74.5_@babel+core@7.28.5_@babel+prese_82134ea7337d699dcebc93f77c4b0ebe/node_modules/react-native-gesture-handler/lib/typescript/components/GestureComponents.d.ts(3,290): error TS2305: Module '"react-native"' has no exported member 'FlatList'.
node_modules/.pnpm/react-native-gesture-handler@2.16.2_react-native@0.74.5_@babel+core@7.28.5_@babel+prese_82134ea7337d699dcebc93f77c4b0ebe/node_modules/react-native-gesture-handler/lib/typescript/components/GestureComponents.d.ts(3,314): error TS2305: Module '"react-native"' has no exported member 'FlatListProps'.
node_modules/.pnpm/react-native-gesture-handler@2.16.2_react-native@0.74.5_@babel+core@7.28.5_@babel+prese_82134ea7337d699dcebc93f77c4b0ebe/node_modules/react-native-gesture-handler/lib/typescript/components/GestureComponents.d.ts(3,348): error TS2305: Module '"react-native"' has no exported member 'RefreshControl'.
node_modules/.pnpm/react-native-gesture-handler@2.16.2_react-native@0.74.5_@babel+core@7.28.5_@babel+prese_82134ea7337d699dcebc93f77c4b0ebe/node_modules/react-native-gesture-handler/lib/typescript/components/GestureComponents.d.ts(5,93): error TS2694: Namespace '"react-native"' has no exported member 'RefreshControlProps'.
node_modules/.pnpm/react-native-gesture-handler@2.16.2_react-native@0.74.5_@babel+core@7.28.5_@babel+prese_82134ea7337d699dcebc93f77c4b0ebe/node_modules/react-native-gesture-handler/lib/typescript/components/GestureHandlerButton.d.ts(1,10): error TS2305: Module '"react-native"' has no exported member 'HostComponent'.
node_modules/.pnpm/react-native-gesture-handler@2.16.2_react-native@0.74.5_@babel+core@7.28.5_@babel+prese_82134ea7337d699dcebc93f77c4b0ebe/node_modules/react-native-gesture-handler/lib/typescript/components/Swipeable.d.ts(3,10): error TS2305: Module '"react-native"' has no exported member 'Animated'.
node_modules/.pnpm/react-native-gesture-handler@2.16.2_react-native@0.74.5_@babel+core@7.28.5_@babel+prese_82134ea7337d699dcebc93f77c4b0ebe/node_modules/react-native-gesture-handler/lib/typescript/components/Swipeable.d.ts(3,20): error TS2305: Module '"react-native"' has no exported member 'StyleProp'.
node_modules/.pnpm/react-native-gesture-handler@2.16.2_react-native@0.74.5_@babel+core@7.28.5_@babel+prese_82134ea7337d699dcebc93f77c4b0ebe/node_modules/react-native-gesture-handler/lib/typescript/components/gestureHandlerRootHOC.d.ts(2,10): error TS2305: Module '"react-native"' has no exported member 'StyleProp'.
node_modules/.pnpm/react-native-gesture-handler@2.16.2_react-native@0.74.5_@babel+core@7.28.5_@babel+prese_82134ea7337d699dcebc93f77c4b0ebe/node_modules/react-native-gesture-handler/lib/typescript/components/touchables/GenericTouchable.d.ts(3,10): error TS2305: Module '"react-native"' has no exported member 'StyleProp'.
node_modules/.pnpm/react-native-gesture-handler@2.16.2_react-native@0.74.5_@babel+core@7.28.5_@babel+prese_82134ea7337d699dcebc93f77c4b0ebe/node_modules/react-native-gesture-handler/lib/typescript/components/touchables/GenericTouchable.d.ts(3,32): error TS2724: '"react-native"' has no exported member named 'TouchableWithoutFeedbackProps'. Did you mean 'TouchableWithoutFeedbackProperties'?
node_modules/.pnpm/react-native-gesture-handler@2.16.2_react-native@0.74.5_@babel+core@7.28.5_@babel+prese_82134ea7337d699dcebc93f77c4b0ebe/node_modules/react-native-gesture-handler/lib/typescript/components/touchables/GenericTouchable.d.ts(3,63): error TS2305: Module '"react-native"' has no exported member 'Insets'.
node_modules/.pnpm/react-native-gesture-handler@2.16.2_react-native@0.74.5_@babel+core@7.28.5_@babel+prese_82134ea7337d699dcebc93f77c4b0ebe/node_modules/react-native-gesture-handler/lib/typescript/components/touchables/TouchableHighlight.d.ts(4,10): error TS2724: '"react-native"' has no exported member named 'TouchableHighlightProps'. Did you mean 'TouchableHighlightProperties'?
node_modules/.pnpm/react-native-gesture-handler@2.16.2_react-native@0.74.5_@babel+core@7.28.5_@babel+prese_82134ea7337d699dcebc93f77c4b0ebe/node_modules/react-native-gesture-handler/lib/typescript/components/touchables/TouchableHighlight.d.ts(4,64): error TS2305: Module '"react-native"' has no exported member 'ColorValue'.
node_modules/.pnpm/react-native-gesture-handler@2.16.2_react-native@0.74.5_@babel+core@7.28.5_@babel+prese_82134ea7337d699dcebc93f77c4b0ebe/node_modules/react-native-gesture-handler/lib/typescript/components/touchables/TouchableHighlight.d.ts(30,61): error TS2694: Namespace '"react-native"' has no exported member 'GestureResponderEvent'.
node_modules/.pnpm/react-native-gesture-handler@2.16.2_react-native@0.74.5_@babel+core@7.28.5_@babel+prese_82134ea7337d699dcebc93f77c4b0ebe/node_modules/react-native-gesture-handler/lib/typescript/components/touchables/TouchableNativeFeedback.android.d.ts(1,10): error TS2724: '"react-native"' has no exported member named 'TouchableNativeFeedbackProps'. Did you mean 'TouchableNativeFeedbackProperties'?
node_modules/.pnpm/react-native-gesture-handler@2.16.2_react-native@0.74.5_@babel+core@7.28.5_@babel+prese_82134ea7337d699dcebc93f77c4b0ebe/node_modules/react-native-gesture-handler/lib/typescript/components/touchables/TouchableNativeFeedback.android.d.ts(1,74): error TS2305: Module '"react-native"' has no exported member 'ColorValue'.
node_modules/.pnpm/react-native-gesture-handler@2.16.2_react-native@0.74.5_@babel+core@7.28.5_@babel+prese_82134ea7337d699dcebc93f77c4b0ebe/node_modules/react-native-gesture-handler/lib/typescript/components/touchables/TouchableNativeFeedback.d.ts(1,10): error TS2305: Module '"react-native"' has no exported member 'TouchableNativeFeedback'.
node_modules/.pnpm/react-native-gesture-handler@2.16.2_react-native@0.74.5_@babel+core@7.28.5_@babel+prese_82134ea7337d699dcebc93f77c4b0ebe/node_modules/react-native-gesture-handler/lib/typescript/components/touchables/TouchableOpacity.d.ts(1,10): error TS2305: Module '"react-native"' has no exported member 'Animated'.
node_modules/.pnpm/react-native-gesture-handler@2.16.2_react-native@0.74.5_@babel+core@7.28.5_@babel+prese_82134ea7337d699dcebc93f77c4b0ebe/node_modules/react-native-gesture-handler/lib/typescript/components/touchables/TouchableOpacity.d.ts(1,20): error TS2724: '"react-native"' has no exported member named 'TouchableOpacityProps'. Did you mean 'TouchableOpacityProperties'?
node_modules/.pnpm/react-native-maps@1.26.18_react-native-web@0.19.13_react-dom@18.2.0_react@18.2.0__react_60f6936fa1f798b093c15a057a9e0ffb/node_modules/react-native-maps/dist/src/AnimatedRegion.d.ts(1,10): error TS2305: Module '"react-native"' has no exported member 'Animated'.
node_modules/.pnpm/react-native-maps@1.26.18_react-native-web@0.19.13_react-dom@18.2.0_react@18.2.0__react_60f6936fa1f798b093c15a057a9e0ffb/node_modules/react-native-maps/dist/src/MapCalloutSubview.d.ts(2,15): error TS2305: Module '"react-native"' has no exported member 'NativeSyntheticEvent'.
node_modules/.pnpm/react-native-maps@1.26.18_react-native-web@0.19.13_react-dom@18.2.0_react@18.2.0__react_60f6936fa1f798b093c15a057a9e0ffb/node_modules/react-native-maps/dist/src/MapCircle.d.ts(104,26): error TS2749: 'View' refers to a value, but is being used as a type here. Did you mean 'typeof View'?
node_modules/.pnpm/react-native-maps@1.26.18_react-native-web@0.19.13_react-dom@18.2.0_react@18.2.0__react_60f6936fa1f798b093c15a057a9e0ffb/node_modules/react-native-maps/dist/src/MapHeatmap.d.ts(2,21): error TS2305: Module '"react-native"' has no exported member 'ProcessedColorValue'.
node_modules/.pnpm/react-native-maps@1.26.18_react-native-web@0.19.13_react-dom@18.2.0_react@18.2.0__react_60f6936fa1f798b093c15a057a9e0ffb/node_modules/react-native-maps/dist/src/MapHeatmap.d.ts(62,26): error TS2749: 'View' refers to a value, but is being used as a type here. Did you mean 'typeof View'?
node_modules/.pnpm/react-native-maps@1.26.18_react-native-web@0.19.13_react-dom@18.2.0_react@18.2.0__react_60f6936fa1f798b093c15a057a9e0ffb/node_modules/react-native-maps/dist/src/MapMarker.d.ts(2,10): error TS2305: Module '"react-native"' has no exported member 'Animated'.
node_modules/.pnpm/react-native-maps@1.26.18_react-native-web@0.19.13_react-dom@18.2.0_react@18.2.0__react_60f6936fa1f798b093c15a057a9e0ffb/node_modules/react-native-maps/dist/src/MapMarker.d.ts(2,41): error TS2724: '"react-native"' has no exported member named 'ImageURISource'. Did you mean 'ImageSource'?
node_modules/.pnpm/react-native-maps@1.26.18_react-native-web@0.19.13_react-dom@18.2.0_react@18.2.0__react_60f6936fa1f798b093c15a057a9e0ffb/node_modules/react-native-maps/dist/src/MapMarker.d.ts(2,62): error TS2305: Module '"react-native"' has no exported member 'ImageRequireSource'.
node_modules/.pnpm/react-native-maps@1.26.18_react-native-web@0.19.13_react-dom@18.2.0_react@18.2.0__react_60f6936fa1f798b093c15a057a9e0ffb/node_modules/react-native-maps/dist/src/MapMarkerNativeComponent.d.ts(1,15): error TS2305: Module '"react-native"' has no exported member 'HostComponent'.
node_modules/.pnpm/react-native-maps@1.26.18_react-native-web@0.19.13_react-dom@18.2.0_react@18.2.0__react_60f6936fa1f798b093c15a057a9e0ffb/node_modules/react-native-maps/dist/src/MapOverlay.d.ts(2,10): error TS2305: Module '"react-native"' has no exported member 'Animated'.
node_modules/.pnpm/react-native-maps@1.26.18_react-native-web@0.19.13_react-dom@18.2.0_react@18.2.0__react_60f6936fa1f798b093c15a057a9e0ffb/node_modules/react-native-maps/dist/src/MapOverlay.d.ts(2,41): error TS2724: '"react-native"' has no exported member named 'ImageURISource'. Did you mean 'ImageSource'?
node_modules/.pnpm/react-native-maps@1.26.18_react-native-web@0.19.13_react-dom@18.2.0_react@18.2.0__react_60f6936fa1f798b093c15a057a9e0ffb/node_modules/react-native-maps/dist/src/MapOverlay.d.ts(2,62): error TS2305: Module '"react-native"' has no exported member 'ImageRequireSource'.
node_modules/.pnpm/react-native-maps@1.26.18_react-native-web@0.19.13_react-dom@18.2.0_react@18.2.0__react_60f6936fa1f798b093c15a057a9e0ffb/node_modules/react-native-maps/dist/src/MapOverlay.d.ts(2,87): error TS2305: Module '"react-native"' has no exported member 'NativeSyntheticEvent'.
node_modules/.pnpm/react-native-maps@1.26.18_react-native-web@0.19.13_react-dom@18.2.0_react@18.2.0__react_60f6936fa1f798b093c15a057a9e0ffb/node_modules/react-native-maps/dist/src/MapPolygon.d.ts(127,26): error TS2749: 'View' refers to a value, but is being used as a type here. Did you mean 'typeof View'?
node_modules/.pnpm/react-native-maps@1.26.18_react-native-web@0.19.13_react-dom@18.2.0_react@18.2.0__react_60f6936fa1f798b093c15a057a9e0ffb/node_modules/react-native-maps/dist/src/MapPolygon.types.d.ts(1,15): error TS2305: Module '"react-native"' has no exported member 'NativeSyntheticEvent'.
node_modules/.pnpm/react-native-maps@1.26.18_react-native-web@0.19.13_react-dom@18.2.0_react@18.2.0__react_60f6936fa1f798b093c15a057a9e0ffb/node_modules/react-native-maps/dist/src/MapPolyline.d.ts(2,21): error TS2305: Module '"react-native"' has no exported member 'NativeSyntheticEvent'.
node_modules/.pnpm/react-native-maps@1.26.18_react-native-web@0.19.13_react-dom@18.2.0_react@18.2.0__react_60f6936fa1f798b093c15a057a9e0ffb/node_modules/react-native-maps/dist/src/MapPolyline.d.ts(128,26): error TS2749: 'View' refers to a value, but is being used as a type here. Did you mean 'typeof View'?
node_modules/.pnpm/react-native-maps@1.26.18_react-native-web@0.19.13_react-dom@18.2.0_react@18.2.0__react_60f6936fa1f798b093c15a057a9e0ffb/node_modules/react-native-maps/dist/src/MapView.d.ts(2,10): error TS2305: Module '"react-native"' has no exported member 'Animated'.
node_modules/.pnpm/react-native-maps@1.26.18_react-native-web@0.19.13_react-dom@18.2.0_react@18.2.0__react_60f6936fa1f798b093c15a057a9e0ffb/node_modules/react-native-maps/dist/src/MapView.d.ts(2,34): error TS2305: Module '"react-native"' has no exported member 'Animated'.
node_modules/.pnpm/react-native-maps@1.26.18_react-native-web@0.19.13_react-dom@18.2.0_react@18.2.0__react_60f6936fa1f798b093c15a057a9e0ffb/node_modules/react-native-maps/dist/src/MapView.d.ts(2,49): error TS2305: Module '"react-native"' has no exported member 'NativeSyntheticEvent'.
node_modules/.pnpm/react-native-maps@1.26.18_react-native-web@0.19.13_react-dom@18.2.0_react@18.2.0__react_60f6936fa1f798b093c15a057a9e0ffb/node_modules/react-native-maps/dist/src/MapView.types.d.ts(2,15): error TS2305: Module '"react-native"' has no exported member 'NativeSyntheticEvent'.
node_modules/.pnpm/react-native-maps@1.26.18_react-native-web@0.19.13_react-dom@18.2.0_react@18.2.0__react_60f6936fa1f798b093c15a057a9e0ffb/node_modules/react-native-maps/dist/src/MapViewNativeComponent.d.ts(1,15): error TS2305: Module '"react-native"' has no exported member 'HostComponent'.
node_modules/.pnpm/react-native-maps@1.26.18_react-native-web@0.19.13_react-dom@18.2.0_react@18.2.0__react_60f6936fa1f798b093c15a057a9e0ffb/node_modules/react-native-maps/dist/src/decorateMapComponent.d.ts(1,15): error TS2305: Module '"react-native"' has no exported member 'HostComponent'.
node_modules/.pnpm/react-native-maps@1.26.18_react-native-web@0.19.13_react-dom@18.2.0_react@18.2.0__react_60f6936fa1f798b093c15a057a9e0ffb/node_modules/react-native-maps/dist/src/index.d.ts(36,61): error TS2694: Namespace '"react-native"' has no exported member 'Animated'.
node_modules/.pnpm/react-native-maps@1.26.18_react-native-web@0.19.13_react-dom@18.2.0_react@18.2.0__react_60f6936fa1f798b093c15a057a9e0ffb/node_modules/react-native-maps/dist/src/index.d.ts(37,62): error TS2694: Namespace '"react-native"' has no exported member 'Animated'.
node_modules/.pnpm/react-native-maps@1.26.18_react-native-web@0.19.13_react-dom@18.2.0_react@18.2.0__react_60f6936fa1f798b093c15a057a9e0ffb/node_modules/react-native-maps/dist/src/sharedTypes.d.ts(1,15): error TS2305: Module '"react-native"' has no exported member 'NativeSyntheticEvent'.
node_modules/.pnpm/react-native-maps@1.26.18_react-native-web@0.19.13_react-dom@18.2.0_react@18.2.0__react_60f6936fa1f798b093c15a057a9e0ffb/node_modules/react-native-maps/dist/src/specs/NativeComponentMarker.d.ts(1,15): error TS2305: Module '"react-native"' has no exported member 'HostComponent'.
node_modules/.pnpm/react-native-maps@1.26.18_react-native-web@0.19.13_react-dom@18.2.0_react@18.2.0__react_60f6936fa1f798b093c15a057a9e0ffb/node_modules/react-native-maps/dist/src/specs/NativeComponentMarker.d.ts(2,26): error TS2305: Module '"react-native"' has no exported member 'ColorValue'.
node_modules/.pnpm/react-native-maps@1.26.18_react-native-web@0.19.13_react-dom@18.2.0_react@18.2.0__react_60f6936fa1f798b093c15a057a9e0ffb/node_modules/react-native-maps/dist/src/specs/NativeComponentMarker.d.ts(2,38): error TS2305: Module '"react-native"' has no exported member 'ImageSourcePropType'.
node_modules/.pnpm/react-native-reanimated@3.10.1_@babel+core@7.28.5_react-native@0.74.5_@babel+core@7.28._cc6ff72558d2da8eb5a3c623f6a6bd52/node_modules/react-native-reanimated/lib/typescript/createAnimatedComponent/createAnimatedComponent.d.ts(5,15): error TS2305: Module '"react-native"' has no exported member 'FlatList'.
node_modules/.pnpm/react-native-reanimated@3.10.1_@babel+core@7.28.5_react-native@0.74.5_@babel+core@7.28._cc6ff72558d2da8eb5a3c623f6a6bd52/node_modules/react-native-reanimated/lib/typescript/createAnimatedComponent/createAnimatedComponent.d.ts(5,25): error TS2305: Module '"react-native"' has no exported member 'FlatListProps'.
node_modules/.pnpm/react-native-reanimated@3.10.1_@babel+core@7.28.5_react-native@0.74.5_@babel+core@7.28._cc6ff72558d2da8eb5a3c623f6a6bd52/node_modules/react-native-reanimated/lib/typescript/reanimated2/component/FlatList.d.ts(2,15): error TS2305: Module '"react-native"' has no exported member 'FlatListProps'.
node_modules/.pnpm/react-native-reanimated@3.10.1_@babel+core@7.28.5_react-native@0.74.5_@babel+core@7.28._cc6ff72558d2da8eb5a3c623f6a6bd52/node_modules/react-native-reanimated/lib/typescript/reanimated2/component/FlatList.d.ts(3,10): error TS2305: Module '"react-native"' has no exported member 'FlatList'.
node_modules/.pnpm/react-native-reanimated@3.10.1_@babel+core@7.28.5_react-native@0.74.5_@babel+core@7.28._cc6ff72558d2da8eb5a3c623f6a6bd52/node_modules/react-native-reanimated/lib/typescript/reanimated2/component/Image.d.ts(3,43): error TS2749: 'Image' refers to a value, but is being used as a type here. Did you mean 'typeof Image'?
node_modules/.pnpm/react-native-reanimated@3.10.1_@babel+core@7.28.5_react-native@0.74.5_@babel+core@7.28._cc6ff72558d2da8eb5a3c623f6a6bd52/node_modules/react-native-reanimated/lib/typescript/reanimated2/component/Image.d.ts(4,16): error TS2749: 'Image' refers to a value, but is being used as a type here. Did you mean 'typeof Image'?
node_modules/.pnpm/react-native-reanimated@3.10.1_@babel+core@7.28.5_react-native@0.74.5_@babel+core@7.28._cc6ff72558d2da8eb5a3c623f6a6bd52/node_modules/react-native-reanimated/lib/typescript/reanimated2/component/ScrollView.d.ts(2,15): error TS2724: '"react-native"' has no exported member named 'ScrollViewProps'. Did you mean 'ScrollViewProperties'?
node_modules/.pnpm/react-native-reanimated@3.10.1_@babel+core@7.28.5_react-native@0.74.5_@babel+core@7.28._cc6ff72558d2da8eb5a3c623f6a6bd52/node_modules/react-native-reanimated/lib/typescript/reanimated2/component/ScrollView.d.ts(3,10): error TS2305: Module '"react-native"' has no exported member 'ScrollView'.
node_modules/.pnpm/react-native-reanimated@3.10.1_@babel+core@7.28.5_react-native@0.74.5_@babel+core@7.28._cc6ff72558d2da8eb5a3c623f6a6bd52/node_modules/react-native-reanimated/lib/typescript/reanimated2/component/View.d.ts(3,42): error TS2749: 'View' refers to a value, but is being used as a type here. Did you mean 'typeof View'?
node_modules/.pnpm/react-native-reanimated@3.10.1_@babel+core@7.28.5_react-native@0.74.5_@babel+core@7.28._cc6ff72558d2da8eb5a3c623f6a6bd52/node_modules/react-native-reanimated/lib/typescript/reanimated2/component/View.d.ts(4,16): error TS2749: 'View' refers to a value, but is being used as a type here. Did you mean 'typeof View'?
node_modules/.pnpm/react-native-reanimated@3.10.1_@babel+core@7.28.5_react-native@0.74.5_@babel+core@7.28._cc6ff72558d2da8eb5a3c623f6a6bd52/node_modules/react-native-reanimated/lib/typescript/reanimated2/helperTypes.d.ts(1,27): error TS2305: Module '"react-native"' has no exported member 'RegisteredStyle'.
node_modules/.pnpm/react-native-reanimated@3.10.1_@babel+core@7.28.5_react-native@0.74.5_@babel+core@7.28._cc6ff72558d2da8eb5a3c623f6a6bd52/node_modules/react-native-reanimated/lib/typescript/reanimated2/helperTypes.d.ts(1,44): error TS2305: Module '"react-native"' has no exported member 'StyleProp'.
node_modules/.pnpm/react-native-reanimated@3.10.1_@babel+core@7.28.5_react-native@0.74.5_@babel+core@7.28._cc6ff72558d2da8eb5a3c623f6a6bd52/node_modules/react-native-reanimated/lib/typescript/reanimated2/helperTypes.d.ts(1,66): error TS2305: Module '"react-native"' has no exported member 'TransformsStyle'.
node_modules/.pnpm/react-native-reanimated@3.10.1_@babel+core@7.28.5_react-native@0.74.5_@babel+core@7.28._cc6ff72558d2da8eb5a3c623f6a6bd52/node_modules/react-native-reanimated/lib/typescript/reanimated2/hook/commonTypes.d.ts(3,27): error TS2305: Module '"react-native"' has no exported member 'NativeSyntheticEvent'.
node_modules/.pnpm/react-native-reanimated@3.10.1_@babel+core@7.28.5_react-native@0.74.5_@babel+core@7.28._cc6ff72558d2da8eb5a3c623f6a6bd52/node_modules/react-native-reanimated/lib/typescript/reanimated2/hook/commonTypes.d.ts(3,71): error TS2305: Module '"react-native"' has no exported member 'NativeScrollEvent'.
node_modules/.pnpm/react-native-reanimated@3.10.1_@babel+core@7.28.5_react-native@0.74.5_@babel+core@7.28._cc6ff72558d2da8eb5a3c623f6a6bd52/node_modules/react-native-reanimated/lib/typescript/reanimated2/hook/useScrollViewOffset.d.ts(12,66): error TS2344: Type 'AnimatedScrollView' does not satisfy the constraint 'Component<{}, {}, any>'.
node_modules/.pnpm/react-native-reanimated@3.10.1_@babel+core@7.28.5_react-native@0.74.5_@babel+core@7.28._cc6ff72558d2da8eb5a3c623f6a6bd52/node_modules/react-native-reanimated/lib/typescript/reanimated2/jestUtils.d.ts(1,40): error TS7016: Could not find a declaration file for module 'react-test-renderer'. '/home/ben/Public/PETSPARK/node_modules/.pnpm/react-test-renderer@18.2.0_react@18.2.0/node_modules/react-test-renderer/index.js' implicitly has an 'any' type.
  Try `npm i --save-dev @types/react-test-renderer` if it exists or add a new declaration (.d.ts) file containing `declare module 'react-test-renderer';`
node_modules/.pnpm/react-native-reanimated@3.19.3_@babel+core@7.28.5_react-native@0.74.5_@babel+core@7.28._a9a41b6def5282487e5355a98d73903f/node_modules/react-native-reanimated/lib/typescript/animation/decay/utils.d.ts(4,18): error TS2430: Interface 'DecayAnimation' incorrectly extends interface 'Animation<DecayAnimation>'.
  Types of property 'current' are incompatible.
    Type 'AnimatableValue | undefined' is not assignable to type 'AnimatableValue'.
      Type 'undefined' is not assignable to type 'AnimatableValue'.
node_modules/.pnpm/react-native-reanimated@3.19.3_@babel+core@7.28.5_react-native@0.74.5_@babel+core@7.28._a9a41b6def5282487e5355a98d73903f/node_modules/react-native-reanimated/lib/typescript/animation/decay/utils.d.ts(4,51): error TS2344: Type 'DecayAnimation' does not satisfy the constraint 'AnimationObject<AnimatableValue>'.
  Types of property 'current' are incompatible.
    Type 'AnimatableValue | undefined' is not assignable to type 'AnimatableValue'.
      Type 'undefined' is not assignable to type 'AnimatableValue'.
node_modules/.pnpm/react-native-reanimated@3.19.3_@babel+core@7.28.5_react-native@0.74.5_@babel+core@7.28._a9a41b6def5282487e5355a98d73903f/node_modules/react-native-reanimated/lib/typescript/commonTypes.d.ts(2,38): error TS2305: Module '"react-native"' has no exported member 'TransformsStyle'.
node_modules/.pnpm/react-native-reanimated@3.19.3_@babel+core@7.28.5_react-native@0.74.5_@babel+core@7.28._a9a41b6def5282487e5355a98d73903f/node_modules/react-native-reanimated/lib/typescript/component/FlatList.d.ts(2,15): error TS2305: Module '"react-native"' has no exported member 'FlatListProps'.
node_modules/.pnpm/react-native-reanimated@3.19.3_@babel+core@7.28.5_react-native@0.74.5_@babel+core@7.28._a9a41b6def5282487e5355a98d73903f/node_modules/react-native-reanimated/lib/typescript/component/FlatList.d.ts(2,30): error TS2305: Module '"react-native"' has no exported member 'StyleProp'.
node_modules/.pnpm/react-native-reanimated@3.19.3_@babel+core@7.28.5_react-native@0.74.5_@babel+core@7.28._a9a41b6def5282487e5355a98d73903f/node_modules/react-native-reanimated/lib/typescript/component/FlatList.d.ts(3,10): error TS2305: Module '"react-native"' has no exported member 'FlatList'.
node_modules/.pnpm/react-native-reanimated@3.19.3_@babel+core@7.28.5_react-native@0.74.5_@babel+core@7.28._a9a41b6def5282487e5355a98d73903f/node_modules/react-native-reanimated/lib/typescript/component/Image.d.ts(3,43): error TS2749: 'Image' refers to a value, but is being used as a type here. Did you mean 'typeof Image'?
node_modules/.pnpm/react-native-reanimated@3.19.3_@babel+core@7.28.5_react-native@0.74.5_@babel+core@7.28._a9a41b6def5282487e5355a98d73903f/node_modules/react-native-reanimated/lib/typescript/component/Image.d.ts(4,16): error TS2749: 'Image' refers to a value, but is being used as a type here. Did you mean 'typeof Image'?
node_modules/.pnpm/react-native-reanimated@3.19.3_@babel+core@7.28.5_react-native@0.74.5_@babel+core@7.28._a9a41b6def5282487e5355a98d73903f/node_modules/react-native-reanimated/lib/typescript/component/ScrollView.d.ts(2,15): error TS2724: '"react-native"' has no exported member named 'ScrollViewProps'. Did you mean 'ScrollViewProperties'?
node_modules/.pnpm/react-native-reanimated@3.19.3_@babel+core@7.28.5_react-native@0.74.5_@babel+core@7.28._a9a41b6def5282487e5355a98d73903f/node_modules/react-native-reanimated/lib/typescript/component/ScrollView.d.ts(3,10): error TS2305: Module '"react-native"' has no exported member 'ScrollView'.
node_modules/.pnpm/react-native-reanimated@3.19.3_@babel+core@7.28.5_react-native@0.74.5_@babel+core@7.28._a9a41b6def5282487e5355a98d73903f/node_modules/react-native-reanimated/lib/typescript/component/View.d.ts(3,42): error TS2749: 'View' refers to a value, but is being used as a type here. Did you mean 'typeof View'?
node_modules/.pnpm/react-native-reanimated@3.19.3_@babel+core@7.28.5_react-native@0.74.5_@babel+core@7.28._a9a41b6def5282487e5355a98d73903f/node_modules/react-native-reanimated/lib/typescript/component/View.d.ts(4,16): error TS2749: 'View' refers to a value, but is being used as a type here. Did you mean 'typeof View'?
node_modules/.pnpm/react-native-reanimated@3.19.3_@babel+core@7.28.5_react-native@0.74.5_@babel+core@7.28._a9a41b6def5282487e5355a98d73903f/node_modules/react-native-reanimated/lib/typescript/createAnimatedComponent/createAnimatedComponent.d.ts(3,15): error TS2305: Module '"react-native"' has no exported member 'FlatList'.
node_modules/.pnpm/react-native-reanimated@3.19.3_@babel+core@7.28.5_react-native@0.74.5_@babel+core@7.28._a9a41b6def5282487e5355a98d73903f/node_modules/react-native-reanimated/lib/typescript/createAnimatedComponent/createAnimatedComponent.d.ts(3,25): error TS2305: Module '"react-native"' has no exported member 'FlatListProps'.
node_modules/.pnpm/react-native-reanimated@3.19.3_@babel+core@7.28.5_react-native@0.74.5_@babel+core@7.28._a9a41b6def5282487e5355a98d73903f/node_modules/react-native-reanimated/lib/typescript/helperTypes.d.ts(1,15): error TS2305: Module '"react-native"' has no exported member 'StyleProp'.
node_modules/.pnpm/react-native-reanimated@3.19.3_@babel+core@7.28.5_react-native@0.74.5_@babel+core@7.28._a9a41b6def5282487e5355a98d73903f/node_modules/react-native-reanimated/lib/typescript/hook/commonTypes.d.ts(2,27): error TS2305: Module '"react-native"' has no exported member 'NativeScrollEvent'.
node_modules/.pnpm/react-native-reanimated@3.19.3_@babel+core@7.28.5_react-native@0.74.5_@babel+core@7.28._a9a41b6def5282487e5355a98d73903f/node_modules/react-native-reanimated/lib/typescript/hook/commonTypes.d.ts(2,46): error TS2305: Module '"react-native"' has no exported member 'NativeSyntheticEvent'.
node_modules/.pnpm/react-native-reanimated@3.19.3_@babel+core@7.28.5_react-native@0.74.5_@babel+core@7.28._a9a41b6def5282487e5355a98d73903f/node_modules/react-native-reanimated/lib/typescript/hook/useScrollViewOffset.d.ts(14,66): error TS2344: Type 'AnimatedScrollView' does not satisfy the constraint 'Component<{}, {}, any>'.
node_modules/.pnpm/react-native-reanimated@3.19.3_@babel+core@7.28.5_react-native@0.74.5_@babel+core@7.28._a9a41b6def5282487e5355a98d73903f/node_modules/react-native-reanimated/lib/typescript/jestUtils.d.ts(1,40): error TS7016: Could not find a declaration file for module 'react-test-renderer'. '/home/ben/Public/PETSPARK/node_modules/.pnpm/react-test-renderer@18.2.0_react@18.2.0/node_modules/react-test-renderer/index.js' implicitly has an 'any' type.
  Try `npm i --save-dev @types/react-test-renderer` if it exists or add a new declaration (.d.ts) file containing `declare module 'react-test-renderer';`
node_modules/.pnpm/react-native-safe-area-context@4.10.5_react-native@0.74.5_@babel+core@7.28.5_@babel+pre_d93a8fcec01858f6dab922781a6ee546/node_modules/react-native-safe-area-context/lib/typescript/src/SafeArea.types.d.ts(2,15): error TS2305: Module '"react-native"' has no exported member 'NativeSyntheticEvent'.
node_modules/.pnpm/react-native-safe-area-context@4.10.5_react-native@0.74.5_@babel+core@7.28.5_@babel+pre_d93a8fcec01858f6dab922781a6ee546/node_modules/react-native-safe-area-context/lib/typescript/src/SafeAreaView.d.ts(4,223): error TS2694: Namespace '"react-native"' has no exported member 'NativeMethods'.
node_modules/.pnpm/react-native-safe-area-context@4.10.5_react-native@0.74.5_@babel+core@7.28.5_@babel+pre_d93a8fcec01858f6dab922781a6ee546/node_modules/react-native-safe-area-context/lib/typescript/src/specs/NativeSafeAreaView.d.ts(1,23): error TS2688: Cannot find type definition file for 'react-native/types/modules/codegen'.
node_modules/.pnpm/react-native-safe-area-context@4.10.5_react-native@0.74.5_@babel+core@7.28.5_@babel+pre_d93a8fcec01858f6dab922781a6ee546/node_modules/react-native-safe-area-context/lib/typescript/src/specs/NativeSafeAreaView.d.ts(3,26): error TS2305: Module '"react-native"' has no exported member 'HostComponent'.
node_modules/.pnpm/react-native-screens@4.0.0_react-native@0.74.5_@babel+core@7.28.5_@babel+preset-env@7.2_70a96e5507c29a184724410763bbe1c8/node_modules/react-native-screens/lib/typescript/components/Screen.d.ts(4,114): error TS2749: 'View' refers to a value, but is being used as a type here. Did you mean 'typeof View'?
node_modules/.pnpm/react-native-screens@4.0.0_react-native@0.74.5_@babel+core@7.28.5_@babel+preset-env@7.2_70a96e5507c29a184724410763bbe1c8/node_modules/react-native-screens/lib/typescript/components/Screen.d.ts(5,130): error TS2749: 'View' refers to a value, but is being used as a type here. Did you mean 'typeof View'?
node_modules/.pnpm/react-native-screens@4.0.0_react-native@0.74.5_@babel+core@7.28.5_@babel+preset-env@7.2_70a96e5507c29a184724410763bbe1c8/node_modules/react-native-screens/lib/typescript/components/Screen.d.ts(6,102): error TS2749: 'View' refers to a value, but is being used as a type here. Did you mean 'typeof View'?
node_modules/.pnpm/react-native-screens@4.0.0_react-native@0.74.5_@babel+core@7.28.5_@babel+preset-env@7.2_70a96e5507c29a184724410763bbe1c8/node_modules/react-native-screens/lib/typescript/components/ScreenStackHeaderConfig.d.ts(7,130): error TS2749: 'View' refers to a value, but is being used as a type here. Did you mean 'typeof View'?
node_modules/.pnpm/react-native-screens@4.0.0_react-native@0.74.5_@babel+core@7.28.5_@babel+preset-env@7.2_70a96e5507c29a184724410763bbe1c8/node_modules/react-native-screens/lib/typescript/components/ScreenStackItem.d.ts(2,15): error TS2305: Module '"react-native"' has no exported member 'StyleProp'.
node_modules/.pnpm/react-native-screens@4.0.0_react-native@0.74.5_@babel+core@7.28.5_@babel+preset-env@7.2_70a96e5507c29a184724410763bbe1c8/node_modules/react-native-screens/lib/typescript/components/ScreenStackItem.d.ts(9,98): error TS2749: 'View' refers to a value, but is being used as a type here. Did you mean 'typeof View'?
node_modules/.pnpm/react-native-screens@4.0.0_react-native@0.74.5_@babel+core@7.28.5_@babel+preset-env@7.2_70a96e5507c29a184724410763bbe1c8/node_modules/react-native-screens/lib/typescript/fabric/NativeScreensModule.d.ts(1,15): error TS2305: Module '"react-native"' has no exported member 'TurboModule'.
node_modules/.pnpm/react-native-screens@4.0.0_react-native@0.74.5_@babel+core@7.28.5_@babel+preset-env@7.2_70a96e5507c29a184724410763bbe1c8/node_modules/react-native-screens/lib/typescript/native-stack/types.d.ts(4,10): error TS2305: Module '"react-native"' has no exported member 'ImageSourcePropType'.
node_modules/.pnpm/react-native-screens@4.0.0_react-native@0.74.5_@babel+core@7.28.5_@babel+preset-env@7.2_70a96e5507c29a184724410763bbe1c8/node_modules/react-native-screens/lib/typescript/native-stack/types.d.ts(4,31): error TS2305: Module '"react-native"' has no exported member 'StyleProp'.
node_modules/.pnpm/react-native-screens@4.0.0_react-native@0.74.5_@babel+core@7.28.5_@babel+preset-env@7.2_70a96e5507c29a184724410763bbe1c8/node_modules/react-native-screens/lib/typescript/native-stack/types.d.ts(4,53): error TS2305: Module '"react-native"' has no exported member 'ColorValue'.
node_modules/.pnpm/react-native-screens@4.0.0_react-native@0.74.5_@babel+core@7.28.5_@babel+preset-env@7.2_70a96e5507c29a184724410763bbe1c8/node_modules/react-native-screens/lib/typescript/native-stack/types.d.ts(72,155): error TS2344: Type 'StackNavigationState<ParamList>' does not satisfy the constraint 'string | undefined'.
node_modules/.pnpm/react-native-screens@4.0.0_react-native@0.74.5_@babel+core@7.28.5_@babel+preset-env@7.2_70a96e5507c29a184724410763bbe1c8/node_modules/react-native-screens/lib/typescript/native-stack/types.d.ts(530,41): error TS2314: Generic type 'DefaultNavigatorOptions' requires 6 type argument(s).
node_modules/.pnpm/react-native-screens@4.0.0_react-native@0.74.5_@babel+core@7.28.5_@babel+preset-env@7.2_70a96e5507c29a184724410763bbe1c8/node_modules/react-native-screens/lib/typescript/native-stack/types.d.ts(534,37): error TS2314: Generic type 'Descriptor' requires 3 type argument(s).
node_modules/.pnpm/react-native-screens@4.0.0_react-native@0.74.5_@babel+core@7.28.5_@babel+preset-env@7.2_70a96e5507c29a184724410763bbe1c8/node_modules/react-native-screens/lib/typescript/types.d.ts(2,10): error TS2305: Module '"react-native"' has no exported member 'Animated'.
node_modules/.pnpm/react-native-screens@4.0.0_react-native@0.74.5_@babel+core@7.28.5_@babel+preset-env@7.2_70a96e5507c29a184724410763bbe1c8/node_modules/react-native-screens/lib/typescript/types.d.ts(2,20): error TS2305: Module '"react-native"' has no exported member 'NativeSyntheticEvent'.
node_modules/.pnpm/react-native-screens@4.0.0_react-native@0.74.5_@babel+core@7.28.5_@babel+preset-env@7.2_70a96e5507c29a184724410763bbe1c8/node_modules/react-native-screens/lib/typescript/types.d.ts(2,59): error TS2305: Module '"react-native"' has no exported member 'TargetedEvent'.
node_modules/.pnpm/react-native-screens@4.0.0_react-native@0.74.5_@babel+core@7.28.5_@babel+preset-env@7.2_70a96e5507c29a184724410763bbe1c8/node_modules/react-native-screens/lib/typescript/types.d.ts(2,74): error TS2305: Module '"react-native"' has no exported member 'TextInputFocusEventData'.
node_modules/.pnpm/react-native-screens@4.0.0_react-native@0.74.5_@babel+core@7.28.5_@babel+preset-env@7.2_70a96e5507c29a184724410763bbe1c8/node_modules/react-native-screens/lib/typescript/types.d.ts(2,99): error TS2305: Module '"react-native"' has no exported member 'ColorValue'.
node_modules/.pnpm/react-native-screens@4.0.0_react-native@0.74.5_@babel+core@7.28.5_@babel+preset-env@7.2_70a96e5507c29a184724410763bbe1c8/node_modules/react-native-screens/lib/typescript/types.d.ts(194,21): error TS2749: 'View' refers to a value, but is being used as a type here. Did you mean 'typeof View'?
node_modules/.pnpm/react-native-screens@4.0.0_react-native@0.74.5_@babel+core@7.28.5_@babel+preset-env@7.2_70a96e5507c29a184724410763bbe1c8/node_modules/react-native-screens/lib/typescript/types.d.ts(417,44): error TS2749: 'View' refers to a value, but is being used as a type here. Did you mean 'typeof View'?
node_modules/.pnpm/react-native-screens@4.0.0_react-native@0.74.5_@babel+core@7.28.5_@babel+preset-env@7.2_70a96e5507c29a184724410763bbe1c8/node_modules/react-native-screens/lib/typescript/types.d.ts(746,64): error TS2749: 'View' refers to a value, but is being used as a type here. Did you mean 'typeof View'?
node_modules/.pnpm/react-native-screens@4.0.0_react-native@0.74.5_@babel+core@7.28.5_@babel+preset-env@7.2_70a96e5507c29a184724410763bbe1c8/node_modules/react-native-screens/lib/typescript/useTransitionProgress.d.ts(2,38): error TS2694: Namespace '"react-native"' has no exported member 'Animated'.
node_modules/.pnpm/react-native-screens@4.0.0_react-native@0.74.5_@babel+core@7.28.5_@babel+preset-env@7.2_70a96e5507c29a184724410763bbe1c8/node_modules/react-native-screens/lib/typescript/useTransitionProgress.d.ts(3,37): error TS2694: Namespace '"react-native"' has no exported member 'Animated'.
node_modules/.pnpm/react-native-screens@4.0.0_react-native@0.74.5_@babel+core@7.28.5_@babel+preset-env@7.2_70a96e5507c29a184724410763bbe1c8/node_modules/react-native-screens/lib/typescript/useTransitionProgress.d.ts(4,42): error TS2694: Namespace '"react-native"' has no exported member 'Animated'.
node_modules/.pnpm/react-native@0.74.5_@babel+core@7.28.5_@babel+preset-env@7.28.5_@babel+core@7.28.5__@types+react@18.2.79_react@18.2.0/node_modules/react-native/types/index.d.ts(202,9): error TS2451: Cannot redeclare block-scoped variable 'originalXMLHttpRequest'.
node_modules/.pnpm/react-native@0.74.5_@babel+core@7.28.5_@babel+preset-env@7.28.5_@babel+core@7.28.5__@types+react@18.2.79_react@18.2.0/node_modules/react-native/types/index.d.ts(204,9): error TS2451: Cannot redeclare block-scoped variable '__BUNDLE_START_TIME__'.
node_modules/.pnpm/react-native@0.74.5_@babel+core@7.28.5_@babel+preset-env@7.28.5_@babel+core@7.28.5__@types+react@18.2.79_react@18.2.0/node_modules/react-native/types/index.d.ts(205,9): error TS2451: Cannot redeclare block-scoped variable 'ErrorUtils'.
node_modules/.pnpm/react-native@0.74.5_@babel+core@7.28.5_@babel+preset-env@7.28.5_@babel+core@7.28.5__@types+react@18.2.79_react@18.2.0/node_modules/react-native/types/index.d.ts(212,9): error TS2451: Cannot redeclare block-scoped variable '__DEV__'.
node_modules/.pnpm/react-native@0.74.5_@babel+core@7.28.5_@babel+preset-env@7.28.5_@babel+core@7.28.5__@types+react@18.2.79_react@18.2.0/node_modules/react-native/types/index.d.ts(214,9): error TS2451: Cannot redeclare block-scoped variable 'HermesInternal'.
node_modules/.pnpm/react-native@0.74.5_@babel+core@7.28.5_@babel+preset-env@7.28.5_@babel+core@7.28.5__@types+react@18.2.79_react@18.2.0/node_modules/react-native/types/modules/BatchedBridge.d.ts(17,15): error TS2300: Duplicate identifier 'MessageQueue'.
node_modules/.pnpm/react-native@0.74.5_@babel+core@7.28.5_@babel+preset-env@7.28.5_@babel+core@7.28.5__@types+react@18.2.79_react@18.2.0/node_modules/react-native/types/modules/BatchedBridge.d.ts(27,18): error TS2300: Duplicate identifier 'BatchedBridge'.
node_modules/.pnpm/react-native@0.74.5_@babel+core@7.28.5_@babel+preset-env@7.28.5_@babel+core@7.28.5__@types+react@18.2.79_react@18.2.0/node_modules/react-native/types/modules/BatchedBridge.d.ts(31,18): error TS2300: Duplicate identifier 'MessageQueue'.
node_modules/.pnpm/react-native@0.74.5_@babel+core@7.28.5_@babel+preset-env@7.28.5_@babel+core@7.28.5__@types+react@18.2.79_react@18.2.0/node_modules/react-native/types/modules/Codegen.d.ts(10,1): error TS6200: Definitions of the following identifiers conflict with those in another file: codegenNativeCommands, NativeComponentType, codegenNativeComponent, BubblingEventHandler, DirectEventHandler, Double, Float, Int32, UnsafeObject, DefaultTypes, WithDefault
node_modules/.pnpm/react-native@0.74.5_@babel+core@7.28.5_@babel+preset-env@7.28.5_@babel+core@7.28.5__@types+react@18.2.79_react@18.2.0/node_modules/react-native/types/modules/Codegen.d.ts(23,16): error TS2305: Module '"react-native"' has no exported member 'HostComponent'.
node_modules/.pnpm/react-native@0.74.5_@babel+core@7.28.5_@babel+preset-env@7.28.5_@babel+core@7.28.5__@types+react@18.2.79_react@18.2.0/node_modules/react-native/types/modules/Codegen.d.ts(43,16): error TS2305: Module '"react-native"' has no exported member 'NativeSyntheticEvent'.
node_modules/.pnpm/react-native@0.74.5_@babel+core@7.28.5_@babel+preset-env@7.28.5_@babel+core@7.28.5__@types+react@18.2.79_react@18.2.0/node_modules/react-native/types/modules/Devtools.d.ts(11,15): error TS2300: Duplicate identifier 'StackFrame'.
node_modules/.pnpm/react-native@0.74.5_@babel+core@7.28.5_@babel+preset-env@7.28.5_@babel+core@7.28.5__@types+react@18.2.79_react@18.2.0/node_modules/react-native/types/modules/LaunchScreen.d.ts(13,16): error TS2451: Cannot redeclare block-scoped variable 'Header'.
node_modules/.pnpm/react-native@0.74.5_@babel+core@7.28.5_@babel+preset-env@7.28.5_@babel+core@7.28.5__@types+react@18.2.79_react@18.2.0/node_modules/react-native/types/modules/LaunchScreen.d.ts(14,16): error TS2451: Cannot redeclare block-scoped variable 'LearnMoreLinks'.
node_modules/.pnpm/react-native@0.74.5_@babel+core@7.28.5_@babel+preset-env@7.28.5_@babel+core@7.28.5__@types+react@18.2.79_react@18.2.0/node_modules/react-native/types/modules/LaunchScreen.d.ts(15,16): error TS2451: Cannot redeclare block-scoped variable 'Colors'.
node_modules/.pnpm/react-native@0.74.5_@babel+core@7.28.5_@babel+preset-env@7.28.5_@babel+core@7.28.5__@types+react@18.2.79_react@18.2.0/node_modules/react-native/types/modules/LaunchScreen.d.ts(16,16): error TS2451: Cannot redeclare block-scoped variable 'DebugInstructions'.
node_modules/.pnpm/react-native@0.74.5_@babel+core@7.28.5_@babel+preset-env@7.28.5_@babel+core@7.28.5__@types+react@18.2.79_react@18.2.0/node_modules/react-native/types/modules/LaunchScreen.d.ts(17,16): error TS2451: Cannot redeclare block-scoped variable 'ReloadInstructions'.
node_modules/.pnpm/react-native@0.74.5_@babel+core@7.28.5_@babel+preset-env@7.28.5_@babel+core@7.28.5__@types+react@18.2.79_react@18.2.0/node_modules/react-native/types/modules/globals.d.ts(19,1): error TS6200: Definitions of the following identifiers conflict with those in another file: FormDataValue, FormDataPart, BodyInit_, HeadersInit_, RequestCredentials_, RequestMode_, ResponseType_, WebsocketMessageEventListener, WebsocketErrorEventListener, WebsocketOpenEventListener, WebsocketCloseEventListener, WebsocketEventListener
node_modules/.pnpm/react-native@0.74.5_@babel+core@7.28.5_@babel+preset-env@7.28.5_@babel+core@7.28.5__@types+react@18.2.79_react@18.2.0/node_modules/react-native/types/modules/globals.d.ts(78,13): error TS2403: Subsequent variable declarations must have the same type.  Variable 'Blob' must be of type '{ new (blobParts?: BlobPart[] | undefined, options?: BlobPropertyBag | undefined): Blob; prototype: Blob; }', but here has type '{ new (blobParts?: (string | Blob)[] | undefined, options?: BlobOptions | undefined): Blob; prototype: Blob; }'.
node_modules/.pnpm/react-native@0.74.5_@babel+core@7.28.5_@babel+preset-env@7.28.5_@babel+core@7.28.5__@types+react@18.2.79_react@18.2.0/node_modules/react-native/types/modules/globals.d.ts(84,3): error TS2687: All declarations of 'name' must have identical modifiers.
node_modules/.pnpm/react-native@0.74.5_@babel+core@7.28.5_@babel+preset-env@7.28.5_@babel+core@7.28.5__@types+react@18.2.79_react@18.2.0/node_modules/react-native/types/modules/globals.d.ts(85,3): error TS2687: All declarations of 'lastModified' must have identical modifiers.
node_modules/.pnpm/react-native@0.74.5_@babel+core@7.28.5_@babel+preset-env@7.28.5_@babel+core@7.28.5__@types+react@18.2.79_react@18.2.0/node_modules/react-native/types/modules/globals.d.ts(88,13): error TS2403: Subsequent variable declarations must have the same type.  Variable 'File' must be of type '{ new (fileBits: BlobPart[], fileName: string, options?: FilePropertyBag | undefined): File; prototype: File; }', but here has type '{ new (fileParts?: (string | Blob)[] | undefined, name?: string | undefined, options?: BlobOptions | undefined): File; prototype: File; }'.
node_modules/.pnpm/react-native@0.74.5_@babel+core@7.28.5_@babel+preset-env@7.28.5_@babel+core@7.28.5__@types+react@18.2.79_react@18.2.0/node_modules/react-native/types/modules/globals.d.ts(113,15): error TS2300: Duplicate identifier 'FormData'.
node_modules/.pnpm/react-native@0.74.5_@babel+core@7.28.5_@babel+preset-env@7.28.5_@babel+core@7.28.5__@types+react@18.2.79_react@18.2.0/node_modules/react-native/types/modules/globals.d.ts(137,13): error TS2403: Subsequent variable declarations must have the same type.  Variable 'Headers' must be of type '{ new (init?: HeadersInit | undefined): Headers; prototype: Headers; }', but here has type '{ new (init?: HeadersInit_ | undefined): Headers; prototype: Headers; }'.
node_modules/.pnpm/react-native@0.74.5_@babel+core@7.28.5_@babel+preset-env@7.28.5_@babel+core@7.28.5__@types+react@18.2.79_react@18.2.0/node_modules/react-native/types/modules/globals.d.ts(149,3): error TS2374: Duplicate index signature for type 'string'.
node_modules/.pnpm/react-native@0.74.5_@babel+core@7.28.5_@babel+preset-env@7.28.5_@babel+core@7.28.5__@types+react@18.2.79_react@18.2.0/node_modules/react-native/types/modules/globals.d.ts(171,3): error TS2717: Subsequent property declarations must have the same type.  Property 'body' must be of type 'BodyInit | null | undefined', but here has type 'BodyInit_ | undefined'.
node_modules/.pnpm/react-native@0.74.5_@babel+core@7.28.5_@babel+preset-env@7.28.5_@babel+core@7.28.5__@types+react@18.2.79_react@18.2.0/node_modules/react-native/types/modules/globals.d.ts(173,3): error TS2717: Subsequent property declarations must have the same type.  Property 'headers' must be of type 'HeadersInit | undefined', but here has type 'HeadersInit_ | undefined'.
node_modules/.pnpm/react-native@0.74.5_@babel+core@7.28.5_@babel+preset-env@7.28.5_@babel+core@7.28.5__@types+react@18.2.79_react@18.2.0/node_modules/react-native/types/modules/globals.d.ts(179,3): error TS2717: Subsequent property declarations must have the same type.  Property 'window' must be of type 'null | undefined', but here has type 'any'.
node_modules/.pnpm/react-native@0.74.5_@babel+core@7.28.5_@babel+preset-env@7.28.5_@babel+core@7.28.5__@types+react@18.2.79_react@18.2.0/node_modules/react-native/types/modules/globals.d.ts(180,3): error TS2717: Subsequent property declarations must have the same type.  Property 'signal' must be of type 'AbortSignal | null | undefined', but here has type 'AbortSignal | undefined'.
node_modules/.pnpm/react-native@0.74.5_@babel+core@7.28.5_@babel+preset-env@7.28.5_@babel+core@7.28.5__@types+react@18.2.79_react@18.2.0/node_modules/react-native/types/modules/globals.d.ts(190,12): error TS2717: Subsequent property declarations must have the same type.  Property 'signal' must be of type 'AbortSignal', but here has type 'AbortSignal | undefined'.
node_modules/.pnpm/react-native@0.74.5_@babel+core@7.28.5_@babel+preset-env@7.28.5_@babel+core@7.28.5__@types+react@18.2.79_react@18.2.0/node_modules/react-native/types/modules/globals.d.ts(194,13): error TS2403: Subsequent variable declarations must have the same type.  Variable 'Request' must be of type '{ new (input: RequestInfo | URL, init?: RequestInit | undefined): Request; prototype: Request; }', but here has type '{ new (input: string | Request, init?: RequestInit | undefined): Request; prototype: Request; }'.
node_modules/.pnpm/react-native@0.74.5_@babel+core@7.28.5_@babel+preset-env@7.28.5_@babel+core@7.28.5__@types+react@18.2.79_react@18.2.0/node_modules/react-native/types/modules/globals.d.ts(199,14): error TS2300: Duplicate identifier 'RequestInfo'.
node_modules/.pnpm/react-native@0.74.5_@babel+core@7.28.5_@babel+preset-env@7.28.5_@babel+core@7.28.5__@types+react@18.2.79_react@18.2.0/node_modules/react-native/types/modules/globals.d.ts(202,3): error TS2717: Subsequent property declarations must have the same type.  Property 'headers' must be of type 'HeadersInit | undefined', but here has type 'HeadersInit_ | undefined'.
node_modules/.pnpm/react-native@0.74.5_@babel+core@7.28.5_@babel+preset-env@7.28.5_@babel+core@7.28.5__@types+react@18.2.79_react@18.2.0/node_modules/react-native/types/modules/globals.d.ts(218,13): error TS2403: Subsequent variable declarations must have the same type.  Variable 'Response' must be of type '{ new (body?: BodyInit | null | undefined, init?: ResponseInit | undefined): Response; prototype: Response; error(): Response; json(data: any, init?: ResponseInit | undefined): Response; redirect(url: string | URL, status?: number | undefined): Response; }', but here has type '{ new (body?: BodyInit_ | undefined, init?: ResponseInit | undefined): Response; prototype: Response; error: () => Response; redirect: (url: string, status?: number | undefined) => Response; }'.
node_modules/.pnpm/react-native@0.74.5_@babel+core@7.28.5_@babel+preset-env@7.28.5_@babel+core@7.28.5__@types+react@18.2.79_react@18.2.0/node_modules/react-native/types/modules/globals.d.ts(308,3): error TS2717: Subsequent property declarations must have the same type.  Property 'abort' must be of type 'ProgressEvent<XMLHttpRequestEventTarget>', but here has type 'ProgressEvent<EventTarget>'.
node_modules/.pnpm/react-native@0.74.5_@babel+core@7.28.5_@babel+preset-env@7.28.5_@babel+core@7.28.5__@types+react@18.2.79_react@18.2.0/node_modules/react-native/types/modules/globals.d.ts(309,3): error TS2717: Subsequent property declarations must have the same type.  Property 'error' must be of type 'ProgressEvent<XMLHttpRequestEventTarget>', but here has type 'ProgressEvent<EventTarget>'.
node_modules/.pnpm/react-native@0.74.5_@babel+core@7.28.5_@babel+preset-env@7.28.5_@babel+core@7.28.5__@types+react@18.2.79_react@18.2.0/node_modules/react-native/types/modules/globals.d.ts(310,3): error TS2717: Subsequent property declarations must have the same type.  Property 'load' must be of type 'ProgressEvent<XMLHttpRequestEventTarget>', but here has type 'ProgressEvent<EventTarget>'.
node_modules/.pnpm/react-native@0.74.5_@babel+core@7.28.5_@babel+preset-env@7.28.5_@babel+core@7.28.5__@types+react@18.2.79_react@18.2.0/node_modules/react-native/types/modules/globals.d.ts(311,3): error TS2717: Subsequent property declarations must have the same type.  Property 'loadend' must be of type 'ProgressEvent<XMLHttpRequestEventTarget>', but here has type 'ProgressEvent<EventTarget>'.
node_modules/.pnpm/react-native@0.74.5_@babel+core@7.28.5_@babel+preset-env@7.28.5_@babel+core@7.28.5__@types+react@18.2.79_react@18.2.0/node_modules/react-native/types/modules/globals.d.ts(312,3): error TS2717: Subsequent property declarations must have the same type.  Property 'loadstart' must be of type 'ProgressEvent<XMLHttpRequestEventTarget>', but here has type 'ProgressEvent<EventTarget>'.
node_modules/.pnpm/react-native@0.74.5_@babel+core@7.28.5_@babel+preset-env@7.28.5_@babel+core@7.28.5__@types+react@18.2.79_react@18.2.0/node_modules/react-native/types/modules/globals.d.ts(313,3): error TS2717: Subsequent property declarations must have the same type.  Property 'progress' must be of type 'ProgressEvent<XMLHttpRequestEventTarget>', but here has type 'ProgressEvent<EventTarget>'.
node_modules/.pnpm/react-native@0.74.5_@babel+core@7.28.5_@babel+preset-env@7.28.5_@babel+core@7.28.5__@types+react@18.2.79_react@18.2.0/node_modules/react-native/types/modules/globals.d.ts(314,3): error TS2717: Subsequent property declarations must have the same type.  Property 'timeout' must be of type 'ProgressEvent<XMLHttpRequestEventTarget>', but here has type 'ProgressEvent<EventTarget>'.
node_modules/.pnpm/react-native@0.74.5_@babel+core@7.28.5_@babel+preset-env@7.28.5_@babel+core@7.28.5__@types+react@18.2.79_react@18.2.0/node_modules/react-native/types/modules/globals.d.ts(367,14): error TS2300: Duplicate identifier 'XMLHttpRequestResponseType'.
node_modules/.pnpm/react-native@0.74.5_@babel+core@7.28.5_@babel+preset-env@7.28.5_@babel+core@7.28.5__@types+react@18.2.79_react@18.2.0/node_modules/react-native/types/modules/globals.d.ts(380,15): error TS2300: Duplicate identifier 'URL'.
node_modules/.pnpm/react-native@0.74.5_@babel+core@7.28.5_@babel+preset-env@7.28.5_@babel+core@7.28.5__@types+react@18.2.79_react@18.2.0/node_modules/react-native/types/modules/globals.d.ts(405,15): error TS2300: Duplicate identifier 'URLSearchParams'.
node_modules/.pnpm/react-native@0.74.5_@babel+core@7.28.5_@babel+preset-env@7.28.5_@babel+core@7.28.5__@types+react@18.2.79_react@18.2.0/node_modules/react-native/types/modules/globals.d.ts(464,3): error TS2717: Subsequent property declarations must have the same type.  Property 'onopen' must be of type '((this: WebSocket, ev: Event) => any) | null', but here has type '(() => void) | null'.
node_modules/.pnpm/react-native@0.74.5_@babel+core@7.28.5_@babel+preset-env@7.28.5_@babel+core@7.28.5__@types+react@18.2.79_react@18.2.0/node_modules/react-native/types/modules/globals.d.ts(465,3): error TS2717: Subsequent property declarations must have the same type.  Property 'onmessage' must be of type '((this: WebSocket, ev: MessageEvent<any>) => any) | null', but here has type '((event: WebSocketMessageEvent) => void) | null'.
node_modules/.pnpm/react-native@0.74.5_@babel+core@7.28.5_@babel+preset-env@7.28.5_@babel+core@7.28.5__@types+react@18.2.79_react@18.2.0/node_modules/react-native/types/modules/globals.d.ts(466,3): error TS2717: Subsequent property declarations must have the same type.  Property 'onerror' must be of type '((this: WebSocket, ev: Event) => any) | null', but here has type '((event: WebSocketErrorEvent) => void) | null'.
node_modules/.pnpm/react-native@0.74.5_@babel+core@7.28.5_@babel+preset-env@7.28.5_@babel+core@7.28.5__@types+react@18.2.79_react@18.2.0/node_modules/react-native/types/modules/globals.d.ts(467,3): error TS2717: Subsequent property declarations must have the same type.  Property 'onclose' must be of type '((this: WebSocket, ev: CloseEvent) => any) | null', but here has type '((event: WebSocketCloseEvent) => void) | null'.
node_modules/.pnpm/react-native@0.74.5_@babel+core@7.28.5_@babel+preset-env@7.28.5_@babel+core@7.28.5__@types+react@18.2.79_react@18.2.0/node_modules/react-native/types/modules/globals.d.ts(468,3): error TS2717: Subsequent property declarations must have the same type.  Property 'addEventListener' must be of type '{ <K extends keyof WebSocketEventMap>(type: K, listener: (this: WebSocket, ev: WebSocketEventMap[K]) => any, options?: boolean | AddEventListenerOptions | undefined): void; (type: string, listener: EventListenerOrEventListenerObject, options?: boolean | ... 1 more ... | undefined): void; }', but here has type 'WebsocketEventListener'.
node_modules/.pnpm/react-native@0.74.5_@babel+core@7.28.5_@babel+preset-env@7.28.5_@babel+core@7.28.5__@types+react@18.2.79_react@18.2.0/node_modules/react-native/types/modules/globals.d.ts(469,3): error TS2717: Subsequent property declarations must have the same type.  Property 'removeEventListener' must be of type '{ <K extends keyof WebSocketEventMap>(type: K, listener: (this: WebSocket, ev: WebSocketEventMap[K]) => any, options?: boolean | EventListenerOptions | undefined): void; (type: string, listener: EventListenerOrEventListenerObject, options?: boolean | ... 1 more ... | undefined): void; }', but here has type 'WebsocketEventListener'.
node_modules/.pnpm/react-native@0.74.5_@babel+core@7.28.5_@babel+preset-env@7.28.5_@babel+core@7.28.5__@types+react@18.2.79_react@18.2.0/node_modules/react-native/types/modules/globals.d.ts(472,13): error TS2403: Subsequent variable declarations must have the same type.  Variable 'WebSocket' must be of type '{ new (url: string | URL, protocols?: string | string[] | undefined): WebSocket; prototype: WebSocket; readonly CONNECTING: 0; readonly OPEN: 1; readonly CLOSING: 2; readonly CLOSED: 3; }', but here has type '{ new (uri: string, protocols?: string | string[] | null | undefined, options?: { [optionName: string]: any; headers: { [headerName: string]: string; }; } | null | undefined): WebSocket; ... 4 more ...; readonly OPEN: number; }'.
node_modules/.pnpm/react-native@0.74.5_@babel+core@7.28.5_@babel+preset-env@7.28.5_@babel+core@7.28.5__@types+react@18.2.79_react@18.2.0/node_modules/react-native/types/modules/globals.d.ts(496,15): error TS2300: Duplicate identifier 'AbortSignal'.
node_modules/.pnpm/react-native@0.74.5_@babel+core@7.28.5_@babel+preset-env@7.28.5_@babel+core@7.28.5__@types+react@18.2.79_react@18.2.0/node_modules/react-native/types/modules/globals.d.ts(496,15): error TS2420: Class 'AbortSignal' incorrectly implements interface 'EventTarget'.
  Property 'dispatchEvent' is missing in type 'AbortSignal' but required in type 'EventTarget'.
node_modules/.pnpm/react-native@0.74.5_@babel+core@7.28.5_@babel+preset-env@7.28.5_@babel+core@7.28.5__@types+react@18.2.79_react@18.2.0/node_modules/react-native/types/modules/globals.d.ts(531,15): error TS2300: Duplicate identifier 'AbortController'.
node_modules/.pnpm/react-native@0.74.5_@babel+core@7.28.5_@babel+preset-env@7.28.5_@babel+core@7.28.5__@types+react@18.2.79_react@18.2.0/node_modules/react-native/types/modules/globals.d.ts(556,12): error TS2717: Subsequent property declarations must have the same type.  Property 'error' must be of type 'DOMException | null', but here has type 'Error | null'.
node_modules/.pnpm/react-native@0.74.5_@babel+core@7.28.5_@babel+preset-env@7.28.5_@babel+core@7.28.5__@types+react@18.2.79_react@18.2.0/node_modules/react-native/types/modules/globals.d.ts(565,12): error TS2717: Subsequent property declarations must have the same type.  Property 'readyState' must be of type '0 | 1 | 2', but here has type 'number'.
node_modules/.pnpm/react-native@0.74.5_@babel+core@7.28.5_@babel+preset-env@7.28.5_@babel+core@7.28.5__@types+react@18.2.79_react@18.2.0/node_modules/react-native/types/modules/globals.d.ts(566,12): error TS2717: Subsequent property declarations must have the same type.  Property 'result' must be of type 'string | ArrayBuffer | null', but here has type 'string | ArrayBuffer'.
node_modules/.pnpm/react-native@0.74.5_@babel+core@7.28.5_@babel+preset-env@7.28.5_@babel+core@7.28.5__@types+react@18.2.79_react@18.2.0/node_modules/react-native/types/public/DeprecatedPropertiesAlias.d.ts(12,3): error TS2724: '"react-native"' has no exported member named 'TextPropsIOS'. Did you mean 'TextProps'?
node_modules/.pnpm/react-native@0.74.5_@babel+core@7.28.5_@babel+preset-env@7.28.5_@babel+core@7.28.5__@types+react@18.2.79_react@18.2.0/node_modules/react-native/types/public/DeprecatedPropertiesAlias.d.ts(13,3): error TS2724: '"react-native"' has no exported member named 'TextPropsAndroid'. Did you mean 'TextPropertiesAndroid'?
node_modules/.pnpm/react-native@0.74.5_@babel+core@7.28.5_@babel+preset-env@7.28.5_@babel+core@7.28.5__@types+react@18.2.79_react@18.2.0/node_modules/react-native/types/public/DeprecatedPropertiesAlias.d.ts(14,3): error TS2724: '"react-native"' has no exported member named 'AccessibilityProps'. Did you mean 'AccessibilityProperties'?
node_modules/.pnpm/react-native@0.74.5_@babel+core@7.28.5_@babel+preset-env@7.28.5_@babel+core@7.28.5__@types+react@18.2.79_react@18.2.0/node_modules/react-native/types/public/DeprecatedPropertiesAlias.d.ts(15,3): error TS2724: '"react-native"' has no exported member named 'AccessibilityPropsIOS'. Did you mean 'AccessibilityPropertiesIOS'?
node_modules/.pnpm/react-native@0.74.5_@babel+core@7.28.5_@babel+preset-env@7.28.5_@babel+core@7.28.5__@types+react@18.2.79_react@18.2.0/node_modules/react-native/types/public/DeprecatedPropertiesAlias.d.ts(16,3): error TS2724: '"react-native"' has no exported member named 'AccessibilityPropsAndroid'. Did you mean 'AccessibilityPropertiesAndroid'?
node_modules/.pnpm/react-native@0.74.5_@babel+core@7.28.5_@babel+preset-env@7.28.5_@babel+core@7.28.5__@types+react@18.2.79_react@18.2.0/node_modules/react-native/types/public/DeprecatedPropertiesAlias.d.ts(17,3): error TS2305: Module '"react-native"' has no exported member 'TextInputProps'.
node_modules/.pnpm/react-native@0.74.5_@babel+core@7.28.5_@babel+preset-env@7.28.5_@babel+core@7.28.5__@types+react@18.2.79_react@18.2.0/node_modules/react-native/types/public/DeprecatedPropertiesAlias.d.ts(18,3): error TS2724: '"react-native"' has no exported member named 'TextInputIOSProps'. Did you mean 'TextInputIOSProperties'?
node_modules/.pnpm/react-native@0.74.5_@babel+core@7.28.5_@babel+preset-env@7.28.5_@babel+core@7.28.5__@types+react@18.2.79_react@18.2.0/node_modules/react-native/types/public/DeprecatedPropertiesAlias.d.ts(19,3): error TS2724: '"react-native"' has no exported member named 'TextInputAndroidProps'. Did you mean 'TextInputAndroidProperties'?
node_modules/.pnpm/react-native@0.74.5_@babel+core@7.28.5_@babel+preset-env@7.28.5_@babel+core@7.28.5__@types+react@18.2.79_react@18.2.0/node_modules/react-native/types/public/DeprecatedPropertiesAlias.d.ts(21,3): error TS2724: '"react-native"' has no exported member named 'ViewPropsIOS'. Did you mean 'ViewProps'?
node_modules/.pnpm/react-native@0.74.5_@babel+core@7.28.5_@babel+preset-env@7.28.5_@babel+core@7.28.5__@types+react@18.2.79_react@18.2.0/node_modules/react-native/types/public/DeprecatedPropertiesAlias.d.ts(22,3): error TS2724: '"react-native"' has no exported member named 'ViewPropsAndroid'. Did you mean 'ViewPropertiesAndroid'?
node_modules/.pnpm/react-native@0.74.5_@babel+core@7.28.5_@babel+preset-env@7.28.5_@babel+core@7.28.5__@types+react@18.2.79_react@18.2.0/node_modules/react-native/types/public/DeprecatedPropertiesAlias.d.ts(23,3): error TS2724: '"react-native"' has no exported member named 'ScrollViewProps'. Did you mean 'ScrollViewProperties'?
node_modules/.pnpm/react-native@0.74.5_@babel+core@7.28.5_@babel+preset-env@7.28.5_@babel+core@7.28.5__@types+react@18.2.79_react@18.2.0/node_modules/react-native/types/public/DeprecatedPropertiesAlias.d.ts(24,3): error TS2724: '"react-native"' has no exported member named 'ScrollViewPropsIOS'. Did you mean 'ScrollViewPropertiesIOS'?
node_modules/.pnpm/react-native@0.74.5_@babel+core@7.28.5_@babel+preset-env@7.28.5_@babel+core@7.28.5__@types+react@18.2.79_react@18.2.0/node_modules/react-native/types/public/DeprecatedPropertiesAlias.d.ts(25,3): error TS2724: '"react-native"' has no exported member named 'ScrollViewPropsAndroid'. Did you mean 'ScrollViewPropertiesAndroid'?
node_modules/.pnpm/react-native@0.74.5_@babel+core@7.28.5_@babel+preset-env@7.28.5_@babel+core@7.28.5__@types+react@18.2.79_react@18.2.0/node_modules/react-native/types/public/DeprecatedPropertiesAlias.d.ts(26,3): error TS2724: '"react-native"' has no exported member named 'InputAccessoryViewProps'. Did you mean 'InputAccessoryViewProperties'?
node_modules/.pnpm/react-native@0.74.5_@babel+core@7.28.5_@babel+preset-env@7.28.5_@babel+core@7.28.5__@types+react@18.2.79_react@18.2.0/node_modules/react-native/types/public/DeprecatedPropertiesAlias.d.ts(27,3): error TS2724: '"react-native"' has no exported member named 'ActivityIndicatorProps'. Did you mean 'ActivityIndicatorProperties'?
node_modules/.pnpm/react-native@0.74.5_@babel+core@7.28.5_@babel+preset-env@7.28.5_@babel+core@7.28.5__@types+react@18.2.79_react@18.2.0/node_modules/react-native/types/public/DeprecatedPropertiesAlias.d.ts(28,3): error TS2724: '"react-native"' has no exported member named 'ActivityIndicatorIOSProps'. Did you mean 'ActivityIndicatorIOSProperties'?
node_modules/.pnpm/react-native@0.74.5_@babel+core@7.28.5_@babel+preset-env@7.28.5_@babel+core@7.28.5__@types+react@18.2.79_react@18.2.0/node_modules/react-native/types/public/DeprecatedPropertiesAlias.d.ts(29,3): error TS2724: '"react-native"' has no exported member named 'DrawerLayoutAndroidProps'. Did you mean 'DrawerLayoutAndroidProperties'?
node_modules/.pnpm/react-native@0.74.5_@babel+core@7.28.5_@babel+preset-env@7.28.5_@babel+core@7.28.5__@types+react@18.2.79_react@18.2.0/node_modules/react-native/types/public/DeprecatedPropertiesAlias.d.ts(30,3): error TS2724: '"react-native"' has no exported member named 'ProgressBarAndroidProps'. Did you mean 'ProgressBarAndroidProperties'?
node_modules/.pnpm/react-native@0.74.5_@babel+core@7.28.5_@babel+preset-env@7.28.5_@babel+core@7.28.5__@types+react@18.2.79_react@18.2.0/node_modules/react-native/types/public/DeprecatedPropertiesAlias.d.ts(31,3): error TS2724: '"react-native"' has no exported member named 'RefreshControlProps'. Did you mean 'RefreshControlProperties'?
node_modules/.pnpm/react-native@0.74.5_@babel+core@7.28.5_@babel+preset-env@7.28.5_@babel+core@7.28.5__@types+react@18.2.79_react@18.2.0/node_modules/react-native/types/public/DeprecatedPropertiesAlias.d.ts(32,3): error TS2724: '"react-native"' has no exported member named 'RefreshControlPropsIOS'. Did you mean 'RefreshControlPropertiesIOS'?
node_modules/.pnpm/react-native@0.74.5_@babel+core@7.28.5_@babel+preset-env@7.28.5_@babel+core@7.28.5__@types+react@18.2.79_react@18.2.0/node_modules/react-native/types/public/DeprecatedPropertiesAlias.d.ts(33,3): error TS2724: '"react-native"' has no exported member named 'RefreshControlPropsAndroid'. Did you mean 'RefreshControlPropertiesAndroid'?
node_modules/.pnpm/react-native@0.74.5_@babel+core@7.28.5_@babel+preset-env@7.28.5_@babel+core@7.28.5__@types+react@18.2.79_react@18.2.0/node_modules/react-native/types/public/DeprecatedPropertiesAlias.d.ts(34,3): error TS2305: Module '"react-native"' has no exported member 'ImageSourcePropType'.
node_modules/.pnpm/react-native@0.74.5_@babel+core@7.28.5_@babel+preset-env@7.28.5_@babel+core@7.28.5__@types+react@18.2.79_react@18.2.0/node_modules/react-native/types/public/DeprecatedPropertiesAlias.d.ts(36,3): error TS2724: '"react-native"' has no exported member named 'ImagePropsIOS'. Did you mean 'ImageProps'?
node_modules/.pnpm/react-native@0.74.5_@babel+core@7.28.5_@babel+preset-env@7.28.5_@babel+core@7.28.5__@types+react@18.2.79_react@18.2.0/node_modules/react-native/types/public/DeprecatedPropertiesAlias.d.ts(37,3): error TS2724: '"react-native"' has no exported member named 'ImagePropsAndroid'. Did you mean 'ImagePropertiesAndroid'?
node_modules/.pnpm/react-native@0.74.5_@babel+core@7.28.5_@babel+preset-env@7.28.5_@babel+core@7.28.5__@types+react@18.2.79_react@18.2.0/node_modules/react-native/types/public/DeprecatedPropertiesAlias.d.ts(38,3): error TS2724: '"react-native"' has no exported member named 'ImageBackgroundProps'. Did you mean 'ImageBackgroundProperties'?
node_modules/.pnpm/react-native@0.74.5_@babel+core@7.28.5_@babel+preset-env@7.28.5_@babel+core@7.28.5__@types+react@18.2.79_react@18.2.0/node_modules/react-native/types/public/DeprecatedPropertiesAlias.d.ts(39,3): error TS2305: Module '"react-native"' has no exported member 'FlatListProps'.
node_modules/.pnpm/react-native@0.74.5_@babel+core@7.28.5_@babel+preset-env@7.28.5_@babel+core@7.28.5__@types+react@18.2.79_react@18.2.0/node_modules/react-native/types/public/DeprecatedPropertiesAlias.d.ts(40,3): error TS2724: '"react-native"' has no exported member named 'VirtualizedListProps'. Did you mean 'VirtualizedListProperties'?
node_modules/.pnpm/react-native@0.74.5_@babel+core@7.28.5_@babel+preset-env@7.28.5_@babel+core@7.28.5__@types+react@18.2.79_react@18.2.0/node_modules/react-native/types/public/DeprecatedPropertiesAlias.d.ts(41,3): error TS2724: '"react-native"' has no exported member named 'SectionListProps'. Did you mean 'SectionListProperties'?
node_modules/.pnpm/react-native@0.74.5_@babel+core@7.28.5_@babel+preset-env@7.28.5_@babel+core@7.28.5__@types+react@18.2.79_react@18.2.0/node_modules/react-native/types/public/DeprecatedPropertiesAlias.d.ts(42,3): error TS2305: Module '"react-native"' has no exported member 'ModalProps'.
node_modules/.pnpm/react-native@0.74.5_@babel+core@7.28.5_@babel+preset-env@7.28.5_@babel+core@7.28.5__@types+react@18.2.79_react@18.2.0/node_modules/react-native/types/public/DeprecatedPropertiesAlias.d.ts(43,3): error TS2724: '"react-native"' has no exported member named 'TouchableWithoutFeedbackProps'. Did you mean 'TouchableWithoutFeedbackProperties'?
node_modules/.pnpm/react-native@0.74.5_@babel+core@7.28.5_@babel+preset-env@7.28.5_@babel+core@7.28.5__@types+react@18.2.79_react@18.2.0/node_modules/react-native/types/public/DeprecatedPropertiesAlias.d.ts(44,3): error TS2724: '"react-native"' has no exported member named 'TouchableHighlightProps'. Did you mean 'TouchableHighlightProperties'?
node_modules/.pnpm/react-native@0.74.5_@babel+core@7.28.5_@babel+preset-env@7.28.5_@babel+core@7.28.5__@types+react@18.2.79_react@18.2.0/node_modules/react-native/types/public/DeprecatedPropertiesAlias.d.ts(45,3): error TS2724: '"react-native"' has no exported member named 'TouchableOpacityProps'. Did you mean 'TouchableOpacityProperties'?
node_modules/.pnpm/react-native@0.74.5_@babel+core@7.28.5_@babel+preset-env@7.28.5_@babel+core@7.28.5__@types+react@18.2.79_react@18.2.0/node_modules/react-native/types/public/DeprecatedPropertiesAlias.d.ts(46,3): error TS2724: '"react-native"' has no exported member named 'TouchableNativeFeedbackProps'. Did you mean 'TouchableNativeFeedbackProperties'?
node_modules/.pnpm/react-native@0.74.5_@babel+core@7.28.5_@babel+preset-env@7.28.5_@babel+core@7.28.5__@types+react@18.2.79_react@18.2.0/node_modules/react-native/types/public/DeprecatedPropertiesAlias.d.ts(47,3): error TS2305: Module '"react-native"' has no exported member 'ButtonProps'.
node_modules/.pnpm/react-native@0.74.5_@babel+core@7.28.5_@babel+preset-env@7.28.5_@babel+core@7.28.5__@types+react@18.2.79_react@18.2.0/node_modules/react-native/types/public/DeprecatedPropertiesAlias.d.ts(48,3): error TS2305: Module '"react-native"' has no exported member 'StatusBarProps'.
node_modules/.pnpm/react-native@0.74.5_@babel+core@7.28.5_@babel+preset-env@7.28.5_@babel+core@7.28.5__@types+react@18.2.79_react@18.2.0/node_modules/react-native/types/public/DeprecatedPropertiesAlias.d.ts(49,3): error TS2724: '"react-native"' has no exported member named 'StatusBarPropsIOS'. Did you mean 'StatusBarPropertiesIOS'?
node_modules/.pnpm/react-native@0.74.5_@babel+core@7.28.5_@babel+preset-env@7.28.5_@babel+core@7.28.5__@types+react@18.2.79_react@18.2.0/node_modules/react-native/types/public/DeprecatedPropertiesAlias.d.ts(50,3): error TS2724: '"react-native"' has no exported member named 'StatusBarPropsAndroid'. Did you mean 'StatusBarPropertiesAndroid'?
node_modules/.pnpm/react-native@0.74.5_@babel+core@7.28.5_@babel+preset-env@7.28.5_@babel+core@7.28.5__@types+react@18.2.79_react@18.2.0/node_modules/react-native/types/public/DeprecatedPropertiesAlias.d.ts(51,3): error TS2305: Module '"react-native"' has no exported member 'SwitchProps'.
node_modules/.pnpm/react-native@0.74.5_@babel+core@7.28.5_@babel+preset-env@7.28.5_@babel+core@7.28.5__@types+react@18.2.79_react@18.2.0/node_modules/react-native/types/public/DeprecatedPropertiesAlias.d.ts(52,3): error TS2305: Module '"react-native"' has no exported member 'SwitchPropsIOS'.
node_modules/.pnpm/react-native@0.74.5_@babel+core@7.28.5_@babel+preset-env@7.28.5_@babel+core@7.28.5__@types+react@18.3.26_react@18.2.0/node_modules/react-native/types/index.d.ts(202,9): error TS2451: Cannot redeclare block-scoped variable 'originalXMLHttpRequest'.
node_modules/.pnpm/react-native@0.74.5_@babel+core@7.28.5_@babel+preset-env@7.28.5_@babel+core@7.28.5__@types+react@18.3.26_react@18.2.0/node_modules/react-native/types/index.d.ts(204,9): error TS2451: Cannot redeclare block-scoped variable '__BUNDLE_START_TIME__'.
node_modules/.pnpm/react-native@0.74.5_@babel+core@7.28.5_@babel+preset-env@7.28.5_@babel+core@7.28.5__@types+react@18.3.26_react@18.2.0/node_modules/react-native/types/index.d.ts(205,9): error TS2451: Cannot redeclare block-scoped variable 'ErrorUtils'.
node_modules/.pnpm/react-native@0.74.5_@babel+core@7.28.5_@babel+preset-env@7.28.5_@babel+core@7.28.5__@types+react@18.3.26_react@18.2.0/node_modules/react-native/types/index.d.ts(212,9): error TS2451: Cannot redeclare block-scoped variable '__DEV__'.
node_modules/.pnpm/react-native@0.74.5_@babel+core@7.28.5_@babel+preset-env@7.28.5_@babel+core@7.28.5__@types+react@18.3.26_react@18.2.0/node_modules/react-native/types/index.d.ts(214,9): error TS2451: Cannot redeclare block-scoped variable 'HermesInternal'.
node_modules/.pnpm/react-native@0.74.5_@babel+core@7.28.5_@babel+preset-env@7.28.5_@babel+core@7.28.5__@types+react@18.3.26_react@18.2.0/node_modules/react-native/types/modules/BatchedBridge.d.ts(17,15): error TS2300: Duplicate identifier 'MessageQueue'.
node_modules/.pnpm/react-native@0.74.5_@babel+core@7.28.5_@babel+preset-env@7.28.5_@babel+core@7.28.5__@types+react@18.3.26_react@18.2.0/node_modules/react-native/types/modules/BatchedBridge.d.ts(27,18): error TS2300: Duplicate identifier 'BatchedBridge'.
node_modules/.pnpm/react-native@0.74.5_@babel+core@7.28.5_@babel+preset-env@7.28.5_@babel+core@7.28.5__@types+react@18.3.26_react@18.2.0/node_modules/react-native/types/modules/BatchedBridge.d.ts(31,18): error TS2300: Duplicate identifier 'MessageQueue'.
node_modules/.pnpm/react-native@0.74.5_@babel+core@7.28.5_@babel+preset-env@7.28.5_@babel+core@7.28.5__@types+react@18.3.26_react@18.2.0/node_modules/react-native/types/modules/Codegen.d.ts(10,1): error TS6200: Definitions of the following identifiers conflict with those in another file: codegenNativeCommands, NativeComponentType, codegenNativeComponent, BubblingEventHandler, DirectEventHandler, Double, Float, Int32, UnsafeObject, DefaultTypes, WithDefault
node_modules/.pnpm/react-native@0.74.5_@babel+core@7.28.5_@babel+preset-env@7.28.5_@babel+core@7.28.5__@types+react@18.3.26_react@18.2.0/node_modules/react-native/types/modules/Codegen.d.ts(23,16): error TS2305: Module '"react-native"' has no exported member 'HostComponent'.
node_modules/.pnpm/react-native@0.74.5_@babel+core@7.28.5_@babel+preset-env@7.28.5_@babel+core@7.28.5__@types+react@18.3.26_react@18.2.0/node_modules/react-native/types/modules/Codegen.d.ts(43,16): error TS2305: Module '"react-native"' has no exported member 'NativeSyntheticEvent'.
node_modules/.pnpm/react-native@0.74.5_@babel+core@7.28.5_@babel+preset-env@7.28.5_@babel+core@7.28.5__@types+react@18.3.26_react@18.2.0/node_modules/react-native/types/modules/Devtools.d.ts(11,15): error TS2300: Duplicate identifier 'StackFrame'.
node_modules/.pnpm/react-native@0.74.5_@babel+core@7.28.5_@babel+preset-env@7.28.5_@babel+core@7.28.5__@types+react@18.3.26_react@18.2.0/node_modules/react-native/types/modules/LaunchScreen.d.ts(13,16): error TS2451: Cannot redeclare block-scoped variable 'Header'.
node_modules/.pnpm/react-native@0.74.5_@babel+core@7.28.5_@babel+preset-env@7.28.5_@babel+core@7.28.5__@types+react@18.3.26_react@18.2.0/node_modules/react-native/types/modules/LaunchScreen.d.ts(14,16): error TS2451: Cannot redeclare block-scoped variable 'LearnMoreLinks'.
node_modules/.pnpm/react-native@0.74.5_@babel+core@7.28.5_@babel+preset-env@7.28.5_@babel+core@7.28.5__@types+react@18.3.26_react@18.2.0/node_modules/react-native/types/modules/LaunchScreen.d.ts(15,16): error TS2451: Cannot redeclare block-scoped variable 'Colors'.
node_modules/.pnpm/react-native@0.74.5_@babel+core@7.28.5_@babel+preset-env@7.28.5_@babel+core@7.28.5__@types+react@18.3.26_react@18.2.0/node_modules/react-native/types/modules/LaunchScreen.d.ts(16,16): error TS2451: Cannot redeclare block-scoped variable 'DebugInstructions'.
node_modules/.pnpm/react-native@0.74.5_@babel+core@7.28.5_@babel+preset-env@7.28.5_@babel+core@7.28.5__@types+react@18.3.26_react@18.2.0/node_modules/react-native/types/modules/LaunchScreen.d.ts(17,16): error TS2451: Cannot redeclare block-scoped variable 'ReloadInstructions'.
node_modules/.pnpm/react-native@0.74.5_@babel+core@7.28.5_@babel+preset-env@7.28.5_@babel+core@7.28.5__@types+react@18.3.26_react@18.2.0/node_modules/react-native/types/modules/globals.d.ts(19,1): error TS6200: Definitions of the following identifiers conflict with those in another file: FormDataValue, FormDataPart, BodyInit_, HeadersInit_, RequestCredentials_, RequestMode_, ResponseType_, WebsocketMessageEventListener, WebsocketErrorEventListener, WebsocketOpenEventListener, WebsocketCloseEventListener, WebsocketEventListener
node_modules/.pnpm/react-native@0.74.5_@babel+core@7.28.5_@babel+preset-env@7.28.5_@babel+core@7.28.5__@types+react@18.3.26_react@18.2.0/node_modules/react-native/types/modules/globals.d.ts(78,13): error TS2403: Subsequent variable declarations must have the same type.  Variable 'Blob' must be of type '{ new (blobParts?: BlobPart[] | undefined, options?: BlobPropertyBag | undefined): Blob; prototype: Blob; }', but here has type '{ new (blobParts?: (string | Blob)[] | undefined, options?: BlobOptions | undefined): Blob; prototype: Blob; }'.
node_modules/.pnpm/react-native@0.74.5_@babel+core@7.28.5_@babel+preset-env@7.28.5_@babel+core@7.28.5__@types+react@18.3.26_react@18.2.0/node_modules/react-native/types/modules/globals.d.ts(84,3): error TS2687: All declarations of 'name' must have identical modifiers.
node_modules/.pnpm/react-native@0.74.5_@babel+core@7.28.5_@babel+preset-env@7.28.5_@babel+core@7.28.5__@types+react@18.3.26_react@18.2.0/node_modules/react-native/types/modules/globals.d.ts(85,3): error TS2687: All declarations of 'lastModified' must have identical modifiers.
node_modules/.pnpm/react-native@0.74.5_@babel+core@7.28.5_@babel+preset-env@7.28.5_@babel+core@7.28.5__@types+react@18.3.26_react@18.2.0/node_modules/react-native/types/modules/globals.d.ts(88,13): error TS2403: Subsequent variable declarations must have the same type.  Variable 'File' must be of type '{ new (fileBits: BlobPart[], fileName: string, options?: FilePropertyBag | undefined): File; prototype: File; }', but here has type '{ new (fileParts?: (string | Blob)[] | undefined, name?: string | undefined, options?: BlobOptions | undefined): File; prototype: File; }'.
node_modules/.pnpm/react-native@0.74.5_@babel+core@7.28.5_@babel+preset-env@7.28.5_@babel+core@7.28.5__@types+react@18.3.26_react@18.2.0/node_modules/react-native/types/modules/globals.d.ts(113,15): error TS2300: Duplicate identifier 'FormData'.
node_modules/.pnpm/react-native@0.74.5_@babel+core@7.28.5_@babel+preset-env@7.28.5_@babel+core@7.28.5__@types+react@18.3.26_react@18.2.0/node_modules/react-native/types/modules/globals.d.ts(137,13): error TS2403: Subsequent variable declarations must have the same type.  Variable 'Headers' must be of type '{ new (init?: HeadersInit | undefined): Headers; prototype: Headers; }', but here has type '{ new (init?: HeadersInit_ | undefined): Headers; prototype: Headers; }'.
node_modules/.pnpm/react-native@0.74.5_@babel+core@7.28.5_@babel+preset-env@7.28.5_@babel+core@7.28.5__@types+react@18.3.26_react@18.2.0/node_modules/react-native/types/modules/globals.d.ts(149,3): error TS2374: Duplicate index signature for type 'string'.
node_modules/.pnpm/react-native@0.74.5_@babel+core@7.28.5_@babel+preset-env@7.28.5_@babel+core@7.28.5__@types+react@18.3.26_react@18.2.0/node_modules/react-native/types/modules/globals.d.ts(171,3): error TS2717: Subsequent property declarations must have the same type.  Property 'body' must be of type 'BodyInit | null | undefined', but here has type 'BodyInit_ | undefined'.
node_modules/.pnpm/react-native@0.74.5_@babel+core@7.28.5_@babel+preset-env@7.28.5_@babel+core@7.28.5__@types+react@18.3.26_react@18.2.0/node_modules/react-native/types/modules/globals.d.ts(173,3): error TS2717: Subsequent property declarations must have the same type.  Property 'headers' must be of type 'HeadersInit | undefined', but here has type 'HeadersInit_ | undefined'.
node_modules/.pnpm/react-native@0.74.5_@babel+core@7.28.5_@babel+preset-env@7.28.5_@babel+core@7.28.5__@types+react@18.3.26_react@18.2.0/node_modules/react-native/types/modules/globals.d.ts(179,3): error TS2717: Subsequent property declarations must have the same type.  Property 'window' must be of type 'null | undefined', but here has type 'any'.
node_modules/.pnpm/react-native@0.74.5_@babel+core@7.28.5_@babel+preset-env@7.28.5_@babel+core@7.28.5__@types+react@18.3.26_react@18.2.0/node_modules/react-native/types/modules/globals.d.ts(180,3): error TS2717: Subsequent property declarations must have the same type.  Property 'signal' must be of type 'AbortSignal | null | undefined', but here has type 'AbortSignal | undefined'.
node_modules/.pnpm/react-native@0.74.5_@babel+core@7.28.5_@babel+preset-env@7.28.5_@babel+core@7.28.5__@types+react@18.3.26_react@18.2.0/node_modules/react-native/types/modules/globals.d.ts(190,12): error TS2717: Subsequent property declarations must have the same type.  Property 'signal' must be of type 'AbortSignal', but here has type 'AbortSignal | undefined'.
node_modules/.pnpm/react-native@0.74.5_@babel+core@7.28.5_@babel+preset-env@7.28.5_@babel+core@7.28.5__@types+react@18.3.26_react@18.2.0/node_modules/react-native/types/modules/globals.d.ts(194,13): error TS2403: Subsequent variable declarations must have the same type.  Variable 'Request' must be of type '{ new (input: RequestInfo | URL, init?: RequestInit | undefined): Request; prototype: Request; }', but here has type '{ new (input: string | Request, init?: RequestInit | undefined): Request; prototype: Request; }'.
node_modules/.pnpm/react-native@0.74.5_@babel+core@7.28.5_@babel+preset-env@7.28.5_@babel+core@7.28.5__@types+react@18.3.26_react@18.2.0/node_modules/react-native/types/modules/globals.d.ts(199,14): error TS2300: Duplicate identifier 'RequestInfo'.
node_modules/.pnpm/react-native@0.74.5_@babel+core@7.28.5_@babel+preset-env@7.28.5_@babel+core@7.28.5__@types+react@18.3.26_react@18.2.0/node_modules/react-native/types/modules/globals.d.ts(202,3): error TS2717: Subsequent property declarations must have the same type.  Property 'headers' must be of type 'HeadersInit | undefined', but here has type 'HeadersInit_ | undefined'.
node_modules/.pnpm/react-native@0.74.5_@babel+core@7.28.5_@babel+preset-env@7.28.5_@babel+core@7.28.5__@types+react@18.3.26_react@18.2.0/node_modules/react-native/types/modules/globals.d.ts(218,13): error TS2403: Subsequent variable declarations must have the same type.  Variable 'Response' must be of type '{ new (body?: BodyInit | null | undefined, init?: ResponseInit | undefined): Response; prototype: Response; error(): Response; json(data: any, init?: ResponseInit | undefined): Response; redirect(url: string | URL, status?: number | undefined): Response; }', but here has type '{ new (body?: BodyInit_ | undefined, init?: ResponseInit | undefined): Response; prototype: Response; error: () => Response; redirect: (url: string, status?: number | undefined) => Response; }'.
node_modules/.pnpm/react-native@0.74.5_@babel+core@7.28.5_@babel+preset-env@7.28.5_@babel+core@7.28.5__@types+react@18.3.26_react@18.2.0/node_modules/react-native/types/modules/globals.d.ts(308,3): error TS2717: Subsequent property declarations must have the same type.  Property 'abort' must be of type 'ProgressEvent<XMLHttpRequestEventTarget>', but here has type 'ProgressEvent<EventTarget>'.
node_modules/.pnpm/react-native@0.74.5_@babel+core@7.28.5_@babel+preset-env@7.28.5_@babel+core@7.28.5__@types+react@18.3.26_react@18.2.0/node_modules/react-native/types/modules/globals.d.ts(309,3): error TS2717: Subsequent property declarations must have the same type.  Property 'error' must be of type 'ProgressEvent<XMLHttpRequestEventTarget>', but here has type 'ProgressEvent<EventTarget>'.
node_modules/.pnpm/react-native@0.74.5_@babel+core@7.28.5_@babel+preset-env@7.28.5_@babel+core@7.28.5__@types+react@18.3.26_react@18.2.0/node_modules/react-native/types/modules/globals.d.ts(310,3): error TS2717: Subsequent property declarations must have the same type.  Property 'load' must be of type 'ProgressEvent<XMLHttpRequestEventTarget>', but here has type 'ProgressEvent<EventTarget>'.
node_modules/.pnpm/react-native@0.74.5_@babel+core@7.28.5_@babel+preset-env@7.28.5_@babel+core@7.28.5__@types+react@18.3.26_react@18.2.0/node_modules/react-native/types/modules/globals.d.ts(311,3): error TS2717: Subsequent property declarations must have the same type.  Property 'loadend' must be of type 'ProgressEvent<XMLHttpRequestEventTarget>', but here has type 'ProgressEvent<EventTarget>'.
node_modules/.pnpm/react-native@0.74.5_@babel+core@7.28.5_@babel+preset-env@7.28.5_@babel+core@7.28.5__@types+react@18.3.26_react@18.2.0/node_modules/react-native/types/modules/globals.d.ts(312,3): error TS2717: Subsequent property declarations must have the same type.  Property 'loadstart' must be of type 'ProgressEvent<XMLHttpRequestEventTarget>', but here has type 'ProgressEvent<EventTarget>'.
node_modules/.pnpm/react-native@0.74.5_@babel+core@7.28.5_@babel+preset-env@7.28.5_@babel+core@7.28.5__@types+react@18.3.26_react@18.2.0/node_modules/react-native/types/modules/globals.d.ts(313,3): error TS2717: Subsequent property declarations must have the same type.  Property 'progress' must be of type 'ProgressEvent<XMLHttpRequestEventTarget>', but here has type 'ProgressEvent<EventTarget>'.
node_modules/.pnpm/react-native@0.74.5_@babel+core@7.28.5_@babel+preset-env@7.28.5_@babel+core@7.28.5__@types+react@18.3.26_react@18.2.0/node_modules/react-native/types/modules/globals.d.ts(314,3): error TS2717: Subsequent property declarations must have the same type.  Property 'timeout' must be of type 'ProgressEvent<XMLHttpRequestEventTarget>', but here has type 'ProgressEvent<EventTarget>'.
node_modules/.pnpm/react-native@0.74.5_@babel+core@7.28.5_@babel+preset-env@7.28.5_@babel+core@7.28.5__@types+react@18.3.26_react@18.2.0/node_modules/react-native/types/modules/globals.d.ts(367,14): error TS2300: Duplicate identifier 'XMLHttpRequestResponseType'.
node_modules/.pnpm/react-native@0.74.5_@babel+core@7.28.5_@babel+preset-env@7.28.5_@babel+core@7.28.5__@types+react@18.3.26_react@18.2.0/node_modules/react-native/types/modules/globals.d.ts(380,15): error TS2300: Duplicate identifier 'URL'.
node_modules/.pnpm/react-native@0.74.5_@babel+core@7.28.5_@babel+preset-env@7.28.5_@babel+core@7.28.5__@types+react@18.3.26_react@18.2.0/node_modules/react-native/types/modules/globals.d.ts(405,15): error TS2300: Duplicate identifier 'URLSearchParams'.
node_modules/.pnpm/react-native@0.74.5_@babel+core@7.28.5_@babel+preset-env@7.28.5_@babel+core@7.28.5__@types+react@18.3.26_react@18.2.0/node_modules/react-native/types/modules/globals.d.ts(464,3): error TS2717: Subsequent property declarations must have the same type.  Property 'onopen' must be of type '((this: WebSocket, ev: Event) => any) | null', but here has type '(() => void) | null'.
node_modules/.pnpm/react-native@0.74.5_@babel+core@7.28.5_@babel+preset-env@7.28.5_@babel+core@7.28.5__@types+react@18.3.26_react@18.2.0/node_modules/react-native/types/modules/globals.d.ts(465,3): error TS2717: Subsequent property declarations must have the same type.  Property 'onmessage' must be of type '((this: WebSocket, ev: MessageEvent<any>) => any) | null', but here has type '((event: WebSocketMessageEvent) => void) | null'.
node_modules/.pnpm/react-native@0.74.5_@babel+core@7.28.5_@babel+preset-env@7.28.5_@babel+core@7.28.5__@types+react@18.3.26_react@18.2.0/node_modules/react-native/types/modules/globals.d.ts(466,3): error TS2717: Subsequent property declarations must have the same type.  Property 'onerror' must be of type '((this: WebSocket, ev: Event) => any) | null', but here has type '((event: WebSocketErrorEvent) => void) | null'.
node_modules/.pnpm/react-native@0.74.5_@babel+core@7.28.5_@babel+preset-env@7.28.5_@babel+core@7.28.5__@types+react@18.3.26_react@18.2.0/node_modules/react-native/types/modules/globals.d.ts(467,3): error TS2717: Subsequent property declarations must have the same type.  Property 'onclose' must be of type '((this: WebSocket, ev: CloseEvent) => any) | null', but here has type '((event: WebSocketCloseEvent) => void) | null'.
node_modules/.pnpm/react-native@0.74.5_@babel+core@7.28.5_@babel+preset-env@7.28.5_@babel+core@7.28.5__@types+react@18.3.26_react@18.2.0/node_modules/react-native/types/modules/globals.d.ts(468,3): error TS2717: Subsequent property declarations must have the same type.  Property 'addEventListener' must be of type '{ <K extends keyof WebSocketEventMap>(type: K, listener: (this: WebSocket, ev: WebSocketEventMap[K]) => any, options?: boolean | AddEventListenerOptions | undefined): void; (type: string, listener: EventListenerOrEventListenerObject, options?: boolean | ... 1 more ... | undefined): void; }', but here has type 'WebsocketEventListener'.
node_modules/.pnpm/react-native@0.74.5_@babel+core@7.28.5_@babel+preset-env@7.28.5_@babel+core@7.28.5__@types+react@18.3.26_react@18.2.0/node_modules/react-native/types/modules/globals.d.ts(469,3): error TS2717: Subsequent property declarations must have the same type.  Property 'removeEventListener' must be of type '{ <K extends keyof WebSocketEventMap>(type: K, listener: (this: WebSocket, ev: WebSocketEventMap[K]) => any, options?: boolean | EventListenerOptions | undefined): void; (type: string, listener: EventListenerOrEventListenerObject, options?: boolean | ... 1 more ... | undefined): void; }', but here has type 'WebsocketEventListener'.
node_modules/.pnpm/react-native@0.74.5_@babel+core@7.28.5_@babel+preset-env@7.28.5_@babel+core@7.28.5__@types+react@18.3.26_react@18.2.0/node_modules/react-native/types/modules/globals.d.ts(472,13): error TS2403: Subsequent variable declarations must have the same type.  Variable 'WebSocket' must be of type '{ new (url: string | URL, protocols?: string | string[] | undefined): WebSocket; prototype: WebSocket; readonly CONNECTING: 0; readonly OPEN: 1; readonly CLOSING: 2; readonly CLOSED: 3; }', but here has type '{ new (uri: string, protocols?: string | string[] | null | undefined, options?: { [optionName: string]: any; headers: { [headerName: string]: string; }; } | null | undefined): WebSocket; ... 4 more ...; readonly OPEN: number; }'.
node_modules/.pnpm/react-native@0.74.5_@babel+core@7.28.5_@babel+preset-env@7.28.5_@babel+core@7.28.5__@types+react@18.3.26_react@18.2.0/node_modules/react-native/types/modules/globals.d.ts(496,15): error TS2300: Duplicate identifier 'AbortSignal'.
node_modules/.pnpm/react-native@0.74.5_@babel+core@7.28.5_@babel+preset-env@7.28.5_@babel+core@7.28.5__@types+react@18.3.26_react@18.2.0/node_modules/react-native/types/modules/globals.d.ts(496,15): error TS2420: Class 'AbortSignal' incorrectly implements interface 'EventTarget'.
  Property 'dispatchEvent' is missing in type 'AbortSignal' but required in type 'EventTarget'.
node_modules/.pnpm/react-native@0.74.5_@babel+core@7.28.5_@babel+preset-env@7.28.5_@babel+core@7.28.5__@types+react@18.3.26_react@18.2.0/node_modules/react-native/types/modules/globals.d.ts(531,15): error TS2300: Duplicate identifier 'AbortController'.
node_modules/.pnpm/react-native@0.74.5_@babel+core@7.28.5_@babel+preset-env@7.28.5_@babel+core@7.28.5__@types+react@18.3.26_react@18.2.0/node_modules/react-native/types/modules/globals.d.ts(556,12): error TS2717: Subsequent property declarations must have the same type.  Property 'error' must be of type 'DOMException | null', but here has type 'Error | null'.
node_modules/.pnpm/react-native@0.74.5_@babel+core@7.28.5_@babel+preset-env@7.28.5_@babel+core@7.28.5__@types+react@18.3.26_react@18.2.0/node_modules/react-native/types/modules/globals.d.ts(565,12): error TS2717: Subsequent property declarations must have the same type.  Property 'readyState' must be of type '0 | 1 | 2', but here has type 'number'.
node_modules/.pnpm/react-native@0.74.5_@babel+core@7.28.5_@babel+preset-env@7.28.5_@babel+core@7.28.5__@types+react@18.3.26_react@18.2.0/node_modules/react-native/types/modules/globals.d.ts(566,12): error TS2717: Subsequent property declarations must have the same type.  Property 'result' must be of type 'string | ArrayBuffer | null', but here has type 'string | ArrayBuffer'.
node_modules/.pnpm/react-native@0.74.5_@babel+core@7.28.5_@babel+preset-env@7.28.5_@babel+core@7.28.5__@types+react@18.3.26_react@18.2.0/node_modules/react-native/types/public/DeprecatedPropertiesAlias.d.ts(12,3): error TS2724: '"react-native"' has no exported member named 'TextPropsIOS'. Did you mean 'TextProps'?
node_modules/.pnpm/react-native@0.74.5_@babel+core@7.28.5_@babel+preset-env@7.28.5_@babel+core@7.28.5__@types+react@18.3.26_react@18.2.0/node_modules/react-native/types/public/DeprecatedPropertiesAlias.d.ts(13,3): error TS2724: '"react-native"' has no exported member named 'TextPropsAndroid'. Did you mean 'TextPropertiesAndroid'?
node_modules/.pnpm/react-native@0.74.5_@babel+core@7.28.5_@babel+preset-env@7.28.5_@babel+core@7.28.5__@types+react@18.3.26_react@18.2.0/node_modules/react-native/types/public/DeprecatedPropertiesAlias.d.ts(14,3): error TS2724: '"react-native"' has no exported member named 'AccessibilityProps'. Did you mean 'AccessibilityProperties'?
node_modules/.pnpm/react-native@0.74.5_@babel+core@7.28.5_@babel+preset-env@7.28.5_@babel+core@7.28.5__@types+react@18.3.26_react@18.2.0/node_modules/react-native/types/public/DeprecatedPropertiesAlias.d.ts(15,3): error TS2724: '"react-native"' has no exported member named 'AccessibilityPropsIOS'. Did you mean 'AccessibilityPropertiesIOS'?
node_modules/.pnpm/react-native@0.74.5_@babel+core@7.28.5_@babel+preset-env@7.28.5_@babel+core@7.28.5__@types+react@18.3.26_react@18.2.0/node_modules/react-native/types/public/DeprecatedPropertiesAlias.d.ts(16,3): error TS2724: '"react-native"' has no exported member named 'AccessibilityPropsAndroid'. Did you mean 'AccessibilityPropertiesAndroid'?
node_modules/.pnpm/react-native@0.74.5_@babel+core@7.28.5_@babel+preset-env@7.28.5_@babel+core@7.28.5__@types+react@18.3.26_react@18.2.0/node_modules/react-native/types/public/DeprecatedPropertiesAlias.d.ts(17,3): error TS2305: Module '"react-native"' has no exported member 'TextInputProps'.
node_modules/.pnpm/react-native@0.74.5_@babel+core@7.28.5_@babel+preset-env@7.28.5_@babel+core@7.28.5__@types+react@18.3.26_react@18.2.0/node_modules/react-native/types/public/DeprecatedPropertiesAlias.d.ts(18,3): error TS2724: '"react-native"' has no exported member named 'TextInputIOSProps'. Did you mean 'TextInputIOSProperties'?
node_modules/.pnpm/react-native@0.74.5_@babel+core@7.28.5_@babel+preset-env@7.28.5_@babel+core@7.28.5__@types+react@18.3.26_react@18.2.0/node_modules/react-native/types/public/DeprecatedPropertiesAlias.d.ts(19,3): error TS2724: '"react-native"' has no exported member named 'TextInputAndroidProps'. Did you mean 'TextInputAndroidProperties'?
node_modules/.pnpm/react-native@0.74.5_@babel+core@7.28.5_@babel+preset-env@7.28.5_@babel+core@7.28.5__@types+react@18.3.26_react@18.2.0/node_modules/react-native/types/public/DeprecatedPropertiesAlias.d.ts(21,3): error TS2724: '"react-native"' has no exported member named 'ViewPropsIOS'. Did you mean 'ViewProps'?
node_modules/.pnpm/react-native@0.74.5_@babel+core@7.28.5_@babel+preset-env@7.28.5_@babel+core@7.28.5__@types+react@18.3.26_react@18.2.0/node_modules/react-native/types/public/DeprecatedPropertiesAlias.d.ts(22,3): error TS2724: '"react-native"' has no exported member named 'ViewPropsAndroid'. Did you mean 'ViewPropertiesAndroid'?
node_modules/.pnpm/react-native@0.74.5_@babel+core@7.28.5_@babel+preset-env@7.28.5_@babel+core@7.28.5__@types+react@18.3.26_react@18.2.0/node_modules/react-native/types/public/DeprecatedPropertiesAlias.d.ts(23,3): error TS2724: '"react-native"' has no exported member named 'ScrollViewProps'. Did you mean 'ScrollViewProperties'?
node_modules/.pnpm/react-native@0.74.5_@babel+core@7.28.5_@babel+preset-env@7.28.5_@babel+core@7.28.5__@types+react@18.3.26_react@18.2.0/node_modules/react-native/types/public/DeprecatedPropertiesAlias.d.ts(24,3): error TS2724: '"react-native"' has no exported member named 'ScrollViewPropsIOS'. Did you mean 'ScrollViewPropertiesIOS'?
node_modules/.pnpm/react-native@0.74.5_@babel+core@7.28.5_@babel+preset-env@7.28.5_@babel+core@7.28.5__@types+react@18.3.26_react@18.2.0/node_modules/react-native/types/public/DeprecatedPropertiesAlias.d.ts(25,3): error TS2724: '"react-native"' has no exported member named 'ScrollViewPropsAndroid'. Did you mean 'ScrollViewPropertiesAndroid'?
node_modules/.pnpm/react-native@0.74.5_@babel+core@7.28.5_@babel+preset-env@7.28.5_@babel+core@7.28.5__@types+react@18.3.26_react@18.2.0/node_modules/react-native/types/public/DeprecatedPropertiesAlias.d.ts(26,3): error TS2724: '"react-native"' has no exported member named 'InputAccessoryViewProps'. Did you mean 'InputAccessoryViewProperties'?
node_modules/.pnpm/react-native@0.74.5_@babel+core@7.28.5_@babel+preset-env@7.28.5_@babel+core@7.28.5__@types+react@18.3.26_react@18.2.0/node_modules/react-native/types/public/DeprecatedPropertiesAlias.d.ts(27,3): error TS2724: '"react-native"' has no exported member named 'ActivityIndicatorProps'. Did you mean 'ActivityIndicatorProperties'?
node_modules/.pnpm/react-native@0.74.5_@babel+core@7.28.5_@babel+preset-env@7.28.5_@babel+core@7.28.5__@types+react@18.3.26_react@18.2.0/node_modules/react-native/types/public/DeprecatedPropertiesAlias.d.ts(28,3): error TS2724: '"react-native"' has no exported member named 'ActivityIndicatorIOSProps'. Did you mean 'ActivityIndicatorIOSProperties'?
node_modules/.pnpm/react-native@0.74.5_@babel+core@7.28.5_@babel+preset-env@7.28.5_@babel+core@7.28.5__@types+react@18.3.26_react@18.2.0/node_modules/react-native/types/public/DeprecatedPropertiesAlias.d.ts(29,3): error TS2724: '"react-native"' has no exported member named 'DrawerLayoutAndroidProps'. Did you mean 'DrawerLayoutAndroidProperties'?
node_modules/.pnpm/react-native@0.74.5_@babel+core@7.28.5_@babel+preset-env@7.28.5_@babel+core@7.28.5__@types+react@18.3.26_react@18.2.0/node_modules/react-native/types/public/DeprecatedPropertiesAlias.d.ts(30,3): error TS2724: '"react-native"' has no exported member named 'ProgressBarAndroidProps'. Did you mean 'ProgressBarAndroidProperties'?
node_modules/.pnpm/react-native@0.74.5_@babel+core@7.28.5_@babel+preset-env@7.28.5_@babel+core@7.28.5__@types+react@18.3.26_react@18.2.0/node_modules/react-native/types/public/DeprecatedPropertiesAlias.d.ts(31,3): error TS2724: '"react-native"' has no exported member named 'RefreshControlProps'. Did you mean 'RefreshControlProperties'?
node_modules/.pnpm/react-native@0.74.5_@babel+core@7.28.5_@babel+preset-env@7.28.5_@babel+core@7.28.5__@types+react@18.3.26_react@18.2.0/node_modules/react-native/types/public/DeprecatedPropertiesAlias.d.ts(32,3): error TS2724: '"react-native"' has no exported member named 'RefreshControlPropsIOS'. Did you mean 'RefreshControlPropertiesIOS'?
node_modules/.pnpm/react-native@0.74.5_@babel+core@7.28.5_@babel+preset-env@7.28.5_@babel+core@7.28.5__@types+react@18.3.26_react@18.2.0/node_modules/react-native/types/public/DeprecatedPropertiesAlias.d.ts(33,3): error TS2724: '"react-native"' has no exported member named 'RefreshControlPropsAndroid'. Did you mean 'RefreshControlPropertiesAndroid'?
node_modules/.pnpm/react-native@0.74.5_@babel+core@7.28.5_@babel+preset-env@7.28.5_@babel+core@7.28.5__@types+react@18.3.26_react@18.2.0/node_modules/react-native/types/public/DeprecatedPropertiesAlias.d.ts(34,3): error TS2305: Module '"react-native"' has no exported member 'ImageSourcePropType'.
node_modules/.pnpm/react-native@0.74.5_@babel+core@7.28.5_@babel+preset-env@7.28.5_@babel+core@7.28.5__@types+react@18.3.26_react@18.2.0/node_modules/react-native/types/public/DeprecatedPropertiesAlias.d.ts(36,3): error TS2724: '"react-native"' has no exported member named 'ImagePropsIOS'. Did you mean 'ImageProps'?
node_modules/.pnpm/react-native@0.74.5_@babel+core@7.28.5_@babel+preset-env@7.28.5_@babel+core@7.28.5__@types+react@18.3.26_react@18.2.0/node_modules/react-native/types/public/DeprecatedPropertiesAlias.d.ts(37,3): error TS2724: '"react-native"' has no exported member named 'ImagePropsAndroid'. Did you mean 'ImagePropertiesAndroid'?
node_modules/.pnpm/react-native@0.74.5_@babel+core@7.28.5_@babel+preset-env@7.28.5_@babel+core@7.28.5__@types+react@18.3.26_react@18.2.0/node_modules/react-native/types/public/DeprecatedPropertiesAlias.d.ts(38,3): error TS2724: '"react-native"' has no exported member named 'ImageBackgroundProps'. Did you mean 'ImageBackgroundProperties'?
node_modules/.pnpm/react-native@0.74.5_@babel+core@7.28.5_@babel+preset-env@7.28.5_@babel+core@7.28.5__@types+react@18.3.26_react@18.2.0/node_modules/react-native/types/public/DeprecatedPropertiesAlias.d.ts(39,3): error TS2305: Module '"react-native"' has no exported member 'FlatListProps'.
node_modules/.pnpm/react-native@0.74.5_@babel+core@7.28.5_@babel+preset-env@7.28.5_@babel+core@7.28.5__@types+react@18.3.26_react@18.2.0/node_modules/react-native/types/public/DeprecatedPropertiesAlias.d.ts(40,3): error TS2724: '"react-native"' has no exported member named 'VirtualizedListProps'. Did you mean 'VirtualizedListProperties'?
node_modules/.pnpm/react-native@0.74.5_@babel+core@7.28.5_@babel+preset-env@7.28.5_@babel+core@7.28.5__@types+react@18.3.26_react@18.2.0/node_modules/react-native/types/public/DeprecatedPropertiesAlias.d.ts(41,3): error TS2724: '"react-native"' has no exported member named 'SectionListProps'. Did you mean 'SectionListProperties'?
node_modules/.pnpm/react-native@0.74.5_@babel+core@7.28.5_@babel+preset-env@7.28.5_@babel+core@7.28.5__@types+react@18.3.26_react@18.2.0/node_modules/react-native/types/public/DeprecatedPropertiesAlias.d.ts(42,3): error TS2305: Module '"react-native"' has no exported member 'ModalProps'.
node_modules/.pnpm/react-native@0.74.5_@babel+core@7.28.5_@babel+preset-env@7.28.5_@babel+core@7.28.5__@types+react@18.3.26_react@18.2.0/node_modules/react-native/types/public/DeprecatedPropertiesAlias.d.ts(43,3): error TS2724: '"react-native"' has no exported member named 'TouchableWithoutFeedbackProps'. Did you mean 'TouchableWithoutFeedbackProperties'?
node_modules/.pnpm/react-native@0.74.5_@babel+core@7.28.5_@babel+preset-env@7.28.5_@babel+core@7.28.5__@types+react@18.3.26_react@18.2.0/node_modules/react-native/types/public/DeprecatedPropertiesAlias.d.ts(44,3): error TS2724: '"react-native"' has no exported member named 'TouchableHighlightProps'. Did you mean 'TouchableHighlightProperties'?
node_modules/.pnpm/react-native@0.74.5_@babel+core@7.28.5_@babel+preset-env@7.28.5_@babel+core@7.28.5__@types+react@18.3.26_react@18.2.0/node_modules/react-native/types/public/DeprecatedPropertiesAlias.d.ts(45,3): error TS2724: '"react-native"' has no exported member named 'TouchableOpacityProps'. Did you mean 'TouchableOpacityProperties'?
node_modules/.pnpm/react-native@0.74.5_@babel+core@7.28.5_@babel+preset-env@7.28.5_@babel+core@7.28.5__@types+react@18.3.26_react@18.2.0/node_modules/react-native/types/public/DeprecatedPropertiesAlias.d.ts(46,3): error TS2724: '"react-native"' has no exported member named 'TouchableNativeFeedbackProps'. Did you mean 'TouchableNativeFeedbackProperties'?
node_modules/.pnpm/react-native@0.74.5_@babel+core@7.28.5_@babel+preset-env@7.28.5_@babel+core@7.28.5__@types+react@18.3.26_react@18.2.0/node_modules/react-native/types/public/DeprecatedPropertiesAlias.d.ts(47,3): error TS2305: Module '"react-native"' has no exported member 'ButtonProps'.
node_modules/.pnpm/react-native@0.74.5_@babel+core@7.28.5_@babel+preset-env@7.28.5_@babel+core@7.28.5__@types+react@18.3.26_react@18.2.0/node_modules/react-native/types/public/DeprecatedPropertiesAlias.d.ts(48,3): error TS2305: Module '"react-native"' has no exported member 'StatusBarProps'.
node_modules/.pnpm/react-native@0.74.5_@babel+core@7.28.5_@babel+preset-env@7.28.5_@babel+core@7.28.5__@types+react@18.3.26_react@18.2.0/node_modules/react-native/types/public/DeprecatedPropertiesAlias.d.ts(49,3): error TS2724: '"react-native"' has no exported member named 'StatusBarPropsIOS'. Did you mean 'StatusBarPropertiesIOS'?
node_modules/.pnpm/react-native@0.74.5_@babel+core@7.28.5_@babel+preset-env@7.28.5_@babel+core@7.28.5__@types+react@18.3.26_react@18.2.0/node_modules/react-native/types/public/DeprecatedPropertiesAlias.d.ts(50,3): error TS2724: '"react-native"' has no exported member named 'StatusBarPropsAndroid'. Did you mean 'StatusBarPropertiesAndroid'?
node_modules/.pnpm/react-native@0.74.5_@babel+core@7.28.5_@babel+preset-env@7.28.5_@babel+core@7.28.5__@types+react@18.3.26_react@18.2.0/node_modules/react-native/types/public/DeprecatedPropertiesAlias.d.ts(51,3): error TS2305: Module '"react-native"' has no exported member 'SwitchProps'.
node_modules/.pnpm/react-native@0.74.5_@babel+core@7.28.5_@babel+preset-env@7.28.5_@babel+core@7.28.5__@types+react@18.3.26_react@18.2.0/node_modules/react-native/types/public/DeprecatedPropertiesAlias.d.ts(52,3): error TS2305: Module '"react-native"' has no exported member 'SwitchPropsIOS'.
node_modules/.pnpm/react-router@6.30.1_react@18.3.1/node_modules/react-router/dist/index.d.ts(15,95): error TS2344: Type 'RouteObject' does not satisfy the constraint 'AgnosticRouteObject'.
  Type 'IndexRouteObject' is not assignable to type 'AgnosticRouteObject' with 'exactOptionalPropertyTypes: true'. Consider adding 'undefined' to the types of the target's properties.
    Type 'IndexRouteObject' is not assignable to type 'AgnosticIndexRouteObject' with 'exactOptionalPropertyTypes: true'. Consider adding 'undefined' to the types of the target's properties.
      Type 'IndexRouteObject' is not assignable to type 'AgnosticBaseRouteObject' with 'exactOptionalPropertyTypes: true'. Consider adding 'undefined' to the types of the target's properties.
        Types of property 'caseSensitive' are incompatible.
          Type 'boolean | undefined' is not assignable to type 'boolean'.
            Type 'undefined' is not assignable to type 'boolean'.
node_modules/.pnpm/react-router@6.30.1_react@18.3.1/node_modules/react-router/dist/index.d.ts(16,87): error TS2344: Type 'RouteObject' does not satisfy the constraint 'AgnosticRouteObject'.
  Type 'IndexRouteObject' is not assignable to type 'AgnosticRouteObject' with 'exactOptionalPropertyTypes: true'. Consider adding 'undefined' to the types of the target's properties.
    Type 'IndexRouteObject' is not assignable to type 'AgnosticIndexRouteObject' with 'exactOptionalPropertyTypes: true'. Consider adding 'undefined' to the types of the target's properties.
      Type 'IndexRouteObject' is not assignable to type 'AgnosticBaseRouteObject' with 'exactOptionalPropertyTypes: true'. Consider adding 'undefined' to the types of the target's properties.
        Types of property 'caseSensitive' are incompatible.
          Type 'boolean | undefined' is not assignable to type 'boolean'.
            Type 'undefined' is not assignable to type 'boolean'.
node_modules/.pnpm/react-router@6.30.1_react@18.3.1/node_modules/react-router/dist/lib/components.d.ts(60,30): error TS2344: Type 'NonIndexRouteObject' does not satisfy the constraint 'AgnosticRouteObject'.
  Type 'NonIndexRouteObject' is not assignable to type 'AgnosticNonIndexRouteObject' with 'exactOptionalPropertyTypes: true'. Consider adding 'undefined' to the types of the target's properties.
    Type 'NonIndexRouteObject' is not assignable to type 'AgnosticBaseRouteObject' with 'exactOptionalPropertyTypes: true'. Consider adding 'undefined' to the types of the target's properties.
      Types of property 'caseSensitive' are incompatible.
        Type 'boolean | undefined' is not assignable to type 'boolean'.
          Type 'undefined' is not assignable to type 'boolean'.
node_modules/.pnpm/react-router@6.30.1_react@18.3.1/node_modules/react-router/dist/lib/components.d.ts(81,30): error TS2344: Type 'IndexRouteObject' does not satisfy the constraint 'AgnosticRouteObject'.
  Type 'IndexRouteObject' is not assignable to type 'AgnosticIndexRouteObject' with 'exactOptionalPropertyTypes: true'. Consider adding 'undefined' to the types of the target's properties.
    Type 'IndexRouteObject' is not assignable to type 'AgnosticBaseRouteObject' with 'exactOptionalPropertyTypes: true'. Consider adding 'undefined' to the types of the target's properties.
      Types of property 'caseSensitive' are incompatible.
        Type 'boolean | undefined' is not assignable to type 'boolean'.
          Type 'undefined' is not assignable to type 'boolean'.
node_modules/.pnpm/react-router@6.30.1_react@18.3.1/node_modules/react-router/dist/lib/context.d.ts(20,30): error TS2344: Type 'RouteObject' does not satisfy the constraint 'AgnosticRouteObject'.
  Type 'IndexRouteObject' is not assignable to type 'AgnosticRouteObject' with 'exactOptionalPropertyTypes: true'. Consider adding 'undefined' to the types of the target's properties.
    Type 'IndexRouteObject' is not assignable to type 'AgnosticIndexRouteObject' with 'exactOptionalPropertyTypes: true'. Consider adding 'undefined' to the types of the target's properties.
      Type 'IndexRouteObject' is not assignable to type 'AgnosticBaseRouteObject' with 'exactOptionalPropertyTypes: true'. Consider adding 'undefined' to the types of the target's properties.
        Types of property 'caseSensitive' are incompatible.
          Type 'boolean | undefined' is not assignable to type 'boolean'.
            Type 'undefined' is not assignable to type 'boolean'.
node_modules/.pnpm/react-router@6.30.1_react@18.3.1/node_modules/react-router/dist/lib/context.d.ts(39,30): error TS2344: Type 'RouteObject' does not satisfy the constraint 'AgnosticRouteObject'.
  Type 'IndexRouteObject' is not assignable to type 'AgnosticRouteObject' with 'exactOptionalPropertyTypes: true'. Consider adding 'undefined' to the types of the target's properties.
    Type 'IndexRouteObject' is not assignable to type 'AgnosticIndexRouteObject' with 'exactOptionalPropertyTypes: true'. Consider adding 'undefined' to the types of the target's properties.
      Type 'IndexRouteObject' is not assignable to type 'AgnosticBaseRouteObject' with 'exactOptionalPropertyTypes: true'. Consider adding 'undefined' to the types of the target's properties.
        Types of property 'caseSensitive' are incompatible.
          Type 'boolean | undefined' is not assignable to type 'boolean'.
            Type 'undefined' is not assignable to type 'boolean'.
node_modules/.pnpm/react-router@6.30.1_react@18.3.1/node_modules/react-router/dist/lib/context.d.ts(46,151): error TS2344: Type 'RouteObjectType' does not satisfy the constraint 'AgnosticRouteObject'.
  Type 'RouteObject' is not assignable to type 'AgnosticRouteObject' with 'exactOptionalPropertyTypes: true'. Consider adding 'undefined' to the types of the target's properties.
    Type 'IndexRouteObject' is not assignable to type 'AgnosticRouteObject' with 'exactOptionalPropertyTypes: true'. Consider adding 'undefined' to the types of the target's properties.
      Type 'IndexRouteObject' is not assignable to type 'AgnosticIndexRouteObject' with 'exactOptionalPropertyTypes: true'. Consider adding 'undefined' to the types of the target's properties.
        Type 'IndexRouteObject' is not assignable to type 'AgnosticBaseRouteObject' with 'exactOptionalPropertyTypes: true'. Consider adding 'undefined' to the types of the target's properties.
          Types of property 'caseSensitive' are incompatible.
            Type 'boolean | undefined' is not assignable to type 'boolean'.
              Type 'undefined' is not assignable to type 'boolean'.
                Type 'RouteObjectType' is not assignable to type 'AgnosticNonIndexRouteObject' with 'exactOptionalPropertyTypes: true'. Consider adding 'undefined' to the types of the target's properties.
                  Type 'RouteObject' is not assignable to type 'AgnosticNonIndexRouteObject' with 'exactOptionalPropertyTypes: true'. Consider adding 'undefined' to the types of the target's properties.
                    Type 'IndexRouteObject' is not assignable to type 'AgnosticNonIndexRouteObject' with 'exactOptionalPropertyTypes: true'. Consider adding 'undefined' to the types of the target's properties.
                      Type 'IndexRouteObject' is not assignable to type 'AgnosticBaseRouteObject' with 'exactOptionalPropertyTypes: true'. Consider adding 'undefined' to the types of the target's properties.
                        Types of property 'caseSensitive' are incompatible.
                          Type 'boolean | undefined' is not assignable to type 'boolean'.
                            Type 'undefined' is not assignable to type 'boolean'.
                              Type 'RouteObjectType' is not assignable to type 'AgnosticBaseRouteObject' with 'exactOptionalPropertyTypes: true'. Consider adding 'undefined' to the types of the target's properties.
                                Type 'RouteObject' is not assignable to type 'AgnosticBaseRouteObject' with 'exactOptionalPropertyTypes: true'. Consider adding 'undefined' to the types of the target's properties.
                                  Type 'IndexRouteObject' is not assignable to type 'AgnosticBaseRouteObject' with 'exactOptionalPropertyTypes: true'. Consider adding 'undefined' to the types of the target's properties.
                                    Types of property 'caseSensitive' are incompatible.
                                      Type 'boolean | undefined' is not assignable to type 'boolean'.
                                        Type 'undefined' is not assignable to type 'boolean'.
node_modules/.pnpm/typescript@5.7.3/node_modules/typescript/lib/lib.dom.d.ts(2495,11): error TS2300: Duplicate identifier 'AbortController'.
node_modules/.pnpm/typescript@5.7.3/node_modules/typescript/lib/lib.dom.d.ts(2510,13): error TS2300: Duplicate identifier 'AbortController'.
node_modules/.pnpm/typescript@5.7.3/node_modules/typescript/lib/lib.dom.d.ts(2524,11): error TS2300: Duplicate identifier 'AbortSignal'.
node_modules/.pnpm/typescript@5.7.3/node_modules/typescript/lib/lib.dom.d.ts(2543,13): error TS2300: Duplicate identifier 'AbortSignal'.
node_modules/.pnpm/typescript@5.7.3/node_modules/typescript/lib/lib.dom.d.ts(6750,5): error TS2687: All declarations of 'height' must have identical modifiers.
node_modules/.pnpm/typescript@5.7.3/node_modules/typescript/lib/lib.dom.d.ts(6751,5): error TS2687: All declarations of 'width' must have identical modifiers.
node_modules/.pnpm/typescript@5.7.3/node_modules/typescript/lib/lib.dom.d.ts(7211,11): error TS2430: Interface 'Document' incorrectly extends interface 'GlobalEventHandlers'.
  Property 'addEventListener' is optional in type 'Document' but required in type 'GlobalEventHandlers'.
node_modules/.pnpm/typescript@5.7.3/node_modules/typescript/lib/lib.dom.d.ts(7211,11): error TS2430: Interface 'Document' incorrectly extends interface 'Node'.
  Property 'addEventListener' is optional in type 'Document' but required in type 'Node'.
node_modules/.pnpm/typescript@5.7.3/node_modules/typescript/lib/lib.dom.d.ts(7211,11): error TS2430: Interface 'Document' incorrectly extends interface 'ParentNode'.
  Property 'addEventListener' is optional in type 'Document' but required in type 'ParentNode'.
node_modules/.pnpm/typescript@5.7.3/node_modules/typescript/lib/lib.dom.d.ts(8625,11): error TS2300: Duplicate identifier 'EventListener'.
node_modules/.pnpm/typescript@5.7.3/node_modules/typescript/lib/lib.dom.d.ts(8754,14): error TS2687: All declarations of 'lastModified' must have identical modifiers.
node_modules/.pnpm/typescript@5.7.3/node_modules/typescript/lib/lib.dom.d.ts(8756,14): error TS2687: All declarations of 'name' must have identical modifiers.
node_modules/.pnpm/typescript@5.7.3/node_modules/typescript/lib/lib.dom.d.ts(9102,11): error TS2300: Duplicate identifier 'FormData'.
node_modules/.pnpm/typescript@5.7.3/node_modules/typescript/lib/lib.dom.d.ts(9122,13): error TS2300: Duplicate identifier 'FormData'.
node_modules/.pnpm/typescript@5.7.3/node_modules/typescript/lib/lib.dom.d.ts(15659,11): error TS2430: Interface 'MediaQueryList' incorrectly extends interface 'EventTarget'.
  Property 'addEventListener' is optional in type 'MediaQueryList' but required in type 'EventTarget'.
node_modules/.pnpm/typescript@5.7.3/node_modules/typescript/lib/lib.dom.d.ts(16367,11): error TS2430: Interface 'Navigator' incorrectly extends interface 'NavigatorConcurrentHardware'.
  Property 'hardwareConcurrency' is optional in type 'Navigator' but required in type 'NavigatorConcurrentHardware'.
node_modules/.pnpm/typescript@5.7.3/node_modules/typescript/lib/lib.dom.d.ts(23074,5): error TS2374: Duplicate index signature for type 'number'.
node_modules/.pnpm/typescript@5.7.3/node_modules/typescript/lib/lib.dom.d.ts(23219,11): error TS2300: Duplicate identifier 'URL'.
node_modules/.pnpm/typescript@5.7.3/node_modules/typescript/lib/lib.dom.d.ts(23249,13): error TS2300: Duplicate identifier 'URL'.
node_modules/.pnpm/typescript@5.7.3/node_modules/typescript/lib/lib.dom.d.ts(23266,11): error TS2300: Duplicate identifier 'URLSearchParams'.
node_modules/.pnpm/typescript@5.7.3/node_modules/typescript/lib/lib.dom.d.ts(23312,13): error TS2300: Duplicate identifier 'URLSearchParams'.
node_modules/.pnpm/typescript@5.7.3/node_modules/typescript/lib/lib.dom.d.ts(26280,11): error TS2430: Interface 'Window' incorrectly extends interface 'AnimationFrameProvider'.
  Property 'requestAnimationFrame' is optional in type 'Window' but required in type 'AnimationFrameProvider'.
node_modules/.pnpm/typescript@5.7.3/node_modules/typescript/lib/lib.dom.d.ts(26345,14): error TS2687: All declarations of 'navigator' must have identical modifiers.
node_modules/.pnpm/typescript@5.7.3/node_modules/typescript/lib/lib.dom.d.ts(27945,13): error TS2451: Cannot redeclare block-scoped variable 'document'.
node_modules/.pnpm/typescript@5.7.3/node_modules/typescript/lib/lib.dom.d.ts(27988,13): error TS2451: Cannot redeclare block-scoped variable 'navigator'.
node_modules/.pnpm/typescript@5.7.3/node_modules/typescript/lib/lib.dom.d.ts(28098,13): error TS2451: Cannot redeclare block-scoped variable 'window'.
node_modules/.pnpm/typescript@5.7.3/node_modules/typescript/lib/lib.dom.d.ts(28790,6): error TS2300: Duplicate identifier 'RequestInfo'.
node_modules/.pnpm/typescript@5.7.3/node_modules/typescript/lib/lib.dom.d.ts(28983,6): error TS2300: Duplicate identifier 'XMLHttpRequestResponseType'.
node_modules/.pnpm/typescript@5.7.3/node_modules/typescript/lib/lib.dom.iterable.d.ts(23,11): error TS2300: Duplicate identifier 'AbortSignal'.
node_modules/.pnpm/typescript@5.7.3/node_modules/typescript/lib/lib.dom.iterable.d.ts(127,11): error TS2300: Duplicate identifier 'FormData'.
node_modules/.pnpm/typescript@5.7.3/node_modules/typescript/lib/lib.dom.iterable.d.ts(361,11): error TS2300: Duplicate identifier 'URLSearchParams'.
node_modules/.pnpm/vite@5.4.21_@types+node@22.19.0_lightningcss@1.30.2_terser@5.44.1/node_modules/vite/dist/node/types.d-aGj9QkWt.d.ts(161,11): error TS2430: Interface 'ViteRuntimeImportMeta' incorrectly extends interface 'ImportMeta'.
  The types of 'hot.on' are incompatible between these types.
    Type '<T extends string>(event: T, cb: (payload: InferCustomEventPayload<T>) => void) => void' is not assignable to type '<T extends CustomEventName>(event: T, cb: (payload: InferCustomEventPayload<T>) => void) => void'.
      Types of parameters 'cb' and 'cb' are incompatible.
        Types of parameters 'payload' and 'payload' are incompatible.
          Type 'import("/home/ben/Public/PETSPARK/node_modules/.pnpm/vite@5.4.21_@types+node@22.19.0_lightningcss@1.30.2_terser@5.44.1/node_modules/vite/types/customEvent").InferCustomEventPayload<T>' is not assignable to type 'import("/home/ben/Public/PETSPARK/node_modules/.pnpm/vite@6.4.1_@types+node@22.19.0_jiti@2.6.1_lightningcss@1.30.2_terser@5.44.1_tsx@4.20.6_yaml@2.8.1/node_modules/vite/types/customEvent").InferCustomEventPayload<T>'.
            Type 'CustomEventMap[T]' is not assignable to type 'InferCustomEventPayload<T>'.
              Type 'UpdatePayload | FullReloadPayload | ErrorPayload | PrunePayload | InvalidatePayload | WebSocketConnectionPayload' is not assignable to type 'InferCustomEventPayload<T>'.
                Type 'UpdatePayload' is not assignable to type 'InferCustomEventPayload<T>'.
                  Type 'import("/home/ben/Public/PETSPARK/node_modules/.pnpm/vite@5.4.21_@types+node@22.19.0_lightningcss@1.30.2_terser@5.44.1/node_modules/vite/types/customEvent").CustomEventMap[T]' is not assignable to type 'import("/home/ben/Public/PETSPARK/node_modules/.pnpm/vite@6.4.1_@types+node@22.19.0_jiti@2.6.1_lightningcss@1.30.2_terser@5.44.1_tsx@4.20.6_yaml@2.8.1/node_modules/vite/types/customEvent").CustomEventMap[T]'.
                    Property 'firstInvalidatedBy' is missing in type 'import("/home/ben/Public/PETSPARK/node_modules/.pnpm/vite@5.4.21_@types+node@22.19.0_lightningcss@1.30.2_terser@5.44.1/node_modules/vite/types/customEvent").InvalidatePayload' but required in type 'import("/home/ben/Public/PETSPARK/node_modules/.pnpm/vite@6.4.1_@types+node@22.19.0_jiti@2.6.1_lightningcss@1.30.2_terser@5.44.1_tsx@4.20.6_yaml@2.8.1/node_modules/vite/types/customEvent").InvalidatePayload'.
node_modules/.pnpm/vitest@4.0.7_@types+node@20.19.24_@vitest+ui@4.0.7_jiti@1.21.7_jsdom@25.0.1_lightningcs_19c6f626bb94d6d25fec70e4a2d09fae/node_modules/vitest/globals.d.ts(4,7): error TS2451: Cannot redeclare block-scoped variable 'chai'.
packages/motion/src/primitives/MotionScrollView.tsx(9,47): error TS2339: Property 'ScrollView' does not exist on type '{ readonly SharedValue: any; readonly View: ComponentType<AnimatedViewProps>; readonly Text: ComponentType<AnimatedTextProps>; }'.
packages/motion/src/primitives/MotionScrollView.tsx(19,20): error TS2339: Property 'ScrollView' does not exist on type '{ readonly SharedValue: any; readonly View: ComponentType<AnimatedViewProps>; readonly Text: ComponentType<AnimatedTextProps>; }'.
packages/motion/src/primitives/MotionText.tsx(10,3): error TS2749: 'Animated.Text' refers to a value, but is being used as a type here. Did you mean 'typeof Animated.Text'?
packages/motion/src/primitives/MotionText.tsx(21,45): error TS2322: Type 'unknown' is not assignable to type 'Record<string, unknown>'.
packages/motion/src/primitives/MotionView.tsx(12,3): error TS2749: 'Animated.View' refers to a value, but is being used as a type here. Did you mean 'typeof Animated.View'?
packages/motion/src/primitives/MotionView.tsx(31,45): error TS2322: Type 'unknown' is not assignable to type 'Record<string, unknown>'.
packages/motion/src/react-native-reanimated.d.ts(4,18): error TS2300: Duplicate identifier 'Animated'.
packages/motion/src/react-native-reanimated.d.ts(24,16): error TS2451: Cannot redeclare block-scoped variable 'Easing'.
packages/motion/src/react-native-reanimated.d.ts(26,16): error TS2451: Cannot redeclare block-scoped variable 'Extrapolation'.
packages/motion/src/react-native-reanimated.d.ts(28,15): error TS2300: Duplicate identifier 'SharedValue'.
packages/motion/src/react-native-reanimated.d.ts(29,15): error TS2300: Duplicate identifier 'AnimatedStyle'.
packages/motion/src/react-native-reanimated.d.ts(30,15): error TS2300: Duplicate identifier 'AnimatedProps'.
packages/motion/src/recipes/useMagnetic.ts(5,15): error TS2305: Module '"react-native"' has no exported member 'LayoutChangeEvent'.
packages/motion/src/reduced-motion.test.ts(5,48): error TS6133: 'afterEach' is declared but its value is never read.
packages/motion/src/reduced-motion.test.ts(6,22): error TS6133: 'act' is declared but its value is never read.
packages/motion/src/reduced-motion.test.ts(12,8): error TS2307: Cannot find module '../reduced-motion' or its corresponding type declarations.
packages/motion/src/reduced-motion.ts(141,13): error TS2722: Cannot invoke an object which is possibly 'undefined'.
packages/motion/src/test/setup.ts(16,35): error TS6133: 'config' is declared but its value is never read.
packages/motion/src/test/setup.ts(17,35): error TS6133: 'config' is declared but its value is never read.
packages/motion/src/test/setup.ts(18,38): error TS6133: 'iterations' is declared but its value is never read.
packages/motion/src/test/setup.ts(18,59): error TS6133: 'reverse' is declared but its value is never read.
packages/motion/src/test/setup.ts(19,17): error TS6133: 'delay' is declared but its value is never read.
packages/motion/src/tokens.ts(37,33): error TS2339: Property 'poly' does not exist on type '{ readonly linear: (value: number) => number; readonly ease: (value: number) => number; readonly quad: (value: number) => number; readonly cubic: (value: number) => number; readonly sin: (value: number) => number; ... 8 more ...; readonly inOut: (easing: (value: number) => number) => (value: number) => number; }'.
packages/motion/src/types/expo-haptics.d.ts(8,5): error TS2300: Duplicate identifier 'Light'.
packages/motion/src/types/expo-haptics.d.ts(9,5): error TS2300: Duplicate identifier 'Medium'.
packages/motion/src/types/expo-haptics.d.ts(10,5): error TS2300: Duplicate identifier 'Heavy'.
packages/motion/src/types/expo-haptics.d.ts(14,5): error TS2300: Duplicate identifier 'Success'.
packages/motion/src/types/expo-haptics.d.ts(15,5): error TS2300: Duplicate identifier 'Warning'.
packages/motion/src/types/expo-haptics.d.ts(16,5): error TS2300: Duplicate identifier 'Error'.
packages/motion/src/types/expo-haptics.d.ts(25,19): error TS2451: Cannot redeclare block-scoped variable 'impactAsync'.
packages/motion/src/types/expo-haptics.d.ts(26,19): error TS2451: Cannot redeclare block-scoped variable 'notificationAsync'.
packages/motion/src/types/expo-haptics.d.ts(27,19): error TS2451: Cannot redeclare block-scoped variable 'selectionAsync'.
packages/motion/src/types/expo-haptics.d.ts(29,3): error TS2323: Cannot redeclare exported variable 'default'.
packages/motion/src/types/expo-haptics.d.ts(29,18): error TS2714: The expression of an export assignment must be an identifier or qualified name in an ambient context.
packages/motion/src/types/react-native-gesture-handler.d.ts(52,16): error TS2451: Cannot redeclare block-scoped variable 'Gesture'.
packages/motion/src/types/react-native-gesture-handler.d.ts(71,16): error TS2451: Cannot redeclare block-scoped variable 'GestureDetector'.
packages/motion/src/types/react-native-gesture-handler.d.ts(72,16): error TS2451: Cannot redeclare block-scoped variable 'GestureHandlerRootView'.
packages/motion/src/types/react-native-gesture-handler.d.ts(83,7): error TS1039: Initializers are not allowed in ambient contexts.
packages/motion/src/types/react-native-gesture-handler.d.ts(89,18): error TS2300: Duplicate identifier 'moduleExports'.
packages/motion/types/dom-shim.d.ts(8,14): error TS2687: All declarations of 'height' must have identical modifiers.
packages/motion/types/dom-shim.d.ts(12,14): error TS2687: All declarations of 'width' must have identical modifiers.
packages/motion/types/dom-shim.d.ts(17,5): error TS2687: All declarations of 'addEventListener' must have identical modifiers.
packages/motion/types/dom-shim.d.ts(17,5): error TS2717: Subsequent property declarations must have the same type.  Property 'addEventListener' must be of type '{ <K extends keyof MediaQueryListEventMap>(type: K, listener: (this: MediaQueryList, ev: MediaQueryListEventMap[K]) => any, options?: boolean | AddEventListenerOptions | undefined): void; (type: string, listener: EventListenerOrEventListenerObject, options?: boolean | ... 1 more ... | undefined): void; } | undefined', but here has type '((type: "change", listener: EventListener, options?: unknown) => void) | undefined'.
packages/motion/types/dom-shim.d.ts(18,5): error TS2687: All declarations of 'removeEventListener' must have identical modifiers.
packages/motion/types/dom-shim.d.ts(18,5): error TS2717: Subsequent property declarations must have the same type.  Property 'removeEventListener' must be of type '{ <K extends keyof MediaQueryListEventMap>(type: K, listener: (this: MediaQueryList, ev: MediaQueryListEventMap[K]) => any, options?: boolean | EventListenerOptions | undefined): void; (type: string, listener: EventListenerOrEventListenerObject, options?: boolean | ... 1 more ... | undefined): void; } | undefined', but here has type '((type: "change", listener: EventListener, options?: unknown) => void) | undefined'.
packages/motion/types/dom-shim.d.ts(25,8): error TS2300: Duplicate identifier 'EventListener'.
packages/motion/types/dom-shim.d.ts(28,5): error TS2687: All declarations of 'vibrate' must have identical modifiers.
packages/motion/types/dom-shim.d.ts(28,5): error TS2717: Subsequent property declarations must have the same type.  Property 'vibrate' must be of type '{ (pattern: VibratePattern): boolean; (pattern: Iterable<number>): boolean; } | undefined', but here has type '((pattern: number | readonly number[]) => void) | undefined'.
packages/motion/types/dom-shim.d.ts(34,5): error TS2687: All declarations of 'matchMedia' must have identical modifiers.
packages/motion/types/dom-shim.d.ts(39,5): error TS2687: All declarations of 'addEventListener' must have identical modifiers.
packages/motion/types/dom-shim.d.ts(39,5): error TS2717: Subsequent property declarations must have the same type.  Property 'addEventListener' must be of type '{ <K extends keyof DocumentEventMap>(type: K, listener: (this: Document, ev: DocumentEventMap[K]) => any, options?: boolean | AddEventListenerOptions | undefined): void; (type: string, listener: EventListenerOrEventListenerObject, options?: boolean | ... 1 more ... | undefined): void; } | undefined', but here has type '((type: string, listener: EventListener, options?: unknown) => void) | undefined'.
packages/motion/types/dom-shim.d.ts(40,5): error TS2687: All declarations of 'removeEventListener' must have identical modifiers.
packages/motion/types/dom-shim.d.ts(40,5): error TS2717: Subsequent property declarations must have the same type.  Property 'removeEventListener' must be of type '{ <K extends keyof DocumentEventMap>(type: K, listener: (this: Document, ev: DocumentEventMap[K]) => any, options?: boolean | EventListenerOptions | undefined): void; (type: string, listener: EventListenerOrEventListenerObject, options?: boolean | ... 1 more ... | undefined): void; } | undefined', but here has type '((type: string, listener: EventListener, options?: unknown) => void) | undefined'.
packages/motion/types/dom-shim.d.ts(63,9): error TS2451: Cannot redeclare block-scoped variable 'window'.
packages/motion/types/dom-shim.d.ts(64,9): error TS2451: Cannot redeclare block-scoped variable 'document'.
packages/motion/types/dom-shim.d.ts(65,9): error TS2451: Cannot redeclare block-scoped variable 'navigator'.
packages/motion/types/vendor/expo-haptics.d.ts(8,5): error TS2300: Duplicate identifier 'Light'.
packages/motion/types/vendor/expo-haptics.d.ts(9,5): error TS2300: Duplicate identifier 'Medium'.
packages/motion/types/vendor/expo-haptics.d.ts(10,5): error TS2300: Duplicate identifier 'Heavy'.
packages/motion/types/vendor/expo-haptics.d.ts(20,5): error TS2300: Duplicate identifier 'Success'.
packages/motion/types/vendor/expo-haptics.d.ts(21,5): error TS2300: Duplicate identifier 'Warning'.
packages/motion/types/vendor/expo-haptics.d.ts(22,5): error TS2300: Duplicate identifier 'Error'.
packages/motion/types/vendor/expo-haptics.d.ts(25,9): error TS2323: Cannot redeclare exported variable 'default'.
packages/motion/types/vendor/expo-haptics.d.ts(26,18): error TS2300: Duplicate identifier 'haptics'.
packages/motion/types/vendor/react-native-gesture-handler.d.ts(26,9): error TS2323: Cannot redeclare exported variable 'default'.
packages/motion/types/vendor/react-native-gesture-handler.d.ts(27,18): error TS2300: Duplicate identifier 'moduleExports'.
packages/motion/types/vendor/react-native-gesture-handler.d.ts(28,12): error TS2484: Export declaration conflicts with exported declaration of 'GestureHandler'.
packages/motion/types/vendor/react-native-gesture-handler.d.ts(28,28): error TS2484: Export declaration conflicts with exported declaration of 'GestureModule'.
packages/shared/src/components/Slider.test.tsx(1,1): error TS6133: 'React' is declared but its value is never read.
packages/shared/src/components/Slider.tsx(255,5): error TS2722: Cannot invoke an object which is possibly 'undefined'.
packages/shared/src/components/Slider.tsx(256,5): error TS2722: Cannot invoke an object which is possibly 'undefined'.
packages/shared/src/components/Slider.tsx(257,5): error TS2722: Cannot invoke an object which is possibly 'undefined'.
packages/shared/src/components/Slider.tsx(258,5): error TS2722: Cannot invoke an object which is possibly 'undefined'.
packages/shared/src/components/Slider.tsx(259,5): error TS2722: Cannot invoke an object which is possibly 'undefined'.
packages/shared/src/components/Slider.tsx(262,7): error TS2722: Cannot invoke an object which is possibly 'undefined'.
packages/shared/src/components/Slider.tsx(263,7): error TS2722: Cannot invoke an object which is possibly 'undefined'.
packages/shared/src/components/Slider.tsx(264,7): error TS2722: Cannot invoke an object which is possibly 'undefined'.
packages/shared/src/components/Slider.tsx(265,7): error TS2722: Cannot invoke an object which is possibly 'undefined'.
packages/shared/src/components/Slider.tsx(266,7): error TS2722: Cannot invoke an object which is possibly 'undefined'.
packages/shared/src/types/process.d.ts(22,84): error TS1183: An implementation cannot be declared in ambient contexts.
packages/shared/src/types/process.d.ts(33,69): error TS1183: An implementation cannot be declared in ambient contexts.
packages/shared/src/types/process.d.ts(35,18): error TS1254: A 'const' initializer in an ambient context must be a string or numeric literal or literal enum reference.
packages/shared/src/types/process.d.ts(36,5): error TS1036: Statements are not allowed in ambient contexts.
packages/shared/src/types/process.d.ts(37,19): error TS1254: A 'const' initializer in an ambient context must be a string or numeric literal or literal enum reference.
packages/shared/src/types/process.d.ts(38,7): error TS1036: Statements are not allowed in ambient contexts.
packages/shared/src/types/process.d.ts(39,19): error TS1254: A 'const' initializer in an ambient context must be a string or numeric literal or literal enum reference.
packages/shared/src/types/process.d.ts(40,9): error TS1036: Statements are not allowed in ambient contexts.
scripts/migrate-framer-motion.ts(9,24): error TS6133: 'writeFileSync' is declared but its value is never read.
